
============================================================
TASK_ID: 8
GT_MODEL: Probit
HIGH_SENSITIVITY: False
TRAIN_ON_ALL_SETS: False
============================================================
RL Training Seeds: 15, RL Training Steps: [20000, 100000, 500000], Estimation Episodes: 50

Observation sampling time: 0.7110 seconds
Estimation_MNL  time: 4.4643s | beta: -0.002184, lambda: 0.493268
  LL: -16962.110000, AIC: 33926.230, BIC: 33933.450

Estimation_MMNL_5PT time: 19.8346s | lambda: 0.493268
  LL: -16953.200000, AIC: 33930.390, BIC: 34017.050
Betas: ['-0.050000', '-0.050000', '-0.002343', '-0.002601', '-0.001479']
Weights: ['0.000001', '0.062791', '0.000290', '0.806699', '0.130220']

Estimation_MMNL_2PT time: 7.0443s | lambda: 0.493268
  LL: -16962.110000, AIC: 33930.230, BIC: 33951.890
Betas: ['-0.002184', '-0.048663']
Weights: ['1.000000', '0.000000']

Estimation_MMNL_CONT time: 42.6932s | mu: -6.126769, sigma: 0.022524, lambda: 0.493268
  LL: -16962.100000, AIC: 33928.200, BIC: 33942.650

MNL  efficient sets time: 0.0106s | sets: (0, 1, 3, 7, 15, 31)
MMNL 5PT efficient sets time: 0.0534s | sets: (0, 1, 3, 7, 15, 31, 63)
MMNL 2PT efficient sets time: 0.0362s | sets: (0, 1, 3, 7, 15, 31)
MMNL Cont efficient sets time: 0.0326s | sets: (0, 1, 3, 7, 15)

DP_MNL  time: 0.3511s | V(0,C): 57835.70
DP_MMNL_5PT time: 0.3536s | V(0,C): 51843.92
DP_MMNL_2PT time: 0.3546s | V(0,C): 57835.70
DP_MMNL_CONT time: 0.3653s | V(0,C): 56653.71

Average MNL reward over 1000 episodes: 57738.25

=== 20,000 training timesteps ===
Method       | TrainTimeMean(s) | TrainTimeStd(s) | RewardMean | RewardStdAcrossRuns | PctOfDP(%) | PctOfDPStd(%) | LoadFactorMean(%) | LoadFactorStdAcrossRuns(%)
-------------+------------------+-----------------+------------+---------------------+------------+---------------+-------------------+---------------------------
DQN          | 3.65             | 0.06            | 59469.67   | 4063.16             | 97.87      | 3.42          | 68.29             | 9.08                      
QRDQN        | 18.46            | 0.47            | 56407.00   | 8053.23             | 92.93      | 12.38         | 63.86             | 14.03                     
ARS          | 2.38             | 0.06            | 58961.67   | 4796.16             | 97.03      | 5.33          | 70.34             | 10.19                     
A2C          | 4.92             | 0.09            | 60119.33   | 3293.87             | 98.98      | 1.69          | 73.41             | 6.97                      
TRPO         | 6.27             | 0.03            | 59946.67   | 3861.35             | 98.64      | 2.15          | 68.94             | 7.24                      
PPO          | 10.74            | 0.16            | 59349.00   | 4022.23             | 97.66      | 2.89          | 67.68             | 8.41                      
DP_MNL       | 0.35             | 0.00            | 60743.33   | 3251.81             | 100.00     | 0.00          | 74.16             | 3.66                      
DP_MMNL_5PT  | 0.35             | 0.00            | 59324.67   | 3301.81             | 97.66      | 1.22          | 78.92             | 3.97                      
DP_MMNL_2PT  | 0.35             | 0.00            | 60743.33   | 3251.81             | 100.00     | 0.00          | 74.16             | 3.66                      
DP_MMNL_CONT | 0.37             | 0.00            | 60628.33   | 3498.39             | 99.80      | 1.26          | 67.14             | 3.92                      

=== 100,000 training timesteps ===
Method       | TrainTimeMean(s) | TrainTimeStd(s) | RewardMean | RewardStdAcrossRuns | PctOfDP(%) | PctOfDPStd(%) | LoadFactorMean(%) | LoadFactorStdAcrossRuns(%)
-------------+------------------+-----------------+------------+---------------------+------------+---------------+-------------------+---------------------------
DQN          | 18.30            | 0.25            | 59783.33   | 3252.50             | 98.42      | 1.44          | 77.08             | 4.83                      
QRDQN        | 93.37            | 2.11            | 56407.00   | 8053.23             | 92.93      | 12.38         | 63.86             | 14.03                     
ARS          | 12.08            | 0.07            | 59843.00   | 4263.88             | 98.44      | 2.57          | 71.68             | 7.84                      
A2C          | 24.43            | 0.30            | 60042.67   | 3357.15             | 98.85      | 1.68          | 73.80             | 6.96                      
TRPO         | 28.23            | 0.13            | 59965.00   | 3485.17             | 98.71      | 1.86          | 70.52             | 7.45                      
PPO          | 46.48            | 0.56            | 60112.00   | 4359.69             | 98.87      | 2.61          | 69.95             | 8.32                      
DP_MNL       | 0.35             | 0.00            | 60743.33   | 3251.81             | 100.00     | 0.00          | 74.16             | 3.66                      
DP_MMNL_5PT  | 0.35             | 0.00            | 59324.67   | 3301.81             | 97.66      | 1.22          | 78.92             | 3.97                      
DP_MMNL_2PT  | 0.35             | 0.00            | 60743.33   | 3251.81             | 100.00     | 0.00          | 74.16             | 3.66                      
DP_MMNL_CONT | 0.37             | 0.00            | 60628.33   | 3498.39             | 99.80      | 1.26          | 67.14             | 3.92                      

=== 500,000 training timesteps ===
Method       | TrainTimeMean(s) | TrainTimeStd(s) | RewardMean | RewardStdAcrossRuns | PctOfDP(%) | PctOfDPStd(%) | LoadFactorMean(%) | LoadFactorStdAcrossRuns(%)
-------------+------------------+-----------------+------------+---------------------+------------+---------------+-------------------+---------------------------
DQN          | 91.29            | 1.18            | 59897.33   | 3551.13             | 98.58      | 1.40          | 76.54             | 3.79                      
QRDQN        | 464.09           | 9.16            | 56407.00   | 8053.23             | 92.93      | 12.38         | 63.86             | 14.03                     
ARS          | 51.21            | 0.22            | 60517.67   | 3538.46             | 99.61      | 1.19          | 70.20             | 4.71                      
A2C          | 125.54           | 1.94            | 60017.33   | 3370.73             | 98.80      | 1.56          | 73.69             | 7.02                      
TRPO         | 137.06           | 0.75            | 60179.33   | 3241.72             | 99.08      | 1.59          | 69.51             | 5.42                      
PPO          | 224.21           | 3.28            | 60564.00   | 3458.29             | 99.69      | 1.33          | 70.49             | 5.85                      
DP_MNL       | 0.35             | 0.00            | 60743.33   | 3251.81             | 100.00     | 0.00          | 74.16             | 3.66                      
DP_MMNL_5PT  | 0.35             | 0.00            | 59324.67   | 3301.81             | 97.66      | 1.22          | 78.92             | 3.97                      
DP_MMNL_2PT  | 0.35             | 0.00            | 60743.33   | 3251.81             | 100.00     | 0.00          | 74.16             | 3.66                      
DP_MMNL_CONT | 0.37             | 0.00            | 60628.33   | 3498.39             | 99.80      | 1.26          | 67.14             | 3.92                      
Execution completed successfully!
