
============================================================
TASK_ID: 57
LARGE_PRODUCT_SET: True
TRAIN_ON_ALL_SETS: False
HIGH_SENSITIVITY: True
GT_MODEL: MNLrefPrice
============================================================
RL Training Seeds: 15, RL Training Steps: [20000, 100000, 500000], Estimation Episodes: 50

Observation sampling time: 2.0571 seconds
Estimation_MNL  time: 0.1344s | beta: -0.005976, lambda: 0.496332
  LL: -35513.943023, AIC: 71029.886, BIC: 71037.091

Estimation_MMNL_5PT time: 28.0155s | lambda: 0.496332
  LL: -35513.943011, AIC: 71031.886, BIC: 71046.296
Betas: ['-0.005978', '-0.005977', '-0.005976', '-0.005975', '-0.005974']
Weights: ['0.011257', '0.222076', '0.533333', '0.222076', '0.011257']

Estimation_MMNL_2PT time: 0.0003s | lambda: 0.496332
  LL: -35513.943011, AIC: 71031.886, BIC: 71046.296
Betas: ['-0.005977', '-0.005976']
Weights: ['0.500000', '0.500000']

MNL  efficient sets time: 17.1476s | sets: (0, 1, 3, 7, 15, 31, 63, 127, 255, 511, 1023, 2047, 4095, 8191, 16383, 32767, 65535, 131071, 262143, 524287, 1048575, 2097151, 4194303, 8388607, 16777215, 33554431, 67108863, 134217727, 268435455, 536870911, 1073741823, 2147483647, 4294967295, 8589934591, 17179869183, 34359738367, 68719476735, 137438953471, 274877906943, 549755813887, 1099511627775, 2199023255551, 4398046511103, 8796093022207, 17592186044415, 35184372088831, 70368744177663, 140737488355327, 281474976710655, 562949953421311, 1125899906842623, 2251799813685247, 4503599627370495, 9007199254740991, 18014398509481983, 36028797018963967, 72057594037927935, 144115188075855871, 288230376151711743)
MMNL 5PT efficient sets time: 32.8120s | sets: (0, 1, 3, 7, 15, 31, 63, 127, 255, 511, 1023, 2047, 4095, 8191, 16383, 32767, 65535, 131071, 262143, 524287, 1048575, 2097151, 4194303, 8388607, 16777215, 33554431, 67108863, 134217727, 268435455, 536870911, 1073741823, 2147483647, 4294967295, 8589934591, 17179869183, 34359738367, 68719476735, 137438953471, 274877906943, 549755813887, 1099511627775, 2199023255551, 4398046511103, 8796093022207, 17592186044415, 35184372088831, 70368744177663, 140737488355327, 281474976710655, 562949953421311, 1125899906842623, 2251799813685247, 4503599627370495, 9007199254740991, 18014398509481983, 36028797018963967, 72057594037927935, 144115188075855871, 288230376151711743)
MMNL 2PT efficient sets time: 18.9769s | sets: (0, 1, 3, 7, 15, 31, 63, 127, 255, 511, 1023, 2047, 4095, 8191, 16383, 32767, 65535, 131071, 262143, 524287, 1048575, 2097151, 4194303, 8388607, 16777215, 33554431, 67108863, 134217727, 268435455, 536870911, 1073741823, 2147483647, 4294967295, 8589934591, 17179869183, 34359738367, 68719476735, 137438953471, 274877906943, 549755813887, 1099511627775, 2199023255551, 4398046511103, 8796093022207, 17592186044415, 35184372088831, 70368744177663, 140737488355327, 281474976710655, 562949953421311, 1125899906842623, 2251799813685247, 4503599627370495, 9007199254740991, 18014398509481983, 36028797018963967, 72057594037927935, 144115188075855871, 288230376151711743)
DP_MNL  time: 2.8602s | V(0,C): 71561.93 | avg reward: 77776.85
DP_MMNL_5PT time: 2.8494s | V(0,C): 71561.93 | avg reward: 77776.77
DP_MMNL_2PT time: 2.8672s | V(0,C): 71561.93 | avg reward: 77776.77
