
============================================================
TASK_ID: 32
LARGE_PRODUCT_SET: False
TRAIN_ON_ALL_SETS: False
HIGH_SENSITIVITY: False
GT_MODEL: NLogit
============================================================
RL Training Seeds: 15, RL Training Steps: [20000, 100000, 500000], Estimation Episodes: 50

Observation sampling time: 0.6025 seconds
Estimation_MNL  time: 5.1963s | beta: -0.002118, lambda: 0.499171
  LL: -17260.910000, AIC: 34523.830, BIC: 34531.060

Estimation_MMNL_5PT time: 16.9282s | lambda: 0.499171
  LL: -17256.140000, AIC: 34530.270, BIC: 34595.370
Betas: ['-0.050000', '-0.002957', '-0.002957', '-0.002957', '-0.000000']
Weights: ['0.183277', '0.183285', '0.183292', '0.183298', '0.266849']

Estimation_MMNL_2PT time: 8.6453s | lambda: 0.499171
  LL: -17256.820000, AIC: 34519.640, BIC: 34541.340
Betas: ['-0.050000', '-0.000958']
Weights: ['0.433305', '0.566695']

Estimation_MMNL_CONT time: 52.3760s | mu: -6.289183, sigma: 0.577700, lambda: 0.499171
  LL: -17257.340000, AIC: 34518.680, BIC: 34533.150

MNL  efficient sets time: 0.0110s | sets: (0, 1, 3, 7, 15, 31)
MMNL 5PT efficient sets time: 0.0558s | sets: (0, 1, 3, 7, 15, 31)
MMNL 2PT efficient sets time: 0.0377s | sets: (0, 1, 3, 7, 15)
MMNL Cont efficient sets time: 0.0329s | sets: (0, 1, 3, 7, 47)

DP_MNL  time: 0.3564s | V(0,C): 59221.29 | avg reward: 55173.78
DP_MMNL_5PT time: 0.3628s | V(0,C): 48820.77 | avg reward: 55173.78
DP_MMNL_2PT time: 0.3620s | V(0,C): 41334.02 | avg reward: 56248.80
DP_MMNL_CONT time: 0.3601s | V(0,C): 73825.13 | avg reward: 56563.31


=== 20,000 training timesteps ===
Method       | TrainTimeMean(s) | TrainTimeStd(s) | RewardMean | RewardStdAcrossRuns | PctOfDP(%) | PctOfDPStd(%) | LoadFactorMean(%) | LoadFactorStdAcrossRuns(%)
-------------+------------------+-----------------+------------+---------------------+------------+---------------+-------------------+---------------------------
DQN          | 3.91             | 0.13            | 51609.00   | 8978.65             | 93.57      | 11.83         | 58.49             | 16.65                     
QRDQN        | 20.99            | 0.51            | 50963.33   | 9395.41             | 92.49      | 13.47         | 56.90             | 15.61                     
ARS          | 2.15             | 0.03            | 51287.33   | 14388.66            | 93.93      | 25.21         | 59.75             | 18.24                     
A2C          | 4.76             | 0.14            | 50885.00   | 3689.84             | 92.89      | 4.04          | 83.24             | 6.59                      
TRPO         | 5.91             | 0.10            | 51842.33   | 4175.69             | 94.59      | 4.39          | 82.38             | 5.93                      
PPO          | 11.46            | 0.21            | 51965.00   | 4073.62             | 94.83      | 4.53          | 79.10             | 7.64                      
DP_MNL       | 0.36             | 0.00            | 54870.00   | 4441.38             | 100.00     | 0.00          | 67.78             | 5.11                      
DP_MMNL_5PT  | 0.36             | 0.00            | 54870.00   | 4441.38             | 100.00     | 0.00          | 67.78             | 5.11                      
DP_MMNL_2PT  | 0.36             | 0.00            | 56128.33   | 4720.19             | 102.29     | 2.21          | 61.84             | 4.95                      
DP_MMNL_CONT | 0.36             | 0.00            | 56248.33   | 4639.02             | 102.51     | 1.02          | 72.76             | 5.45                      

=== 100,000 training timesteps ===
Method       | TrainTimeMean(s) | TrainTimeStd(s) | RewardMean | RewardStdAcrossRuns | PctOfDP(%) | PctOfDPStd(%) | LoadFactorMean(%) | LoadFactorStdAcrossRuns(%)
-------------+------------------+-----------------+------------+---------------------+------------+---------------+-------------------+---------------------------
DQN          | 19.73            | 0.60            | 56112.33   | 4623.02             | 102.26     | 1.06          | 72.29             | 5.52                      
QRDQN        | 106.79           | 2.66            | 50963.33   | 9395.41             | 92.49      | 13.47         | 56.90             | 15.61                     
ARS          | 10.68            | 0.08            | 55490.33   | 4584.06             | 101.15     | 2.55          | 64.54             | 7.76                      
A2C          | 23.60            | 0.61            | 52682.67   | 4462.80             | 96.07      | 4.01          | 81.08             | 5.43                      
TRPO         | 25.92            | 0.36            | 53438.67   | 4637.80             | 97.39      | 2.75          | 79.68             | 6.05                      
PPO          | 49.63            | 0.89            | 52616.67   | 4506.37             | 95.90      | 2.74          | 81.44             | 5.38                      
DP_MNL       | 0.36             | 0.00            | 54870.00   | 4441.38             | 100.00     | 0.00          | 67.78             | 5.11                      
DP_MMNL_5PT  | 0.36             | 0.00            | 54870.00   | 4441.38             | 100.00     | 0.00          | 67.78             | 5.11                      
DP_MMNL_2PT  | 0.36             | 0.00            | 56128.33   | 4720.19             | 102.29     | 2.21          | 61.84             | 4.95                      
DP_MMNL_CONT | 0.36             | 0.00            | 56248.33   | 4639.02             | 102.51     | 1.02          | 72.76             | 5.45                      

=== 500,000 training timesteps ===
Method       | TrainTimeMean(s) | TrainTimeStd(s) | RewardMean | RewardStdAcrossRuns | PctOfDP(%) | PctOfDPStd(%) | LoadFactorMean(%) | LoadFactorStdAcrossRuns(%)
-------------+------------------+-----------------+------------+---------------------+------------+---------------+-------------------+---------------------------
DQN          | 98.49            | 3.03            | 55979.67   | 4641.70             | 102.01     | 1.09          | 71.32             | 5.83                      
QRDQN        | 534.68           | 11.21           | 50963.33   | 9395.41             | 92.49      | 13.47         | 56.90             | 15.61                     
ARS          | 45.02            | 0.30            | 55679.33   | 4250.34             | 101.52     | 1.55          | 66.63             | 7.35                      
A2C          | 121.34           | 2.67            | 53810.00   | 4448.27             | 98.12      | 3.83          | 78.13             | 7.11                      
TRPO         | 129.99           | 1.15            | 55581.33   | 4327.36             | 101.34     | 2.34          | 74.16             | 7.84                      
PPO          | 238.10           | 3.05            | 53627.33   | 4224.97             | 97.82      | 3.46          | 80.32             | 6.13                      
DP_MNL       | 0.36             | 0.00            | 54870.00   | 4441.38             | 100.00     | 0.00          | 67.78             | 5.11                      
DP_MMNL_5PT  | 0.36             | 0.00            | 54870.00   | 4441.38             | 100.00     | 0.00          | 67.78             | 5.11                      
DP_MMNL_2PT  | 0.36             | 0.00            | 56128.33   | 4720.19             | 102.29     | 2.21          | 61.84             | 4.95                      
DP_MMNL_CONT | 0.36             | 0.00            | 56248.33   | 4639.02             | 102.51     | 1.02          | 72.76             | 5.45                      
