
============================================================
TASK_ID: 41
LARGE_PRODUCT_SET: True
TRAIN_ON_ALL_SETS: False
HIGH_SENSITIVITY: True
GT_MODEL: MMNL_5PT
============================================================
RL Training Seeds: 15, RL Training Steps: [100000, 500000, 1000000], Estimation Episodes: 50

Observation sampling time: 1.0611 seconds
Estimation_MNL  time: 0.0221s | beta: -0.005018, lambda: 0.498148
  LL: -37106.567115, AIC: 74215.134, BIC: 74222.353

Estimation_MMNL_5PT time: 4.3104s | lambda: 0.498148
  LL: -37101.350033, AIC: 74220.700, BIC: 74285.669
Betas: ['-0.005916', '-0.005880', '-0.005709', '-0.005067', '-0.001508']
Weights: ['0.100055', '0.110637', '0.524571', '0.100076', '0.164661']

Estimation_MMNL_2PT time: 1.2680s | lambda: 0.498148
  LL: -37101.350338, AIC: 74208.701, BIC: 74230.357
Betas: ['-0.005771', '-0.001879']
Weights: ['0.800000', '0.200000']

MNL  efficient sets time: 15.8918s | sets: (0, 1, 3, 7, 15, 31, 63, 127, 255, 511, 1023, 2047, 4095, 8191, 16383, 32767, 65535, 131071, 262143, 524287, 1048575, 2097151, 4194303, 8388607, 16777215, 33554431, 67108863, 134217727, 268435455, 536870911, 1073741823, 2147483647, 4294967295, 8589934591, 17179869183, 34359738367, 68719476735, 137438953471, 274877906943, 549755813887, 1099511627775, 2199023255551, 4398046511103, 8796093022207, 17592186044415, 35184372088831, 70368744177663, 140737488355327, 281474976710655, 562949953421311, 1125899906842623)
MMNL 5PT efficient sets time: 1350.4577s | sets: (0, 1, 3, 7, 15, 31, 63, 127, 255, 511, 1023, 2047, 4095, 8191, 16383, 32767, 65535, 131071, 262143, 524287, 1048575, 2097151, 4194303, 8388607, 16777215, 33554431, 67108863, 134217727, 268435455, 536870911, 1073741823, 2147483647, 4294967295, 8589934591, 17179869183, 34359738367, 68719476735, 137438953471, 274877906943, 549755813887, 1099511627775, 2199023255551, 4398046511103, 8796093022207, 17592186044415, 35184372088831, 70368744177663, 140737488355327, 281474976710655, 562949953421311, 1125899906842623, 2251799813685247, 4503599627370495, 9007199254740991)
MMNL 2PT efficient sets time: 343.9181s | sets: (0, 1, 3, 7, 15, 31, 63, 127, 255, 511, 1023, 2047, 4095, 8191, 16383, 32767, 65535, 131071, 262143, 524287, 1048575, 2097151, 4194303, 8388607, 16777215, 33554431, 67108863, 134217727, 268435455, 536870911, 1073741823, 2147483647, 4294967295, 8589934591, 17179869183, 34359738367, 68719476735, 137438953471, 274877906943, 549755813887, 1099511627775, 2199023255551, 4398046511103, 8796093022207, 17592186044415, 35184372088831, 70368744177663, 140737488355327, 281474976710655, 562949953421311, 1125899906842623, 2251799813685247, 4503599627370495, 9007199254740991)
DP_MNL  time: 0.3809s | V(0,C): 79106.42 | avg reward: 77962.98
DP_MMNL_5PT time: 0.3798s | V(0,C): 77344.58 | avg reward: 77965.19
DP_MMNL_2PT time: 0.3790s | V(0,C): 77312.84 | avg reward: 77966.52
ADP_MNL  time: 0.5730s | V(0,C): 72376.72 | avg reward: 76907.09
ADP_MMNL_5PT time: 0.5510s | V(0,C): 71104.66 | avg reward: 77270.79
ADP_MMNL_2PT time: 0.5606s | V(0,C): 71090.30 | avg reward: 77268.70
ADP_ENV time: 1.6122s | V(0,C): 46162.57 | avg reward: 77953.55

=== 100,000 training timesteps ===
Method       | TrainTimeMean(s) | TrainTimeStd(s) | RewardMean | RewardStdAcrossRuns | PctOfDP(%) | PctOfDPStd(%) | LoadFactorMean(%) | LoadFactorStdAcrossRuns(%)
-------------+------------------+-----------------+------------+---------------------+------------+---------------+-------------------+---------------------------
DQN          | 22.41            | 3.97            | 77095.86   | 4828.51             | 99.51      | 1.17          | 86.99             | 5.98                      
QRDQN        | 157.49           | 45.14           | 57468.97   | 15917.51            | 74.27      | 20.82         | 57.84             | 19.57                     
ARS          | 12.01            | 0.27            | 74099.21   | 5850.44             | 95.59      | 3.47          | 78.67             | 8.69                      
A2C          | 27.19            | 4.46            | 59612.22   | 3872.43             | 77.01      | 3.44          | 97.08             | 2.94                      
TRPO         | 35.68            | 4.79            | 60583.80   | 3035.95             | 78.32      | 3.16          | 96.65             | 3.44                      
PPO          | 53.74            | 10.27           | 59808.72   | 2962.25             | 77.34      | 3.64          | 96.68             | 2.91                      
DP_MNL       | 0.38             | 0.00            | 77476.60   | 4836.31             | 100.00     | 0.00          | 87.86             | 5.29                      
DP_MMNL_5PT  | 0.38             | 0.00            | 77578.74   | 4814.46             | 100.14     | 0.80          | 89.41             | 5.21                      
DP_MMNL_2PT  | 0.38             | 0.00            | 77576.45   | 4813.35             | 100.14     | 0.79          | 89.41             | 5.21                      
ADP_MNL      | 0.57             | 0.00            | 76506.85   | 4481.13             | 98.78      | 1.41          | 83.17             | 4.43                      
ADP_MMNL_5PT | 0.55             | 0.00            | 76917.49   | 4666.23             | 99.30      | 1.16          | 84.58             | 4.74                      
ADP_MMNL_2PT | 0.56             | 0.00            | 76918.06   | 4668.84             | 99.30      | 1.16          | 84.58             | 4.74                      
ADP_ENV      | 1.61             | 0.00            | 77610.27   | 4794.56             | 100.18     | 0.73          | 89.23             | 5.36                      

=== 500,000 training timesteps ===
Method       | TrainTimeMean(s) | TrainTimeStd(s) | RewardMean | RewardStdAcrossRuns | PctOfDP(%) | PctOfDPStd(%) | LoadFactorMean(%) | LoadFactorStdAcrossRuns(%)
-------------+------------------+-----------------+------------+---------------------+------------+---------------+-------------------+---------------------------
DQN          | 113.22           | 20.64           | 75911.03   | 5265.92             | 98.01      | 3.79          | 83.46             | 7.69                      
QRDQN        | 811.79           | 215.02          | 57468.97   | 15917.51            | 74.27      | 20.82         | 57.84             | 19.57                     
ARS          | 60.30            | 1.31            | 76592.19   | 6146.45             | 98.77      | 2.97          | 84.83             | 8.91                      
A2C          | 140.79           | 23.54           | 62433.48   | 3755.42             | 80.74      | 4.78          | 96.04             | 3.62                      
TRPO         | 172.28           | 23.21           | 64062.73   | 3920.03             | 82.77      | 3.44          | 96.07             | 4.17                      
PPO          | 255.34           | 42.87           | 63931.62   | 3008.87             | 82.67      | 3.69          | 96.40             | 3.56                      
DP_MNL       | 0.38             | 0.00            | 77476.60   | 4836.31             | 100.00     | 0.00          | 87.86             | 5.29                      
DP_MMNL_5PT  | 0.38             | 0.00            | 77578.74   | 4814.46             | 100.14     | 0.80          | 89.41             | 5.21                      
DP_MMNL_2PT  | 0.38             | 0.00            | 77576.45   | 4813.35             | 100.14     | 0.79          | 89.41             | 5.21                      
ADP_MNL      | 0.57             | 0.00            | 76506.85   | 4481.13             | 98.78      | 1.41          | 83.17             | 4.43                      
ADP_MMNL_5PT | 0.55             | 0.00            | 76917.49   | 4666.23             | 99.30      | 1.16          | 84.58             | 4.74                      
ADP_MMNL_2PT | 0.56             | 0.00            | 76918.06   | 4668.84             | 99.30      | 1.16          | 84.58             | 4.74                      
ADP_ENV      | 1.61             | 0.00            | 77610.27   | 4794.56             | 100.18     | 0.73          | 89.23             | 5.36                      

=== 1,000,000 training timesteps ===
Method       | TrainTimeMean(s) | TrainTimeStd(s) | RewardMean | RewardStdAcrossRuns | PctOfDP(%) | PctOfDPStd(%) | LoadFactorMean(%) | LoadFactorStdAcrossRuns(%)
-------------+------------------+-----------------+------------+---------------------+------------+---------------+-------------------+---------------------------
DQN          | 228.06           | 34.44           | 75910.44   | 4843.31             | 98.06      | 3.97          | 83.32             | 6.42                      
QRDQN        | 1619.27          | 341.47          | 57468.97   | 15917.51            | 74.27      | 20.82         | 57.84             | 19.57                     
ARS          | 121.05           | 2.96            | 77289.73   | 5064.37             | 99.75      | 1.34          | 86.16             | 6.76                      
A2C          | 284.76           | 53.05           | 62735.67   | 4725.32             | 81.03      | 4.66          | 95.75             | 3.94                      
TRPO         | 361.71           | 54.07           | 66084.90   | 3988.66             | 85.37      | 3.15          | 95.35             | 4.74                      
PPO          | 514.18           | 91.07           | 65429.58   | 3036.65             | 84.56      | 2.42          | 96.54             | 3.28                      
DP_MNL       | 0.38             | 0.00            | 77476.60   | 4836.31             | 100.00     | 0.00          | 87.86             | 5.29                      
DP_MMNL_5PT  | 0.38             | 0.00            | 77578.74   | 4814.46             | 100.14     | 0.80          | 89.41             | 5.21                      
DP_MMNL_2PT  | 0.38             | 0.00            | 77576.45   | 4813.35             | 100.14     | 0.79          | 89.41             | 5.21                      
ADP_MNL      | 0.57             | 0.00            | 76506.85   | 4481.13             | 98.78      | 1.41          | 83.17             | 4.43                      
ADP_MMNL_5PT | 0.55             | 0.00            | 76917.49   | 4666.23             | 99.30      | 1.16          | 84.58             | 4.74                      
ADP_MMNL_2PT | 0.56             | 0.00            | 76918.06   | 4668.84             | 99.30      | 1.16          | 84.58             | 4.74                      
ADP_ENV      | 1.61             | 0.00            | 77610.27   | 4794.56             | 100.18     | 0.73          | 89.23             | 5.36                      
