
============================================================
TASK_ID: 47
LARGE_PRODUCT_SET: True
TRAIN_ON_ALL_SETS: True
HIGH_SENSITIVITY: True
GT_MODEL: MMNL_2PT
============================================================
RL Training Seeds: 15, RL Training Steps: [20000, 100000, 500000, 1000000], Estimation Episodes: 50

Observation sampling time: 0.8527 seconds
Estimation_MNL  time: 0.1232s | beta: -0.005057, lambda: 0.495974
  LL: -37106.301682, AIC: 74214.603, BIC: 74221.824

Estimation_MMNL_5PT time: 30.3463s | lambda: 0.495974
  LL: -37053.595966, AIC: 74111.192, BIC: 74125.633
Betas: ['-0.013122', '-0.008849', '-0.004990', '-0.001131', '-0.000000']
Weights: ['0.011257', '0.222076', '0.533333', '0.222076', '0.011257']

Estimation_MMNL_2PT time: 0.0001s | lambda: 0.495974
  LL: -37053.595966, AIC: 74111.192, BIC: 74125.633
Betas: ['-0.007837', '-0.002144']
Weights: ['0.500000', '0.500000']


============================================================
TASK_ID: 47
LARGE_PRODUCT_SET: True
TRAIN_ON_ALL_SETS: True
HIGH_SENSITIVITY: True
GT_MODEL: MMNL_2PT
============================================================
RL Training Seeds: 15, RL Training Steps: [20000, 100000, 500000, 1000000], Estimation Episodes: 50

Observation sampling time: 0.8665 seconds
Estimation_MNL  time: 0.1337s | beta: -0.005023, lambda: 0.502177
  LL: -37330.804229, AIC: 74663.608, BIC: 74670.833

Estimation_MMNL_5PT time: 36.5897s | lambda: 0.502177
  LL: -37294.386095, AIC: 74592.772, BIC: 74607.222
Betas: ['-0.012308', '-0.008450', '-0.004967', '-0.001484', '-0.000000']
Weights: ['0.011257', '0.222076', '0.533333', '0.222076', '0.011257']

Estimation_MMNL_2PT time: 0.0001s | lambda: 0.502177
  LL: -37294.386095, AIC: 74592.772, BIC: 74607.222
Betas: ['-0.007537', '-0.002398']
Weights: ['0.500000', '0.500000']

