Run MNL - High Sensitivity: True
Train Runs: 5, Training on all available sets (if false only on efficient sets): False
RL Training Steps: [20000, 100000, 500000], Evaluation Episodes: 15, Estimation Episodes: 50

Observation sampling time: 0.2642 seconds
EM_MNL  time: 113.4043s | beta: -0.004998, lambda: 0.510908
EM_MMNL time: 471.4248s | betas: ['-0.029909', '-0.015415', '-0.005098', '-0.004546', '-0.004429'], lambda: 0.769452

MNL  efficient sets time: 0.0115s | sets: (0, 1, 3, 7, 15, 31, 63, 127, 255, 511)
MMNL efficient sets time: 0.0388s | sets: (0, 1, 3, 7, 15, 31, 63, 127, 255, 511, 1023)

DP_MNL  time: 7.4876s | V(0,C): 37759.41
DP_MMNL time: 31.3041s | V(0,C): 37792.93

Cumulative time — DP_MNL: 121.1677s | DP_MMNL: 503.0319s


=== 20,000 training timesteps ===
Method  | TrainTimeMean(s) | TrainTimeStd(s) | RewardMean | RewardStdAcrossRuns | PctOfDP(%) | PctOfDPStd(%) | LoadFactorMean(%) | LoadFactorStdAcrossRuns(%)
--------+------------------+-----------------+------------+---------------------+------------+---------------+-------------------+---------------------------
DQN     | 2.82             | 0.01            | 34344.67   | 2757.47             | 94.18      | 7.56          | 57.30             | 11.77                     
QRDQN   | 16.09            | 0.30            | 28695.07   | 8436.27             | 78.69      | 23.14         | 44.13             | 21.41                     
ARS     | 1.66             | 0.02            | 33758.20   | 4897.04             | 92.58      | 13.43         | 55.55             | 14.59                     
A2C     | 3.96             | 0.04            | 35791.80   | 1123.88             | 98.15      | 3.08          | 62.75             | 7.76                      
TRPO    | 5.32             | 0.03            | 35800.07   | 1099.12             | 98.18      | 3.01          | 63.91             | 8.52                      
PPO     | 9.47             | 0.00            | 36453.73   | 56.14               | 99.97      | 0.15          | 68.92             | 2.56                      
DP_MNL  | 7.49             | 0.00            | 36465.33   | 0.00                | 100.00     | 0.00          | 72.22             | 0.00                      
DP_MMNL | 31.30            | 0.00            | 36399.00   | 0.00                | 99.82      | 0.00          | 77.41             | 0.00                      

=== 100,000 training timesteps ===
Method  | TrainTimeMean(s) | TrainTimeStd(s) | RewardMean | RewardStdAcrossRuns | PctOfDP(%) | PctOfDPStd(%) | LoadFactorMean(%) | LoadFactorStdAcrossRuns(%)
--------+------------------+-----------------+------------+---------------------+------------+---------------+-------------------+---------------------------
DQN     | 14.15            | 0.04            | 36471.93   | 6.72                | 100.02     | 0.02          | 72.19             | 0.03                      
QRDQN   | 81.54            | 1.41            | 28695.07   | 8436.27             | 78.69      | 23.14         | 44.13             | 21.41                     
ARS     | 8.21             | 0.03            | 35562.47   | 1012.65             | 97.52      | 2.78          | 58.55             | 5.29                      
A2C     | 19.68            | 0.12            | 36478.40   | 16.00               | 100.04     | 0.04          | 69.91             | 2.82                      
TRPO    | 24.11            | 0.02            | 36230.87   | 273.19              | 99.36      | 0.75          | 67.05             | 6.20                      
PPO     | 41.04            | 0.02            | 36390.73   | 162.46              | 99.80      | 0.45          | 68.54             | 4.90                      
DP_MNL  | 7.49             | 0.00            | 36465.33   | 0.00                | 100.00     | 0.00          | 72.22             | 0.00                      
DP_MMNL | 31.30            | 0.00            | 36399.00   | 0.00                | 99.82      | 0.00          | 77.41             | 0.00                      

=== 500,000 training timesteps ===
Method  | TrainTimeMean(s) | TrainTimeStd(s) | RewardMean | RewardStdAcrossRuns | PctOfDP(%) | PctOfDPStd(%) | LoadFactorMean(%) | LoadFactorStdAcrossRuns(%)
--------+------------------+-----------------+------------+---------------------+------------+---------------+-------------------+---------------------------
DQN     | 70.56            | 0.14            | 36367.07   | 149.74              | 99.73      | 0.41          | 68.94             | 2.33                      
QRDQN   | 403.84           | 3.35            | 28695.07   | 8436.27             | 78.69      | 23.14         | 44.13             | 21.41                     
ARS     | 34.42            | 0.08            | 36360.47   | 227.36              | 99.71      | 0.62          | 67.17             | 4.86                      
A2C     | 101.27           | 0.62            | 36478.40   | 16.00               | 100.04     | 0.04          | 69.91             | 2.82                      
TRPO    | 119.17           | 0.62            | 36494.27   | 43.74               | 100.08     | 0.12          | 69.82             | 2.29                      
PPO     | 195.54           | 0.15            | 36478.40   | 16.00               | 100.04     | 0.04          | 69.91             | 2.82                      
DP_MNL  | 7.49             | 0.00            | 36465.33   | 0.00                | 100.00     | 0.00          | 72.22             | 0.00                      
DP_MMNL | 31.30            | 0.00            | 36399.00   | 0.00                | 99.82      | 0.00          | 77.41             | 0.00                      
