
============================================================
TASK_ID: 8
LARGE_PRODUCT_SET: False
TRAIN_ON_ALL_SETS: False
HIGH_SENSITIVITY: False
GT_MODEL: MMNL_5PT
============================================================
RL Training Seeds: 15, RL Training Steps: [100000, 500000, 1000000], Estimation Episodes: 50

Observation sampling time: 0.9580 seconds
Estimation_MNL  time: 0.0085s | beta: -0.001556, lambda: 0.501902
  LL: -17658.458924, AIC: 35318.918, BIC: 35326.157

Estimation_MMNL_5PT time: 0.2694s | lambda: 0.501902
  LL: -17658.458924, AIC: 35334.918, BIC: 35400.067
Betas: ['-0.001557', '-0.001556', '-0.001556', '-0.001556', '-0.001556']
Weights: ['0.587061', '0.100008', '0.105985', '0.100006', '0.106940']

Estimation_MMNL_2PT time: 0.1422s | lambda: 0.501902
  LL: -17658.458924, AIC: 35322.918, BIC: 35344.634
Betas: ['-0.001557', '-0.001556']
Weights: ['0.800000', '0.200000']

MNL  efficient sets time: 0.0106s | sets: (0, 1, 3, 7, 15)
MMNL 5PT efficient sets time: 0.0534s | sets: (0, 1, 3, 7, 15)
MMNL 2PT efficient sets time: 0.0360s | sets: (0, 1, 3, 7, 15)
DP_MNL  time: 0.3627s | V(0,C): 66190.80 | avg reward: 66670.00
DP_MMNL_5PT time: 0.3643s | V(0,C): 66190.83 | avg reward: 66670.00
DP_MMNL_2PT time: 0.3629s | V(0,C): 66190.80 | avg reward: 66670.00
ADP_MNL  time: 0.5200s | V(0,C): 64786.82 | avg reward: 66670.00
ADP_MMNL_5PT time: 0.5224s | V(0,C): 64786.84 | avg reward: 66670.00
ADP_MMNL_2PT time: 0.5186s | V(0,C): 64786.83 | avg reward: 66670.00
ADP_ENV time: 0.6212s | V(0,C): 37711.57 | avg reward: 66670.00

=== 100,000 training timesteps ===
Method       | TrainTimeMean(s) | TrainTimeStd(s) | RewardMean | RewardStdAcrossRuns | PctOfDP(%) | PctOfDPStd(%) | LoadFactorMean(%) | LoadFactorStdAcrossRuns(%)
-------------+------------------+-----------------+------------+---------------------+------------+---------------+-------------------+---------------------------
DQN          | 18.81            | 0.17            | 66226.67   | 5050.63             | 99.97      | 0.18          | 72.00             | 5.45                      
QRDQN        | 92.13            | 4.99            | 51738.33   | 13635.08            | 78.47      | 21.22         | 51.42             | 16.41                     
ARS          | 11.14            | 0.14            | 63900.00   | 6169.41             | 96.40      | 4.56          | 66.34             | 7.87                      
A2C          | 22.74            | 0.24            | 61088.00   | 5439.42             | 92.23      | 4.54          | 86.27             | 7.84                      
TRPO         | 25.97            | 0.22            | 61250.33   | 4783.39             | 92.55      | 4.43          | 86.45             | 6.57                      
PPO          | 43.49            | 0.35            | 60720.67   | 4519.03             | 91.73      | 3.14          | 87.39             | 6.87                      
DP_MNL       | 0.36             | 0.00            | 66248.33   | 5058.86             | 100.00     | 0.00          | 72.11             | 5.40                      
DP_MMNL_5PT  | 0.36             | 0.00            | 66248.33   | 5058.86             | 100.00     | 0.00          | 72.11             | 5.40                      
DP_MMNL_2PT  | 0.36             | 0.00            | 66248.33   | 5058.86             | 100.00     | 0.00          | 72.11             | 5.40                      
ADP_MNL      | 0.52             | 0.00            | 66248.33   | 5058.86             | 100.00     | 0.00          | 72.11             | 5.40                      
ADP_MMNL_5PT | 0.52             | 0.00            | 66248.33   | 5058.86             | 100.00     | 0.00          | 72.11             | 5.40                      
ADP_MMNL_2PT | 0.52             | 0.00            | 66248.33   | 5058.86             | 100.00     | 0.00          | 72.11             | 5.40                      
ADP_ENV      | 0.62             | 0.00            | 66248.33   | 5058.86             | 100.00     | 0.00          | 72.11             | 5.40                      

=== 500,000 training timesteps ===
Method       | TrainTimeMean(s) | TrainTimeStd(s) | RewardMean | RewardStdAcrossRuns | PctOfDP(%) | PctOfDPStd(%) | LoadFactorMean(%) | LoadFactorStdAcrossRuns(%)
-------------+------------------+-----------------+------------+---------------------+------------+---------------+-------------------+---------------------------
DQN          | 95.04            | 0.49            | 65490.00   | 5262.09             | 98.83      | 1.50          | 70.85             | 5.90                      
QRDQN        | 455.71           | 24.23           | 51738.33   | 13635.08            | 78.47      | 21.22         | 51.42             | 16.41                     
ARS          | 55.58            | 0.36            | 65915.00   | 5029.56             | 99.52      | 1.81          | 71.42             | 5.68                      
A2C          | 116.44           | 0.69            | 63286.33   | 5905.17             | 95.44      | 3.12          | 83.21             | 5.11                      
TRPO         | 129.07           | 0.69            | 65453.33   | 4441.16             | 98.87      | 1.72          | 77.23             | 5.09                      
PPO          | 209.78           | 1.43            | 62578.00   | 4020.46             | 94.59      | 3.15          | 86.27             | 6.70                      
DP_MNL       | 0.36             | 0.00            | 66248.33   | 5058.86             | 100.00     | 0.00          | 72.11             | 5.40                      
DP_MMNL_5PT  | 0.36             | 0.00            | 66248.33   | 5058.86             | 100.00     | 0.00          | 72.11             | 5.40                      
DP_MMNL_2PT  | 0.36             | 0.00            | 66248.33   | 5058.86             | 100.00     | 0.00          | 72.11             | 5.40                      
ADP_MNL      | 0.52             | 0.00            | 66248.33   | 5058.86             | 100.00     | 0.00          | 72.11             | 5.40                      
ADP_MMNL_5PT | 0.52             | 0.00            | 66248.33   | 5058.86             | 100.00     | 0.00          | 72.11             | 5.40                      
ADP_MMNL_2PT | 0.52             | 0.00            | 66248.33   | 5058.86             | 100.00     | 0.00          | 72.11             | 5.40                      
ADP_ENV      | 0.62             | 0.00            | 66248.33   | 5058.86             | 100.00     | 0.00          | 72.11             | 5.40                      

=== 1,000,000 training timesteps ===
Method       | TrainTimeMean(s) | TrainTimeStd(s) | RewardMean | RewardStdAcrossRuns | PctOfDP(%) | PctOfDPStd(%) | LoadFactorMean(%) | LoadFactorStdAcrossRuns(%)
-------------+------------------+-----------------+------------+---------------------+------------+---------------+-------------------+---------------------------
DQN          | 190.19           | 0.86            | 66070.00   | 5006.46             | 99.74      | 0.58          | 71.53             | 5.28                      
QRDQN        | 908.93           | 49.62           | 51738.33   | 13635.08            | 78.47      | 21.22         | 51.42             | 16.41                     
ARS          | 111.22           | 0.58            | 65915.00   | 5029.56             | 99.52      | 1.81          | 71.42             | 5.68                      
A2C          | 234.87           | 3.63            | 63334.67   | 5907.32             | 95.51      | 3.09          | 83.21             | 5.11                      
TRPO         | 255.39           | 2.08            | 65891.67   | 5213.57             | 99.46      | 1.77          | 74.31             | 5.15                      
PPO          | 419.00           | 2.70            | 62518.33   | 4342.76             | 94.49      | 3.71          | 86.23             | 6.18                      
DP_MNL       | 0.36             | 0.00            | 66248.33   | 5058.86             | 100.00     | 0.00          | 72.11             | 5.40                      
DP_MMNL_5PT  | 0.36             | 0.00            | 66248.33   | 5058.86             | 100.00     | 0.00          | 72.11             | 5.40                      
DP_MMNL_2PT  | 0.36             | 0.00            | 66248.33   | 5058.86             | 100.00     | 0.00          | 72.11             | 5.40                      
ADP_MNL      | 0.52             | 0.00            | 66248.33   | 5058.86             | 100.00     | 0.00          | 72.11             | 5.40                      
ADP_MMNL_5PT | 0.52             | 0.00            | 66248.33   | 5058.86             | 100.00     | 0.00          | 72.11             | 5.40                      
ADP_MMNL_2PT | 0.52             | 0.00            | 66248.33   | 5058.86             | 100.00     | 0.00          | 72.11             | 5.40                      
ADP_ENV      | 0.62             | 0.00            | 66248.33   | 5058.86             | 100.00     | 0.00          | 72.11             | 5.40                      
