
============================================================
TASK_ID: 11
LARGE_PRODUCT_SET: True
TRAIN_ON_ALL_SETS: True
HIGH_SENSITIVITY: False
GT_MODEL: MMNL_5PT
EXEC_PHASE: 1_PREP
============================================================
RL Training Seeds: 15, RL Training Steps: [100000, 500000, 1000000, 2000000], Estimation Episodes: 50

Observation sampling time: 2.0119 seconds
Estimation_MNL  time: 0.0193s | beta: -0.001611, lambda: 0.508493
  LL: -37395.876289, AIC: 74793.753, BIC: 74800.920

Estimation_MMNL_5PT time: 0.9769s | lambda: 0.508493
  LL: -37395.876290, AIC: 74809.753, BIC: 74874.259
Betas: ['-0.001613', '-0.001612', '-0.001611', '-0.001611', '-0.001608']
Weights: ['0.102905', '0.102906', '0.588382', '0.102906', '0.102902']

Estimation_MMNL_2PT time: 0.4052s | lambda: 0.508493
  LL: -37395.876289, AIC: 74797.753, BIC: 74819.255
Betas: ['-0.001612', '-0.001611']
Weights: ['0.787333', '0.212667']

Saved intermediate DP/ADP results to /gpfs/bwfor/home/ma/ma_ma/ma_fablange/RL_Dynamic_Choice_RM/src/results/large_classical_low_MMNL_5PT/dp_adp_intermediate.pkl
Phase 1 prep complete. Next run one DP sub-step phase.

============================================================
TASK_ID: 11
LARGE_PRODUCT_SET: True
TRAIN_ON_ALL_SETS: True
HIGH_SENSITIVITY: False
GT_MODEL: MMNL_5PT
EXEC_PHASE: 1_DP_MNL
============================================================
RL Training Seeds: 15, RL Training Steps: [100000, 500000, 1000000, 2000000], Estimation Episodes: 50

DP_MNL  time: 64620.6041s | V(0,C): 101756.98 | avg reward: 101109.72
Saved intermediate DP/ADP results to /gpfs/bwfor/home/ma/ma_ma/ma_fablange/RL_Dynamic_Choice_RM/src/results/large_classical_low_MMNL_5PT/dp_adp_intermediate.pkl
Completed split phase step: 1_DP_MNL

============================================================
TASK_ID: 11
LARGE_PRODUCT_SET: True
TRAIN_ON_ALL_SETS: True
HIGH_SENSITIVITY: False
GT_MODEL: MMNL_5PT
EXEC_PHASE: 1_DP_MMNL_5PT
============================================================
RL Training Seeds: 15, RL Training Steps: [100000, 500000, 1000000, 2000000], Estimation Episodes: 50

DP_MMNL_5PT time: 104890.7998s | V(0,C): 101520.71 | avg reward: 100888.92
Saved intermediate DP/ADP results to /gpfs/bwfor/home/ma/ma_ma/ma_fablange/RL_Dynamic_Choice_RM/src/results/large_classical_low_MMNL_5PT/dp_adp_intermediate.pkl
Completed split phase step: 1_DP_MMNL_5PT

============================================================
TASK_ID: 11
LARGE_PRODUCT_SET: True
TRAIN_ON_ALL_SETS: True
HIGH_SENSITIVITY: False
GT_MODEL: MMNL_5PT
EXEC_PHASE: 1_DP_MMNL_2PT
============================================================
RL Training Seeds: 15, RL Training Steps: [100000, 500000, 1000000, 2000000], Estimation Episodes: 50


============================================================
TASK_ID: 11
LARGE_PRODUCT_SET: True
TRAIN_ON_ALL_SETS: True
HIGH_SENSITIVITY: False
GT_MODEL: MMNL_5PT
EXEC_PHASE: 1_DP_MMNL_2PT
============================================================
RL Training Seeds: 15, RL Training Steps: [100000, 500000, 1000000, 2000000], Estimation Episodes: 50

DP_MMNL_2PT time: 107119.6930s | V(0,C): 101528.45 | avg reward: 100919.66
Saved intermediate DP/ADP results to /gpfs/bwfor/home/ma/ma_ma/ma_fablange/RL_Dynamic_Choice_RM/src/results/large_classical_low_MMNL_5PT/dp_adp_intermediate.pkl
Completed split phase step: 1_DP_MMNL_2PT

============================================================
TASK_ID: 11
LARGE_PRODUCT_SET: True
TRAIN_ON_ALL_SETS: True
HIGH_SENSITIVITY: False
GT_MODEL: MMNL_5PT
EXEC_PHASE: 2
============================================================
RL Training Seeds: 15, RL Training Steps: [100000, 500000, 1000000, 2000000], Estimation Episodes: 50

Loaded pre-computed DP/ADP results
ADP_MNL  time: 1.3122s | V(0,C): 68451.43 | avg reward: 77630.07
ADP_MMNL_5PT time: 1.6855s | V(0,C): 68451.44 | avg reward: 77630.07
ADP_MMNL_2PT time: 1.5625s | V(0,C): 68451.41 | avg reward: 77630.07
ADP_ENV time: 157.3444s | V(0,C): 46909.47 | avg reward: 69743.12

=== 100,000 training timesteps ===
Method       | TrainTimeMean(s) | TrainTimeStd(s) | RewardMean | RewardStdAcrossRuns | PctOfDP(%) | PctOfDPStd(%) | LoadFactorMean(%) | LoadFactorStdAcrossRuns(%)
-------------+------------------+-----------------+------------+---------------------+------------+---------------+-------------------+---------------------------
A2C          | 35.18            | 1.49            | 70422.22   | 2425.83             | 69.71      | 3.15          | 99.93             | 0.27                      
TRPO         | 45.71            | 3.62            | 70818.38   | 2027.08             | 70.11      | 3.10          | 99.89             | 0.40                      
PPO          | 65.52            | 2.06            | 71345.27   | 2790.87             | 70.65      | 3.96          | 99.89             | 0.40                      
DP_MNL       | 64620.60         | 0.00            | 101145.49  | 4021.55             | 100.00     | 0.00          | 97.37             | 2.97                      
DP_MMNL_5PT  | 104890.80        | 0.00            | 100864.38  | 4103.76             | 99.72      | 0.74          | 96.79             | 3.28                      
DP_MMNL_2PT  | 107119.69        | 0.00            | 100819.97  | 4060.18             | 99.68      | 0.50          | 96.97             | 3.19                      
ADP_MNL      | 1.31             | 0.00            | 77360.08   | 1942.38             | 76.59      | 3.27          | 99.82             | 0.55                      
ADP_MMNL_5PT | 1.69             | 0.00            | 77360.08   | 1942.38             | 76.59      | 3.27          | 99.82             | 0.55                      
ADP_MMNL_2PT | 1.56             | 0.00            | 77360.08   | 1942.38             | 76.59      | 3.27          | 99.82             | 0.55                      
ADP_ENV      | 157.34           | 0.00            | 69478.42   | 1890.84             | 68.78      | 2.92          | 99.89             | 0.40                      

=== 500,000 training timesteps ===
Method       | TrainTimeMean(s) | TrainTimeStd(s) | RewardMean | RewardStdAcrossRuns | PctOfDP(%) | PctOfDPStd(%) | LoadFactorMean(%) | LoadFactorStdAcrossRuns(%)
-------------+------------------+-----------------+------------+---------------------+------------+---------------+-------------------+---------------------------
A2C          | 179.56           | 7.42            | 73695.51   | 2802.10             | 72.94      | 3.23          | 99.89             | 0.40                      
TRPO         | 222.34           | 17.12           | 75868.59   | 3404.70             | 75.11      | 4.20          | 99.89             | 0.40                      
PPO          | 318.08           | 12.73           | 76026.28   | 2834.73             | 75.29      | 4.13          | 99.89             | 0.40                      
DP_MNL       | 64620.60         | 0.00            | 101145.49  | 4021.55             | 100.00     | 0.00          | 97.37             | 2.97                      
DP_MMNL_5PT  | 104890.80        | 0.00            | 100864.38  | 4103.76             | 99.72      | 0.74          | 96.79             | 3.28                      
DP_MMNL_2PT  | 107119.69        | 0.00            | 100819.97  | 4060.18             | 99.68      | 0.50          | 96.97             | 3.19                      
ADP_MNL      | 1.31             | 0.00            | 77360.08   | 1942.38             | 76.59      | 3.27          | 99.82             | 0.55                      
ADP_MMNL_5PT | 1.69             | 0.00            | 77360.08   | 1942.38             | 76.59      | 3.27          | 99.82             | 0.55                      
ADP_MMNL_2PT | 1.56             | 0.00            | 77360.08   | 1942.38             | 76.59      | 3.27          | 99.82             | 0.55                      
ADP_ENV      | 157.34           | 0.00            | 69478.42   | 1890.84             | 68.78      | 2.92          | 99.89             | 0.40                      

=== 1,000,000 training timesteps ===
Method       | TrainTimeMean(s) | TrainTimeStd(s) | RewardMean | RewardStdAcrossRuns | PctOfDP(%) | PctOfDPStd(%) | LoadFactorMean(%) | LoadFactorStdAcrossRuns(%)
-------------+------------------+-----------------+------------+---------------------+------------+---------------+-------------------+---------------------------
A2C          | 366.24           | 16.10           | 74678.59   | 2755.43             | 73.91      | 3.30          | 99.89             | 0.40                      
TRPO         | 453.34           | 31.38           | 78242.86   | 3724.51             | 77.50      | 5.11          | 99.89             | 0.40                      
PPO          | 648.55           | 25.96           | 78766.89   | 3151.44             | 78.00      | 4.41          | 99.89             | 0.40                      
DP_MNL       | 64620.60         | 0.00            | 101145.49  | 4021.55             | 100.00     | 0.00          | 97.37             | 2.97                      
DP_MMNL_5PT  | 104890.80        | 0.00            | 100864.38  | 4103.76             | 99.72      | 0.74          | 96.79             | 3.28                      
DP_MMNL_2PT  | 107119.69        | 0.00            | 100819.97  | 4060.18             | 99.68      | 0.50          | 96.97             | 3.19                      
ADP_MNL      | 1.31             | 0.00            | 77360.08   | 1942.38             | 76.59      | 3.27          | 99.82             | 0.55                      
ADP_MMNL_5PT | 1.69             | 0.00            | 77360.08   | 1942.38             | 76.59      | 3.27          | 99.82             | 0.55                      
ADP_MMNL_2PT | 1.56             | 0.00            | 77360.08   | 1942.38             | 76.59      | 3.27          | 99.82             | 0.55                      
ADP_ENV      | 157.34           | 0.00            | 69478.42   | 1890.84             | 68.78      | 2.92          | 99.89             | 0.40                      

=== 2,000,000 training timesteps ===
Method       | TrainTimeMean(s) | TrainTimeStd(s) | RewardMean | RewardStdAcrossRuns | PctOfDP(%) | PctOfDPStd(%) | LoadFactorMean(%) | LoadFactorStdAcrossRuns(%)
-------------+------------------+-----------------+------------+---------------------+------------+---------------+-------------------+---------------------------
A2C          | 732.30           | 37.37           | 74503.15   | 2723.78             | 73.74      | 3.25          | 99.89             | 0.40                      
TRPO         | 921.13           | 42.12           | 81827.53   | 2141.25             | 81.03      | 3.87          | 99.86             | 0.42                      
PPO          | 1283.83          | 40.37           | 81237.61   | 2475.29             | 80.43      | 3.67          | 99.89             | 0.40                      
DP_MNL       | 64620.60         | 0.00            | 101145.49  | 4021.55             | 100.00     | 0.00          | 97.37             | 2.97                      
DP_MMNL_5PT  | 104890.80        | 0.00            | 100864.38  | 4103.76             | 99.72      | 0.74          | 96.79             | 3.28                      
DP_MMNL_2PT  | 107119.69        | 0.00            | 100819.97  | 4060.18             | 99.68      | 0.50          | 96.97             | 3.19                      
ADP_MNL      | 1.31             | 0.00            | 77360.08   | 1942.38             | 76.59      | 3.27          | 99.82             | 0.55                      
ADP_MMNL_5PT | 1.69             | 0.00            | 77360.08   | 1942.38             | 76.59      | 3.27          | 99.82             | 0.55                      
ADP_MMNL_2PT | 1.56             | 0.00            | 77360.08   | 1942.38             | 76.59      | 3.27          | 99.82             | 0.55                      
ADP_ENV      | 157.34           | 0.00            | 69478.42   | 1890.84             | 68.78      | 2.92          | 99.89             | 0.40                      
