Run MMNL - High Sensitivity: True
Train Runs: 5, Training on all available sets (if false only on efficient sets): False
RL Training Steps: [20000, 100000, 500000], Evaluation Episodes: 15, Estimation Episodes: 50

Observation sampling time: 0.5817 seconds
EM_MNL  time: 102.3704s | beta: -0.004605, lambda: 0.484627
EM_MMNL time: 482.7801s | betas: ['-0.029364', '-0.016045', '-0.005995', '-0.004200', '-0.003388'], lambda: 0.754976

MNL  efficient sets time: 0.0118s | sets: (0, 1, 3, 7, 15, 31, 63, 127, 255)
MMNL efficient sets time: 0.0396s | sets: (0, 1, 3, 7, 15, 31, 63, 127, 255, 511, 1023)

DP_MNL  time: 6.7709s | V(0,C): 37952.52
DP_MMNL time: 31.2836s | V(0,C): 37710.72

Cumulative time — DP_MNL: 109.7349s | DP_MMNL: 514.6850s


=== 20,000 training timesteps ===
Method  | TrainTimeMean(s) | TrainTimeStd(s) | RewardMean | RewardStdAcrossRuns | PctOfDP(%) | PctOfDPStd(%) | LoadFactorMean(%) | LoadFactorStdAcrossRuns(%)
--------+------------------+-----------------+------------+---------------------+------------+---------------+-------------------+---------------------------
DQN     | 3.37             | 0.09            | 34016.40   | 2779.06             | 92.05      | 7.52          | 52.87             | 11.54                     
QRDQN   | 20.52            | 0.81            | 26774.13   | 10038.08            | 72.45      | 27.16         | 35.73             | 15.25                     
ARS     | 2.16             | 0.04            | 33035.87   | 4010.79             | 89.40      | 10.85         | 49.21             | 13.04                     
A2C     | 4.55             | 0.08            | 36401.13   | 905.75              | 98.50      | 2.45          | 61.69             | 6.19                      
TRPO    | 6.12             | 0.07            | 36325.80   | 608.46              | 98.30      | 1.65          | 60.65             | 4.82                      
PPO     | 10.20            | 0.06            | 36665.07   | 150.93              | 99.22      | 0.41          | 61.33             | 2.57                      
DP_MNL  | 6.77             | 0.00            | 36954.00   | 0.00                | 100.00     | 0.00          | 66.27             | 0.00                      
DP_MMNL | 31.28            | 0.00            | 36728.33   | 0.00                | 99.39      | 0.00          | 77.01             | 0.00                      

=== 100,000 training timesteps ===
Method  | TrainTimeMean(s) | TrainTimeStd(s) | RewardMean | RewardStdAcrossRuns | PctOfDP(%) | PctOfDPStd(%) | LoadFactorMean(%) | LoadFactorStdAcrossRuns(%)
--------+------------------+-----------------+------------+---------------------+------------+---------------+-------------------+---------------------------
DQN     | 16.70            | 0.34            | 36905.27   | 92.28               | 99.87      | 0.25          | 65.78             | 0.93                      
QRDQN   | 102.17           | 3.17            | 26774.13   | 10038.08            | 72.45      | 27.16         | 35.73             | 15.25                     
ARS     | 10.82            | 0.24            | 36781.60   | 211.15              | 99.53      | 0.57          | 63.36             | 3.57                      
A2C     | 22.39            | 0.41            | 36781.60   | 211.15              | 99.53      | 0.57          | 63.36             | 3.57                      
TRPO    | 27.56            | 0.39            | 36689.40   | 204.35              | 99.28      | 0.55          | 61.85             | 3.50                      
PPO     | 44.35            | 0.28            | 36860.93   | 161.23              | 99.75      | 0.44          | 64.20             | 2.76                      
DP_MNL  | 6.77             | 0.00            | 36954.00   | 0.00                | 100.00     | 0.00          | 66.27             | 0.00                      
DP_MMNL | 31.28            | 0.00            | 36728.33   | 0.00                | 99.39      | 0.00          | 77.01             | 0.00                      

=== 500,000 training timesteps ===
Method  | TrainTimeMean(s) | TrainTimeStd(s) | RewardMean | RewardStdAcrossRuns | PctOfDP(%) | PctOfDPStd(%) | LoadFactorMean(%) | LoadFactorStdAcrossRuns(%)
--------+------------------+-----------------+------------+---------------------+------------+---------------+-------------------+---------------------------
DQN     | 83.39            | 1.68            | 36427.33   | 431.47              | 98.57      | 1.17          | 62.44             | 3.47                      
QRDQN   | 507.10           | 18.12           | 26774.13   | 10038.08            | 72.45      | 27.16         | 35.73             | 15.25                     
ARS     | 45.57            | 0.85            | 36931.20   | 45.60               | 99.94      | 0.12          | 65.87             | 0.79                      
A2C     | 115.18           | 2.31            | 36781.60   | 211.15              | 99.53      | 0.57          | 63.36             | 3.57                      
TRPO    | 134.29           | 0.85            | 36773.47   | 174.81              | 99.51      | 0.47          | 63.01             | 2.23                      
PPO     | 211.87           | 1.43            | 36867.80   | 172.40              | 99.77      | 0.47          | 64.81             | 2.91                      
DP_MNL  | 6.77             | 0.00            | 36954.00   | 0.00                | 100.00     | 0.00          | 66.27             | 0.00                      
DP_MMNL | 31.28            | 0.00            | 36728.33   | 0.00                | 99.39      | 0.00          | 77.01             | 0.00                      
