Using Gurobi license file: /scratch/slurm_tmpdir/job_4788012/gurobi_4788012_51/gurobi.lic (license index=3, LICENSEID=2826907)
Gurobi preflight: GRB_LICENSE_FILE=/scratch/slurm_tmpdir/job_4788012/gurobi_4788012_51/gurobi.lic, exists=True, WLSACCESSID=1e7a...556e, LICENSEID=2826907
Running task_id=51 with HIGH_SENSITIVITY=True, GT_MODEL=MNLrefPrice, TRAIN_ON_ALL_SETS=True, LARGE_PRODUCT_SET=True
scipy estimation data: obs=9946, alts=101, memory=7.67 MiB
scipy estimation mode: raw prices, beta_bounds=(-0.05, -1e-07), purchase_rate|arrival=0.9126
[dp] Waiting for Gurobi slot (max concurrent: 2)
[dp] Acquired Gurobi slot 1
Set parameter WLSAccessID
Set parameter WLSSecret
Set parameter LicenseID to value 2826907
Academic license 2826907 - for non-commercial use only - registered to ca___@ruhr-uni-bochum.de
[dp] Disposed Gurobi default environment
[dp] Released Gurobi slot 1

============================= JOB FEEDBACK =============================

NodeName=uc3n019
Job ID: 4788012
Array Job ID: 4786824_51
Cluster: uc3
User/Group: ma_fablange/ma_ma
State: FAILED (exit code 1)
Nodes: 1
Cores per node: 2
CPU Utilized: 11:12:00
CPU Efficiency: 85.16% of 13:09:04 core-walltime
Job Wall-clock time: 06:34:32
Memory Utilized: 753.28 MB
Memory Efficiency: 7.36% of 10.00 GB (10.00 GB/node)
