Gurobi preflight: GRB_LICENSE_FILE=<unset>, exists=False, WLSACCESSID=<unset>, LICENSEID=<unset>
Running task_id=11 with HIGH_SENSITIVITY=False, GT_MODEL=MMNL_5PT, TRAIN_ON_ALL_SETS=True, LARGE_PRODUCT_SET=True
Training A2C (seed 1/15)
 100% ━━━━━━━━━━━━━━━━━━━━━━ 100,000/100,000  [ 0:00:33 < 0:00:00 , 2,963 it/s ]
 100% ━━━━━━━━━━━━━━━━━━━━━━ 400,000/400,000  [ 0:02:18 < 0:00:00 , 2,826 it/s ]
 100% ━━━━━━━━━━━━━━━━━━━━━━ 500,000/500,000  [ 0:02:56 < 0:00:00 , 2,892 it/s ]
 100% ━━━━━━━━━━━━━━━━━━━ 1,000,000/1,000,000 [ 0:05:57 < 0:00:00 , 2,450 it/s ]
Training TRPO (seed 1/15)
 100% ━━━━━━━━━━━━━━━━━━━━━━ 106,496/100,000  [ 0:00:48 < 0:00:00 , 2,054 it/s ]
 100% ━━━━━━━━━━━━━━━━━━━━━━ 401,408/400,000  [ 0:03:19 < 0:00:00 , 1,941 it/s ]
 100% ━━━━━━━━━━━━━━━━━━━━━━ 507,904/500,000  [ 0:04:19 < 0:00:00 , 1,932 it/s ]
 100% ━━━━━━━━━━━━━━━━━━━ 1,007,616/1,000,000 [ 0:08:15 < 0:00:00 , 2,134 it/s ]
Training PPO (seed 1/15)
 100% ━━━━━━━━━━━━━━━━━━━━━━ 106,496/100,000  [ 0:00:59 < 0:00:00 , 1,649 it/s ]
 100% ━━━━━━━━━━━━━━━━━━━━━━ 401,408/400,000  [ 0:04:02 < 0:00:00 , 1,530 it/s ]
 100% ━━━━━━━━━━━━━━━━━━━━━━ 507,904/500,000  [ 0:05:14 < 0:00:00 , 1,640 it/s ]
 100% ━━━━━━━━━━━━━━━━━━━ 1,007,616/1,000,000 [ 0:10:05 < 0:00:00 , 1,656 it/s ]
Training A2C (seed 2/15)
 100% ━━━━━━━━━━━━━━━━━━━━━━ 100,000/100,000  [ 0:00:33 < 0:00:00 , 2,991 it/s ]
 100% ━━━━━━━━━━━━━━━━━━━━━━ 400,000/400,000  [ 0:02:17 < 0:00:00 , 2,834 it/s ]
 100% ━━━━━━━━━━━━━━━━━━━━━━ 500,000/500,000  [ 0:03:04 < 0:00:00 , 2,660 it/s ]
 100% ━━━━━━━━━━━━━━━━━━━ 1,000,000/1,000,000 [ 0:06:43 < 0:00:00 , 2,425 it/s ]
Training TRPO (seed 2/15)
 100% ━━━━━━━━━━━━━━━━━━━━━━ 106,496/100,000  [ 0:00:49 < 0:00:00 , 1,987 it/s ]
 100% ━━━━━━━━━━━━━━━━━━━━━━ 401,408/400,000  [ 0:03:18 < 0:00:00 , 1,958 it/s ]
 100% ━━━━━━━━━━━━━━━━━━━━━━ 507,904/500,000  [ 0:04:17 < 0:00:00 , 1,967 it/s ]
 100% ━━━━━━━━━━━━━━━━━━━ 1,007,616/1,000,000 [ 0:07:55 < 0:00:00 , 2,184 it/s ]
Training PPO (seed 2/15)
 100% ━━━━━━━━━━━━━━━━━━━━━━ 106,496/100,000  [ 0:01:00 < 0:00:00 , 1,643 it/s ]
 100% ━━━━━━━━━━━━━━━━━━━━━━ 401,408/400,000  [ 0:04:02 < 0:00:00 , 1,535 it/s ]
 100% ━━━━━━━━━━━━━━━━━━━━━━ 507,904/500,000  [ 0:05:15 < 0:00:00 , 1,646 it/s ]
 100% ━━━━━━━━━━━━━━━━━━━ 1,007,616/1,000,000 [ 0:10:08 < 0:00:00 , 1,489 it/s ]
Training A2C (seed 3/15)
 100% ━━━━━━━━━━━━━━━━━━━━━━ 100,000/100,000  [ 0:00:35 < 0:00:00 , 2,846 it/s ]
 100% ━━━━━━━━━━━━━━━━━━━━━━ 400,000/400,000  [ 0:02:24 < 0:00:00 , 2,680 it/s ]
 100% ━━━━━━━━━━━━━━━━━━━━━━ 500,000/500,000  [ 0:03:14 < 0:00:00 , 2,504 it/s ]
 100% ━━━━━━━━━━━━━━━━━━━ 1,000,000/1,000,000 [ 0:07:08 < 0:00:00 , 2,531 it/s ]
Training TRPO (seed 3/15)
 100% ━━━━━━━━━━━━━━━━━━━━━━ 106,496/100,000  [ 0:00:45 < 0:00:00 , 2,021 it/s ]
 100% ━━━━━━━━━━━━━━━━━━━━━━ 401,408/400,000  [ 0:03:11 < 0:00:00 , 2,017 it/s ]
 100% ━━━━━━━━━━━━━━━━━━━━━━ 507,904/500,000  [ 0:04:04 < 0:00:00 , 2,047 it/s ]
 100% ━━━━━━━━━━━━━━━━━━━ 1,007,616/1,000,000 [ 0:07:51 < 0:00:00 , 2,065 it/s ]
Training PPO (seed 3/15)
 100% ━━━━━━━━━━━━━━━━━━━━━━ 106,496/100,000  [ 0:01:00 < 0:00:00 , 1,634 it/s ]
 100% ━━━━━━━━━━━━━━━━━━━━━━ 401,408/400,000  [ 0:04:04 < 0:00:00 , 1,520 it/s ]
 100% ━━━━━━━━━━━━━━━━━━━━━━ 507,904/500,000  [ 0:05:18 < 0:00:00 , 1,638 it/s ]
 100% ━━━━━━━━━━━━━━━━━━━ 1,007,616/1,000,000 [ 0:10:27 < 0:00:00 , 1,399 it/s ]
Training A2C (seed 4/15)
 100% ━━━━━━━━━━━━━━━━━━━━━━ 100,000/100,000  [ 0:00:35 < 0:00:00 , 2,833 it/s ]
 100% ━━━━━━━━━━━━━━━━━━━━━━ 400,000/400,000  [ 0:02:31 < 0:00:00 , 2,522 it/s ]
 100% ━━━━━━━━━━━━━━━━━━━━━━ 500,000/500,000  [ 0:03:26 < 0:00:00 , 2,541 it/s ]
 100% ━━━━━━━━━━━━━━━━━━━ 1,000,000/1,000,000 [ 0:06:23 < 0:00:00 , 2,613 it/s ]
Training TRPO (seed 4/15)
 100% ━━━━━━━━━━━━━━━━━━━━━━ 106,496/100,000  [ 0:00:47 < 0:00:00 , 1,953 it/s ]
 100% ━━━━━━━━━━━━━━━━━━━━━━ 401,408/400,000  [ 0:03:09 < 0:00:00 , 2,201 it/s ]
 100% ━━━━━━━━━━━━━━━━━━━━━━ 507,904/500,000  [ 0:03:51 < 0:00:00 , 2,164 it/s ]
 100% ━━━━━━━━━━━━━━━━━━━ 1,007,616/1,000,000 [ 0:07:41 < 0:00:00 , 2,175 it/s ]
Training PPO (seed 4/15)
 100% ━━━━━━━━━━━━━━━━━━━━━━ 106,496/100,000  [ 0:01:00 < 0:00:00 , 1,645 it/s ]
 100% ━━━━━━━━━━━━━━━━━━━━━━ 401,408/400,000  [ 0:04:02 < 0:00:00 , 1,524 it/s ]
 100% ━━━━━━━━━━━━━━━━━━━━━━ 507,904/500,000  [ 0:05:22 < 0:00:00 , 1,415 it/s ]
 100% ━━━━━━━━━━━━━━━━━━━ 1,007,616/1,000,000 [ 0:10:42 < 0:00:00 , 1,479 it/s ]
Training A2C (seed 5/15)
 100% ━━━━━━━━━━━━━━━━━━━━━━ 100,000/100,000  [ 0:00:35 < 0:00:00 , 2,830 it/s ]
 100% ━━━━━━━━━━━━━━━━━━━━━━ 400,000/400,000  [ 0:02:29 < 0:00:00 , 2,556 it/s ]
 100% ━━━━━━━━━━━━━━━━━━━━━━ 500,000/500,000  [ 0:03:19 < 0:00:00 , 2,535 it/s ]
 100% ━━━━━━━━━━━━━━━━━━━ 1,000,000/1,000,000 [ 0:06:20 < 0:00:00 , 2,589 it/s ]
Training TRPO (seed 5/15)
 100% ━━━━━━━━━━━━━━━━━━━━━━ 106,496/100,000  [ 0:00:42 < 0:00:00 , 2,197 it/s ]
 100% ━━━━━━━━━━━━━━━━━━━━━━ 401,408/400,000  [ 0:02:59 < 0:00:00 , 2,241 it/s ]
 100% ━━━━━━━━━━━━━━━━━━━━━━ 507,904/500,000  [ 0:03:44 < 0:00:00 , 2,183 it/s ]
 100% ━━━━━━━━━━━━━━━━━━━ 1,007,616/1,000,000 [ 0:07:41 < 0:00:00 , 2,134 it/s ]
Training PPO (seed 5/15)
 100% ━━━━━━━━━━━━━━━━━━━━━━ 106,496/100,000  [ 0:01:00 < 0:00:00 , 1,640 it/s ]
 100% ━━━━━━━━━━━━━━━━━━━━━━ 401,408/400,000  [ 0:04:13 < 0:00:00 , 1,451 it/s ]
 100% ━━━━━━━━━━━━━━━━━━━━━━ 507,904/500,000  [ 0:05:34 < 0:00:00 , 1,545 it/s ]
 100% ━━━━━━━━━━━━━━━━━━━ 1,007,616/1,000,000 [ 0:10:35 < 0:00:00 , 1,503 it/s ]
Training A2C (seed 6/15)
 100% ━━━━━━━━━━━━━━━━━━━━━━ 100,000/100,000  [ 0:00:36 < 0:00:00 , 2,715 it/s ]
 100% ━━━━━━━━━━━━━━━━━━━━━━ 400,000/400,000  [ 0:02:31 < 0:00:00 , 2,584 it/s ]
 100% ━━━━━━━━━━━━━━━━━━━━━━ 500,000/500,000  [ 0:03:19 < 0:00:00 , 2,489 it/s ]
 100% ━━━━━━━━━━━━━━━━━━━ 1,000,000/1,000,000 [ 0:06:24 < 0:00:00 , 2,732 it/s ]
Training TRPO (seed 6/15)
 100% ━━━━━━━━━━━━━━━━━━━━━━ 106,496/100,000  [ 0:00:41 < 0:00:00 , 2,448 it/s ]
 100% ━━━━━━━━━━━━━━━━━━━━━━ 401,408/400,000  [ 0:02:45 < 0:00:00 , 2,368 it/s ]
 100% ━━━━━━━━━━━━━━━━━━━━━━ 507,904/500,000  [ 0:03:39 < 0:00:00 , 2,261 it/s ]
 100% ━━━━━━━━━━━━━━━━━━━ 1,007,616/1,000,000 [ 0:07:45 < 0:00:00 , 1,965 it/s ]
Training PPO (seed 6/15)
 100% ━━━━━━━━━━━━━━━━━━━━━━ 106,496/100,000  [ 0:01:02 < 0:00:00 , 1,486 it/s ]
 100% ━━━━━━━━━━━━━━━━━━━━━━ 401,408/400,000  [ 0:04:11 < 0:00:00 , 1,482 it/s ]
 100% ━━━━━━━━━━━━━━━━━━━━━━ 507,904/500,000  [ 0:05:17 < 0:00:00 , 1,667 it/s ]
 100% ━━━━━━━━━━━━━━━━━━━ 1,007,616/1,000,000 [ 0:10:29 < 0:00:00 , 1,507 it/s ]
Training A2C (seed 7/15)
 100% ━━━━━━━━━━━━━━━━━━━━━━ 100,000/100,000  [ 0:00:36 < 0:00:00 , 2,740 it/s ]
 100% ━━━━━━━━━━━━━━━━━━━━━━ 400,000/400,000  [ 0:02:32 < 0:00:00 , 2,558 it/s ]
 100% ━━━━━━━━━━━━━━━━━━━━━━ 500,000/500,000  [ 0:03:14 < 0:00:00 , 2,659 it/s ]
 100% ━━━━━━━━━━━━━━━━━━━ 1,000,000/1,000,000 [ 0:06:02 < 0:00:00 , 2,984 it/s ]
Training TRPO (seed 7/15)
 100% ━━━━━━━━━━━━━━━━━━━━━━ 106,496/100,000  [ 0:00:39 < 0:00:00 , 2,477 it/s ]
 100% ━━━━━━━━━━━━━━━━━━━━━━ 401,408/400,000  [ 0:02:44 < 0:00:00 , 2,277 it/s ]
 100% ━━━━━━━━━━━━━━━━━━━━━━ 507,904/500,000  [ 0:03:43 < 0:00:00 , 2,199 it/s ]
 100% ━━━━━━━━━━━━━━━━━━━ 1,007,616/1,000,000 [ 0:07:51 < 0:00:00 , 1,975 it/s ]
Training PPO (seed 7/15)
 100% ━━━━━━━━━━━━━━━━━━━━━━ 106,496/100,000  [ 0:01:02 < 0:00:00 , 1,474 it/s ]
 100% ━━━━━━━━━━━━━━━━━━━━━━ 401,408/400,000  [ 0:04:02 < 0:00:00 , 1,426 it/s ]
 100% ━━━━━━━━━━━━━━━━━━━━━━ 507,904/500,000  [ 0:05:09 < 0:00:00 , 1,558 it/s ]
 100% ━━━━━━━━━━━━━━━━━━━ 1,007,616/1,000,000 [ 0:10:43 < 0:00:00 , 1,486 it/s ]
Training A2C (seed 8/15)
 100% ━━━━━━━━━━━━━━━━━━━━━━ 100,000/100,000  [ 0:00:37 < 0:00:00 , 2,674 it/s ]
 100% ━━━━━━━━━━━━━━━━━━━━━━ 400,000/400,000  [ 0:02:29 < 0:00:00 , 2,721 it/s ]
 100% ━━━━━━━━━━━━━━━━━━━━━━ 500,000/500,000  [ 0:03:06 < 0:00:00 , 2,669 it/s ]
 100% ━━━━━━━━━━━━━━━━━━━ 1,000,000/1,000,000 [ 0:06:03 < 0:00:00 , 2,719 it/s ]
Training TRPO (seed 8/15)
 100% ━━━━━━━━━━━━━━━━━━━━━━ 106,496/100,000  [ 0:00:41 < 0:00:00 , 2,475 it/s ]
 100% ━━━━━━━━━━━━━━━━━━━━━━ 401,408/400,000  [ 0:02:50 < 0:00:00 , 2,285 it/s ]
 100% ━━━━━━━━━━━━━━━━━━━━━━ 507,904/500,000  [ 0:03:45 < 0:00:00 , 2,147 it/s ]
 100% ━━━━━━━━━━━━━━━━━━━ 1,007,616/1,000,000 [ 0:07:46 < 0:00:00 , 2,176 it/s ]
Training PPO (seed 8/15)
 100% ━━━━━━━━━━━━━━━━━━━━━━ 106,496/100,000  [ 0:00:59 < 0:00:00 , 1,657 it/s ]
 100% ━━━━━━━━━━━━━━━━━━━━━━ 401,408/400,000  [ 0:04:00 < 0:00:00 , 1,399 it/s ]
 100% ━━━━━━━━━━━━━━━━━━━━━━ 507,904/500,000  [ 0:05:20 < 0:00:00 , 1,511 it/s ]
 100% ━━━━━━━━━━━━━━━━━━━ 1,007,616/1,000,000 [ 0:10:52 < 0:00:00 , 1,488 it/s ]
Training A2C (seed 9/15)
 100% ━━━━━━━━━━━━━━━━━━━━━━ 100,000/100,000  [ 0:00:34 < 0:00:00 , 2,862 it/s ]
 100% ━━━━━━━━━━━━━━━━━━━━━━ 400,000/400,000  [ 0:02:24 < 0:00:00 , 2,709 it/s ]
 100% ━━━━━━━━━━━━━━━━━━━━━━ 500,000/500,000  [ 0:03:07 < 0:00:00 , 2,689 it/s ]
 100% ━━━━━━━━━━━━━━━━━━━ 1,000,000/1,000,000 [ 0:06:11 < 0:00:00 , 2,760 it/s ]
Training TRPO (seed 9/15)
 100% ━━━━━━━━━━━━━━━━━━━━━━ 106,496/100,000  [ 0:00:40 < 0:00:00 , 2,422 it/s ]
 100% ━━━━━━━━━━━━━━━━━━━━━━ 401,408/400,000  [ 0:02:53 < 0:00:00 , 2,233 it/s ]
 100% ━━━━━━━━━━━━━━━━━━━━━━ 507,904/500,000  [ 0:03:45 < 0:00:00 , 2,249 it/s ]
 100% ━━━━━━━━━━━━━━━━━━━ 1,007,616/1,000,000 [ 0:07:33 < 0:00:00 , 2,198 it/s ]
Training PPO (seed 9/15)
 100% ━━━━━━━━━━━━━━━━━━━━━━ 106,496/100,000  [ 0:00:59 < 0:00:00 , 1,670 it/s ]
 100% ━━━━━━━━━━━━━━━━━━━━━━ 401,408/400,000  [ 0:04:03 < 0:00:00 , 1,493 it/s ]
 100% ━━━━━━━━━━━━━━━━━━━━━━ 507,904/500,000  [ 0:05:26 < 0:00:00 , 1,518 it/s ]
 100% ━━━━━━━━━━━━━━━━━━━ 1,007,616/1,000,000 [ 0:10:48 < 0:00:00 , 1,516 it/s ]
Training A2C (seed 10/15)
 100% ━━━━━━━━━━━━━━━━━━━━━━ 100,000/100,000  [ 0:00:36 < 0:00:00 , 2,720 it/s ]
 100% ━━━━━━━━━━━━━━━━━━━━━━ 400,000/400,000  [ 0:02:32 < 0:00:00 , 2,603 it/s ]
 100% ━━━━━━━━━━━━━━━━━━━━━━ 500,000/500,000  [ 0:02:59 < 0:00:00 , 2,857 it/s ]
 100% ━━━━━━━━━━━━━━━━━━━ 1,000,000/1,000,000 [ 0:05:53 < 0:00:00 , 2,817 it/s ]
Training TRPO (seed 10/15)
 100% ━━━━━━━━━━━━━━━━━━━━━━ 106,496/100,000  [ 0:00:41 < 0:00:00 , 2,365 it/s ]
 100% ━━━━━━━━━━━━━━━━━━━━━━ 401,408/400,000  [ 0:02:45 < 0:00:00 , 2,271 it/s ]
 100% ━━━━━━━━━━━━━━━━━━━━━━ 507,904/500,000  [ 0:03:35 < 0:00:00 , 2,272 it/s ]
 100% ━━━━━━━━━━━━━━━━━━━ 1,007,616/1,000,000 [ 0:07:29 < 0:00:00 , 2,206 it/s ]
Training PPO (seed 10/15)
 100% ━━━━━━━━━━━━━━━━━━━━━━ 106,496/100,000  [ 0:00:59 < 0:00:00 , 1,638 it/s ]
 100% ━━━━━━━━━━━━━━━━━━━━━━ 401,408/400,000  [ 0:04:09 < 0:00:00 , 1,481 it/s ]
 100% ━━━━━━━━━━━━━━━━━━━━━━ 507,904/500,000  [ 0:05:29 < 0:00:00 , 1,526 it/s ]
 100% ━━━━━━━━━━━━━━━━━━━ 1,007,616/1,000,000 [ 0:10:59 < 0:00:00 , 1,492 it/s ]
Training A2C (seed 11/15)
 100% ━━━━━━━━━━━━━━━━━━━━━━ 100,000/100,000  [ 0:00:37 < 0:00:00 , 2,674 it/s ]
 100% ━━━━━━━━━━━━━━━━━━━━━━ 400,000/400,000  [ 0:02:25 < 0:00:00 , 2,687 it/s ]
 100% ━━━━━━━━━━━━━━━━━━━━━━ 500,000/500,000  [ 0:03:05 < 0:00:00 , 2,769 it/s ]
 100% ━━━━━━━━━━━━━━━━━━━ 1,000,000/1,000,000 [ 0:05:36 < 0:00:00 , 2,993 it/s ]
Training TRPO (seed 11/15)
 100% ━━━━━━━━━━━━━━━━━━━━━━ 106,496/100,000  [ 0:00:40 < 0:00:00 , 2,469 it/s ]
 100% ━━━━━━━━━━━━━━━━━━━━━━ 401,408/400,000  [ 0:02:45 < 0:00:00 , 2,269 it/s ]
 100% ━━━━━━━━━━━━━━━━━━━━━━ 507,904/500,000  [ 0:03:37 < 0:00:00 , 2,264 it/s ]
 100% ━━━━━━━━━━━━━━━━━━━ 1,007,616/1,000,000 [ 0:07:36 < 0:00:00 , 2,052 it/s ]
Training PPO (seed 11/15)
 100% ━━━━━━━━━━━━━━━━━━━━━━ 106,496/100,000  [ 0:01:01 < 0:00:00 , 1,562 it/s ]
 100% ━━━━━━━━━━━━━━━━━━━━━━ 401,408/400,000  [ 0:04:09 < 0:00:00 , 1,474 it/s ]
 100% ━━━━━━━━━━━━━━━━━━━━━━ 507,904/500,000  [ 0:05:44 < 0:00:00 , 1,431 it/s ]
 100% ━━━━━━━━━━━━━━━━━━━ 1,007,616/1,000,000 [ 0:11:06 < 0:00:00 , 1,449 it/s ]
Training A2C (seed 12/15)
 100% ━━━━━━━━━━━━━━━━━━━━━━ 100,000/100,000  [ 0:00:35 < 0:00:00 , 2,841 it/s ]
 100% ━━━━━━━━━━━━━━━━━━━━━━ 400,000/400,000  [ 0:02:18 < 0:00:00 , 2,842 it/s ]
 100% ━━━━━━━━━━━━━━━━━━━━━━ 500,000/500,000  [ 0:02:59 < 0:00:00 , 2,773 it/s ]
 100% ━━━━━━━━━━━━━━━━━━━ 1,000,000/1,000,000 [ 0:05:57 < 0:00:00 , 2,877 it/s ]
Training TRPO (seed 12/15)
 100% ━━━━━━━━━━━━━━━━━━━━━━ 106,496/100,000  [ 0:00:40 < 0:00:00 , 2,442 it/s ]
 100% ━━━━━━━━━━━━━━━━━━━━━━ 401,408/400,000  [ 0:02:46 < 0:00:00 , 2,232 it/s ]
 100% ━━━━━━━━━━━━━━━━━━━━━━ 507,904/500,000  [ 0:03:40 < 0:00:00 , 2,176 it/s ]
 100% ━━━━━━━━━━━━━━━━━━━ 1,007,616/1,000,000 [ 0:07:44 < 0:00:00 , 2,122 it/s ]
Training PPO (seed 12/15)
 100% ━━━━━━━━━━━━━━━━━━━━━━ 106,496/100,000  [ 0:01:01 < 0:00:00 , 1,526 it/s ]
 100% ━━━━━━━━━━━━━━━━━━━━━━ 401,408/400,000  [ 0:04:21 < 0:00:00 , 1,310 it/s ]
 100% ━━━━━━━━━━━━━━━━━━━━━━ 507,904/500,000  [ 0:05:57 < 0:00:00 , 1,472 it/s ]
 100% ━━━━━━━━━━━━━━━━━━━ 1,007,616/1,000,000 [ 0:10:41 < 0:00:00 , 1,655 it/s ]
Training A2C (seed 13/15)
 100% ━━━━━━━━━━━━━━━━━━━━━━ 100,000/100,000  [ 0:00:33 < 0:00:00 , 3,009 it/s ]
 100% ━━━━━━━━━━━━━━━━━━━━━━ 400,000/400,000  [ 0:02:17 < 0:00:00 , 2,836 it/s ]
 100% ━━━━━━━━━━━━━━━━━━━━━━ 500,000/500,000  [ 0:02:58 < 0:00:00 , 2,784 it/s ]
 100% ━━━━━━━━━━━━━━━━━━━ 1,000,000/1,000,000 [ 0:05:43 < 0:00:00 , 3,004 it/s ]
Training TRPO (seed 13/15)
 100% ━━━━━━━━━━━━━━━━━━━━━━ 106,496/100,000  [ 0:00:40 < 0:00:00 , 2,482 it/s ]
 100% ━━━━━━━━━━━━━━━━━━━━━━ 401,408/400,000  [ 0:02:43 < 0:00:00 , 2,315 it/s ]
 100% ━━━━━━━━━━━━━━━━━━━━━━ 507,904/500,000  [ 0:03:37 < 0:00:00 , 2,212 it/s ]
 100% ━━━━━━━━━━━━━━━━━━━ 1,007,616/1,000,000 [ 0:07:51 < 0:00:00 , 2,051 it/s ]
Training PPO (seed 13/15)
 100% ━━━━━━━━━━━━━━━━━━━━━━ 106,496/100,000  [ 0:01:05 < 0:00:00 , 1,507 it/s ]
 100% ━━━━━━━━━━━━━━━━━━━━━━ 401,408/400,000  [ 0:04:39 < 0:00:00 , 1,259 it/s ]
 100% ━━━━━━━━━━━━━━━━━━━━━━ 507,904/500,000  [ 0:05:47 < 0:00:00 , 1,459 it/s ]
 100% ━━━━━━━━━━━━━━━━━━━ 1,007,616/1,000,000 [ 0:10:13 < 0:00:00 , 1,664 it/s ]
Training A2C (seed 14/15)
 100% ━━━━━━━━━━━━━━━━━━━━━━ 100,000/100,000  [ 0:00:33 < 0:00:00 , 2,992 it/s ]
 100% ━━━━━━━━━━━━━━━━━━━━━━ 400,000/400,000  [ 0:02:17 < 0:00:00 , 2,828 it/s ]
 100% ━━━━━━━━━━━━━━━━━━━━━━ 500,000/500,000  [ 0:02:58 < 0:00:00 , 2,800 it/s ]
 100% ━━━━━━━━━━━━━━━━━━━ 1,000,000/1,000,000 [ 0:05:39 < 0:00:00 , 3,044 it/s ]
Training TRPO (seed 14/15)
 100% ━━━━━━━━━━━━━━━━━━━━━━ 106,496/100,000  [ 0:00:39 < 0:00:00 , 2,484 it/s ]
 100% ━━━━━━━━━━━━━━━━━━━━━━ 401,408/400,000  [ 0:02:44 < 0:00:00 , 2,471 it/s ]
 100% ━━━━━━━━━━━━━━━━━━━━━━ 507,904/500,000  [ 0:03:39 < 0:00:00 , 2,211 it/s ]
 100% ━━━━━━━━━━━━━━━━━━━ 1,007,616/1,000,000 [ 0:07:44 < 0:00:00 , 2,046 it/s ]
Training PPO (seed 14/15)
 100% ━━━━━━━━━━━━━━━━━━━━━━ 106,496/100,000  [ 0:01:03 < 0:00:00 , 1,539 it/s ]
 100% ━━━━━━━━━━━━━━━━━━━━━━ 401,408/400,000  [ 0:04:13 < 0:00:00 , 1,510 it/s ]
 100% ━━━━━━━━━━━━━━━━━━━━━━ 507,904/500,000  [ 0:05:23 < 0:00:00 , 1,564 it/s ]
 100% ━━━━━━━━━━━━━━━━━━━ 1,007,616/1,000,000 [ 0:10:00 < 0:00:00 , 1,683 it/s ]
Training A2C (seed 15/15)
 100% ━━━━━━━━━━━━━━━━━━━━━━ 100,000/100,000  [ 0:00:33 < 0:00:00 , 3,029 it/s ]
 100% ━━━━━━━━━━━━━━━━━━━━━━ 400,000/400,000  [ 0:02:15 < 0:00:00 , 2,895 it/s ]
 100% ━━━━━━━━━━━━━━━━━━━━━━ 500,000/500,000  [ 0:02:49 < 0:00:00 , 2,997 it/s ]
 100% ━━━━━━━━━━━━━━━━━━━ 1,000,000/1,000,000 [ 0:05:24 < 0:00:00 , 3,085 it/s ]
Training TRPO (seed 15/15)
 100% ━━━━━━━━━━━━━━━━━━━━━━ 106,496/100,000  [ 0:00:39 < 0:00:00 , 2,529 it/s ]
 100% ━━━━━━━━━━━━━━━━━━━━━━ 401,408/400,000  [ 0:02:38 < 0:00:00 , 2,461 it/s ]
 100% ━━━━━━━━━━━━━━━━━━━━━━ 507,904/500,000  [ 0:03:27 < 0:00:00 , 2,272 it/s ]
 100% ━━━━━━━━━━━━━━━━━━━ 1,007,616/1,000,000 [ 0:07:11 < 0:00:00 , 2,289 it/s ]
Training PPO (seed 15/15)
 100% ━━━━━━━━━━━━━━━━━━━━━━ 106,496/100,000  [ 0:00:57 < 0:00:00 , 1,722 it/s ]
 100% ━━━━━━━━━━━━━━━━━━━━━━ 401,408/400,000  [ 0:03:51 < 0:00:00 , 1,573 it/s ]
 100% ━━━━━━━━━━━━━━━━━━━━━━ 507,904/500,000  [ 0:04:59 < 0:00:00 , 1,727 it/s ]
 100% ━━━━━━━━━━━━━━━━━━━ 1,007,616/1,000,000 [ 0:09:37 < 0:00:00 , 1,727 it/s ]
