Using Gurobi license file: /scratch/slurm_tmpdir/job_4785289/gurobi_4785289_49/gurobi.lic (license index=1, LICENSEID=2826830)
Gurobi preflight: GRB_LICENSE_FILE=/scratch/slurm_tmpdir/job_4785289/gurobi_4785289_49/gurobi.lic, exists=True, WLSACCESSID=eb01...91da, LICENSEID=2826830
Running task_id=49 with HIGH_SENSITIVITY=True, GT_MODEL=MNLrefPrice, TRAIN_ON_ALL_SETS=False, LARGE_PRODUCT_SET=True
[efficient_sets] Registered pending marker: /pfs/data6/home/ma/ma_ma/ma_fablange/RL_Dynamic_Choice_RM/src/slurm/.gurobi_slots_license_2826830/effsets_pending/task_49
scipy estimation data: obs=9982, alts=101, memory=7.70 MiB
[efficient_sets] Waiting for Gurobi slot (max concurrent: 2)
[efficient_sets] Acquired Gurobi slot 1
Set parameter WLSAccessID
Set parameter WLSSecret
Set parameter LicenseID to value 2826830
Academic license 2826830 - for non-commercial use only - registered to fa___@student.hpi.de
[efficient_sets] Disposed Gurobi default environment
[efficient_sets] Released Gurobi slot 1
[efficient_sets] Removed pending marker: /pfs/data6/home/ma/ma_ma/ma_fablange/RL_Dynamic_Choice_RM/src/slurm/.gurobi_slots_license_2826830/effsets_pending/task_49
Training DQN (seed 1/15)
 100% ━━━━━━━━━━━━━━━━━━━━━━━━ 20,000/20,000  [ 0:00:03 < 0:00:00 , 5,925 it/s ]
 100% ━━━━━━━━━━━━━━━━━━━━━━━━ 80,000/80,000  [ 0:00:13 < 0:00:00 , 5,918 it/s ]
 100% ━━━━━━━━━━━━━━━━━━━━━━ 400,000/400,000  [ 0:01:07 < 0:00:00 , 5,886 it/s ]
Training QRDQN (seed 1/15)
 100% ━━━━━━━━━━━━━━━━━━━━━━━━━━ 20,000/20,000  [ 0:00:31 < 0:00:00 , 630 it/s ]
 100% ━━━━━━━━━━━━━━━━━━━━━━━━━━ 80,000/80,000  [ 0:02:04 < 0:00:00 , 640 it/s ]
