Using Gurobi license file: /scratch/slurm_tmpdir/job_4787758/gurobi_4787758_21/gurobi.lic (license index=1, LICENSEID=2826830)
Gurobi preflight: GRB_LICENSE_FILE=/scratch/slurm_tmpdir/job_4787758/gurobi_4787758_21/gurobi.lic, exists=True, WLSACCESSID=eb01...91da, LICENSEID=2826830
Running task_id=21 with HIGH_SENSITIVITY=False, GT_MODEL=MNLConsidSet, TRAIN_ON_ALL_SETS=False, LARGE_PRODUCT_SET=True
[efficient_sets] Registered pending marker: /pfs/data6/home/ma/ma_ma/ma_fablange/RL_Dynamic_Choice_RM/src/slurm/.gurobi_slots_license_2826830/effsets_pending/task_21
scipy estimation data: obs=9571, alts=101, memory=7.39 MiB
scipy estimation mode: raw prices, beta_bounds=(-0.05, -1e-07), purchase_rate|arrival=0.9645
[efficient_sets] Waiting for Gurobi slot (max concurrent: 2)
[efficient_sets] Acquired Gurobi slot 1
Set parameter WLSAccessID
Set parameter WLSSecret
Set parameter LicenseID to value 2826830
Academic license 2826830 - for non-commercial use only - registered to fa___@student.hpi.de
[efficient_sets] Disposed Gurobi default environment
[efficient_sets] Released Gurobi slot 1
[efficient_sets] Removed pending marker: /pfs/data6/home/ma/ma_ma/ma_fablange/RL_Dynamic_Choice_RM/src/slurm/.gurobi_slots_license_2826830/effsets_pending/task_21

============================= JOB FEEDBACK =============================

NodeName=uc3n097
Job ID: 4787758
Array Job ID: 4786824_21
Cluster: uc3
User/Group: ma_fablange/ma_ma
State: CANCELLED (exit code 0)
Nodes: 1
Cores per node: 2
CPU Utilized: 00:00:00
CPU Efficiency: 0.00% of 17:54:02 core-walltime
Job Wall-clock time: 08:57:01
Memory Utilized: 1.27 GB
Memory Efficiency: 12.69% of 10.00 GB (10.00 GB/node)
