Gurobi preflight: GRB_LICENSE_FILE=/scratch/slurm_tmpdir/job_4914860/gurobi_4914860_63/gurobi.lic, exists=True, WLSACCESSID=5829...03ea, LICENSEID=2831088
Running task_id=63 with HIGH_SENSITIVITY=True, GT_MODEL=MNLConsidSet, TRAIN_ON_ALL_SETS=True, LARGE_PRODUCT_SET=True
[dp] Yielding to 2 active efficient-set task(s); waiting 60s
[dp] Yielding to 2 active efficient-set task(s); waiting 60s
[dp] Yielding to 2 active efficient-set task(s); waiting 60s
[dp] Yielding to 2 active efficient-set task(s); waiting 60s
[dp] Yielding to 2 active efficient-set task(s); waiting 60s
[dp] Yielding to 2 active efficient-set task(s); waiting 60s
[dp] Yielding to 2 active efficient-set task(s); waiting 60s
[dp] Yielding to 2 active efficient-set task(s); waiting 60s
[dp] Yielding to 2 active efficient-set task(s); waiting 60s
[dp] Yielding to 2 active efficient-set task(s); waiting 60s
[dp] Yielding to 2 active efficient-set task(s); waiting 60s
[dp] Yielding to 2 active efficient-set task(s); waiting 60s
[dp] Yielding to 2 active efficient-set task(s); waiting 60s
[dp] Yielding to 1 active efficient-set task(s); waiting 60s
[dp] Yielding to 1 active efficient-set task(s); waiting 60s
[dp] Yielding to 1 active efficient-set task(s); waiting 60s
[dp] Yielding to 1 active efficient-set task(s); waiting 60s
[dp] Yielding to 1 active efficient-set task(s); waiting 60s
[dp] Waiting for Gurobi slot (max concurrent: 2)
[dp] Acquired Gurobi slot 1
Set parameter WLSAccessID
Set parameter WLSSecret
Set parameter LicenseID to value 2831088
Academic license 2831088 - for non-commercial use only - registered to qg___@laoia.com
[dp] Disposed Gurobi default environment
[dp] Released Gurobi slot 1

============================= JOB FEEDBACK =============================

NodeName=uc3n039
Job ID: 4914860
Array Job ID: 4914766_63
Cluster: uc3
User/Group: ma_fablange/ma_ma
State: COMPLETED (exit code 0)
Nodes: 1
Cores per node: 2
CPU Utilized: 23:38:39
CPU Efficiency: 95.93% of 1-00:38:50 core-walltime
Job Wall-clock time: 12:19:25
Memory Utilized: 466.96 MB
Memory Efficiency: 4.56% of 10.00 GB (10.00 GB/node)
