Gurobi preflight: GRB_LICENSE_FILE=<unset>, exists=False, WLSACCESSID=<unset>, LICENSEID=<unset>
Running task_id=35 with HIGH_SENSITIVITY=False, GT_MODEL=NLogit, TRAIN_ON_ALL_SETS=True, LARGE_PRODUCT_SET=True
Training A2C (seed 1/15)
 100% ━━━━━━━━━━━━━━━━━━━━━━ 100,000/100,000  [ 0:00:28 < 0:00:00 , 3,451 it/s ]
 100% ━━━━━━━━━━━━━━━━━━━━━━ 400,000/400,000  [ 0:02:01 < 0:00:00 , 3,204 it/s ]
 100% ━━━━━━━━━━━━━━━━━━━━━━ 500,000/500,000  [ 0:02:38 < 0:00:00 , 3,136 it/s ]
 100% ━━━━━━━━━━━━━━━━━━━ 1,000,000/1,000,000 [ 0:05:24 < 0:00:00 , 2,694 it/s ]
Training TRPO (seed 1/15)
 100% ━━━━━━━━━━━━━━━━━━━━━━ 106,496/100,000  [ 0:00:47 < 0:00:00 , 1,973 it/s ]
 100% ━━━━━━━━━━━━━━━━━━━━━━ 401,408/400,000  [ 0:03:45 < 0:00:00 , 1,419 it/s ]
 100% ━━━━━━━━━━━━━━━━━━━━━━ 507,904/500,000  [ 0:05:22 < 0:00:00 , 1,508 it/s ]
 100% ━━━━━━━━━━━━━━━━━━━ 1,007,616/1,000,000 [ 0:11:30 < 0:00:00 , 1,777 it/s ]
Training PPO (seed 1/15)
 100% ━━━━━━━━━━━━━━━━━━━━━━ 106,496/100,000  [ 0:01:03 < 0:00:00 , 1,567 it/s ]
 100% ━━━━━━━━━━━━━━━━━━━━━━ 401,408/400,000  [ 0:03:59 < 0:00:00 , 1,531 it/s ]
 100% ━━━━━━━━━━━━━━━━━━━━━━ 507,904/500,000  [ 0:05:06 < 0:00:00 , 1,666 it/s ]
 100% ━━━━━━━━━━━━━━━━━━━ 1,007,616/1,000,000 [ 0:09:39 < 0:00:00 , 1,740 it/s ]
Training A2C (seed 2/15)
 100% ━━━━━━━━━━━━━━━━━━━━━━ 100,000/100,000  [ 0:00:29 < 0:00:00 , 3,434 it/s ]
 100% ━━━━━━━━━━━━━━━━━━━━━━ 400,000/400,000  [ 0:02:00 < 0:00:00 , 3,225 it/s ]
 100% ━━━━━━━━━━━━━━━━━━━━━━ 500,000/500,000  [ 0:02:38 < 0:00:00 , 3,132 it/s ]
 100% ━━━━━━━━━━━━━━━━━━━ 1,000,000/1,000,000 [ 0:05:36 < 0:00:00 , 2,561 it/s ]
Training TRPO (seed 2/15)
 100% ━━━━━━━━━━━━━━━━━━━━━━ 106,496/100,000  [ 0:00:50 < 0:00:00 , 1,914 it/s ]
 100% ━━━━━━━━━━━━━━━━━━━━━━ 401,408/400,000  [ 0:03:45 < 0:00:00 , 1,702 it/s ]
 100% ━━━━━━━━━━━━━━━━━━━━━━ 507,904/500,000  [ 0:05:21 < 0:00:00 , 1,498 it/s ]
 100% ━━━━━━━━━━━━━━━━━━━ 1,007,616/1,000,000 [ 0:10:45 < 0:00:00 , 1,964 it/s ]
Training PPO (seed 2/15)
 100% ━━━━━━━━━━━━━━━━━━━━━━ 106,496/100,000  [ 0:01:05 < 0:00:00 , 1,514 it/s ]
 100% ━━━━━━━━━━━━━━━━━━━━━━ 401,408/400,000  [ 0:04:09 < 0:00:00 , 1,552 it/s ]
 100% ━━━━━━━━━━━━━━━━━━━━━━ 507,904/500,000  [ 0:04:54 < 0:00:00 , 1,733 it/s ]
 100% ━━━━━━━━━━━━━━━━━━━ 1,007,616/1,000,000 [ 0:09:36 < 0:00:00 , 1,745 it/s ]
Training A2C (seed 3/15)
 100% ━━━━━━━━━━━━━━━━━━━━━━ 100,000/100,000  [ 0:00:29 < 0:00:00 , 3,395 it/s ]
 100% ━━━━━━━━━━━━━━━━━━━━━━ 400,000/400,000  [ 0:02:01 < 0:00:00 , 3,190 it/s ]
 100% ━━━━━━━━━━━━━━━━━━━━━━ 500,000/500,000  [ 0:02:36 < 0:00:00 , 3,213 it/s ]
 100% ━━━━━━━━━━━━━━━━━━━ 1,000,000/1,000,000 [ 0:05:31 < 0:00:00 , 2,455 it/s ]
Training TRPO (seed 3/15)
 100% ━━━━━━━━━━━━━━━━━━━━━━ 106,496/100,000  [ 0:00:51 < 0:00:00 , 1,923 it/s ]
 100% ━━━━━━━━━━━━━━━━━━━━━━ 401,408/400,000  [ 0:03:34 < 0:00:00 , 1,759 it/s ]
 100% ━━━━━━━━━━━━━━━━━━━━━━ 507,904/500,000  [ 0:05:07 < 0:00:00 , 1,481 it/s ]
 100% ━━━━━━━━━━━━━━━━━━━ 1,007,616/1,000,000 [ 0:10:35 < 0:00:00 , 1,953 it/s ]
Training PPO (seed 3/15)
 100% ━━━━━━━━━━━━━━━━━━━━━━ 106,496/100,000  [ 0:01:05 < 0:00:00 , 1,515 it/s ]
 100% ━━━━━━━━━━━━━━━━━━━━━━ 401,408/400,000  [ 0:04:25 < 0:00:00 , 1,419 it/s ]
 100% ━━━━━━━━━━━━━━━━━━━━━━ 507,904/500,000  [ 0:05:06 < 0:00:00 , 1,712 it/s ]
 100% ━━━━━━━━━━━━━━━━━━━ 1,007,616/1,000,000 [ 0:09:38 < 0:00:00 , 1,744 it/s ]
Training A2C (seed 4/15)
 100% ━━━━━━━━━━━━━━━━━━━━━━ 100,000/100,000  [ 0:00:29 < 0:00:00 , 3,395 it/s ]
 100% ━━━━━━━━━━━━━━━━━━━━━━ 400,000/400,000  [ 0:02:00 < 0:00:00 , 3,227 it/s ]
 100% ━━━━━━━━━━━━━━━━━━━━━━ 500,000/500,000  [ 0:02:34 < 0:00:00 , 3,344 it/s ]
 100% ━━━━━━━━━━━━━━━━━━━ 1,000,000/1,000,000 [ 0:05:34 < 0:00:00 , 2,540 it/s ]
Training TRPO (seed 4/15)
 100% ━━━━━━━━━━━━━━━━━━━━━━ 106,496/100,000  [ 0:00:49 < 0:00:00 , 1,941 it/s ]
 100% ━━━━━━━━━━━━━━━━━━━━━━ 401,408/400,000  [ 0:03:37 < 0:00:00 , 1,787 it/s ]
 100% ━━━━━━━━━━━━━━━━━━━━━━ 507,904/500,000  [ 0:04:57 < 0:00:00 , 1,647 it/s ]
 100% ━━━━━━━━━━━━━━━━━━━ 1,007,616/1,000,000 [ 0:09:53 < 0:00:00 , 2,057 it/s ]
Training PPO (seed 4/15)
 100% ━━━━━━━━━━━━━━━━━━━━━━ 106,496/100,000  [ 0:01:03 < 0:00:00 , 1,541 it/s ]
 100% ━━━━━━━━━━━━━━━━━━━━━━ 401,408/400,000  [ 0:04:23 < 0:00:00 , 1,388 it/s ]
 100% ━━━━━━━━━━━━━━━━━━━━━━ 507,904/500,000  [ 0:05:28 < 0:00:00 , 1,676 it/s ]
 100% ━━━━━━━━━━━━━━━━━━━ 1,007,616/1,000,000 [ 0:09:38 < 0:00:00 , 1,735 it/s ]
Training A2C (seed 5/15)
 100% ━━━━━━━━━━━━━━━━━━━━━━ 100,000/100,000  [ 0:00:29 < 0:00:00 , 3,395 it/s ]
 100% ━━━━━━━━━━━━━━━━━━━━━━ 400,000/400,000  [ 0:02:02 < 0:00:00 , 3,186 it/s ]
 100% ━━━━━━━━━━━━━━━━━━━━━━ 500,000/500,000  [ 0:02:38 < 0:00:00 , 3,171 it/s ]
 100% ━━━━━━━━━━━━━━━━━━━ 1,000,000/1,000,000 [ 0:05:52 < 0:00:00 , 2,499 it/s ]
Training TRPO (seed 5/15)
 100% ━━━━━━━━━━━━━━━━━━━━━━ 106,496/100,000  [ 0:00:51 < 0:00:00 , 1,734 it/s ]
 100% ━━━━━━━━━━━━━━━━━━━━━━ 401,408/400,000  [ 0:03:34 < 0:00:00 , 1,655 it/s ]
 100% ━━━━━━━━━━━━━━━━━━━━━━ 507,904/500,000  [ 0:04:57 < 0:00:00 , 1,595 it/s ]
 100% ━━━━━━━━━━━━━━━━━━━ 1,007,616/1,000,000 [ 0:08:54 < 0:00:00 , 1,949 it/s ]
Training PPO (seed 5/15)
 100% ━━━━━━━━━━━━━━━━━━━━━━ 106,496/100,000  [ 0:01:04 < 0:00:00 , 1,519 it/s ]
 100% ━━━━━━━━━━━━━━━━━━━━━━ 401,408/400,000  [ 0:04:19 < 0:00:00 , 1,401 it/s ]
 100% ━━━━━━━━━━━━━━━━━━━━━━ 507,904/500,000  [ 0:05:39 < 0:00:00 , 1,523 it/s ]
 100% ━━━━━━━━━━━━━━━━━━━ 1,007,616/1,000,000 [ 0:09:46 < 0:00:00 , 1,752 it/s ]
Training A2C (seed 6/15)
 100% ━━━━━━━━━━━━━━━━━━━━━━ 100,000/100,000  [ 0:00:29 < 0:00:00 , 3,404 it/s ]
 100% ━━━━━━━━━━━━━━━━━━━━━━ 400,000/400,000  [ 0:02:01 < 0:00:00 , 3,221 it/s ]
 100% ━━━━━━━━━━━━━━━━━━━━━━ 500,000/500,000  [ 0:02:36 < 0:00:00 , 3,171 it/s ]
 100% ━━━━━━━━━━━━━━━━━━━ 1,000,000/1,000,000 [ 0:06:02 < 0:00:00 , 2,465 it/s ]
Training TRPO (seed 6/15)
 100% ━━━━━━━━━━━━━━━━━━━━━━ 106,496/100,000  [ 0:00:51 < 0:00:00 , 1,653 it/s ]
 100% ━━━━━━━━━━━━━━━━━━━━━━ 401,408/400,000  [ 0:03:48 < 0:00:00 , 1,692 it/s ]
 100% ━━━━━━━━━━━━━━━━━━━━━━ 507,904/500,000  [ 0:05:03 < 0:00:00 , 1,611 it/s ]
 100% ━━━━━━━━━━━━━━━━━━━ 1,007,616/1,000,000 [ 0:08:05 < 0:00:00 , 2,296 it/s ]
Training PPO (seed 6/15)
 100% ━━━━━━━━━━━━━━━━━━━━━━ 106,496/100,000  [ 0:00:58 < 0:00:00 , 1,668 it/s ]
 100% ━━━━━━━━━━━━━━━━━━━━━━ 401,408/400,000  [ 0:04:11 < 0:00:00 , 1,463 it/s ]
 100% ━━━━━━━━━━━━━━━━━━━━━━ 507,904/500,000  [ 0:05:25 < 0:00:00 , 1,526 it/s ]
 100% ━━━━━━━━━━━━━━━━━━━ 1,007,616/1,000,000 [ 0:09:51 < 0:00:00 , 1,790 it/s ]
Training A2C (seed 7/15)
 100% ━━━━━━━━━━━━━━━━━━━━━━ 100,000/100,000  [ 0:00:29 < 0:00:00 , 3,439 it/s ]
 100% ━━━━━━━━━━━━━━━━━━━━━━ 400,000/400,000  [ 0:02:00 < 0:00:00 , 3,249 it/s ]
 100% ━━━━━━━━━━━━━━━━━━━━━━ 500,000/500,000  [ 0:02:40 < 0:00:00 , 3,101 it/s ]
 100% ━━━━━━━━━━━━━━━━━━━ 1,000,000/1,000,000 [ 0:06:10 < 0:00:00 , 2,462 it/s ]
Training TRPO (seed 7/15)
 100% ━━━━━━━━━━━━━━━━━━━━━━ 106,496/100,000  [ 0:00:53 < 0:00:00 , 1,817 it/s ]
 100% ━━━━━━━━━━━━━━━━━━━━━━ 401,408/400,000  [ 0:03:48 < 0:00:00 , 1,684 it/s ]
 100% ━━━━━━━━━━━━━━━━━━━━━━ 507,904/500,000  [ 0:04:51 < 0:00:00 , 1,810 it/s ]
 100% ━━━━━━━━━━━━━━━━━━━ 1,007,616/1,000,000 [ 0:07:54 < 0:00:00 , 2,254 it/s ]
Training PPO (seed 7/15)
 100% ━━━━━━━━━━━━━━━━━━━━━━ 106,496/100,000  [ 0:00:56 < 0:00:00 , 1,705 it/s ]
 100% ━━━━━━━━━━━━━━━━━━━━━━ 401,408/400,000  [ 0:04:01 < 0:00:00 , 1,478 it/s ]
 100% ━━━━━━━━━━━━━━━━━━━━━━ 507,904/500,000  [ 0:05:30 < 0:00:00 , 1,512 it/s ]
 100% ━━━━━━━━━━━━━━━━━━━ 1,007,616/1,000,000 [ 0:10:17 < 0:00:00 , 1,771 it/s ]
Training A2C (seed 8/15)
 100% ━━━━━━━━━━━━━━━━━━━━━━ 100,000/100,000  [ 0:00:29 < 0:00:00 , 3,442 it/s ]
 100% ━━━━━━━━━━━━━━━━━━━━━━ 400,000/400,000  [ 0:02:02 < 0:00:00 , 3,088 it/s ]
 100% ━━━━━━━━━━━━━━━━━━━━━━ 500,000/500,000  [ 0:02:41 < 0:00:00 , 3,068 it/s ]
 100% ━━━━━━━━━━━━━━━━━━━ 1,000,000/1,000,000 [ 0:06:16 < 0:00:00 , 2,414 it/s ]
Training TRPO (seed 8/15)
 100% ━━━━━━━━━━━━━━━━━━━━━━ 106,496/100,000  [ 0:00:49 < 0:00:00 , 1,831 it/s ]
 100% ━━━━━━━━━━━━━━━━━━━━━━ 401,408/400,000  [ 0:03:41 < 0:00:00 , 1,704 it/s ]
 100% ━━━━━━━━━━━━━━━━━━━━━━ 507,904/500,000  [ 0:04:35 < 0:00:00 , 1,790 it/s ]
 100% ━━━━━━━━━━━━━━━━━━━ 1,007,616/1,000,000 [ 0:07:34 < 0:00:00 , 2,217 it/s ]
Training PPO (seed 8/15)
 100% ━━━━━━━━━━━━━━━━━━━━━━ 106,496/100,000  [ 0:00:55 < 0:00:00 , 1,760 it/s ]
 100% ━━━━━━━━━━━━━━━━━━━━━━ 401,408/400,000  [ 0:03:49 < 0:00:00 , 1,457 it/s ]
 100% ━━━━━━━━━━━━━━━━━━━━━━ 507,904/500,000  [ 0:05:17 < 0:00:00 , 1,564 it/s ]
 100% ━━━━━━━━━━━━━━━━━━━ 1,007,616/1,000,000 [ 0:10:19 < 0:00:00 , 1,681 it/s ]
Training A2C (seed 9/15)
 100% ━━━━━━━━━━━━━━━━━━━━━━ 100,000/100,000  [ 0:00:30 < 0:00:00 , 3,274 it/s ]
 100% ━━━━━━━━━━━━━━━━━━━━━━ 400,000/400,000  [ 0:02:09 < 0:00:00 , 3,066 it/s ]
 100% ━━━━━━━━━━━━━━━━━━━━━━ 500,000/500,000  [ 0:02:48 < 0:00:00 , 2,886 it/s ]
 100% ━━━━━━━━━━━━━━━━━━━ 1,000,000/1,000,000 [ 0:06:21 < 0:00:00 , 2,399 it/s ]
Training TRPO (seed 9/15)
 100% ━━━━━━━━━━━━━━━━━━━━━━ 106,496/100,000  [ 0:00:51 < 0:00:00 , 1,683 it/s ]
 100% ━━━━━━━━━━━━━━━━━━━━━━ 401,408/400,000  [ 0:03:40 < 0:00:00 , 1,685 it/s ]
 100% ━━━━━━━━━━━━━━━━━━━━━━ 507,904/500,000  [ 0:04:27 < 0:00:00 , 1,965 it/s ]
 100% ━━━━━━━━━━━━━━━━━━━ 1,007,616/1,000,000 [ 0:07:32 < 0:00:00 , 2,336 it/s ]
Training PPO (seed 9/15)
 100% ━━━━━━━━━━━━━━━━━━━━━━ 106,496/100,000  [ 0:00:55 < 0:00:00 , 1,757 it/s ]
 100% ━━━━━━━━━━━━━━━━━━━━━━ 401,408/400,000  [ 0:03:46 < 0:00:00 , 1,550 it/s ]
 100% ━━━━━━━━━━━━━━━━━━━━━━ 507,904/500,000  [ 0:05:05 < 0:00:00 , 1,566 it/s ]
 100% ━━━━━━━━━━━━━━━━━━━ 1,007,616/1,000,000 [ 0:10:28 < 0:00:00 , 1,496 it/s ]
Training A2C (seed 10/15)
 100% ━━━━━━━━━━━━━━━━━━━━━━ 100,000/100,000  [ 0:00:32 < 0:00:00 , 3,091 it/s ]
 100% ━━━━━━━━━━━━━━━━━━━━━━ 400,000/400,000  [ 0:02:14 < 0:00:00 , 2,886 it/s ]
 100% ━━━━━━━━━━━━━━━━━━━━━━ 500,000/500,000  [ 0:02:58 < 0:00:00 , 2,865 it/s ]
 100% ━━━━━━━━━━━━━━━━━━━ 1,000,000/1,000,000 [ 0:06:27 < 0:00:00 , 2,439 it/s ]
Training TRPO (seed 10/15)
 100% ━━━━━━━━━━━━━━━━━━━━━━ 106,496/100,000  [ 0:00:48 < 0:00:00 , 2,010 it/s ]
 100% ━━━━━━━━━━━━━━━━━━━━━━ 401,408/400,000  [ 0:03:16 < 0:00:00 , 1,920 it/s ]
 100% ━━━━━━━━━━━━━━━━━━━━━━ 507,904/500,000  [ 0:04:11 < 0:00:00 , 2,037 it/s ]
 100% ━━━━━━━━━━━━━━━━━━━ 1,007,616/1,000,000 [ 0:07:23 < 0:00:00 , 2,264 it/s ]
Training PPO (seed 10/15)
 100% ━━━━━━━━━━━━━━━━━━━━━━ 106,496/100,000  [ 0:00:56 < 0:00:00 , 1,752 it/s ]
 100% ━━━━━━━━━━━━━━━━━━━━━━ 401,408/400,000  [ 0:03:46 < 0:00:00 , 1,636 it/s ]
 100% ━━━━━━━━━━━━━━━━━━━━━━ 507,904/500,000  [ 0:04:58 < 0:00:00 , 1,666 it/s ]
 100% ━━━━━━━━━━━━━━━━━━━ 1,007,616/1,000,000 [ 0:10:28 < 0:00:00 , 1,461 it/s ]
Training A2C (seed 11/15)
 100% ━━━━━━━━━━━━━━━━━━━━━━ 100,000/100,000  [ 0:00:35 < 0:00:00 , 2,853 it/s ]
 100% ━━━━━━━━━━━━━━━━━━━━━━ 400,000/400,000  [ 0:02:23 < 0:00:00 , 2,665 it/s ]
 100% ━━━━━━━━━━━━━━━━━━━━━━ 500,000/500,000  [ 0:03:15 < 0:00:00 , 2,391 it/s ]
 100% ━━━━━━━━━━━━━━━━━━━ 1,000,000/1,000,000 [ 0:07:05 < 0:00:00 , 2,546 it/s ]
Training TRPO (seed 11/15)
 100% ━━━━━━━━━━━━━━━━━━━━━━ 106,496/100,000  [ 0:00:48 < 0:00:00 , 2,048 it/s ]
 100% ━━━━━━━━━━━━━━━━━━━━━━ 401,408/400,000  [ 0:03:20 < 0:00:00 , 1,820 it/s ]
 100% ━━━━━━━━━━━━━━━━━━━━━━ 507,904/500,000  [ 0:04:09 < 0:00:00 , 1,960 it/s ]
 100% ━━━━━━━━━━━━━━━━━━━ 1,007,616/1,000,000 [ 0:07:28 < 0:00:00 , 2,305 it/s ]
Training PPO (seed 11/15)
 100% ━━━━━━━━━━━━━━━━━━━━━━ 106,496/100,000  [ 0:00:55 < 0:00:00 , 1,761 it/s ]
 100% ━━━━━━━━━━━━━━━━━━━━━━ 401,408/400,000  [ 0:03:46 < 0:00:00 , 1,669 it/s ]
 100% ━━━━━━━━━━━━━━━━━━━━━━ 507,904/500,000  [ 0:04:52 < 0:00:00 , 1,684 it/s ]
 100% ━━━━━━━━━━━━━━━━━━━ 1,007,616/1,000,000 [ 0:10:28 < 0:00:00 , 1,449 it/s ]
Training A2C (seed 12/15)
 100% ━━━━━━━━━━━━━━━━━━━━━━ 100,000/100,000  [ 0:00:35 < 0:00:00 , 2,803 it/s ]
 100% ━━━━━━━━━━━━━━━━━━━━━━ 400,000/400,000  [ 0:02:33 < 0:00:00 , 2,626 it/s ]
 100% ━━━━━━━━━━━━━━━━━━━━━━ 500,000/500,000  [ 0:03:21 < 0:00:00 , 2,393 it/s ]
 100% ━━━━━━━━━━━━━━━━━━━ 1,000,000/1,000,000 [ 0:06:42 < 0:00:00 , 2,708 it/s ]
Training TRPO (seed 12/15)
 100% ━━━━━━━━━━━━━━━━━━━━━━ 106,496/100,000  [ 0:00:43 < 0:00:00 , 2,218 it/s ]
 100% ━━━━━━━━━━━━━━━━━━━━━━ 401,408/400,000  [ 0:03:14 < 0:00:00 , 1,925 it/s ]
 100% ━━━━━━━━━━━━━━━━━━━━━━ 507,904/500,000  [ 0:03:43 < 0:00:00 , 2,256 it/s ]
 100% ━━━━━━━━━━━━━━━━━━━ 1,007,616/1,000,000 [ 0:07:21 < 0:00:00 , 2,294 it/s ]
Training PPO (seed 12/15)
 100% ━━━━━━━━━━━━━━━━━━━━━━ 106,496/100,000  [ 0:00:55 < 0:00:00 , 1,769 it/s ]
 100% ━━━━━━━━━━━━━━━━━━━━━━ 401,408/400,000  [ 0:03:46 < 0:00:00 , 1,634 it/s ]
 100% ━━━━━━━━━━━━━━━━━━━━━━ 507,904/500,000  [ 0:04:52 < 0:00:00 , 1,767 it/s ]
 100% ━━━━━━━━━━━━━━━━━━━ 1,007,616/1,000,000 [ 0:10:21 < 0:00:00 , 1,436 it/s ]
Training A2C (seed 13/15)
 100% ━━━━━━━━━━━━━━━━━━━━━━ 100,000/100,000  [ 0:00:37 < 0:00:00 , 2,687 it/s ]
 100% ━━━━━━━━━━━━━━━━━━━━━━ 400,000/400,000  [ 0:02:34 < 0:00:00 , 2,477 it/s ]
 100% ━━━━━━━━━━━━━━━━━━━━━━ 500,000/500,000  [ 0:03:33 < 0:00:00 , 2,471 it/s ]
 100% ━━━━━━━━━━━━━━━━━━━ 1,000,000/1,000,000 [ 0:06:33 < 0:00:00 , 2,493 it/s ]
Training TRPO (seed 13/15)
 100% ━━━━━━━━━━━━━━━━━━━━━━ 106,496/100,000  [ 0:00:47 < 0:00:00 , 2,162 it/s ]
 100% ━━━━━━━━━━━━━━━━━━━━━━ 401,408/400,000  [ 0:03:01 < 0:00:00 , 2,290 it/s ]
 100% ━━━━━━━━━━━━━━━━━━━━━━ 507,904/500,000  [ 0:03:55 < 0:00:00 , 2,205 it/s ]
 100% ━━━━━━━━━━━━━━━━━━━ 1,007,616/1,000,000 [ 0:07:24 < 0:00:00 , 2,293 it/s ]
Training PPO (seed 13/15)
 100% ━━━━━━━━━━━━━━━━━━━━━━ 106,496/100,000  [ 0:00:56 < 0:00:00 , 1,735 it/s ]
 100% ━━━━━━━━━━━━━━━━━━━━━━ 401,408/400,000  [ 0:03:46 < 0:00:00 , 1,639 it/s ]
 100% ━━━━━━━━━━━━━━━━━━━━━━ 507,904/500,000  [ 0:04:47 < 0:00:00 , 1,766 it/s ]
 100% ━━━━━━━━━━━━━━━━━━━ 1,007,616/1,000,000 [ 0:10:12 < 0:00:00 , 1,410 it/s ]
Training A2C (seed 14/15)
 100% ━━━━━━━━━━━━━━━━━━━━━━ 100,000/100,000  [ 0:00:37 < 0:00:00 , 2,658 it/s ]
 100% ━━━━━━━━━━━━━━━━━━━━━━ 400,000/400,000  [ 0:02:37 < 0:00:00 , 2,304 it/s ]
 100% ━━━━━━━━━━━━━━━━━━━━━━ 500,000/500,000  [ 0:03:39 < 0:00:00 , 2,315 it/s ]
 100% ━━━━━━━━━━━━━━━━━━━ 1,000,000/1,000,000 [ 0:06:32 < 0:00:00 , 2,535 it/s ]
Training TRPO (seed 14/15)
 100% ━━━━━━━━━━━━━━━━━━━━━━ 106,496/100,000  [ 0:00:47 < 0:00:00 , 1,977 it/s ]
 100% ━━━━━━━━━━━━━━━━━━━━━━ 401,408/400,000  [ 0:03:04 < 0:00:00 , 2,293 it/s ]
 100% ━━━━━━━━━━━━━━━━━━━━━━ 507,904/500,000  [ 0:03:49 < 0:00:00 , 2,190 it/s ]
 100% ━━━━━━━━━━━━━━━━━━━ 1,007,616/1,000,000 [ 0:07:16 < 0:00:00 , 2,344 it/s ]
Training PPO (seed 14/15)
 100% ━━━━━━━━━━━━━━━━━━━━━━ 106,496/100,000  [ 0:00:55 < 0:00:00 , 1,756 it/s ]
 100% ━━━━━━━━━━━━━━━━━━━━━━ 401,408/400,000  [ 0:03:45 < 0:00:00 , 1,648 it/s ]
 100% ━━━━━━━━━━━━━━━━━━━━━━ 507,904/500,000  [ 0:04:48 < 0:00:00 , 1,779 it/s ]
 100% ━━━━━━━━━━━━━━━━━━━ 1,007,616/1,000,000 [ 0:10:03 < 0:00:00 , 1,504 it/s ]
Training A2C (seed 15/15)
 100% ━━━━━━━━━━━━━━━━━━━━━━ 100,000/100,000  [ 0:00:34 < 0:00:00 , 2,874 it/s ]
 100% ━━━━━━━━━━━━━━━━━━━━━━ 400,000/400,000  [ 0:02:39 < 0:00:00 , 2,296 it/s ]
 100% ━━━━━━━━━━━━━━━━━━━━━━ 500,000/500,000  [ 0:03:38 < 0:00:00 , 2,417 it/s ]
 100% ━━━━━━━━━━━━━━━━━━━ 1,000,000/1,000,000 [ 0:07:20 < 0:00:00 , 2,347 it/s ]
Training TRPO (seed 15/15)
 100% ━━━━━━━━━━━━━━━━━━━━━━ 106,496/100,000  [ 0:00:45 < 0:00:00 , 2,218 it/s ]
 100% ━━━━━━━━━━━━━━━━━━━━━━ 401,408/400,000  [ 0:03:06 < 0:00:00 , 2,051 it/s ]
 100% ━━━━━━━━━━━━━━━━━━━━━━ 507,904/500,000  [ 0:03:39 < 0:00:00 , 2,265 it/s ]
 100% ━━━━━━━━━━━━━━━━━━━ 1,007,616/1,000,000 [ 0:07:03 < 0:00:00 , 2,222 it/s ]
Training PPO (seed 15/15)
 100% ━━━━━━━━━━━━━━━━━━━━━━ 106,496/100,000  [ 0:00:54 < 0:00:00 , 1,800 it/s ]
 100% ━━━━━━━━━━━━━━━━━━━━━━ 401,408/400,000  [ 0:03:41 < 0:00:00 , 1,664 it/s ]
 100% ━━━━━━━━━━━━━━━━━━━━━━ 507,904/500,000  [ 0:04:42 < 0:00:00 , 1,676 it/s ]
 100% ━━━━━━━━━━━━━━━━━━━ 1,007,616/1,000,000 [ 0:08:57 < 0:00:00 , 1,693 it/s ]
