Using Gurobi license file: /scratch/slurm_tmpdir/job_4788241/gurobi_4788241_52/gurobi.lic (license index=3, LICENSEID=2826907)
Gurobi preflight: GRB_LICENSE_FILE=/scratch/slurm_tmpdir/job_4788241/gurobi_4788241_52/gurobi.lic, exists=True, WLSACCESSID=1e7a...556e, LICENSEID=2826907
Running task_id=52 with HIGH_SENSITIVITY=True, GT_MODEL=MNLConsidSet, TRAIN_ON_ALL_SETS=False, LARGE_PRODUCT_SET=False
scipy estimation data: obs=10175, alts=11, memory=0.86 MiB
scipy estimation mode: raw prices, beta_bounds=(-0.05, -1e-07), purchase_rate|arrival=0.5006
Training DQN (seed 1/15)
 100% ━━━━━━━━━━━━━━━━━━━━━━━━ 20,000/20,000  [ 0:00:04 < 0:00:00 , 4,968 it/s ]
 100% ━━━━━━━━━━━━━━━━━━━━━━━━ 80,000/80,000  [ 0:00:14 < 0:00:00 , 5,623 it/s ]
 100% ━━━━━━━━━━━━━━━━━━━━━━ 400,000/400,000  [ 0:01:14 < 0:00:00 , 5,512 it/s ]
Training QRDQN (seed 1/15)
 100% ━━━━━━━━━━━━━━━━━━━━━━━━━━ 20,000/20,000  [ 0:00:21 < 0:00:00 , 925 it/s ]
 100% ━━━━━━━━━━━━━━━━━━━━━━━━━━ 80,000/80,000  [ 0:01:33 < 0:00:00 , 871 it/s ]
 100% ━━━━━━━━━━━━━━━━━━━━━━━━ 400,000/400,000  [ 0:07:17 < 0:00:00 , 927 it/s ]
Training ARS (seed 1/15)
 100% ━━━━━━━━━━━━━━━━━━━━━━━ 26,240/20,000  [ 0:00:01 < 0:00:00 , 12,256 it/s ]
 100% ━━━━━━━━━━━━━━━━━━━━━━ 104,960/53,760  [ 0:00:04 < 0:00:00 , 11,489 it/s ]
 100% ━━━━━━━━━━━━━━━━━━━━━ 419,840/268,800  [ 0:00:24 < 0:00:00 , 10,951 it/s ]
Training A2C (seed 1/15)
 100% ━━━━━━━━━━━━━━━━━━━━━━━━ 20,000/20,000  [ 0:00:04 < 0:00:00 , 4,502 it/s ]
 100% ━━━━━━━━━━━━━━━━━━━━━━━━ 80,000/80,000  [ 0:00:18 < 0:00:00 , 4,321 it/s ]
 100% ━━━━━━━━━━━━━━━━━━━━━━ 400,000/400,000  [ 0:01:37 < 0:00:00 , 3,987 it/s ]
Training TRPO (seed 1/15)
 100% ━━━━━━━━━━━━━━━━━━━━━━━━ 24,576/20,000  [ 0:00:04 < 0:00:00 , 4,411 it/s ]
 100% ━━━━━━━━━━━━━━━━━━━━━━━━ 81,920/80,000  [ 0:00:17 < 0:00:00 , 4,286 it/s ]
 100% ━━━━━━━━━━━━━━━━━━━━━━ 401,408/400,000  [ 0:01:41 < 0:00:00 , 3,822 it/s ]
Training PPO (seed 1/15)
 100% ━━━━━━━━━━━━━━━━━━━━━━━━ 24,576/20,000  [ 0:00:06 < 0:00:00 , 2,442 it/s ]
 100% ━━━━━━━━━━━━━━━━━━━━━━━━ 81,920/80,000  [ 0:00:31 < 0:00:00 , 2,364 it/s ]
 100% ━━━━━━━━━━━━━━━━━━━━━━ 401,408/400,000  [ 0:03:01 < 0:00:00 , 2,124 it/s ]
Training DQN (seed 2/15)
 100% ━━━━━━━━━━━━━━━━━━━━━━━━ 20,000/20,000  [ 0:00:03 < 0:00:00 , 5,012 it/s ]
 100% ━━━━━━━━━━━━━━━━━━━━━━━━ 80,000/80,000  [ 0:00:16 < 0:00:00 , 4,739 it/s ]
 100% ━━━━━━━━━━━━━━━━━━━━━━ 400,000/400,000  [ 0:01:26 < 0:00:00 , 4,642 it/s ]
Training QRDQN (seed 2/15)
 100% ━━━━━━━━━━━━━━━━━━━━━━━━ 20,000/20,000  [ 0:00:19 < 0:00:00 , 1,041 it/s ]
 100% ━━━━━━━━━━━━━━━━━━━━━━━━ 80,000/80,000  [ 0:01:16 < 0:00:00 , 1,052 it/s ]
 100% ━━━━━━━━━━━━━━━━━━━━━━ 400,000/400,000  [ 0:06:33 < 0:00:00 , 1,002 it/s ]
Training ARS (seed 2/15)
 100% ━━━━━━━━━━━━━━━━━━━━━━━ 26,240/20,000  [ 0:00:01 < 0:00:00 , 11,184 it/s ]
 100% ━━━━━━━━━━━━━━━━━━━━━━ 104,960/53,760  [ 0:00:04 < 0:00:00 , 11,358 it/s ]
 100% ━━━━━━━━━━━━━━━━━━━━━━ 419,840/268,800  [ 0:07:38 < 0:00:00 , 4,559 it/s ]
Training A2C (seed 2/15)
 100% ━━━━━━━━━━━━━━━━━━━━━━━━ 20,000/20,000  [ 0:00:04 < 0:00:00 , 4,588 it/s ]
 100% ━━━━━━━━━━━━━━━━━━━━━━━━ 80,000/80,000  [ 0:00:19 < 0:00:00 , 4,140 it/s ]
 100% ━━━━━━━━━━━━━━━━━━━━━━ 400,000/400,000  [ 0:01:49 < 0:00:00 , 3,458 it/s ]
Training TRPO (seed 2/15)
 100% ━━━━━━━━━━━━━━━━━━━━━━━━ 24,576/20,000  [ 0:00:04 < 0:00:00 , 4,177 it/s ]
 100% ━━━━━━━━━━━━━━━━━━━━━━━━ 81,920/80,000  [ 0:00:18 < 0:00:00 , 4,145 it/s ]
 100% ━━━━━━━━━━━━━━━━━━━━━━ 401,408/400,000  [ 0:01:46 < 0:00:00 , 3,628 it/s ]
Training PPO (seed 2/15)
 100% ━━━━━━━━━━━━━━━━━━━━━━━━ 24,576/20,000  [ 0:00:07 < 0:00:00 , 2,326 it/s ]
 100% ━━━━━━━━━━━━━━━━━━━━━━━━ 81,920/80,000  [ 0:00:33 < 0:00:00 , 2,222 it/s ]
 100% ━━━━━━━━━━━━━━━━━━━━━━ 401,408/400,000  [ 0:02:49 < 0:00:00 , 2,337 it/s ]
Training DQN (seed 3/15)
 100% ━━━━━━━━━━━━━━━━━━━━━━━━ 20,000/20,000  [ 0:00:04 < 0:00:00 , 4,221 it/s ]
 100% ━━━━━━━━━━━━━━━━━━━━━━━━ 80,000/80,000  [ 0:00:16 < 0:00:00 , 4,924 it/s ]
 100% ━━━━━━━━━━━━━━━━━━━━━━ 400,000/400,000  [ 0:01:19 < 0:00:00 , 5,224 it/s ]
Training QRDQN (seed 3/15)
 100% ━━━━━━━━━━━━━━━━━━━━━━━━ 20,000/20,000  [ 0:00:19 < 0:00:00 , 1,021 it/s ]
 100% ━━━━━━━━━━━━━━━━━━━━━━━━━━ 80,000/80,000  [ 0:01:22 < 0:00:00 , 959 it/s ]
 100% ━━━━━━━━━━━━━━━━━━━━━━ 400,000/400,000  [ 0:06:28 < 0:00:00 , 1,015 it/s ]
Training ARS (seed 3/15)
 100% ━━━━━━━━━━━━━━━━━━━━━━━ 26,240/20,000  [ 0:00:01 < 0:00:00 , 11,017 it/s ]
 100% ━━━━━━━━━━━━━━━━━━━━━━ 104,960/53,760  [ 0:00:05 < 0:00:00 , 11,082 it/s ]
 100% ━━━━━━━━━━━━━━━━━━━━━ 419,840/268,800  [ 0:00:24 < 0:00:00 , 10,702 it/s ]
Training A2C (seed 3/15)
 100% ━━━━━━━━━━━━━━━━━━━━━━━━ 20,000/20,000  [ 0:00:04 < 0:00:00 , 4,843 it/s ]
 100% ━━━━━━━━━━━━━━━━━━━━━━━━ 80,000/80,000  [ 0:00:17 < 0:00:00 , 4,501 it/s ]
 100% ━━━━━━━━━━━━━━━━━━━━━━ 400,000/400,000  [ 0:01:43 < 0:00:00 , 3,795 it/s ]
Training TRPO (seed 3/15)
 100% ━━━━━━━━━━━━━━━━━━━━━━━━ 24,576/20,000  [ 0:00:04 < 0:00:00 , 4,436 it/s ]
 100% ━━━━━━━━━━━━━━━━━━━━━━━━ 81,920/80,000  [ 0:00:17 < 0:00:00 , 4,345 it/s ]
 100% ━━━━━━━━━━━━━━━━━━━━━━ 401,408/400,000  [ 0:01:41 < 0:00:00 , 3,876 it/s ]
Training PPO (seed 3/15)
 100% ━━━━━━━━━━━━━━━━━━━━━━━━ 24,576/20,000  [ 0:00:07 < 0:00:00 , 2,229 it/s ]
 100% ━━━━━━━━━━━━━━━━━━━━━━━━ 81,920/80,000  [ 0:00:31 < 0:00:00 , 2,345 it/s ]
 100% ━━━━━━━━━━━━━━━━━━━━━━ 401,408/400,000  [ 0:02:45 < 0:00:00 , 2,374 it/s ]
Training DQN (seed 4/15)
 100% ━━━━━━━━━━━━━━━━━━━━━━━━ 20,000/20,000  [ 0:00:04 < 0:00:00 , 4,580 it/s ]
 100% ━━━━━━━━━━━━━━━━━━━━━━━━ 80,000/80,000  [ 0:00:19 < 0:00:00 , 4,202 it/s ]
 100% ━━━━━━━━━━━━━━━━━━━━━━ 400,000/400,000  [ 0:01:27 < 0:00:00 , 4,673 it/s ]
Training QRDQN (seed 4/15)
 100% ━━━━━━━━━━━━━━━━━━━━━━━━━━ 20,000/20,000  [ 0:00:22 < 0:00:00 , 868 it/s ]
 100% ━━━━━━━━━━━━━━━━━━━━━━━━━━ 80,000/80,000  [ 0:01:31 < 0:00:00 , 909 it/s ]
 100% ━━━━━━━━━━━━━━━━━━━━━━━━ 400,000/400,000  [ 0:07:03 < 0:00:00 , 897 it/s ]
Training ARS (seed 4/15)
 100% ━━━━━━━━━━━━━━━━━━━━━━━ 26,240/20,000  [ 0:00:01 < 0:00:00 , 11,429 it/s ]
 100% ━━━━━━━━━━━━━━━━━━━━━━ 104,960/53,760  [ 0:00:04 < 0:00:00 , 11,244 it/s ]
 100% ━━━━━━━━━━━━━━━━━━━━━ 419,840/268,800  [ 0:00:25 < 0:00:00 , 10,602 it/s ]
Training A2C (seed 4/15)
 100% ━━━━━━━━━━━━━━━━━━━━━━━━ 20,000/20,000  [ 0:00:04 < 0:00:00 , 4,701 it/s ]
 100% ━━━━━━━━━━━━━━━━━━━━━━━━ 80,000/80,000  [ 0:00:18 < 0:00:00 , 4,383 it/s ]
 100% ━━━━━━━━━━━━━━━━━━━━━━ 400,000/400,000  [ 0:01:51 < 0:00:00 , 3,433 it/s ]
Training TRPO (seed 4/15)
 100% ━━━━━━━━━━━━━━━━━━━━━━━━ 24,576/20,000  [ 0:00:04 < 0:00:00 , 4,281 it/s ]
 100% ━━━━━━━━━━━━━━━━━━━━━━━━ 81,920/80,000  [ 0:00:18 < 0:00:00 , 4,206 it/s ]
 100% ━━━━━━━━━━━━━━━━━━━━━━ 401,408/400,000  [ 0:01:45 < 0:00:00 , 3,665 it/s ]
Training PPO (seed 4/15)
 100% ━━━━━━━━━━━━━━━━━━━━━━━━ 24,576/20,000  [ 0:00:07 < 0:00:00 , 2,206 it/s ]
 100% ━━━━━━━━━━━━━━━━━━━━━━━━ 81,920/80,000  [ 0:00:32 < 0:00:00 , 2,383 it/s ]
 100% ━━━━━━━━━━━━━━━━━━━━━━ 401,408/400,000  [ 0:02:49 < 0:00:00 , 2,300 it/s ]
Training DQN (seed 5/15)
 100% ━━━━━━━━━━━━━━━━━━━━━━━━ 20,000/20,000  [ 0:00:03 < 0:00:00 , 5,363 it/s ]
 100% ━━━━━━━━━━━━━━━━━━━━━━━━ 80,000/80,000  [ 0:00:17 < 0:00:00 , 4,681 it/s ]
 100% ━━━━━━━━━━━━━━━━━━━━━━ 400,000/400,000  [ 0:01:19 < 0:00:00 , 5,183 it/s ]
Training QRDQN (seed 5/15)
 100% ━━━━━━━━━━━━━━━━━━━━━━━━ 20,000/20,000  [ 0:00:17 < 0:00:00 , 1,155 it/s ]
 100% ━━━━━━━━━━━━━━━━━━━━━━━━ 80,000/80,000  [ 0:01:14 < 0:00:00 , 1,076 it/s ]
 100% ━━━━━━━━━━━━━━━━━━━━━━ 400,000/400,000  [ 0:06:14 < 0:00:00 , 1,072 it/s ]
Training ARS (seed 5/15)
 100% ━━━━━━━━━━━━━━━━━━━━━━━ 26,240/20,000  [ 0:00:01 < 0:00:00 , 11,559 it/s ]
 100% ━━━━━━━━━━━━━━━━━━━━━━ 104,960/53,760  [ 0:00:04 < 0:00:00 , 10,991 it/s ]
 100% ━━━━━━━━━━━━━━━━━━━━━ 419,840/268,800  [ 0:00:25 < 0:00:00 , 10,248 it/s ]
Training A2C (seed 5/15)
 100% ━━━━━━━━━━━━━━━━━━━━━━━━ 20,000/20,000  [ 0:00:04 < 0:00:00 , 4,098 it/s ]
 100% ━━━━━━━━━━━━━━━━━━━━━━━━ 80,000/80,000  [ 0:00:18 < 0:00:00 , 4,414 it/s ]
 100% ━━━━━━━━━━━━━━━━━━━━━━ 400,000/400,000  [ 0:01:46 < 0:00:00 , 3,537 it/s ]
Training TRPO (seed 5/15)
 100% ━━━━━━━━━━━━━━━━━━━━━━━━ 24,576/20,000  [ 0:00:04 < 0:00:00 , 4,319 it/s ]
 100% ━━━━━━━━━━━━━━━━━━━━━━━━ 81,920/80,000  [ 0:00:18 < 0:00:00 , 4,224 it/s ]
 100% ━━━━━━━━━━━━━━━━━━━━━━ 401,408/400,000  [ 0:01:46 < 0:00:00 , 3,634 it/s ]
Training PPO (seed 5/15)
 100% ━━━━━━━━━━━━━━━━━━━━━━━━ 24,576/20,000  [ 0:00:07 < 0:00:00 , 2,195 it/s ]
 100% ━━━━━━━━━━━━━━━━━━━━━━━━ 81,920/80,000  [ 0:00:34 < 0:00:00 , 2,203 it/s ]
 100% ━━━━━━━━━━━━━━━━━━━━━━ 401,408/400,000  [ 0:02:50 < 0:00:00 , 2,288 it/s ]
Training DQN (seed 6/15)
 100% ━━━━━━━━━━━━━━━━━━━━━━━━ 20,000/20,000  [ 0:00:03 < 0:00:00 , 5,724 it/s ]
 100% ━━━━━━━━━━━━━━━━━━━━━━━━ 80,000/80,000  [ 0:00:14 < 0:00:00 , 5,367 it/s ]
 100% ━━━━━━━━━━━━━━━━━━━━━━ 400,000/400,000  [ 0:01:19 < 0:00:00 , 5,047 it/s ]
Training QRDQN (seed 6/15)
 100% ━━━━━━━━━━━━━━━━━━━━━━━━━━ 20,000/20,000  [ 0:00:20 < 0:00:00 , 989 it/s ]
 100% ━━━━━━━━━━━━━━━━━━━━━━━━━━ 80,000/80,000  [ 0:01:23 < 0:00:00 , 970 it/s ]
 100% ━━━━━━━━━━━━━━━━━━━━━━━━ 400,000/400,000  [ 0:07:08 < 0:00:00 , 972 it/s ]
Training ARS (seed 6/15)
 100% ━━━━━━━━━━━━━━━━━━━━━━━ 26,240/20,000  [ 0:00:01 < 0:00:00 , 11,047 it/s ]
 100% ━━━━━━━━━━━━━━━━━━━━━━ 104,960/53,760  [ 0:00:04 < 0:00:00 , 11,332 it/s ]
 100% ━━━━━━━━━━━━━━━━━━━━━ 419,840/268,800  [ 0:00:25 < 0:00:00 , 10,971 it/s ]
Training A2C (seed 6/15)
 100% ━━━━━━━━━━━━━━━━━━━━━━━━ 20,000/20,000  [ 0:00:04 < 0:00:00 , 4,023 it/s ]
 100% ━━━━━━━━━━━━━━━━━━━━━━━━ 80,000/80,000  [ 0:00:23 < 0:00:00 , 3,466 it/s ]
 100% ━━━━━━━━━━━━━━━━━━━━━━ 400,000/400,000  [ 0:02:00 < 0:00:00 , 3,140 it/s ]
Training TRPO (seed 6/15)
 100% ━━━━━━━━━━━━━━━━━━━━━━━━ 24,576/20,000  [ 0:00:04 < 0:00:00 , 4,025 it/s ]
 100% ━━━━━━━━━━━━━━━━━━━━━━━━ 81,920/80,000  [ 0:00:18 < 0:00:00 , 4,028 it/s ]
 100% ━━━━━━━━━━━━━━━━━━━━━━ 401,408/400,000  [ 0:01:50 < 0:00:00 , 3,559 it/s ]
Training PPO (seed 6/15)
 100% ━━━━━━━━━━━━━━━━━━━━━━━━ 24,576/20,000  [ 0:00:07 < 0:00:00 , 2,102 it/s ]
 100% ━━━━━━━━━━━━━━━━━━━━━━━━ 81,920/80,000  [ 0:00:31 < 0:00:00 , 2,236 it/s ]
 100% ━━━━━━━━━━━━━━━━━━━━━━ 401,408/400,000  [ 0:02:51 < 0:00:00 , 2,351 it/s ]
Training DQN (seed 7/15)
 100% ━━━━━━━━━━━━━━━━━━━━━━━━ 20,000/20,000  [ 0:00:03 < 0:00:00 , 5,241 it/s ]
 100% ━━━━━━━━━━━━━━━━━━━━━━━━ 80,000/80,000  [ 0:00:17 < 0:00:00 , 4,478 it/s ]
 100% ━━━━━━━━━━━━━━━━━━━━━━ 400,000/400,000  [ 0:01:20 < 0:00:00 , 5,136 it/s ]
Training QRDQN (seed 7/15)
 100% ━━━━━━━━━━━━━━━━━━━━━━━━━━ 20,000/20,000  [ 0:00:20 < 0:00:00 , 978 it/s ]
 100% ━━━━━━━━━━━━━━━━━━━━━━━━━━ 80,000/80,000  [ 0:01:22 < 0:00:00 , 937 it/s ]
 100% ━━━━━━━━━━━━━━━━━━━━━━━━ 400,000/400,000  [ 0:06:47 < 0:00:00 , 945 it/s ]
Training ARS (seed 7/15)
 100% ━━━━━━━━━━━━━━━━━━━━━━━ 26,240/20,000  [ 0:00:01 < 0:00:00 , 11,368 it/s ]
 100% ━━━━━━━━━━━━━━━━━━━━━━ 104,960/53,760  [ 0:00:05 < 0:00:00 , 10,644 it/s ]
 100% ━━━━━━━━━━━━━━━━━━━━━━ 419,840/268,800  [ 0:00:26 < 0:00:00 , 9,919 it/s ]
Training A2C (seed 7/15)
 100% ━━━━━━━━━━━━━━━━━━━━━━━━ 20,000/20,000  [ 0:00:04 < 0:00:00 , 4,453 it/s ]
 100% ━━━━━━━━━━━━━━━━━━━━━━━━ 80,000/80,000  [ 0:00:18 < 0:00:00 , 4,367 it/s ]
 100% ━━━━━━━━━━━━━━━━━━━━━━ 400,000/400,000  [ 0:01:40 < 0:00:00 , 3,790 it/s ]
Training TRPO (seed 7/15)
 100% ━━━━━━━━━━━━━━━━━━━━━━━━ 24,576/20,000  [ 0:00:04 < 0:00:00 , 4,289 it/s ]
 100% ━━━━━━━━━━━━━━━━━━━━━━━━ 81,920/80,000  [ 0:00:18 < 0:00:00 , 4,185 it/s ]
 100% ━━━━━━━━━━━━━━━━━━━━━━ 401,408/400,000  [ 0:01:45 < 0:00:00 , 3,829 it/s ]
Training PPO (seed 7/15)
 100% ━━━━━━━━━━━━━━━━━━━━━━━━ 24,576/20,000  [ 0:00:08 < 0:00:00 , 1,996 it/s ]
 100% ━━━━━━━━━━━━━━━━━━━━━━━━ 81,920/80,000  [ 0:00:32 < 0:00:00 , 2,314 it/s ]
 100% ━━━━━━━━━━━━━━━━━━━━━━ 401,408/400,000  [ 0:02:41 < 0:00:00 , 2,312 it/s ]
Training DQN (seed 8/15)
 100% ━━━━━━━━━━━━━━━━━━━━━━━━ 20,000/20,000  [ 0:00:03 < 0:00:00 , 5,673 it/s ]
 100% ━━━━━━━━━━━━━━━━━━━━━━━━ 80,000/80,000  [ 0:00:14 < 0:00:00 , 5,336 it/s ]
 100% ━━━━━━━━━━━━━━━━━━━━━━ 400,000/400,000  [ 0:01:21 < 0:00:00 , 4,888 it/s ]
Training QRDQN (seed 8/15)
 100% ━━━━━━━━━━━━━━━━━━━━━━━━ 20,000/20,000  [ 0:00:19 < 0:00:00 , 1,035 it/s ]
 100% ━━━━━━━━━━━━━━━━━━━━━━━━ 80,000/80,000  [ 0:01:15 < 0:00:00 , 1,088 it/s ]
 100% ━━━━━━━━━━━━━━━━━━━━━━ 400,000/400,000  [ 0:06:14 < 0:00:00 , 1,013 it/s ]
Training ARS (seed 8/15)
 100% ━━━━━━━━━━━━━━━━━━━━━━━ 26,240/20,000  [ 0:00:01 < 0:00:00 , 11,558 it/s ]
 100% ━━━━━━━━━━━━━━━━━━━━━━ 104,960/53,760  [ 0:00:04 < 0:00:00 , 11,067 it/s ]
 100% ━━━━━━━━━━━━━━━━━━━━━ 419,840/268,800  [ 0:00:26 < 0:00:00 , 10,074 it/s ]
Training A2C (seed 8/15)
 100% ━━━━━━━━━━━━━━━━━━━━━━━━ 20,000/20,000  [ 0:00:04 < 0:00:00 , 4,546 it/s ]
 100% ━━━━━━━━━━━━━━━━━━━━━━━━ 80,000/80,000  [ 0:00:18 < 0:00:00 , 4,251 it/s ]
 100% ━━━━━━━━━━━━━━━━━━━━━━ 400,000/400,000  [ 0:01:45 < 0:00:00 , 3,727 it/s ]
Training TRPO (seed 8/15)
 100% ━━━━━━━━━━━━━━━━━━━━━━━━ 24,576/20,000  [ 0:00:04 < 0:00:00 , 4,301 it/s ]
 100% ━━━━━━━━━━━━━━━━━━━━━━━━ 81,920/80,000  [ 0:00:18 < 0:00:00 , 4,092 it/s ]
 100% ━━━━━━━━━━━━━━━━━━━━━━ 401,408/400,000  [ 0:01:45 < 0:00:00 , 3,629 it/s ]
Training PPO (seed 8/15)
 100% ━━━━━━━━━━━━━━━━━━━━━━━━ 24,576/20,000  [ 0:00:07 < 0:00:00 , 2,176 it/s ]
 100% ━━━━━━━━━━━━━━━━━━━━━━━━ 81,920/80,000  [ 0:00:32 < 0:00:00 , 2,304 it/s ]
 100% ━━━━━━━━━━━━━━━━━━━━━━ 401,408/400,000  [ 0:02:51 < 0:00:00 , 2,270 it/s ]
Training DQN (seed 9/15)
 100% ━━━━━━━━━━━━━━━━━━━━━━━━ 20,000/20,000  [ 0:00:03 < 0:00:00 , 5,457 it/s ]
 100% ━━━━━━━━━━━━━━━━━━━━━━━━ 80,000/80,000  [ 0:00:14 < 0:00:00 , 5,387 it/s ]
 100% ━━━━━━━━━━━━━━━━━━━━━━ 400,000/400,000  [ 0:01:20 < 0:00:00 , 5,070 it/s ]
Training QRDQN (seed 9/15)
 100% ━━━━━━━━━━━━━━━━━━━━━━━━━━ 20,000/20,000  [ 0:00:20 < 0:00:00 , 951 it/s ]
 100% ━━━━━━━━━━━━━━━━━━━━━━━━ 80,000/80,000  [ 0:01:13 < 0:00:00 , 1,073 it/s ]
 100% ━━━━━━━━━━━━━━━━━━━━━━ 400,000/400,000  [ 0:06:15 < 0:00:00 , 1,066 it/s ]
Training ARS (seed 9/15)
 100% ━━━━━━━━━━━━━━━━━━━━━━━ 26,240/20,000  [ 0:00:01 < 0:00:00 , 11,423 it/s ]
 100% ━━━━━━━━━━━━━━━━━━━━━━ 104,960/53,760  [ 0:00:04 < 0:00:00 , 11,135 it/s ]
 100% ━━━━━━━━━━━━━━━━━━━━━ 419,840/268,800  [ 0:00:25 < 0:00:00 , 10,055 it/s ]
Training A2C (seed 9/15)
 100% ━━━━━━━━━━━━━━━━━━━━━━━━ 20,000/20,000  [ 0:00:05 < 0:00:00 , 3,835 it/s ]
 100% ━━━━━━━━━━━━━━━━━━━━━━━━ 80,000/80,000  [ 0:00:19 < 0:00:00 , 4,031 it/s ]
 100% ━━━━━━━━━━━━━━━━━━━━━━ 400,000/400,000  [ 0:01:50 < 0:00:00 , 3,452 it/s ]
Training TRPO (seed 9/15)
 100% ━━━━━━━━━━━━━━━━━━━━━━━━ 24,576/20,000  [ 0:00:04 < 0:00:00 , 4,173 it/s ]
 100% ━━━━━━━━━━━━━━━━━━━━━━━━ 81,920/80,000  [ 0:00:18 < 0:00:00 , 4,162 it/s ]
 100% ━━━━━━━━━━━━━━━━━━━━━━ 401,408/400,000  [ 0:01:46 < 0:00:00 , 3,593 it/s ]
Training PPO (seed 9/15)
 100% ━━━━━━━━━━━━━━━━━━━━━━━━ 24,576/20,000  [ 0:00:07 < 0:00:00 , 2,143 it/s ]
 100% ━━━━━━━━━━━━━━━━━━━━━━━━ 81,920/80,000  [ 0:00:32 < 0:00:00 , 2,334 it/s ]
 100% ━━━━━━━━━━━━━━━━━━━━━━ 401,408/400,000  [ 0:02:52 < 0:00:00 , 2,360 it/s ]
Training DQN (seed 10/15)
 100% ━━━━━━━━━━━━━━━━━━━━━━━━ 20,000/20,000  [ 0:00:03 < 0:00:00 , 5,428 it/s ]
 100% ━━━━━━━━━━━━━━━━━━━━━━━━ 80,000/80,000  [ 0:00:15 < 0:00:00 , 5,048 it/s ]
 100% ━━━━━━━━━━━━━━━━━━━━━━ 400,000/400,000  [ 0:01:20 < 0:00:00 , 4,897 it/s ]
Training QRDQN (seed 10/15)
 100% ━━━━━━━━━━━━━━━━━━━━━━━━━━ 20,000/20,000  [ 0:00:20 < 0:00:00 , 972 it/s ]
 100% ━━━━━━━━━━━━━━━━━━━━━━━━━━ 80,000/80,000  [ 0:01:24 < 0:00:00 , 984 it/s ]
 100% ━━━━━━━━━━━━━━━━━━━━━━━━ 400,000/400,000  [ 0:07:05 < 0:00:00 , 963 it/s ]
Training ARS (seed 10/15)
 100% ━━━━━━━━━━━━━━━━━━━━━━━ 26,240/20,000  [ 0:00:01 < 0:00:00 , 10,323 it/s ]
 100% ━━━━━━━━━━━━━━━━━━━━━━ 104,960/53,760  [ 0:00:05 < 0:00:00 , 10,752 it/s ]
 100% ━━━━━━━━━━━━━━━━━━━━━ 419,840/268,800  [ 0:00:24 < 0:00:00 , 10,795 it/s ]
Training A2C (seed 10/15)
 100% ━━━━━━━━━━━━━━━━━━━━━━━━ 20,000/20,000  [ 0:00:04 < 0:00:00 , 4,473 it/s ]
 100% ━━━━━━━━━━━━━━━━━━━━━━━━ 80,000/80,000  [ 0:00:20 < 0:00:00 , 3,902 it/s ]
 100% ━━━━━━━━━━━━━━━━━━━━━━ 400,000/400,000  [ 0:01:43 < 0:00:00 , 3,741 it/s ]
Training TRPO (seed 10/15)
 100% ━━━━━━━━━━━━━━━━━━━━━━━━ 24,576/20,000  [ 0:00:04 < 0:00:00 , 3,871 it/s ]
 100% ━━━━━━━━━━━━━━━━━━━━━━━━ 81,920/80,000  [ 0:00:18 < 0:00:00 , 4,165 it/s ]
 100% ━━━━━━━━━━━━━━━━━━━━━━ 401,408/400,000  [ 0:01:46 < 0:00:00 , 3,559 it/s ]
Training PPO (seed 10/15)
 100% ━━━━━━━━━━━━━━━━━━━━━━━━ 24,576/20,000  [ 0:00:07 < 0:00:00 , 2,314 it/s ]
 100% ━━━━━━━━━━━━━━━━━━━━━━━━ 81,920/80,000  [ 0:00:32 < 0:00:00 , 2,279 it/s ]
 100% ━━━━━━━━━━━━━━━━━━━━━━ 401,408/400,000  [ 0:02:52 < 0:00:00 , 2,240 it/s ]
Training DQN (seed 11/15)
 100% ━━━━━━━━━━━━━━━━━━━━━━━━ 20,000/20,000  [ 0:00:03 < 0:00:00 , 5,348 it/s ]
 100% ━━━━━━━━━━━━━━━━━━━━━━━━ 80,000/80,000  [ 0:00:15 < 0:00:00 , 5,022 it/s ]
 100% ━━━━━━━━━━━━━━━━━━━━━━ 400,000/400,000  [ 0:01:21 < 0:00:00 , 4,787 it/s ]
Training QRDQN (seed 11/15)
 100% ━━━━━━━━━━━━━━━━━━━━━━━━ 20,000/20,000  [ 0:00:18 < 0:00:00 , 1,067 it/s ]
 100% ━━━━━━━━━━━━━━━━━━━━━━━━ 80,000/80,000  [ 0:01:16 < 0:00:00 , 1,033 it/s ]
 100% ━━━━━━━━━━━━━━━━━━━━━━ 400,000/400,000  [ 0:06:20 < 0:00:00 , 1,030 it/s ]
Training ARS (seed 11/15)
 100% ━━━━━━━━━━━━━━━━━━━━━━━ 26,240/20,000  [ 0:00:01 < 0:00:00 , 11,374 it/s ]
 100% ━━━━━━━━━━━━━━━━━━━━━━ 104,960/53,760  [ 0:00:04 < 0:00:00 , 10,910 it/s ]
 100% ━━━━━━━━━━━━━━━━━━━━━ 419,840/268,800  [ 0:00:25 < 0:00:00 , 10,042 it/s ]
Training A2C (seed 11/15)
 100% ━━━━━━━━━━━━━━━━━━━━━━━━ 20,000/20,000  [ 0:00:05 < 0:00:00 , 3,787 it/s ]
 100% ━━━━━━━━━━━━━━━━━━━━━━━━ 80,000/80,000  [ 0:00:19 < 0:00:00 , 4,153 it/s ]
 100% ━━━━━━━━━━━━━━━━━━━━━━ 400,000/400,000  [ 0:01:45 < 0:00:00 , 3,580 it/s ]
Training TRPO (seed 11/15)
 100% ━━━━━━━━━━━━━━━━━━━━━━━━ 24,576/20,000  [ 0:00:04 < 0:00:00 , 4,310 it/s ]
 100% ━━━━━━━━━━━━━━━━━━━━━━━━ 81,920/80,000  [ 0:00:18 < 0:00:00 , 4,200 it/s ]
 100% ━━━━━━━━━━━━━━━━━━━━━━ 401,408/400,000  [ 0:01:43 < 0:00:00 , 3,820 it/s ]
Training PPO (seed 11/15)
 100% ━━━━━━━━━━━━━━━━━━━━━━━━ 24,576/20,000  [ 0:00:08 < 0:00:00 , 1,978 it/s ]
 100% ━━━━━━━━━━━━━━━━━━━━━━━━ 81,920/80,000  [ 0:00:31 < 0:00:00 , 2,380 it/s ]
 100% ━━━━━━━━━━━━━━━━━━━━━━ 401,408/400,000  [ 0:02:52 < 0:00:00 , 2,319 it/s ]
Training DQN (seed 12/15)
 100% ━━━━━━━━━━━━━━━━━━━━━━━━ 20,000/20,000  [ 0:00:04 < 0:00:00 , 4,886 it/s ]
 100% ━━━━━━━━━━━━━━━━━━━━━━━━ 80,000/80,000  [ 0:00:17 < 0:00:00 , 4,476 it/s ]
 100% ━━━━━━━━━━━━━━━━━━━━━━ 400,000/400,000  [ 0:01:22 < 0:00:00 , 4,867 it/s ]
Training QRDQN (seed 12/15)
 100% ━━━━━━━━━━━━━━━━━━━━━━━━ 20,000/20,000  [ 0:00:19 < 0:00:00 , 1,038 it/s ]
 100% ━━━━━━━━━━━━━━━━━━━━━━━━━━ 80,000/80,000  [ 0:01:25 < 0:00:00 , 976 it/s ]
 100% ━━━━━━━━━━━━━━━━━━━━━━━━ 400,000/400,000  [ 0:06:53 < 0:00:00 , 980 it/s ]
Training ARS (seed 12/15)
 100% ━━━━━━━━━━━━━━━━━━━━━━━ 26,240/20,000  [ 0:00:01 < 0:00:00 , 11,703 it/s ]
 100% ━━━━━━━━━━━━━━━━━━━━━━ 104,960/53,760  [ 0:00:05 < 0:00:00 , 10,785 it/s ]
 100% ━━━━━━━━━━━━━━━━━━━━━ 419,840/268,800  [ 0:00:24 < 0:00:00 , 11,134 it/s ]
Training A2C (seed 12/15)
 100% ━━━━━━━━━━━━━━━━━━━━━━━━ 20,000/20,000  [ 0:00:04 < 0:00:00 , 4,468 it/s ]
 100% ━━━━━━━━━━━━━━━━━━━━━━━━ 80,000/80,000  [ 0:00:20 < 0:00:00 , 3,981 it/s ]
 100% ━━━━━━━━━━━━━━━━━━━━━━ 400,000/400,000  [ 0:01:52 < 0:00:00 , 3,668 it/s ]
Training TRPO (seed 12/15)
 100% ━━━━━━━━━━━━━━━━━━━━━━━━ 24,576/20,000  [ 0:00:04 < 0:00:00 , 4,224 it/s ]
 100% ━━━━━━━━━━━━━━━━━━━━━━━━ 81,920/80,000  [ 0:00:18 < 0:00:00 , 4,048 it/s ]
 100% ━━━━━━━━━━━━━━━━━━━━━━ 401,408/400,000  [ 0:01:43 < 0:00:00 , 3,758 it/s ]
Training PPO (seed 12/15)
 100% ━━━━━━━━━━━━━━━━━━━━━━━━ 24,576/20,000  [ 0:00:07 < 0:00:00 , 2,406 it/s ]
 100% ━━━━━━━━━━━━━━━━━━━━━━━━ 81,920/80,000  [ 0:00:33 < 0:00:00 , 2,257 it/s ]
 100% ━━━━━━━━━━━━━━━━━━━━━━ 401,408/400,000  [ 0:02:45 < 0:00:00 , 2,465 it/s ]
Training DQN (seed 13/15)
 100% ━━━━━━━━━━━━━━━━━━━━━━━━ 20,000/20,000  [ 0:00:03 < 0:00:00 , 5,523 it/s ]
 100% ━━━━━━━━━━━━━━━━━━━━━━━━ 80,000/80,000  [ 0:00:14 < 0:00:00 , 5,347 it/s ]
 100% ━━━━━━━━━━━━━━━━━━━━━━ 400,000/400,000  [ 0:01:21 < 0:00:00 , 4,825 it/s ]
Training QRDQN (seed 13/15)
 100% ━━━━━━━━━━━━━━━━━━━━━━━━ 20,000/20,000  [ 0:00:18 < 0:00:00 , 1,058 it/s ]
 100% ━━━━━━━━━━━━━━━━━━━━━━━━ 80,000/80,000  [ 0:01:21 < 0:00:00 , 1,003 it/s ]
 100% ━━━━━━━━━━━━━━━━━━━━━━ 400,000/400,000  [ 0:06:24 < 0:00:00 , 1,114 it/s ]
Training ARS (seed 13/15)
 100% ━━━━━━━━━━━━━━━━━━━━━━━ 26,240/20,000  [ 0:00:01 < 0:00:00 , 11,356 it/s ]
 100% ━━━━━━━━━━━━━━━━━━━━━━ 104,960/53,760  [ 0:00:04 < 0:00:00 , 11,315 it/s ]
 100% ━━━━━━━━━━━━━━━━━━━━━ 419,840/268,800  [ 0:00:25 < 0:00:00 , 10,288 it/s ]
Training A2C (seed 13/15)
 100% ━━━━━━━━━━━━━━━━━━━━━━━━ 20,000/20,000  [ 0:00:04 < 0:00:00 , 4,775 it/s ]
 100% ━━━━━━━━━━━━━━━━━━━━━━━━ 80,000/80,000  [ 0:00:19 < 0:00:00 , 4,119 it/s ]
 100% ━━━━━━━━━━━━━━━━━━━━━━ 400,000/400,000  [ 0:01:48 < 0:00:00 , 3,594 it/s ]
Training TRPO (seed 13/15)
 100% ━━━━━━━━━━━━━━━━━━━━━━━━ 24,576/20,000  [ 0:00:04 < 0:00:00 , 4,365 it/s ]
 100% ━━━━━━━━━━━━━━━━━━━━━━━━ 81,920/80,000  [ 0:00:33 < 0:00:00 , 2,049 it/s ]
 100% ━━━━━━━━━━━━━━━━━━━━━━ 401,408/400,000  [ 0:01:43 < 0:00:00 , 3,753 it/s ]
Training PPO (seed 13/15)
 100% ━━━━━━━━━━━━━━━━━━━━━━━━ 24,576/20,000  [ 0:00:07 < 0:00:00 , 2,307 it/s ]
 100% ━━━━━━━━━━━━━━━━━━━━━━━━ 81,920/80,000  [ 0:00:30 < 0:00:00 , 2,465 it/s ]
 100% ━━━━━━━━━━━━━━━━━━━━━━ 401,408/400,000  [ 0:02:40 < 0:00:00 , 2,286 it/s ]
Training DQN (seed 14/15)
 100% ━━━━━━━━━━━━━━━━━━━━━━━━ 20,000/20,000  [ 0:00:03 < 0:00:00 , 5,758 it/s ]
 100% ━━━━━━━━━━━━━━━━━━━━━━━━ 80,000/80,000  [ 0:00:16 < 0:00:00 , 4,836 it/s ]
 100% ━━━━━━━━━━━━━━━━━━━━━━ 400,000/400,000  [ 0:01:19 < 0:00:00 , 5,046 it/s ]
Training QRDQN (seed 14/15)
 100% ━━━━━━━━━━━━━━━━━━━━━━━━ 20,000/20,000  [ 0:00:18 < 0:00:00 , 1,058 it/s ]
 100% ━━━━━━━━━━━━━━━━━━━━━━━━━━ 80,000/80,000  [ 0:01:19 < 0:00:00 , 963 it/s ]
 100% ━━━━━━━━━━━━━━━━━━━━━━━━ 400,000/400,000  [ 0:07:01 < 0:00:00 , 923 it/s ]
Training ARS (seed 14/15)
 100% ━━━━━━━━━━━━━━━━━━━━━━━ 26,240/20,000  [ 0:00:01 < 0:00:00 , 12,089 it/s ]
 100% ━━━━━━━━━━━━━━━━━━━━━━ 104,960/53,760  [ 0:00:04 < 0:00:00 , 11,292 it/s ]
 100% ━━━━━━━━━━━━━━━━━━━━━━ 419,840/268,800  [ 0:00:26 < 0:00:00 , 9,958 it/s ]
Training A2C (seed 14/15)
 100% ━━━━━━━━━━━━━━━━━━━━━━━━ 20,000/20,000  [ 0:00:04 < 0:00:00 , 4,186 it/s ]
 100% ━━━━━━━━━━━━━━━━━━━━━━━━ 80,000/80,000  [ 0:00:22 < 0:00:00 , 3,596 it/s ]
 100% ━━━━━━━━━━━━━━━━━━━━━━ 400,000/400,000  [ 0:01:59 < 0:00:00 , 3,184 it/s ]
Training TRPO (seed 14/15)
 100% ━━━━━━━━━━━━━━━━━━━━━━━━ 24,576/20,000  [ 0:00:04 < 0:00:00 , 4,079 it/s ]
 100% ━━━━━━━━━━━━━━━━━━━━━━━━ 81,920/80,000  [ 0:00:19 < 0:00:00 , 3,979 it/s ]
 100% ━━━━━━━━━━━━━━━━━━━━━━ 401,408/400,000  [ 0:01:48 < 0:00:00 , 3,674 it/s ]
Training PPO (seed 14/15)
 100% ━━━━━━━━━━━━━━━━━━━━━━━━ 24,576/20,000  [ 0:00:07 < 0:00:00 , 2,158 it/s ]
 100% ━━━━━━━━━━━━━━━━━━━━━━━━ 81,920/80,000  [ 0:00:33 < 0:00:00 , 2,320 it/s ]
 100% ━━━━━━━━━━━━━━━━━━━━━━ 401,408/400,000  [ 0:02:49 < 0:00:00 , 2,221 it/s ]
Training DQN (seed 15/15)
 100% ━━━━━━━━━━━━━━━━━━━━━━━━ 20,000/20,000  [ 0:00:03 < 0:00:00 , 5,327 it/s ]
 100% ━━━━━━━━━━━━━━━━━━━━━━━━ 80,000/80,000  [ 0:00:16 < 0:00:00 , 4,924 it/s ]
 100% ━━━━━━━━━━━━━━━━━━━━━━ 400,000/400,000  [ 0:01:22 < 0:00:00 , 4,715 it/s ]
Training QRDQN (seed 15/15)
 100% ━━━━━━━━━━━━━━━━━━━━━━━━ 20,000/20,000  [ 0:00:19 < 0:00:00 , 1,032 it/s ]
 100% ━━━━━━━━━━━━━━━━━━━━━━━━━━ 80,000/80,000  [ 0:01:23 < 0:00:00 , 926 it/s ]
 100% ━━━━━━━━━━━━━━━━━━━━━━━━ 400,000/400,000  [ 0:06:39 < 0:00:00 , 997 it/s ]
Training ARS (seed 15/15)
 100% ━━━━━━━━━━━━━━━━━━━━━━━ 26,240/20,000  [ 0:00:01 < 0:00:00 , 11,117 it/s ]
 100% ━━━━━━━━━━━━━━━━━━━━━━ 104,960/53,760  [ 0:00:04 < 0:00:00 , 11,166 it/s ]
 100% ━━━━━━━━━━━━━━━━━━━━━ 419,840/268,800  [ 0:00:23 < 0:00:00 , 11,199 it/s ]
Training A2C (seed 15/15)
 100% ━━━━━━━━━━━━━━━━━━━━━━━━ 20,000/20,000  [ 0:00:04 < 0:00:00 , 4,479 it/s ]
 100% ━━━━━━━━━━━━━━━━━━━━━━━━ 80,000/80,000  [ 0:00:19 < 0:00:00 , 4,143 it/s ]
 100% ━━━━━━━━━━━━━━━━━━━━━━ 400,000/400,000  [ 0:01:40 < 0:00:00 , 3,801 it/s ]
Training TRPO (seed 15/15)
 100% ━━━━━━━━━━━━━━━━━━━━━━━━ 24,576/20,000  [ 0:00:04 < 0:00:00 , 4,233 it/s ]
 100% ━━━━━━━━━━━━━━━━━━━━━━━━ 81,920/80,000  [ 0:00:18 < 0:00:00 , 4,184 it/s ]
 100% ━━━━━━━━━━━━━━━━━━━━━━ 401,408/400,000  [ 0:01:46 < 0:00:00 , 3,594 it/s ]
Training PPO (seed 15/15)
 100% ━━━━━━━━━━━━━━━━━━━━━━━━ 24,576/20,000  [ 0:00:08 < 0:00:00 , 2,082 it/s ]
 100% ━━━━━━━━━━━━━━━━━━━━━━━━ 81,920/80,000  [ 0:00:31 < 0:00:00 , 2,208 it/s ]
 100% ━━━━━━━━━━━━━━━━━━━━━━ 401,408/400,000  [ 0:02:51 < 0:00:00 , 2,366 it/s ]

============================= JOB FEEDBACK =============================

NodeName=uc3n019
Job ID: 4788241
Array Job ID: 4786824_52
Cluster: uc3
User/Group: ma_fablange/ma_ma
State: COMPLETED (exit code 0)
Nodes: 1
Cores per node: 2
CPU Utilized: 04:46:02
CPU Efficiency: 47.98% of 09:56:08 core-walltime
Job Wall-clock time: 04:58:04
Memory Utilized: 872.41 MB
Memory Efficiency: 8.52% of 10.00 GB (10.00 GB/node)
