Using Gurobi license file: /scratch/slurm_tmpdir/job_4801090/gurobi_4801090_5/gurobi.lic (license index=0, LICENSEID=2817305)
Gurobi preflight: GRB_LICENSE_FILE=/scratch/slurm_tmpdir/job_4801090/gurobi_4801090_5/gurobi.lic, exists=True, WLSACCESSID=9f1b...dedb, LICENSEID=2817305
Running task_id=5 with HIGH_SENSITIVITY=False, GT_MODEL=MMNL_2PT, TRAIN_ON_ALL_SETS=False, LARGE_PRODUCT_SET=True
[efficient_sets] Registered pending marker: /pfs/data6/home/ma/ma_ma/ma_fablange/RL_Dynamic_Choice_RM/src/slurm/.gurobi_slots_license_2817305/effsets_pending/task_5
scipy estimation data: obs=9576, alts=101, memory=7.39 MiB
scipy estimation mode: raw prices, beta_bounds=(-0.05, -1e-07), purchase_rate|arrival=0.9604
[efficient_sets] Waiting for Gurobi slot (max concurrent: 2)
[efficient_sets] Acquired Gurobi slot 2
Set parameter WLSAccessID
Set parameter WLSSecret
Set parameter LicenseID to value 2817305
Academic license 2817305 - for non-commercial use only - registered to fa___@uni-mannheim.de
[efficient_sets] Disposed Gurobi default environment
[efficient_sets] Released Gurobi slot 2
[efficient_sets] Removed pending marker: /pfs/data6/home/ma/ma_ma/ma_fablange/RL_Dynamic_Choice_RM/src/slurm/.gurobi_slots_license_2817305/effsets_pending/task_5
Training DQN (seed 1/15)
 100% ━━━━━━━━━━━━━━━━━━━━━━━━ 20,000/20,000  [ 0:00:03 < 0:00:00 , 5,324 it/s ]
 100% ━━━━━━━━━━━━━━━━━━━━━━━━ 80,000/80,000  [ 0:00:15 < 0:00:00 , 5,329 it/s ]
 100% ━━━━━━━━━━━━━━━━━━━━━━ 400,000/400,000  [ 0:01:14 < 0:00:00 , 5,334 it/s ]
Training QRDQN (seed 1/15)
 100% ━━━━━━━━━━━━━━━━━━━━━━━━━━ 20,000/20,000  [ 0:00:23 < 0:00:00 , 864 it/s ]
 100% ━━━━━━━━━━━━━━━━━━━━━━━━━━ 80,000/80,000  [ 0:01:30 < 0:00:00 , 914 it/s ]
 100% ━━━━━━━━━━━━━━━━━━━━━━━━ 400,000/400,000  [ 0:07:53 < 0:00:00 , 842 it/s ]
Training ARS (seed 1/15)
 100% ━━━━━━━━━━━━━━━━━━━━━━━━ 26,208/20,000  [ 0:00:02 < 0:00:00 , 9,591 it/s ]
 100% ━━━━━━━━━━━━━━━━━━━━━━━ 104,104/53,792  [ 0:00:05 < 0:00:00 , 9,574 it/s ]
 100% ━━━━━━━━━━━━━━━━━━━━━━ 414,176/269,688  [ 0:00:28 < 0:00:00 , 9,538 it/s ]
Training A2C (seed 1/15)
 100% ━━━━━━━━━━━━━━━━━━━━━━━━ 20,000/20,000  [ 0:00:04 < 0:00:00 , 4,489 it/s ]
 100% ━━━━━━━━━━━━━━━━━━━━━━━━ 80,000/80,000  [ 0:00:17 < 0:00:00 , 4,485 it/s ]
 100% ━━━━━━━━━━━━━━━━━━━━━━ 400,000/400,000  [ 0:01:32 < 0:00:00 , 4,240 it/s ]
Training TRPO (seed 1/15)
 100% ━━━━━━━━━━━━━━━━━━━━━━━━ 24,576/20,000  [ 0:00:05 < 0:00:00 , 3,427 it/s ]
 100% ━━━━━━━━━━━━━━━━━━━━━━━━ 81,920/80,000  [ 0:00:21 < 0:00:00 , 3,535 it/s ]
 100% ━━━━━━━━━━━━━━━━━━━━━━ 401,408/400,000  [ 0:01:55 < 0:00:00 , 3,349 it/s ]
Training PPO (seed 1/15)
 100% ━━━━━━━━━━━━━━━━━━━━━━━━ 24,576/20,000  [ 0:00:07 < 0:00:00 , 2,286 it/s ]
 100% ━━━━━━━━━━━━━━━━━━━━━━━━ 81,920/80,000  [ 0:00:32 < 0:00:00 , 2,316 it/s ]
 100% ━━━━━━━━━━━━━━━━━━━━━━ 401,408/400,000  [ 0:02:51 < 0:00:00 , 2,165 it/s ]
Training DQN (seed 2/15)
 100% ━━━━━━━━━━━━━━━━━━━━━━━━ 20,000/20,000  [ 0:00:03 < 0:00:00 , 5,326 it/s ]
 100% ━━━━━━━━━━━━━━━━━━━━━━━━ 80,000/80,000  [ 0:00:14 < 0:00:00 , 5,336 it/s ]
 100% ━━━━━━━━━━━━━━━━━━━━━━ 400,000/400,000  [ 0:01:15 < 0:00:00 , 5,319 it/s ]
Training QRDQN (seed 2/15)
 100% ━━━━━━━━━━━━━━━━━━━━━━━━ 20,000/20,000  [ 0:00:18 < 0:00:00 , 1,063 it/s ]
 100% ━━━━━━━━━━━━━━━━━━━━━━━━ 80,000/80,000  [ 0:01:15 < 0:00:00 , 1,055 it/s ]
 100% ━━━━━━━━━━━━━━━━━━━━━━ 400,000/400,000  [ 0:06:21 < 0:00:00 , 1,057 it/s ]
Training ARS (seed 2/15)
 100% ━━━━━━━━━━━━━━━━━━━━━━━━ 26,000/20,000  [ 0:00:02 < 0:00:00 , 9,496 it/s ]
 100% ━━━━━━━━━━━━━━━━━━━━━━━ 104,200/54,000  [ 0:00:05 < 0:00:00 , 9,539 it/s ]
 100% ━━━━━━━━━━━━━━━━━━━━━━ 413,796/269,800  [ 0:00:28 < 0:00:00 , 9,576 it/s ]
Training A2C (seed 2/15)
 100% ━━━━━━━━━━━━━━━━━━━━━━━━ 20,000/20,000  [ 0:00:04 < 0:00:00 , 4,474 it/s ]
 100% ━━━━━━━━━━━━━━━━━━━━━━━━ 80,000/80,000  [ 0:00:17 < 0:00:00 , 4,481 it/s ]
 100% ━━━━━━━━━━━━━━━━━━━━━━ 400,000/400,000  [ 0:01:32 < 0:00:00 , 4,189 it/s ]
Training TRPO (seed 2/15)
 100% ━━━━━━━━━━━━━━━━━━━━━━━━ 24,576/20,000  [ 0:00:05 < 0:00:00 , 3,403 it/s ]
 100% ━━━━━━━━━━━━━━━━━━━━━━━━ 81,920/80,000  [ 0:00:21 < 0:00:00 , 3,492 it/s ]
 100% ━━━━━━━━━━━━━━━━━━━━━━ 401,408/400,000  [ 0:01:57 < 0:00:00 , 3,313 it/s ]
Training PPO (seed 2/15)
 100% ━━━━━━━━━━━━━━━━━━━━━━━━ 24,576/20,000  [ 0:00:07 < 0:00:00 , 2,271 it/s ]
 100% ━━━━━━━━━━━━━━━━━━━━━━━━ 81,920/80,000  [ 0:00:32 < 0:00:00 , 2,304 it/s ]
 100% ━━━━━━━━━━━━━━━━━━━━━━ 401,408/400,000  [ 0:02:52 < 0:00:00 , 2,058 it/s ]
Training DQN (seed 3/15)
 100% ━━━━━━━━━━━━━━━━━━━━━━━━ 20,000/20,000  [ 0:00:03 < 0:00:00 , 5,342 it/s ]
 100% ━━━━━━━━━━━━━━━━━━━━━━━━ 80,000/80,000  [ 0:00:14 < 0:00:00 , 5,358 it/s ]
 100% ━━━━━━━━━━━━━━━━━━━━━━ 400,000/400,000  [ 0:01:14 < 0:00:00 , 5,342 it/s ]
Training QRDQN (seed 3/15)
 100% ━━━━━━━━━━━━━━━━━━━━━━━━ 20,000/20,000  [ 0:00:19 < 0:00:00 , 1,003 it/s ]
 100% ━━━━━━━━━━━━━━━━━━━━━━━━━━ 80,000/80,000  [ 0:01:21 < 0:00:00 , 989 it/s ]
 100% ━━━━━━━━━━━━━━━━━━━━━━━━ 400,000/400,000  [ 0:06:43 < 0:00:00 , 994 it/s ]
Training ARS (seed 3/15)
 100% ━━━━━━━━━━━━━━━━━━━━━━━━ 25,952/20,000  [ 0:00:02 < 0:00:00 , 9,260 it/s ]
 100% ━━━━━━━━━━━━━━━━━━━━━━━ 103,476/54,048  [ 0:00:05 < 0:00:00 , 9,581 it/s ]
 100% ━━━━━━━━━━━━━━━━━━━━━━ 415,896/270,572  [ 0:00:28 < 0:00:00 , 9,579 it/s ]
Training A2C (seed 3/15)
 100% ━━━━━━━━━━━━━━━━━━━━━━━━ 20,000/20,000  [ 0:00:04 < 0:00:00 , 4,437 it/s ]
 100% ━━━━━━━━━━━━━━━━━━━━━━━━ 80,000/80,000  [ 0:00:17 < 0:00:00 , 4,484 it/s ]
 100% ━━━━━━━━━━━━━━━━━━━━━━ 400,000/400,000  [ 0:01:32 < 0:00:00 , 4,223 it/s ]
Training TRPO (seed 3/15)
 100% ━━━━━━━━━━━━━━━━━━━━━━━━ 24,576/20,000  [ 0:00:05 < 0:00:00 , 3,389 it/s ]
 100% ━━━━━━━━━━━━━━━━━━━━━━━━ 81,920/80,000  [ 0:00:21 < 0:00:00 , 3,485 it/s ]
 100% ━━━━━━━━━━━━━━━━━━━━━━ 401,408/400,000  [ 0:01:56 < 0:00:00 , 3,370 it/s ]
Training PPO (seed 3/15)
 100% ━━━━━━━━━━━━━━━━━━━━━━━━ 24,576/20,000  [ 0:00:07 < 0:00:00 , 2,275 it/s ]
 100% ━━━━━━━━━━━━━━━━━━━━━━━━ 81,920/80,000  [ 0:00:32 < 0:00:00 , 2,300 it/s ]
 100% ━━━━━━━━━━━━━━━━━━━━━━ 401,408/400,000  [ 0:02:52 < 0:00:00 , 2,114 it/s ]
Training DQN (seed 4/15)
 100% ━━━━━━━━━━━━━━━━━━━━━━━━ 20,000/20,000  [ 0:00:03 < 0:00:00 , 5,333 it/s ]
 100% ━━━━━━━━━━━━━━━━━━━━━━━━ 80,000/80,000  [ 0:00:14 < 0:00:00 , 5,339 it/s ]
 100% ━━━━━━━━━━━━━━━━━━━━━━ 400,000/400,000  [ 0:01:15 < 0:00:00 , 5,288 it/s ]
Training QRDQN (seed 4/15)
 100% ━━━━━━━━━━━━━━━━━━━━━━━━━━ 20,000/20,000  [ 0:00:19 < 0:00:00 , 997 it/s ]
 100% ━━━━━━━━━━━━━━━━━━━━━━━━━━ 80,000/80,000  [ 0:01:21 < 0:00:00 , 986 it/s ]
 100% ━━━━━━━━━━━━━━━━━━━━━━━━ 400,000/400,000  [ 0:06:43 < 0:00:00 , 994 it/s ]
Training ARS (seed 4/15)
 100% ━━━━━━━━━━━━━━━━━━━━━━━━ 26,240/20,000  [ 0:00:02 < 0:00:00 , 9,628 it/s ]
 100% ━━━━━━━━━━━━━━━━━━━━━━━ 104,192/53,760  [ 0:00:05 < 0:00:00 , 9,640 it/s ]
 100% ━━━━━━━━━━━━━━━━━━━━━━ 415,244/269,568  [ 0:00:28 < 0:00:00 , 9,607 it/s ]
Training A2C (seed 4/15)
 100% ━━━━━━━━━━━━━━━━━━━━━━━━ 20,000/20,000  [ 0:00:04 < 0:00:00 , 4,492 it/s ]
 100% ━━━━━━━━━━━━━━━━━━━━━━━━ 80,000/80,000  [ 0:00:17 < 0:00:00 , 4,484 it/s ]
 100% ━━━━━━━━━━━━━━━━━━━━━━ 400,000/400,000  [ 0:01:32 < 0:00:00 , 4,233 it/s ]
Training TRPO (seed 4/15)
 100% ━━━━━━━━━━━━━━━━━━━━━━━━ 24,576/20,000  [ 0:00:05 < 0:00:00 , 3,429 it/s ]
 100% ━━━━━━━━━━━━━━━━━━━━━━━━ 81,920/80,000  [ 0:00:21 < 0:00:00 , 3,490 it/s ]
 100% ━━━━━━━━━━━━━━━━━━━━━━ 401,408/400,000  [ 0:01:57 < 0:00:00 , 3,270 it/s ]
Training PPO (seed 4/15)
 100% ━━━━━━━━━━━━━━━━━━━━━━━━ 24,576/20,000  [ 0:00:07 < 0:00:00 , 2,290 it/s ]
 100% ━━━━━━━━━━━━━━━━━━━━━━━━ 81,920/80,000  [ 0:00:32 < 0:00:00 , 2,337 it/s ]
 100% ━━━━━━━━━━━━━━━━━━━━━━ 401,408/400,000  [ 0:02:50 < 0:00:00 , 2,188 it/s ]
Training DQN (seed 5/15)
 100% ━━━━━━━━━━━━━━━━━━━━━━━━ 20,000/20,000  [ 0:00:03 < 0:00:00 , 5,424 it/s ]
 100% ━━━━━━━━━━━━━━━━━━━━━━━━ 80,000/80,000  [ 0:00:14 < 0:00:00 , 5,448 it/s ]
 100% ━━━━━━━━━━━━━━━━━━━━━━ 400,000/400,000  [ 0:01:13 < 0:00:00 , 5,417 it/s ]
Training QRDQN (seed 5/15)
 100% ━━━━━━━━━━━━━━━━━━━━━━━━ 20,000/20,000  [ 0:00:19 < 0:00:00 , 1,029 it/s ]
 100% ━━━━━━━━━━━━━━━━━━━━━━━━ 80,000/80,000  [ 0:01:18 < 0:00:00 , 1,022 it/s ]
 100% ━━━━━━━━━━━━━━━━━━━━━━ 400,000/400,000  [ 0:06:30 < 0:00:00 , 1,017 it/s ]
Training ARS (seed 5/15)
 100% ━━━━━━━━━━━━━━━━━━━━━━━━ 25,848/20,000  [ 0:00:02 < 0:00:00 , 9,696 it/s ]
 100% ━━━━━━━━━━━━━━━━━━━━━━━ 104,072/54,152  [ 0:00:05 < 0:00:00 , 9,712 it/s ]
 100% ━━━━━━━━━━━━━━━━━━━━━━ 416,476/270,080  [ 0:00:27 < 0:00:00 , 9,743 it/s ]
Training A2C (seed 5/15)
 100% ━━━━━━━━━━━━━━━━━━━━━━━━ 20,000/20,000  [ 0:00:04 < 0:00:00 , 4,561 it/s ]
 100% ━━━━━━━━━━━━━━━━━━━━━━━━ 80,000/80,000  [ 0:00:17 < 0:00:00 , 4,550 it/s ]
 100% ━━━━━━━━━━━━━━━━━━━━━━ 400,000/400,000  [ 0:01:31 < 0:00:00 , 4,252 it/s ]
Training TRPO (seed 5/15)
 100% ━━━━━━━━━━━━━━━━━━━━━━━━ 24,576/20,000  [ 0:00:05 < 0:00:00 , 3,358 it/s ]
 100% ━━━━━━━━━━━━━━━━━━━━━━━━ 81,920/80,000  [ 0:00:21 < 0:00:00 , 3,492 it/s ]
 100% ━━━━━━━━━━━━━━━━━━━━━━ 401,408/400,000  [ 0:01:57 < 0:00:00 , 3,282 it/s ]
Training PPO (seed 5/15)
 100% ━━━━━━━━━━━━━━━━━━━━━━━━ 24,576/20,000  [ 0:00:07 < 0:00:00 , 2,298 it/s ]
 100% ━━━━━━━━━━━━━━━━━━━━━━━━ 81,920/80,000  [ 0:00:32 < 0:00:00 , 2,340 it/s ]
 100% ━━━━━━━━━━━━━━━━━━━━━━ 401,408/400,000  [ 0:02:50 < 0:00:00 , 2,185 it/s ]
Training DQN (seed 6/15)
 100% ━━━━━━━━━━━━━━━━━━━━━━━━ 20,000/20,000  [ 0:00:03 < 0:00:00 , 5,379 it/s ]
 100% ━━━━━━━━━━━━━━━━━━━━━━━━ 80,000/80,000  [ 0:00:14 < 0:00:00 , 5,392 it/s ]
 100% ━━━━━━━━━━━━━━━━━━━━━━ 400,000/400,000  [ 0:01:14 < 0:00:00 , 5,389 it/s ]
Training QRDQN (seed 6/15)
 100% ━━━━━━━━━━━━━━━━━━━━━━━━ 20,000/20,000  [ 0:00:19 < 0:00:00 , 1,001 it/s ]
 100% ━━━━━━━━━━━━━━━━━━━━━━━━━━ 80,000/80,000  [ 0:01:20 < 0:00:00 , 995 it/s ]
 100% ━━━━━━━━━━━━━━━━━━━━━━━━ 400,000/400,000  [ 0:06:41 < 0:00:00 , 999 it/s ]
Training ARS (seed 6/15)
 100% ━━━━━━━━━━━━━━━━━━━━━━━━ 26,040/20,000  [ 0:00:02 < 0:00:00 , 9,722 it/s ]
 100% ━━━━━━━━━━━━━━━━━━━━━━━ 103,536/53,960  [ 0:00:05 < 0:00:00 , 9,727 it/s ]
 100% ━━━━━━━━━━━━━━━━━━━━━━ 415,572/270,424  [ 0:00:27 < 0:00:00 , 9,699 it/s ]
Training A2C (seed 6/15)
 100% ━━━━━━━━━━━━━━━━━━━━━━━━ 20,000/20,000  [ 0:00:04 < 0:00:00 , 4,535 it/s ]
 100% ━━━━━━━━━━━━━━━━━━━━━━━━ 80,000/80,000  [ 0:00:17 < 0:00:00 , 4,534 it/s ]
 100% ━━━━━━━━━━━━━━━━━━━━━━ 400,000/400,000  [ 0:01:31 < 0:00:00 , 4,253 it/s ]
Training TRPO (seed 6/15)
 100% ━━━━━━━━━━━━━━━━━━━━━━━━ 24,576/20,000  [ 0:00:05 < 0:00:00 , 3,359 it/s ]
 100% ━━━━━━━━━━━━━━━━━━━━━━━━ 81,920/80,000  [ 0:00:22 < 0:00:00 , 3,444 it/s ]
 100% ━━━━━━━━━━━━━━━━━━━━━━ 401,408/400,000  [ 0:01:57 < 0:00:00 , 3,319 it/s ]
Training PPO (seed 6/15)
 100% ━━━━━━━━━━━━━━━━━━━━━━━━ 24,576/20,000  [ 0:00:07 < 0:00:00 , 2,298 it/s ]
 100% ━━━━━━━━━━━━━━━━━━━━━━━━ 81,920/80,000  [ 0:00:32 < 0:00:00 , 2,572 it/s ]
 100% ━━━━━━━━━━━━━━━━━━━━━━ 401,408/400,000  [ 0:02:50 < 0:00:00 , 2,200 it/s ]
Training DQN (seed 7/15)
 100% ━━━━━━━━━━━━━━━━━━━━━━━━ 20,000/20,000  [ 0:00:03 < 0:00:00 , 5,418 it/s ]
 100% ━━━━━━━━━━━━━━━━━━━━━━━━ 80,000/80,000  [ 0:00:14 < 0:00:00 , 5,408 it/s ]
 100% ━━━━━━━━━━━━━━━━━━━━━━ 400,000/400,000  [ 0:01:13 < 0:00:00 , 5,406 it/s ]
Training QRDQN (seed 7/15)
 100% ━━━━━━━━━━━━━━━━━━━━━━━━ 20,000/20,000  [ 0:00:19 < 0:00:00 , 1,027 it/s ]
 100% ━━━━━━━━━━━━━━━━━━━━━━━━ 80,000/80,000  [ 0:01:18 < 0:00:00 , 1,018 it/s ]
 100% ━━━━━━━━━━━━━━━━━━━━━━ 400,000/400,000  [ 0:06:39 < 0:00:00 , 1,025 it/s ]
Training ARS (seed 7/15)
 100% ━━━━━━━━━━━━━━━━━━━━━━━━ 26,136/20,000  [ 0:00:02 < 0:00:00 , 9,718 it/s ]
 100% ━━━━━━━━━━━━━━━━━━━━━━━ 104,204/53,864  [ 0:00:05 < 0:00:00 , 9,721 it/s ]
 100% ━━━━━━━━━━━━━━━━━━━━━━ 415,664/269,660  [ 0:00:28 < 0:00:00 , 9,652 it/s ]
Training A2C (seed 7/15)
 100% ━━━━━━━━━━━━━━━━━━━━━━━━ 20,000/20,000  [ 0:00:04 < 0:00:00 , 4,555 it/s ]
 100% ━━━━━━━━━━━━━━━━━━━━━━━━ 80,000/80,000  [ 0:00:17 < 0:00:00 , 4,542 it/s ]
 100% ━━━━━━━━━━━━━━━━━━━━━━ 400,000/400,000  [ 0:01:31 < 0:00:00 , 4,274 it/s ]
Training TRPO (seed 7/15)
 100% ━━━━━━━━━━━━━━━━━━━━━━━━ 24,576/20,000  [ 0:00:05 < 0:00:00 , 3,379 it/s ]
 100% ━━━━━━━━━━━━━━━━━━━━━━━━ 81,920/80,000  [ 0:00:21 < 0:00:00 , 3,481 it/s ]
 100% ━━━━━━━━━━━━━━━━━━━━━━ 401,408/400,000  [ 0:01:57 < 0:00:00 , 3,317 it/s ]
Training PPO (seed 7/15)
 100% ━━━━━━━━━━━━━━━━━━━━━━━━ 24,576/20,000  [ 0:00:07 < 0:00:00 , 2,298 it/s ]
 100% ━━━━━━━━━━━━━━━━━━━━━━━━ 81,920/80,000  [ 0:00:32 < 0:00:00 , 2,345 it/s ]
 100% ━━━━━━━━━━━━━━━━━━━━━━ 401,408/400,000  [ 0:02:50 < 0:00:00 , 2,175 it/s ]
Training DQN (seed 8/15)
 100% ━━━━━━━━━━━━━━━━━━━━━━━━ 20,000/20,000  [ 0:00:03 < 0:00:00 , 5,392 it/s ]
 100% ━━━━━━━━━━━━━━━━━━━━━━━━ 80,000/80,000  [ 0:00:14 < 0:00:00 , 5,395 it/s ]
 100% ━━━━━━━━━━━━━━━━━━━━━━ 400,000/400,000  [ 0:01:13 < 0:00:00 , 5,413 it/s ]
Training QRDQN (seed 8/15)
 100% ━━━━━━━━━━━━━━━━━━━━━━━━ 20,000/20,000  [ 0:00:19 < 0:00:00 , 1,035 it/s ]
 100% ━━━━━━━━━━━━━━━━━━━━━━━━ 80,000/80,000  [ 0:01:18 < 0:00:00 , 1,023 it/s ]
 100% ━━━━━━━━━━━━━━━━━━━━━━ 400,000/400,000  [ 0:06:30 < 0:00:00 , 1,028 it/s ]
Training ARS (seed 8/15)
 100% ━━━━━━━━━━━━━━━━━━━━━━━━ 26,204/20,000  [ 0:00:02 < 0:00:00 , 9,666 it/s ]
 100% ━━━━━━━━━━━━━━━━━━━━━━━ 104,416/53,796  [ 0:00:05 < 0:00:00 , 9,695 it/s ]
 100% ━━━━━━━━━━━━━━━━━━━━━━ 414,556/269,380  [ 0:00:27 < 0:00:00 , 9,721 it/s ]
Training A2C (seed 8/15)
 100% ━━━━━━━━━━━━━━━━━━━━━━━━ 20,000/20,000  [ 0:00:04 < 0:00:00 , 4,541 it/s ]
 100% ━━━━━━━━━━━━━━━━━━━━━━━━ 80,000/80,000  [ 0:00:17 < 0:00:00 , 4,552 it/s ]
 100% ━━━━━━━━━━━━━━━━━━━━━━ 400,000/400,000  [ 0:01:31 < 0:00:00 , 4,264 it/s ]
Training TRPO (seed 8/15)
 100% ━━━━━━━━━━━━━━━━━━━━━━━━ 24,576/20,000  [ 0:00:05 < 0:00:00 , 3,388 it/s ]
 100% ━━━━━━━━━━━━━━━━━━━━━━━━ 81,920/80,000  [ 0:00:21 < 0:00:00 , 3,491 it/s ]
 100% ━━━━━━━━━━━━━━━━━━━━━━ 401,408/400,000  [ 0:01:56 < 0:00:00 , 3,337 it/s ]
Training PPO (seed 8/15)
 100% ━━━━━━━━━━━━━━━━━━━━━━━━ 24,576/20,000  [ 0:00:07 < 0:00:00 , 2,302 it/s ]
 100% ━━━━━━━━━━━━━━━━━━━━━━━━ 81,920/80,000  [ 0:00:32 < 0:00:00 , 2,345 it/s ]
 100% ━━━━━━━━━━━━━━━━━━━━━━ 401,408/400,000  [ 0:02:50 < 0:00:00 , 2,173 it/s ]
Training DQN (seed 9/15)
 100% ━━━━━━━━━━━━━━━━━━━━━━━━ 20,000/20,000  [ 0:00:03 < 0:00:00 , 5,403 it/s ]
 100% ━━━━━━━━━━━━━━━━━━━━━━━━ 80,000/80,000  [ 0:00:14 < 0:00:00 , 5,401 it/s ]
 100% ━━━━━━━━━━━━━━━━━━━━━━ 400,000/400,000  [ 0:01:14 < 0:00:00 , 5,402 it/s ]
Training QRDQN (seed 9/15)
 100% ━━━━━━━━━━━━━━━━━━━━━━━━ 20,000/20,000  [ 0:00:18 < 0:00:00 , 1,050 it/s ]
 100% ━━━━━━━━━━━━━━━━━━━━━━━━ 80,000/80,000  [ 0:01:16 < 0:00:00 , 1,049 it/s ]
 100% ━━━━━━━━━━━━━━━━━━━━━━ 400,000/400,000  [ 0:06:18 < 0:00:00 , 1,062 it/s ]
Training ARS (seed 9/15)
 100% ━━━━━━━━━━━━━━━━━━━━━━━━ 25,988/20,000  [ 0:00:02 < 0:00:00 , 9,645 it/s ]
 100% ━━━━━━━━━━━━━━━━━━━━━━━ 103,788/54,012  [ 0:00:05 < 0:00:00 , 9,678 it/s ]
 100% ━━━━━━━━━━━━━━━━━━━━━━ 414,220/270,224  [ 0:00:27 < 0:00:00 , 9,677 it/s ]
Training A2C (seed 9/15)
 100% ━━━━━━━━━━━━━━━━━━━━━━━━ 20,000/20,000  [ 0:00:04 < 0:00:00 , 4,537 it/s ]
 100% ━━━━━━━━━━━━━━━━━━━━━━━━ 80,000/80,000  [ 0:00:17 < 0:00:00 , 4,534 it/s ]
 100% ━━━━━━━━━━━━━━━━━━━━━━ 400,000/400,000  [ 0:01:31 < 0:00:00 , 4,252 it/s ]
Training TRPO (seed 9/15)
 100% ━━━━━━━━━━━━━━━━━━━━━━━━ 24,576/20,000  [ 0:00:05 < 0:00:00 , 3,347 it/s ]
 100% ━━━━━━━━━━━━━━━━━━━━━━━━ 81,920/80,000  [ 0:00:22 < 0:00:00 , 3,452 it/s ]
 100% ━━━━━━━━━━━━━━━━━━━━━━ 401,408/400,000  [ 0:01:57 < 0:00:00 , 3,279 it/s ]
Training PPO (seed 9/15)
 100% ━━━━━━━━━━━━━━━━━━━━━━━━ 24,576/20,000  [ 0:00:07 < 0:00:00 , 2,296 it/s ]
 100% ━━━━━━━━━━━━━━━━━━━━━━━━ 81,920/80,000  [ 0:00:32 < 0:00:00 , 2,309 it/s ]
 100% ━━━━━━━━━━━━━━━━━━━━━━ 401,408/400,000  [ 0:02:50 < 0:00:00 , 2,188 it/s ]
Training DQN (seed 10/15)
 100% ━━━━━━━━━━━━━━━━━━━━━━━━ 20,000/20,000  [ 0:00:03 < 0:00:00 , 5,413 it/s ]
 100% ━━━━━━━━━━━━━━━━━━━━━━━━ 80,000/80,000  [ 0:00:14 < 0:00:00 , 5,403 it/s ]
 100% ━━━━━━━━━━━━━━━━━━━━━━ 400,000/400,000  [ 0:01:14 < 0:00:00 , 5,398 it/s ]
Training QRDQN (seed 10/15)
 100% ━━━━━━━━━━━━━━━━━━━━━━━━ 20,000/20,000  [ 0:00:19 < 0:00:00 , 1,011 it/s ]
 100% ━━━━━━━━━━━━━━━━━━━━━━━━ 80,000/80,000  [ 0:01:18 < 0:00:00 , 1,013 it/s ]
 100% ━━━━━━━━━━━━━━━━━━━━━━ 400,000/400,000  [ 0:06:31 < 0:00:00 , 1,021 it/s ]
Training ARS (seed 10/15)
 100% ━━━━━━━━━━━━━━━━━━━━━━━━ 26,148/20,000  [ 0:00:02 < 0:00:00 , 9,658 it/s ]
 100% ━━━━━━━━━━━━━━━━━━━━━━━ 104,216/53,852  [ 0:00:05 < 0:00:00 , 9,630 it/s ]
 100% ━━━━━━━━━━━━━━━━━━━━━━ 415,968/269,636  [ 0:00:28 < 0:00:00 , 9,606 it/s ]
Training A2C (seed 10/15)
 100% ━━━━━━━━━━━━━━━━━━━━━━━━ 20,000/20,000  [ 0:00:04 < 0:00:00 , 4,512 it/s ]
 100% ━━━━━━━━━━━━━━━━━━━━━━━━ 80,000/80,000  [ 0:00:17 < 0:00:00 , 4,509 it/s ]
 100% ━━━━━━━━━━━━━━━━━━━━━━ 400,000/400,000  [ 0:01:31 < 0:00:00 , 4,253 it/s ]
Training TRPO (seed 10/15)
 100% ━━━━━━━━━━━━━━━━━━━━━━━━ 24,576/20,000  [ 0:00:05 < 0:00:00 , 3,378 it/s ]
 100% ━━━━━━━━━━━━━━━━━━━━━━━━ 81,920/80,000  [ 0:00:22 < 0:00:00 , 3,447 it/s ]
 100% ━━━━━━━━━━━━━━━━━━━━━━ 401,408/400,000  [ 0:01:58 < 0:00:00 , 3,292 it/s ]
Training PPO (seed 10/15)
 100% ━━━━━━━━━━━━━━━━━━━━━━━━ 24,576/20,000  [ 0:00:07 < 0:00:00 , 2,294 it/s ]
 100% ━━━━━━━━━━━━━━━━━━━━━━━━ 81,920/80,000  [ 0:00:32 < 0:00:00 , 2,337 it/s ]
 100% ━━━━━━━━━━━━━━━━━━━━━━ 401,408/400,000  [ 0:02:50 < 0:00:00 , 2,187 it/s ]
Training DQN (seed 11/15)
 100% ━━━━━━━━━━━━━━━━━━━━━━━━ 20,000/20,000  [ 0:00:03 < 0:00:00 , 5,379 it/s ]
 100% ━━━━━━━━━━━━━━━━━━━━━━━━ 80,000/80,000  [ 0:00:14 < 0:00:00 , 5,399 it/s ]
 100% ━━━━━━━━━━━━━━━━━━━━━━ 400,000/400,000  [ 0:01:14 < 0:00:00 , 5,395 it/s ]
Training QRDQN (seed 11/15)
 100% ━━━━━━━━━━━━━━━━━━━━━━━━ 20,000/20,000  [ 0:00:19 < 0:00:00 , 1,025 it/s ]
 100% ━━━━━━━━━━━━━━━━━━━━━━━━ 80,000/80,000  [ 0:01:18 < 0:00:00 , 1,023 it/s ]
 100% ━━━━━━━━━━━━━━━━━━━━━━ 400,000/400,000  [ 0:06:30 < 0:00:00 , 1,027 it/s ]
Training ARS (seed 11/15)
 100% ━━━━━━━━━━━━━━━━━━━━━━━━ 25,932/20,000  [ 0:00:02 < 0:00:00 , 9,639 it/s ]
 100% ━━━━━━━━━━━━━━━━━━━━━━━ 103,496/54,068  [ 0:00:05 < 0:00:00 , 9,655 it/s ]
 100% ━━━━━━━━━━━━━━━━━━━━━━ 414,304/270,572  [ 0:00:28 < 0:00:00 , 9,649 it/s ]
Training A2C (seed 11/15)
 100% ━━━━━━━━━━━━━━━━━━━━━━━━ 20,000/20,000  [ 0:00:04 < 0:00:00 , 4,524 it/s ]
 100% ━━━━━━━━━━━━━━━━━━━━━━━━ 80,000/80,000  [ 0:00:17 < 0:00:00 , 4,534 it/s ]
 100% ━━━━━━━━━━━━━━━━━━━━━━ 400,000/400,000  [ 0:01:31 < 0:00:00 , 4,255 it/s ]
Training TRPO (seed 11/15)
 100% ━━━━━━━━━━━━━━━━━━━━━━━━ 24,576/20,000  [ 0:00:05 < 0:00:00 , 3,364 it/s ]
 100% ━━━━━━━━━━━━━━━━━━━━━━━━ 81,920/80,000  [ 0:00:22 < 0:00:00 , 3,426 it/s ]
 100% ━━━━━━━━━━━━━━━━━━━━━━ 401,408/400,000  [ 0:01:57 < 0:00:00 , 3,289 it/s ]
Training PPO (seed 11/15)
 100% ━━━━━━━━━━━━━━━━━━━━━━━━ 24,576/20,000  [ 0:00:07 < 0:00:00 , 2,292 it/s ]
 100% ━━━━━━━━━━━━━━━━━━━━━━━━ 81,920/80,000  [ 0:00:32 < 0:00:00 , 2,332 it/s ]
 100% ━━━━━━━━━━━━━━━━━━━━━━ 401,408/400,000  [ 0:02:51 < 0:00:00 , 2,177 it/s ]
Training DQN (seed 12/15)
 100% ━━━━━━━━━━━━━━━━━━━━━━━━ 20,000/20,000  [ 0:00:03 < 0:00:00 , 5,370 it/s ]
 100% ━━━━━━━━━━━━━━━━━━━━━━━━ 80,000/80,000  [ 0:00:14 < 0:00:00 , 5,378 it/s ]
 100% ━━━━━━━━━━━━━━━━━━━━━━ 400,000/400,000  [ 0:01:14 < 0:00:00 , 5,376 it/s ]
Training QRDQN (seed 12/15)
 100% ━━━━━━━━━━━━━━━━━━━━━━━━ 20,000/20,000  [ 0:00:19 < 0:00:00 , 1,034 it/s ]
 100% ━━━━━━━━━━━━━━━━━━━━━━━━ 80,000/80,000  [ 0:01:18 < 0:00:00 , 1,019 it/s ]
 100% ━━━━━━━━━━━━━━━━━━━━━━ 400,000/400,000  [ 0:06:29 < 0:00:00 , 1,029 it/s ]
Training ARS (seed 12/15)
 100% ━━━━━━━━━━━━━━━━━━━━━━━━ 25,984/20,000  [ 0:00:02 < 0:00:00 , 9,714 it/s ]
 100% ━━━━━━━━━━━━━━━━━━━━━━━ 104,076/54,016  [ 0:00:05 < 0:00:00 , 9,704 it/s ]
 100% ━━━━━━━━━━━━━━━━━━━━━━ 416,360/269,940  [ 0:00:27 < 0:00:00 , 9,686 it/s ]
Training A2C (seed 12/15)
 100% ━━━━━━━━━━━━━━━━━━━━━━━━ 20,000/20,000  [ 0:00:04 < 0:00:00 , 4,548 it/s ]
 100% ━━━━━━━━━━━━━━━━━━━━━━━━ 80,000/80,000  [ 0:00:17 < 0:00:00 , 4,485 it/s ]
 100% ━━━━━━━━━━━━━━━━━━━━━━ 400,000/400,000  [ 0:01:31 < 0:00:00 , 4,248 it/s ]
Training TRPO (seed 12/15)
 100% ━━━━━━━━━━━━━━━━━━━━━━━━ 24,576/20,000  [ 0:00:05 < 0:00:00 , 3,348 it/s ]
 100% ━━━━━━━━━━━━━━━━━━━━━━━━ 81,920/80,000  [ 0:00:22 < 0:00:00 , 3,409 it/s ]
 100% ━━━━━━━━━━━━━━━━━━━━━━ 401,408/400,000  [ 0:01:58 < 0:00:00 , 3,302 it/s ]
Training PPO (seed 12/15)
 100% ━━━━━━━━━━━━━━━━━━━━━━━━ 24,576/20,000  [ 0:00:07 < 0:00:00 , 2,290 it/s ]
 100% ━━━━━━━━━━━━━━━━━━━━━━━━ 81,920/80,000  [ 0:00:32 < 0:00:00 , 2,340 it/s ]
 100% ━━━━━━━━━━━━━━━━━━━━━━ 401,408/400,000  [ 0:02:51 < 0:00:00 , 2,163 it/s ]
Training DQN (seed 13/15)
 100% ━━━━━━━━━━━━━━━━━━━━━━━━ 20,000/20,000  [ 0:00:03 < 0:00:00 , 5,381 it/s ]
 100% ━━━━━━━━━━━━━━━━━━━━━━━━ 80,000/80,000  [ 0:00:14 < 0:00:00 , 5,398 it/s ]
 100% ━━━━━━━━━━━━━━━━━━━━━━ 400,000/400,000  [ 0:01:14 < 0:00:00 , 5,373 it/s ]
Training QRDQN (seed 13/15)
 100% ━━━━━━━━━━━━━━━━━━━━━━━━ 20,000/20,000  [ 0:00:19 < 0:00:00 , 1,017 it/s ]
 100% ━━━━━━━━━━━━━━━━━━━━━━━━ 80,000/80,000  [ 0:01:17 < 0:00:00 , 1,034 it/s ]
 100% ━━━━━━━━━━━━━━━━━━━━━━ 400,000/400,000  [ 0:06:26 < 0:00:00 , 1,034 it/s ]
Training ARS (seed 13/15)
 100% ━━━━━━━━━━━━━━━━━━━━━━━━ 26,084/20,000  [ 0:00:02 < 0:00:00 , 9,643 it/s ]
 100% ━━━━━━━━━━━━━━━━━━━━━━━ 103,692/53,916  [ 0:00:05 < 0:00:00 , 9,660 it/s ]
 100% ━━━━━━━━━━━━━━━━━━━━━━ 412,740/270,224  [ 0:00:27 < 0:00:00 , 9,654 it/s ]
Training A2C (seed 13/15)
 100% ━━━━━━━━━━━━━━━━━━━━━━━━ 20,000/20,000  [ 0:00:04 < 0:00:00 , 4,526 it/s ]
 100% ━━━━━━━━━━━━━━━━━━━━━━━━ 80,000/80,000  [ 0:00:17 < 0:00:00 , 4,531 it/s ]
 100% ━━━━━━━━━━━━━━━━━━━━━━ 400,000/400,000  [ 0:01:31 < 0:00:00 , 4,237 it/s ]
Training TRPO (seed 13/15)
 100% ━━━━━━━━━━━━━━━━━━━━━━━━ 24,576/20,000  [ 0:00:05 < 0:00:00 , 3,385 it/s ]
 100% ━━━━━━━━━━━━━━━━━━━━━━━━ 81,920/80,000  [ 0:00:22 < 0:00:00 , 3,439 it/s ]
 100% ━━━━━━━━━━━━━━━━━━━━━━ 401,408/400,000  [ 0:01:57 < 0:00:00 , 3,293 it/s ]
Training PPO (seed 13/15)
 100% ━━━━━━━━━━━━━━━━━━━━━━━━ 24,576/20,000  [ 0:00:07 < 0:00:00 , 2,290 it/s ]
 100% ━━━━━━━━━━━━━━━━━━━━━━━━ 81,920/80,000  [ 0:00:32 < 0:00:00 , 2,336 it/s ]
 100% ━━━━━━━━━━━━━━━━━━━━━━ 401,408/400,000  [ 0:02:51 < 0:00:00 , 2,178 it/s ]
Training DQN (seed 14/15)
 100% ━━━━━━━━━━━━━━━━━━━━━━━━ 20,000/20,000  [ 0:00:03 < 0:00:00 , 5,397 it/s ]
 100% ━━━━━━━━━━━━━━━━━━━━━━━━ 80,000/80,000  [ 0:00:14 < 0:00:00 , 5,398 it/s ]
 100% ━━━━━━━━━━━━━━━━━━━━━━ 400,000/400,000  [ 0:01:13 < 0:00:00 , 5,421 it/s ]
Training QRDQN (seed 14/15)
 100% ━━━━━━━━━━━━━━━━━━━━━━━━ 20,000/20,000  [ 0:00:19 < 0:00:00 , 1,005 it/s ]
 100% ━━━━━━━━━━━━━━━━━━━━━━━━━━ 80,000/80,000  [ 0:01:20 < 0:00:00 , 998 it/s ]
 100% ━━━━━━━━━━━━━━━━━━━━━━━━ 400,000/400,000  [ 0:06:40 < 0:00:00 , 998 it/s ]
Training ARS (seed 14/15)
 100% ━━━━━━━━━━━━━━━━━━━━━━━━ 26,072/20,000  [ 0:00:02 < 0:00:00 , 9,580 it/s ]
 100% ━━━━━━━━━━━━━━━━━━━━━━━ 103,700/53,928  [ 0:00:05 < 0:00:00 , 9,612 it/s ]
 100% ━━━━━━━━━━━━━━━━━━━━━━ 416,152/270,228  [ 0:00:28 < 0:00:00 , 9,583 it/s ]
Training A2C (seed 14/15)
 100% ━━━━━━━━━━━━━━━━━━━━━━━━ 20,000/20,000  [ 0:00:04 < 0:00:00 , 4,524 it/s ]
 100% ━━━━━━━━━━━━━━━━━━━━━━━━ 80,000/80,000  [ 0:00:17 < 0:00:00 , 4,532 it/s ]
 100% ━━━━━━━━━━━━━━━━━━━━━━ 400,000/400,000  [ 0:01:31 < 0:00:00 , 4,246 it/s ]
Training TRPO (seed 14/15)
 100% ━━━━━━━━━━━━━━━━━━━━━━━━ 24,576/20,000  [ 0:00:05 < 0:00:00 , 3,380 it/s ]
 100% ━━━━━━━━━━━━━━━━━━━━━━━━ 81,920/80,000  [ 0:00:22 < 0:00:00 , 3,456 it/s ]
 100% ━━━━━━━━━━━━━━━━━━━━━━ 401,408/400,000  [ 0:01:58 < 0:00:00 , 3,306 it/s ]
Training PPO (seed 14/15)
 100% ━━━━━━━━━━━━━━━━━━━━━━━━ 24,576/20,000  [ 0:00:07 < 0:00:00 , 2,293 it/s ]
 100% ━━━━━━━━━━━━━━━━━━━━━━━━ 81,920/80,000  [ 0:00:32 < 0:00:00 , 2,338 it/s ]
 100% ━━━━━━━━━━━━━━━━━━━━━━ 401,408/400,000  [ 0:02:50 < 0:00:00 , 2,182 it/s ]
Training DQN (seed 15/15)
 100% ━━━━━━━━━━━━━━━━━━━━━━━━ 20,000/20,000  [ 0:00:03 < 0:00:00 , 5,404 it/s ]
 100% ━━━━━━━━━━━━━━━━━━━━━━━━ 80,000/80,000  [ 0:00:14 < 0:00:00 , 5,404 it/s ]
 100% ━━━━━━━━━━━━━━━━━━━━━━ 400,000/400,000  [ 0:01:14 < 0:00:00 , 5,403 it/s ]
Training QRDQN (seed 15/15)
 100% ━━━━━━━━━━━━━━━━━━━━━━━━━━ 20,000/20,000  [ 0:00:19 < 0:00:00 , 997 it/s ]
 100% ━━━━━━━━━━━━━━━━━━━━━━━━━━ 80,000/80,000  [ 0:01:21 < 0:00:00 , 990 it/s ]
 100% ━━━━━━━━━━━━━━━━━━━━━━━━ 400,000/400,000  [ 0:06:42 < 0:00:00 , 997 it/s ]
Training ARS (seed 15/15)
 100% ━━━━━━━━━━━━━━━━━━━━━━━━ 25,992/20,000  [ 0:00:02 < 0:00:00 , 9,596 it/s ]
 100% ━━━━━━━━━━━━━━━━━━━━━━━ 104,408/54,008  [ 0:00:05 < 0:00:00 , 9,612 it/s ]
 100% ━━━━━━━━━━━━━━━━━━━━━━ 416,176/269,600  [ 0:00:28 < 0:00:00 , 9,603 it/s ]
Training A2C (seed 15/15)
 100% ━━━━━━━━━━━━━━━━━━━━━━━━ 20,000/20,000  [ 0:00:04 < 0:00:00 , 4,526 it/s ]
 100% ━━━━━━━━━━━━━━━━━━━━━━━━ 80,000/80,000  [ 0:00:17 < 0:00:00 , 4,510 it/s ]
 100% ━━━━━━━━━━━━━━━━━━━━━━ 400,000/400,000  [ 0:01:31 < 0:00:00 , 4,231 it/s ]
Training TRPO (seed 15/15)
 100% ━━━━━━━━━━━━━━━━━━━━━━━━ 24,576/20,000  [ 0:00:05 < 0:00:00 , 3,366 it/s ]
 100% ━━━━━━━━━━━━━━━━━━━━━━━━ 81,920/80,000  [ 0:00:22 < 0:00:00 , 3,428 it/s ]
 100% ━━━━━━━━━━━━━━━━━━━━━━ 401,408/400,000  [ 0:01:58 < 0:00:00 , 3,300 it/s ]
Training PPO (seed 15/15)
 100% ━━━━━━━━━━━━━━━━━━━━━━━━ 24,576/20,000  [ 0:00:07 < 0:00:00 , 2,297 it/s ]
 100% ━━━━━━━━━━━━━━━━━━━━━━━━ 81,920/80,000  [ 0:00:32 < 0:00:00 , 2,342 it/s ]
 100% ━━━━━━━━━━━━━━━━━━━━━━ 401,408/400,000  [ 0:02:50 < 0:00:00 , 2,187 it/s ]

============================= JOB FEEDBACK =============================

NodeName=uc3n003
Job ID: 4801090
Array Job ID: 4801083_5
Cluster: uc3
User/Group: ma_fablange/ma_ma
State: COMPLETED (exit code 0)
Nodes: 1
Cores per node: 2
CPU Utilized: 04:51:36
CPU Efficiency: 50.23% of 09:40:34 core-walltime
Job Wall-clock time: 04:50:17
Memory Utilized: 1.56 GB
Memory Efficiency: 15.58% of 10.00 GB (10.00 GB/node)
