WARNING: All log messages before absl::InitializeLog() is called are written to STDERR
I0000 00:00:1779661274.535240 3344217 port.cc:153] oneDNN custom operations are on. You may see slightly different numerical results due to floating-point round-off errors from different computation orders. To turn them off, set the environment variable `TF_ENABLE_ONEDNN_OPTS=0`.
I0000 00:00:1779661276.359602 3344217 cpu_feature_guard.cc:227] This TensorFlow binary is optimized to use available CPU instructions in performance-critical operations.
To enable the following instructions: AVX2 AVX512F AVX512_VNNI AVX512_BF16 FMA, in other operations, rebuild TensorFlow with the appropriate compiler flags.
WARNING: All log messages before absl::InitializeLog() is called are written to STDERR
I0000 00:00:1779661284.425415 3344217 port.cc:153] oneDNN custom operations are on. You may see slightly different numerical results due to floating-point round-off errors from different computation orders. To turn them off, set the environment variable `TF_ENABLE_ONEDNN_OPTS=0`.
I0000 00:00:1779661284.443702 3344217 cudart_stub.cc:31] Could not find cuda drivers on your machine, GPU will not be used.
/pfs/data6/home/ma/ma_ma/ma_fablange/RL_Dynamic_Choice_RM/src/exec.py:353: RuntimeWarning: Gurobi did not return a feasible solution at t=277, x=70; using empty-offer fallback
  v_mnl, pi_mnl = solve_by_dp(
/pfs/data6/home/ma/ma_ma/ma_fablange/RL_Dynamic_Choice_RM/src/exec.py:353: RuntimeWarning: Gurobi did not return a feasible solution at t=244, x=41; using empty-offer fallback
  v_mnl, pi_mnl = solve_by_dp(
/pfs/data6/home/ma/ma_ma/ma_fablange/RL_Dynamic_Choice_RM/src/exec.py:353: RuntimeWarning: Gurobi did not return a feasible solution at t=241, x=18; using empty-offer fallback
  v_mnl, pi_mnl = solve_by_dp(
/pfs/data6/home/ma/ma_ma/ma_fablange/RL_Dynamic_Choice_RM/src/exec.py:353: RuntimeWarning: Gurobi did not return a feasible solution at t=239, x=82; using empty-offer fallback
  v_mnl, pi_mnl = solve_by_dp(
/pfs/data6/home/ma/ma_ma/ma_fablange/RL_Dynamic_Choice_RM/src/exec.py:353: RuntimeWarning: Gurobi did not return a feasible solution at t=236, x=35; using empty-offer fallback
  v_mnl, pi_mnl = solve_by_dp(
/pfs/data6/home/ma/ma_ma/ma_fablange/RL_Dynamic_Choice_RM/src/exec.py:353: RuntimeWarning: Gurobi did not return a feasible solution at t=234, x=95; using empty-offer fallback
  v_mnl, pi_mnl = solve_by_dp(
/pfs/data6/home/ma/ma_ma/ma_fablange/RL_Dynamic_Choice_RM/src/exec.py:353: RuntimeWarning: Gurobi did not return a feasible solution at t=229, x=101; using empty-offer fallback
  v_mnl, pi_mnl = solve_by_dp(
/pfs/data6/home/ma/ma_ma/ma_fablange/RL_Dynamic_Choice_RM/src/exec.py:353: RuntimeWarning: Gurobi did not return a feasible solution at t=226, x=46; using empty-offer fallback
  v_mnl, pi_mnl = solve_by_dp(
/pfs/data6/home/ma/ma_ma/ma_fablange/RL_Dynamic_Choice_RM/src/exec.py:353: RuntimeWarning: Gurobi did not return a feasible solution at t=224, x=78; using empty-offer fallback
  v_mnl, pi_mnl = solve_by_dp(
/pfs/data6/home/ma/ma_ma/ma_fablange/RL_Dynamic_Choice_RM/src/exec.py:353: RuntimeWarning: Gurobi did not return a feasible solution at t=221, x=12; using empty-offer fallback
  v_mnl, pi_mnl = solve_by_dp(
/pfs/data6/home/ma/ma_ma/ma_fablange/RL_Dynamic_Choice_RM/src/exec.py:353: RuntimeWarning: Gurobi did not return a feasible solution at t=217, x=108; using empty-offer fallback
  v_mnl, pi_mnl = solve_by_dp(
/pfs/data6/home/ma/ma_ma/ma_fablange/RL_Dynamic_Choice_RM/src/exec.py:353: RuntimeWarning: Gurobi did not return a feasible solution at t=212, x=71; using empty-offer fallback
  v_mnl, pi_mnl = solve_by_dp(
/pfs/data6/home/ma/ma_ma/ma_fablange/RL_Dynamic_Choice_RM/src/exec.py:353: RuntimeWarning: Gurobi did not return a feasible solution at t=207, x=21; using empty-offer fallback
  v_mnl, pi_mnl = solve_by_dp(
/pfs/data6/home/ma/ma_ma/ma_fablange/RL_Dynamic_Choice_RM/src/exec.py:353: RuntimeWarning: Gurobi did not return a feasible solution at t=188, x=67; using empty-offer fallback
  v_mnl, pi_mnl = solve_by_dp(
/pfs/data6/home/ma/ma_ma/ma_fablange/RL_Dynamic_Choice_RM/src/exec.py:353: RuntimeWarning: Gurobi did not return a feasible solution at t=184, x=70; using empty-offer fallback
  v_mnl, pi_mnl = solve_by_dp(
/pfs/data6/home/ma/ma_ma/ma_fablange/RL_Dynamic_Choice_RM/src/exec.py:353: RuntimeWarning: Gurobi did not return a feasible solution at t=178, x=69; using empty-offer fallback
  v_mnl, pi_mnl = solve_by_dp(
/pfs/data6/home/ma/ma_ma/ma_fablange/RL_Dynamic_Choice_RM/src/exec.py:353: RuntimeWarning: Gurobi did not return a feasible solution at t=176, x=72; using empty-offer fallback
  v_mnl, pi_mnl = solve_by_dp(
/pfs/data6/home/ma/ma_ma/ma_fablange/RL_Dynamic_Choice_RM/src/exec.py:353: RuntimeWarning: Gurobi did not return a feasible solution at t=113, x=118; using empty-offer fallback
  v_mnl, pi_mnl = solve_by_dp(
