WARNING: All log messages before absl::InitializeLog() is called are written to STDERR
I0000 00:00:1779714935.389078  648976 port.cc:153] oneDNN custom operations are on. You may see slightly different numerical results due to floating-point round-off errors from different computation orders. To turn them off, set the environment variable `TF_ENABLE_ONEDNN_OPTS=0`.
I0000 00:00:1779714937.244344  648976 cpu_feature_guard.cc:227] This TensorFlow binary is optimized to use available CPU instructions in performance-critical operations.
To enable the following instructions: AVX2 AVX512F AVX512_VNNI AVX512_BF16 FMA, in other operations, rebuild TensorFlow with the appropriate compiler flags.
WARNING: All log messages before absl::InitializeLog() is called are written to STDERR
I0000 00:00:1779714945.226537  648976 port.cc:153] oneDNN custom operations are on. You may see slightly different numerical results due to floating-point round-off errors from different computation orders. To turn them off, set the environment variable `TF_ENABLE_ONEDNN_OPTS=0`.
I0000 00:00:1779714945.244195  648976 cudart_stub.cc:31] Could not find cuda drivers on your machine, GPU will not be used.
/pfs/data6/home/ma/ma_ma/ma_fablange/RL_Dynamic_Choice_RM/src/exec.py:353: RuntimeWarning: Gurobi did not return a feasible solution at t=201, x=17; using empty-offer fallback
  v_mnl, pi_mnl = solve_by_dp(
/pfs/data6/home/ma/ma_ma/ma_fablange/RL_Dynamic_Choice_RM/src/exec.py:353: RuntimeWarning: Gurobi did not return a feasible solution at t=195, x=78; using empty-offer fallback
  v_mnl, pi_mnl = solve_by_dp(
/pfs/data6/home/ma/ma_ma/ma_fablange/RL_Dynamic_Choice_RM/src/exec.py:353: RuntimeWarning: Gurobi did not return a feasible solution at t=182, x=42; using empty-offer fallback
  v_mnl, pi_mnl = solve_by_dp(
/pfs/data6/home/ma/ma_ma/ma_fablange/RL_Dynamic_Choice_RM/src/exec.py:353: RuntimeWarning: Gurobi did not return a feasible solution at t=164, x=20; using empty-offer fallback
  v_mnl, pi_mnl = solve_by_dp(
/pfs/data6/home/ma/ma_ma/ma_fablange/RL_Dynamic_Choice_RM/src/exec.py:353: RuntimeWarning: Gurobi did not return a feasible solution at t=128, x=19; using empty-offer fallback
  v_mnl, pi_mnl = solve_by_dp(
/pfs/data6/home/ma/ma_ma/ma_fablange/RL_Dynamic_Choice_RM/src/exec.py:353: RuntimeWarning: Gurobi did not return a feasible solution at t=80, x=141; using empty-offer fallback
  v_mnl, pi_mnl = solve_by_dp(
/pfs/data6/home/ma/ma_ma/ma_fablange/RL_Dynamic_Choice_RM/src/exec.py:353: RuntimeWarning: Gurobi did not return a feasible solution at t=74, x=112; using empty-offer fallback
  v_mnl, pi_mnl = solve_by_dp(
