Gurobi preflight: GRB_LICENSE_FILE=<unset>, exists=False, WLSACCESSID=<unset>, LICENSEID=<unset>
Running task_id=19 with HIGH_SENSITIVITY=False, GT_MODEL=MProbit, TRAIN_ON_ALL_SETS=True, LARGE_PRODUCT_SET=True
Training A2C (seed 1/15)
 100% ━━━━━━━━━━━━━━━━━━━━━━ 100,000/100,000  [ 0:00:29 < 0:00:00 , 3,409 it/s ]
 100% ━━━━━━━━━━━━━━━━━━━━━━ 400,000/400,000  [ 0:02:01 < 0:00:00 , 3,205 it/s ]
 100% ━━━━━━━━━━━━━━━━━━━━━━ 500,000/500,000  [ 0:02:33 < 0:00:00 , 3,354 it/s ]
 100% ━━━━━━━━━━━━━━━━━━━ 1,000,000/1,000,000 [ 0:05:02 < 0:00:00 , 2,650 it/s ]
Training TRPO (seed 1/15)
 100% ━━━━━━━━━━━━━━━━━━━━━━ 106,496/100,000  [ 0:00:50 < 0:00:00 , 1,951 it/s ]
 100% ━━━━━━━━━━━━━━━━━━━━━━ 401,408/400,000  [ 0:03:47 < 0:00:00 , 1,605 it/s ]
 100% ━━━━━━━━━━━━━━━━━━━━━━ 507,904/500,000  [ 0:05:22 < 0:00:00 , 1,564 it/s ]
 100% ━━━━━━━━━━━━━━━━━━━ 1,007,616/1,000,000 [ 0:11:28 < 0:00:00 , 1,762 it/s ]
Training PPO (seed 1/15)
 100% ━━━━━━━━━━━━━━━━━━━━━━ 106,496/100,000  [ 0:01:01 < 0:00:00 , 1,591 it/s ]
 100% ━━━━━━━━━━━━━━━━━━━━━━ 401,408/400,000  [ 0:03:56 < 0:00:00 , 1,622 it/s ]
 100% ━━━━━━━━━━━━━━━━━━━━━━ 507,904/500,000  [ 0:05:00 < 0:00:00 , 1,684 it/s ]
 100% ━━━━━━━━━━━━━━━━━━━ 1,007,616/1,000,000 [ 0:09:35 < 0:00:00 , 1,756 it/s ]
Training A2C (seed 2/15)
 100% ━━━━━━━━━━━━━━━━━━━━━━ 100,000/100,000  [ 0:00:29 < 0:00:00 , 3,398 it/s ]
 100% ━━━━━━━━━━━━━━━━━━━━━━ 400,000/400,000  [ 0:02:00 < 0:00:00 , 3,231 it/s ]
 100% ━━━━━━━━━━━━━━━━━━━━━━ 500,000/500,000  [ 0:02:34 < 0:00:00 , 3,298 it/s ]
 100% ━━━━━━━━━━━━━━━━━━━ 1,000,000/1,000,000 [ 0:05:05 < 0:00:00 , 2,819 it/s ]
Training TRPO (seed 2/15)
 100% ━━━━━━━━━━━━━━━━━━━━━━ 106,496/100,000  [ 0:00:44 < 0:00:00 , 1,948 it/s ]
 100% ━━━━━━━━━━━━━━━━━━━━━━ 401,408/400,000  [ 0:03:39 < 0:00:00 , 1,736 it/s ]
 100% ━━━━━━━━━━━━━━━━━━━━━━ 507,904/500,000  [ 0:05:13 < 0:00:00 , 1,519 it/s ]
 100% ━━━━━━━━━━━━━━━━━━━ 1,007,616/1,000,000 [ 0:11:02 < 0:00:00 , 1,746 it/s ]
Training PPO (seed 2/15)
 100% ━━━━━━━━━━━━━━━━━━━━━━ 106,496/100,000  [ 0:01:08 < 0:00:00 , 1,493 it/s ]
 100% ━━━━━━━━━━━━━━━━━━━━━━ 401,408/400,000  [ 0:04:12 < 0:00:00 , 1,526 it/s ]
 100% ━━━━━━━━━━━━━━━━━━━━━━ 507,904/500,000  [ 0:04:53 < 0:00:00 , 1,737 it/s ]
 100% ━━━━━━━━━━━━━━━━━━━ 1,007,616/1,000,000 [ 0:09:34 < 0:00:00 , 1,744 it/s ]
Training A2C (seed 3/15)
 100% ━━━━━━━━━━━━━━━━━━━━━━ 100,000/100,000  [ 0:00:29 < 0:00:00 , 3,393 it/s ]
 100% ━━━━━━━━━━━━━━━━━━━━━━ 400,000/400,000  [ 0:02:01 < 0:00:00 , 3,214 it/s ]
 100% ━━━━━━━━━━━━━━━━━━━━━━ 500,000/500,000  [ 0:02:38 < 0:00:00 , 3,149 it/s ]
 100% ━━━━━━━━━━━━━━━━━━━ 1,000,000/1,000,000 [ 0:05:23 < 0:00:00 , 2,775 it/s ]
Training TRPO (seed 3/15)
 100% ━━━━━━━━━━━━━━━━━━━━━━ 106,496/100,000  [ 0:00:46 < 0:00:00 , 2,072 it/s ]
 100% ━━━━━━━━━━━━━━━━━━━━━━ 401,408/400,000  [ 0:03:30 < 0:00:00 , 1,803 it/s ]
 100% ━━━━━━━━━━━━━━━━━━━━━━ 507,904/500,000  [ 0:04:57 < 0:00:00 , 1,547 it/s ]
 100% ━━━━━━━━━━━━━━━━━━━ 1,007,616/1,000,000 [ 0:10:53 < 0:00:00 , 1,757 it/s ]
Training PPO (seed 3/15)
 100% ━━━━━━━━━━━━━━━━━━━━━━ 106,496/100,000  [ 0:01:09 < 0:00:00 , 1,505 it/s ]
 100% ━━━━━━━━━━━━━━━━━━━━━━ 401,408/400,000  [ 0:04:24 < 0:00:00 , 1,407 it/s ]
 100% ━━━━━━━━━━━━━━━━━━━━━━ 507,904/500,000  [ 0:05:06 < 0:00:00 , 1,717 it/s ]
 100% ━━━━━━━━━━━━━━━━━━━ 1,007,616/1,000,000 [ 0:09:34 < 0:00:00 , 1,734 it/s ]
Training A2C (seed 4/15)
 100% ━━━━━━━━━━━━━━━━━━━━━━ 100,000/100,000  [ 0:00:29 < 0:00:00 , 3,364 it/s ]
 100% ━━━━━━━━━━━━━━━━━━━━━━ 400,000/400,000  [ 0:02:02 < 0:00:00 , 3,162 it/s ]
 100% ━━━━━━━━━━━━━━━━━━━━━━ 500,000/500,000  [ 0:02:40 < 0:00:00 , 3,113 it/s ]
 100% ━━━━━━━━━━━━━━━━━━━ 1,000,000/1,000,000 [ 0:05:32 < 0:00:00 , 2,697 it/s ]
Training TRPO (seed 4/15)
 100% ━━━━━━━━━━━━━━━━━━━━━━ 106,496/100,000  [ 0:00:47 < 0:00:00 , 2,038 it/s ]
 100% ━━━━━━━━━━━━━━━━━━━━━━ 401,408/400,000  [ 0:03:33 < 0:00:00 , 1,757 it/s ]
 100% ━━━━━━━━━━━━━━━━━━━━━━ 507,904/500,000  [ 0:04:53 < 0:00:00 , 1,631 it/s ]
 100% ━━━━━━━━━━━━━━━━━━━ 1,007,616/1,000,000 [ 0:10:02 < 0:00:00 , 1,811 it/s ]
Training PPO (seed 4/15)
 100% ━━━━━━━━━━━━━━━━━━━━━━ 106,496/100,000  [ 0:01:06 < 0:00:00 , 1,531 it/s ]
 100% ━━━━━━━━━━━━━━━━━━━━━━ 401,408/400,000  [ 0:04:22 < 0:00:00 , 1,408 it/s ]
 100% ━━━━━━━━━━━━━━━━━━━━━━ 507,904/500,000  [ 0:05:26 < 0:00:00 , 1,637 it/s ]
 100% ━━━━━━━━━━━━━━━━━━━ 1,007,616/1,000,000 [ 0:09:23 < 0:00:00 , 1,784 it/s ]
Training A2C (seed 5/15)
 100% ━━━━━━━━━━━━━━━━━━━━━━ 100,000/100,000  [ 0:00:29 < 0:00:00 , 3,417 it/s ]
 100% ━━━━━━━━━━━━━━━━━━━━━━ 400,000/400,000  [ 0:02:00 < 0:00:00 , 3,236 it/s ]
 100% ━━━━━━━━━━━━━━━━━━━━━━ 500,000/500,000  [ 0:02:32 < 0:00:00 , 3,370 it/s ]
 100% ━━━━━━━━━━━━━━━━━━━ 1,000,000/1,000,000 [ 0:05:22 < 0:00:00 , 2,722 it/s ]
Training TRPO (seed 5/15)
 100% ━━━━━━━━━━━━━━━━━━━━━━ 106,496/100,000  [ 0:00:44 < 0:00:00 , 1,990 it/s ]
 100% ━━━━━━━━━━━━━━━━━━━━━━ 401,408/400,000  [ 0:03:23 < 0:00:00 , 1,660 it/s ]
 100% ━━━━━━━━━━━━━━━━━━━━━━ 507,904/500,000  [ 0:04:44 < 0:00:00 , 1,648 it/s ]
 100% ━━━━━━━━━━━━━━━━━━━ 1,007,616/1,000,000 [ 0:09:18 < 0:00:00 , 2,005 it/s ]
Training PPO (seed 5/15)
 100% ━━━━━━━━━━━━━━━━━━━━━━ 106,496/100,000  [ 0:01:07 < 0:00:00 , 1,458 it/s ]
 100% ━━━━━━━━━━━━━━━━━━━━━━ 401,408/400,000  [ 0:04:13 < 0:00:00 , 1,459 it/s ]
 100% ━━━━━━━━━━━━━━━━━━━━━━ 507,904/500,000  [ 0:05:27 < 0:00:00 , 1,532 it/s ]
 100% ━━━━━━━━━━━━━━━━━━━ 1,007,616/1,000,000 [ 0:09:50 < 0:00:00 , 1,770 it/s ]
Training A2C (seed 6/15)
 100% ━━━━━━━━━━━━━━━━━━━━━━ 100,000/100,000  [ 0:00:29 < 0:00:00 , 3,425 it/s ]
 100% ━━━━━━━━━━━━━━━━━━━━━━ 400,000/400,000  [ 0:01:59 < 0:00:00 , 3,256 it/s ]
 100% ━━━━━━━━━━━━━━━━━━━━━━ 500,000/500,000  [ 0:02:29 < 0:00:00 , 3,424 it/s ]
 100% ━━━━━━━━━━━━━━━━━━━ 1,000,000/1,000,000 [ 0:05:21 < 0:00:00 , 2,831 it/s ]
Training TRPO (seed 6/15)
 100% ━━━━━━━━━━━━━━━━━━━━━━ 106,496/100,000  [ 0:00:45 < 0:00:00 , 1,927 it/s ]
 100% ━━━━━━━━━━━━━━━━━━━━━━ 401,408/400,000  [ 0:03:24 < 0:00:00 , 1,779 it/s ]
 100% ━━━━━━━━━━━━━━━━━━━━━━ 507,904/500,000  [ 0:04:54 < 0:00:00 , 1,662 it/s ]
 100% ━━━━━━━━━━━━━━━━━━━ 1,007,616/1,000,000 [ 0:09:02 < 0:00:00 , 2,089 it/s ]
Training PPO (seed 6/15)
 100% ━━━━━━━━━━━━━━━━━━━━━━ 106,496/100,000  [ 0:00:59 < 0:00:00 , 1,641 it/s ]
 100% ━━━━━━━━━━━━━━━━━━━━━━ 401,408/400,000  [ 0:04:07 < 0:00:00 , 1,496 it/s ]
 100% ━━━━━━━━━━━━━━━━━━━━━━ 507,904/500,000  [ 0:05:22 < 0:00:00 , 1,386 it/s ]
 100% ━━━━━━━━━━━━━━━━━━━ 1,007,616/1,000,000 [ 0:10:11 < 0:00:00 , 1,776 it/s ]
Training A2C (seed 7/15)
 100% ━━━━━━━━━━━━━━━━━━━━━━ 100,000/100,000  [ 0:00:29 < 0:00:00 , 3,432 it/s ]
 100% ━━━━━━━━━━━━━━━━━━━━━━ 400,000/400,000  [ 0:02:00 < 0:00:00 , 3,237 it/s ]
 100% ━━━━━━━━━━━━━━━━━━━━━━ 500,000/500,000  [ 0:02:36 < 0:00:00 , 3,172 it/s ]
 100% ━━━━━━━━━━━━━━━━━━━ 1,000,000/1,000,000 [ 0:05:40 < 0:00:00 , 2,792 it/s ]
Training TRPO (seed 7/15)
 100% ━━━━━━━━━━━━━━━━━━━━━━ 106,496/100,000  [ 0:00:44 < 0:00:00 , 2,030 it/s ]
 100% ━━━━━━━━━━━━━━━━━━━━━━ 401,408/400,000  [ 0:03:26 < 0:00:00 , 1,757 it/s ]
 100% ━━━━━━━━━━━━━━━━━━━━━━ 507,904/500,000  [ 0:04:54 < 0:00:00 , 1,661 it/s ]
 100% ━━━━━━━━━━━━━━━━━━━ 1,007,616/1,000,000 [ 0:08:35 < 0:00:00 , 2,244 it/s ]
Training PPO (seed 7/15)
 100% ━━━━━━━━━━━━━━━━━━━━━━ 106,496/100,000  [ 0:00:59 < 0:00:00 , 1,659 it/s ]
 100% ━━━━━━━━━━━━━━━━━━━━━━ 401,408/400,000  [ 0:03:56 < 0:00:00 , 1,376 it/s ]
 100% ━━━━━━━━━━━━━━━━━━━━━━ 507,904/500,000  [ 0:05:19 < 0:00:00 , 1,535 it/s ]
 100% ━━━━━━━━━━━━━━━━━━━ 1,007,616/1,000,000 [ 0:10:37 < 0:00:00 , 1,658 it/s ]
Training A2C (seed 8/15)
 100% ━━━━━━━━━━━━━━━━━━━━━━ 100,000/100,000  [ 0:00:31 < 0:00:00 , 3,232 it/s ]
 100% ━━━━━━━━━━━━━━━━━━━━━━ 400,000/400,000  [ 0:02:01 < 0:00:00 , 3,239 it/s ]
 100% ━━━━━━━━━━━━━━━━━━━━━━ 500,000/500,000  [ 0:02:36 < 0:00:00 , 3,171 it/s ]
 100% ━━━━━━━━━━━━━━━━━━━ 1,000,000/1,000,000 [ 0:05:39 < 0:00:00 , 2,689 it/s ]
Training TRPO (seed 8/15)
 100% ━━━━━━━━━━━━━━━━━━━━━━ 106,496/100,000  [ 0:00:46 < 0:00:00 , 2,024 it/s ]
 100% ━━━━━━━━━━━━━━━━━━━━━━ 401,408/400,000  [ 0:03:15 < 0:00:00 , 1,744 it/s ]
 100% ━━━━━━━━━━━━━━━━━━━━━━ 507,904/500,000  [ 0:04:47 < 0:00:00 , 1,771 it/s ]
 100% ━━━━━━━━━━━━━━━━━━━ 1,007,616/1,000,000 [ 0:08:17 < 0:00:00 , 2,234 it/s ]
Training PPO (seed 8/15)
 100% ━━━━━━━━━━━━━━━━━━━━━━ 106,496/100,000  [ 0:00:58 < 0:00:00 , 1,672 it/s ]
 100% ━━━━━━━━━━━━━━━━━━━━━━ 401,408/400,000  [ 0:03:49 < 0:00:00 , 1,661 it/s ]
 100% ━━━━━━━━━━━━━━━━━━━━━━ 507,904/500,000  [ 0:05:02 < 0:00:00 , 1,447 it/s ]
 100% ━━━━━━━━━━━━━━━━━━━ 1,007,616/1,000,000 [ 0:10:31 < 0:00:00 , 1,604 it/s ]
Training A2C (seed 9/15)
 100% ━━━━━━━━━━━━━━━━━━━━━━ 100,000/100,000  [ 0:00:30 < 0:00:00 , 3,245 it/s ]
 100% ━━━━━━━━━━━━━━━━━━━━━━ 400,000/400,000  [ 0:02:07 < 0:00:00 , 3,046 it/s ]
 100% ━━━━━━━━━━━━━━━━━━━━━━ 500,000/500,000  [ 0:02:43 < 0:00:00 , 3,171 it/s ]
 100% ━━━━━━━━━━━━━━━━━━━ 1,000,000/1,000,000 [ 0:05:44 < 0:00:00 , 2,709 it/s ]
Training TRPO (seed 9/15)
 100% ━━━━━━━━━━━━━━━━━━━━━━ 106,496/100,000  [ 0:00:43 < 0:00:00 , 2,323 it/s ]
 100% ━━━━━━━━━━━━━━━━━━━━━━ 401,408/400,000  [ 0:03:16 < 0:00:00 , 1,804 it/s ]
 100% ━━━━━━━━━━━━━━━━━━━━━━ 507,904/500,000  [ 0:04:41 < 0:00:00 , 1,678 it/s ]
 100% ━━━━━━━━━━━━━━━━━━━ 1,007,616/1,000,000 [ 0:08:08 < 0:00:00 , 2,218 it/s ]
Training PPO (seed 9/15)
 100% ━━━━━━━━━━━━━━━━━━━━━━ 106,496/100,000  [ 0:00:59 < 0:00:00 , 1,666 it/s ]
 100% ━━━━━━━━━━━━━━━━━━━━━━ 401,408/400,000  [ 0:03:52 < 0:00:00 , 1,652 it/s ]
 100% ━━━━━━━━━━━━━━━━━━━━━━ 507,904/500,000  [ 0:04:53 < 0:00:00 , 1,669 it/s ]
 100% ━━━━━━━━━━━━━━━━━━━ 1,007,616/1,000,000 [ 0:10:22 < 0:00:00 , 1,394 it/s ]
Training A2C (seed 10/15)
 100% ━━━━━━━━━━━━━━━━━━━━━━ 100,000/100,000  [ 0:00:33 < 0:00:00 , 2,998 it/s ]
 100% ━━━━━━━━━━━━━━━━━━━━━━ 400,000/400,000  [ 0:02:14 < 0:00:00 , 2,902 it/s ]
 100% ━━━━━━━━━━━━━━━━━━━━━━ 500,000/500,000  [ 0:02:51 < 0:00:00 , 2,946 it/s ]
 100% ━━━━━━━━━━━━━━━━━━━ 1,000,000/1,000,000 [ 0:05:50 < 0:00:00 , 2,751 it/s ]
Training TRPO (seed 10/15)
 100% ━━━━━━━━━━━━━━━━━━━━━━ 106,496/100,000  [ 0:00:46 < 0:00:00 , 2,006 it/s ]
 100% ━━━━━━━━━━━━━━━━━━━━━━ 401,408/400,000  [ 0:03:15 < 0:00:00 , 1,935 it/s ]
 100% ━━━━━━━━━━━━━━━━━━━━━━ 507,904/500,000  [ 0:04:19 < 0:00:00 , 1,930 it/s ]
 100% ━━━━━━━━━━━━━━━━━━━ 1,007,616/1,000,000 [ 0:08:05 < 0:00:00 , 2,149 it/s ]
Training PPO (seed 10/15)
 100% ━━━━━━━━━━━━━━━━━━━━━━ 106,496/100,000  [ 0:00:59 < 0:00:00 , 1,649 it/s ]
 100% ━━━━━━━━━━━━━━━━━━━━━━ 401,408/400,000  [ 0:03:53 < 0:00:00 , 1,658 it/s ]
 100% ━━━━━━━━━━━━━━━━━━━━━━ 507,904/500,000  [ 0:04:46 < 0:00:00 , 1,780 it/s ]
 100% ━━━━━━━━━━━━━━━━━━━ 1,007,616/1,000,000 [ 0:10:08 < 0:00:00 , 1,567 it/s ]
Training A2C (seed 11/15)
 100% ━━━━━━━━━━━━━━━━━━━━━━ 100,000/100,000  [ 0:00:33 < 0:00:00 , 2,994 it/s ]
 100% ━━━━━━━━━━━━━━━━━━━━━━ 400,000/400,000  [ 0:02:23 < 0:00:00 , 2,658 it/s ]
 100% ━━━━━━━━━━━━━━━━━━━━━━ 500,000/500,000  [ 0:03:09 < 0:00:00 , 2,666 it/s ]
 100% ━━━━━━━━━━━━━━━━━━━ 1,000,000/1,000,000 [ 0:06:21 < 0:00:00 , 2,711 it/s ]
Training TRPO (seed 11/15)
 100% ━━━━━━━━━━━━━━━━━━━━━━ 106,496/100,000  [ 0:00:44 < 0:00:00 , 2,292 it/s ]
 100% ━━━━━━━━━━━━━━━━━━━━━━ 401,408/400,000  [ 0:03:09 < 0:00:00 , 2,053 it/s ]
 100% ━━━━━━━━━━━━━━━━━━━━━━ 507,904/500,000  [ 0:04:13 < 0:00:00 , 1,686 it/s ]
 100% ━━━━━━━━━━━━━━━━━━━ 1,007,616/1,000,000 [ 0:08:04 < 0:00:00 , 2,122 it/s ]
Training PPO (seed 11/15)
 100% ━━━━━━━━━━━━━━━━━━━━━━ 106,496/100,000  [ 0:00:59 < 0:00:00 , 1,639 it/s ]
 100% ━━━━━━━━━━━━━━━━━━━━━━ 401,408/400,000  [ 0:03:57 < 0:00:00 , 1,637 it/s ]
 100% ━━━━━━━━━━━━━━━━━━━━━━ 507,904/500,000  [ 0:04:48 < 0:00:00 , 1,773 it/s ]
 100% ━━━━━━━━━━━━━━━━━━━ 1,007,616/1,000,000 [ 0:09:50 < 0:00:00 , 1,486 it/s ]
Training A2C (seed 12/15)
 100% ━━━━━━━━━━━━━━━━━━━━━━ 100,000/100,000  [ 0:00:34 < 0:00:00 , 2,904 it/s ]
 100% ━━━━━━━━━━━━━━━━━━━━━━ 400,000/400,000  [ 0:02:25 < 0:00:00 , 2,688 it/s ]
 100% ━━━━━━━━━━━━━━━━━━━━━━ 500,000/500,000  [ 0:03:10 < 0:00:00 , 2,541 it/s ]
 100% ━━━━━━━━━━━━━━━━━━━ 1,000,000/1,000,000 [ 0:06:24 < 0:00:00 , 2,458 it/s ]
Training TRPO (seed 12/15)
 100% ━━━━━━━━━━━━━━━━━━━━━━ 106,496/100,000  [ 0:00:48 < 0:00:00 , 2,131 it/s ]
 100% ━━━━━━━━━━━━━━━━━━━━━━ 401,408/400,000  [ 0:03:07 < 0:00:00 , 2,049 it/s ]
 100% ━━━━━━━━━━━━━━━━━━━━━━ 507,904/500,000  [ 0:04:15 < 0:00:00 , 1,796 it/s ]
 100% ━━━━━━━━━━━━━━━━━━━ 1,007,616/1,000,000 [ 0:07:55 < 0:00:00 , 2,211 it/s ]
Training PPO (seed 12/15)
 100% ━━━━━━━━━━━━━━━━━━━━━━ 106,496/100,000  [ 0:00:59 < 0:00:00 , 1,639 it/s ]
 100% ━━━━━━━━━━━━━━━━━━━━━━ 401,408/400,000  [ 0:03:56 < 0:00:00 , 1,646 it/s ]
 100% ━━━━━━━━━━━━━━━━━━━━━━ 507,904/500,000  [ 0:04:45 < 0:00:00 , 1,775 it/s ]
 100% ━━━━━━━━━━━━━━━━━━━ 1,007,616/1,000,000 [ 0:09:41 < 0:00:00 , 1,452 it/s ]
Training A2C (seed 13/15)
 100% ━━━━━━━━━━━━━━━━━━━━━━ 100,000/100,000  [ 0:00:32 < 0:00:00 , 3,077 it/s ]
 100% ━━━━━━━━━━━━━━━━━━━━━━ 400,000/400,000  [ 0:02:21 < 0:00:00 , 2,715 it/s ]
 100% ━━━━━━━━━━━━━━━━━━━━━━ 500,000/500,000  [ 0:03:17 < 0:00:00 , 2,440 it/s ]
 100% ━━━━━━━━━━━━━━━━━━━ 1,000,000/1,000,000 [ 0:06:51 < 0:00:00 , 2,504 it/s ]
Training TRPO (seed 13/15)
 100% ━━━━━━━━━━━━━━━━━━━━━━ 106,496/100,000  [ 0:00:43 < 0:00:00 , 2,280 it/s ]
 100% ━━━━━━━━━━━━━━━━━━━━━━ 401,408/400,000  [ 0:02:58 < 0:00:00 , 2,153 it/s ]
 100% ━━━━━━━━━━━━━━━━━━━━━━ 507,904/500,000  [ 0:04:07 < 0:00:00 , 2,205 it/s ]
 100% ━━━━━━━━━━━━━━━━━━━ 1,007,616/1,000,000 [ 0:07:44 < 0:00:00 , 2,143 it/s ]
Training PPO (seed 13/15)
 100% ━━━━━━━━━━━━━━━━━━━━━━ 106,496/100,000  [ 0:00:59 < 0:00:00 , 1,644 it/s ]
 100% ━━━━━━━━━━━━━━━━━━━━━━ 401,408/400,000  [ 0:03:59 < 0:00:00 , 1,640 it/s ]
 100% ━━━━━━━━━━━━━━━━━━━━━━ 507,904/500,000  [ 0:04:47 < 0:00:00 , 1,996 it/s ]
 100% ━━━━━━━━━━━━━━━━━━━ 1,007,616/1,000,000 [ 0:09:36 < 0:00:00 , 1,534 it/s ]
Training A2C (seed 14/15)
 100% ━━━━━━━━━━━━━━━━━━━━━━ 100,000/100,000  [ 0:00:32 < 0:00:00 , 3,087 it/s ]
 100% ━━━━━━━━━━━━━━━━━━━━━━ 400,000/400,000  [ 0:02:14 < 0:00:00 , 2,875 it/s ]
 100% ━━━━━━━━━━━━━━━━━━━━━━ 500,000/500,000  [ 0:03:13 < 0:00:00 , 2,558 it/s ]
 100% ━━━━━━━━━━━━━━━━━━━ 1,000,000/1,000,000 [ 0:06:46 < 0:00:00 , 2,586 it/s ]
Training TRPO (seed 14/15)
 100% ━━━━━━━━━━━━━━━━━━━━━━ 106,496/100,000  [ 0:00:42 < 0:00:00 , 2,271 it/s ]
 100% ━━━━━━━━━━━━━━━━━━━━━━ 401,408/400,000  [ 0:03:02 < 0:00:00 , 2,246 it/s ]
 100% ━━━━━━━━━━━━━━━━━━━━━━ 507,904/500,000  [ 0:04:09 < 0:00:00 , 2,075 it/s ]
 100% ━━━━━━━━━━━━━━━━━━━ 1,007,616/1,000,000 [ 0:07:45 < 0:00:00 , 2,048 it/s ]
Training PPO (seed 14/15)
 100% ━━━━━━━━━━━━━━━━━━━━━━ 106,496/100,000  [ 0:01:00 < 0:00:00 , 1,646 it/s ]
 100% ━━━━━━━━━━━━━━━━━━━━━━ 401,408/400,000  [ 0:04:00 < 0:00:00 , 1,641 it/s ]
 100% ━━━━━━━━━━━━━━━━━━━━━━ 507,904/500,000  [ 0:04:47 < 0:00:00 , 1,772 it/s ]
 100% ━━━━━━━━━━━━━━━━━━━ 1,007,616/1,000,000 [ 0:09:30 < 0:00:00 , 1,503 it/s ]
Training A2C (seed 15/15)
 100% ━━━━━━━━━━━━━━━━━━━━━━ 100,000/100,000  [ 0:00:32 < 0:00:00 , 3,089 it/s ]
 100% ━━━━━━━━━━━━━━━━━━━━━━ 400,000/400,000  [ 0:02:13 < 0:00:00 , 2,926 it/s ]
 100% ━━━━━━━━━━━━━━━━━━━━━━ 500,000/500,000  [ 0:03:05 < 0:00:00 , 2,718 it/s ]
 100% ━━━━━━━━━━━━━━━━━━━ 1,000,000/1,000,000 [ 0:06:47 < 0:00:00 , 2,552 it/s ]
Training TRPO (seed 15/15)
 100% ━━━━━━━━━━━━━━━━━━━━━━ 106,496/100,000  [ 0:00:44 < 0:00:00 , 2,260 it/s ]
 100% ━━━━━━━━━━━━━━━━━━━━━━ 401,408/400,000  [ 0:03:10 < 0:00:00 , 2,031 it/s ]
 100% ━━━━━━━━━━━━━━━━━━━━━━ 507,904/500,000  [ 0:04:06 < 0:00:00 , 1,878 it/s ]
 100% ━━━━━━━━━━━━━━━━━━━ 1,007,616/1,000,000 [ 0:07:44 < 0:00:00 , 2,277 it/s ]
Training PPO (seed 15/15)
 100% ━━━━━━━━━━━━━━━━━━━━━━ 106,496/100,000  [ 0:00:58 < 0:00:00 , 1,685 it/s ]
 100% ━━━━━━━━━━━━━━━━━━━━━━ 401,408/400,000  [ 0:03:59 < 0:00:00 , 1,546 it/s ]
 100% ━━━━━━━━━━━━━━━━━━━━━━ 507,904/500,000  [ 0:04:41 < 0:00:00 , 1,812 it/s ]
 100% ━━━━━━━━━━━━━━━━━━━ 1,007,616/1,000,000 [ 0:09:00 < 0:00:00 , 1,768 it/s ]
