Using Gurobi license file: /scratch/slurm_tmpdir/job_4805742/gurobi_4805742_32/gurobi.lic (license index=2, LICENSEID=2826902)
Gurobi preflight: GRB_LICENSE_FILE=/scratch/slurm_tmpdir/job_4805742/gurobi_4805742_32/gurobi.lic, exists=True, WLSACCESSID=980b...1937, LICENSEID=2826902
Running task_id=32 with HIGH_SENSITIVITY=True, GT_MODEL=MNL, TRAIN_ON_ALL_SETS=False, LARGE_PRODUCT_SET=False
scipy estimation data: obs=10354, alts=11, memory=0.88 MiB
scipy estimation mode: raw prices, beta_bounds=(-0.05, -1e-07), purchase_rate|arrival=0.5191
Training DQN (seed 1/15)
 100% ━━━━━━━━━━━━━━━━━━━━━━ 100,000/100,000  [ 0:00:16 < 0:00:00 , 6,167 it/s ]
 100% ━━━━━━━━━━━━━━━━━━━━━━ 400,000/400,000  [ 0:01:05 < 0:00:00 , 6,052 it/s ]
 100% ━━━━━━━━━━━━━━━━━━━━━━ 500,000/500,000  [ 0:01:23 < 0:00:00 , 6,029 it/s ]
Training QRDQN (seed 1/15)
 100% ━━━━━━━━━━━━━━━━━━━━━━━━ 100,000/100,000  [ 0:01:41 < 0:00:00 , 993 it/s ]
 100% ━━━━━━━━━━━━━━━━━━━━━━━━ 400,000/400,000  [ 0:07:02 < 0:00:00 , 900 it/s ]
 100% ━━━━━━━━━━━━━━━━━━━━━━━━ 500,000/500,000  [ 0:09:09 < 0:00:00 , 917 it/s ]
Training ARS (seed 1/15)
 100% ━━━━━━━━━━━━━━━━━━━━━ 104,960/100,000  [ 0:00:08 < 0:00:00 , 12,360 it/s ]
 100% ━━━━━━━━━━━━━━━━━━━━━ 419,840/295,040  [ 0:00:23 < 0:00:00 , 12,363 it/s ]
   0% ━━━━━━━━━━━━━━━━━━━━━ 524,800/-24,800  [ 0:00:00 < 0:00:00 , 12,368 it/s ]
Training A2C (seed 1/15)
 100% ━━━━━━━━━━━━━━━━━━━━━━ 100,000/100,000  [ 0:00:20 < 0:00:00 , 4,889 it/s ]
 100% ━━━━━━━━━━━━━━━━━━━━━━ 400,000/400,000  [ 0:01:28 < 0:00:00 , 4,419 it/s ]
 100% ━━━━━━━━━━━━━━━━━━━━━━ 500,000/500,000  [ 0:01:54 < 0:00:00 , 4,369 it/s ]
Training TRPO (seed 1/15)
 100% ━━━━━━━━━━━━━━━━━━━━━━ 106,496/100,000  [ 0:00:22 < 0:00:00 , 4,315 it/s ]
 100% ━━━━━━━━━━━━━━━━━━━━━━ 401,408/400,000  [ 0:01:35 < 0:00:00 , 4,121 it/s ]
 100% ━━━━━━━━━━━━━━━━━━━━━━ 507,904/500,000  [ 0:01:58 < 0:00:00 , 4,174 it/s ]
Training PPO (seed 1/15)
 100% ━━━━━━━━━━━━━━━━━━━━━━ 106,496/100,000  [ 0:00:39 < 0:00:00 , 2,487 it/s ]
 100% ━━━━━━━━━━━━━━━━━━━━━━ 401,408/400,000  [ 0:02:40 < 0:00:00 , 2,377 it/s ]
 100% ━━━━━━━━━━━━━━━━━━━━━━ 507,904/500,000  [ 0:03:19 < 0:00:00 , 2,513 it/s ]
Training DQN (seed 2/15)
 100% ━━━━━━━━━━━━━━━━━━━━━━ 100,000/100,000  [ 0:00:16 < 0:00:00 , 6,102 it/s ]
 100% ━━━━━━━━━━━━━━━━━━━━━━ 400,000/400,000  [ 0:01:06 < 0:00:00 , 5,998 it/s ]
 100% ━━━━━━━━━━━━━━━━━━━━━━ 500,000/500,000  [ 0:01:23 < 0:00:00 , 5,990 it/s ]
Training QRDQN (seed 2/15)
 100% ━━━━━━━━━━━━━━━━━━━━━━ 100,000/100,000  [ 0:01:38 < 0:00:00 , 1,018 it/s ]
 100% ━━━━━━━━━━━━━━━━━━━━━━━━ 400,000/400,000  [ 0:06:18 < 0:00:00 , 939 it/s ]
 100% ━━━━━━━━━━━━━━━━━━━━━━━━ 500,000/500,000  [ 0:09:03 < 0:00:00 , 876 it/s ]
Training ARS (seed 2/15)
 100% ━━━━━━━━━━━━━━━━━━━━━ 104,960/100,000  [ 0:00:08 < 0:00:00 , 12,282 it/s ]
 100% ━━━━━━━━━━━━━━━━━━━━━ 419,840/295,040  [ 0:00:24 < 0:00:00 , 12,248 it/s ]
   0% ━━━━━━━━━━━━━━━━━━━━━ 524,800/-24,800  [ 0:00:00 < 0:00:00 , 12,283 it/s ]
Training A2C (seed 2/15)
 100% ━━━━━━━━━━━━━━━━━━━━━━ 100,000/100,000  [ 0:00:20 < 0:00:00 , 4,784 it/s ]
 100% ━━━━━━━━━━━━━━━━━━━━━━ 400,000/400,000  [ 0:01:26 < 0:00:00 , 4,472 it/s ]
 100% ━━━━━━━━━━━━━━━━━━━━━━ 500,000/500,000  [ 0:01:53 < 0:00:00 , 4,398 it/s ]
Training TRPO (seed 2/15)
 100% ━━━━━━━━━━━━━━━━━━━━━━ 106,496/100,000  [ 0:00:22 < 0:00:00 , 4,310 it/s ]
 100% ━━━━━━━━━━━━━━━━━━━━━━ 401,408/400,000  [ 0:01:36 < 0:00:00 , 4,065 it/s ]
 100% ━━━━━━━━━━━━━━━━━━━━━━ 507,904/500,000  [ 0:02:00 < 0:00:00 , 4,170 it/s ]
Training PPO (seed 2/15)
 100% ━━━━━━━━━━━━━━━━━━━━━━ 106,496/100,000  [ 0:00:39 < 0:00:00 , 2,492 it/s ]
 100% ━━━━━━━━━━━━━━━━━━━━━━ 401,408/400,000  [ 0:02:37 < 0:00:00 , 2,491 it/s ]
 100% ━━━━━━━━━━━━━━━━━━━━━━ 507,904/500,000  [ 0:03:18 < 0:00:00 , 2,511 it/s ]
Training DQN (seed 3/15)
 100% ━━━━━━━━━━━━━━━━━━━━━━ 100,000/100,000  [ 0:00:16 < 0:00:00 , 6,101 it/s ]
 100% ━━━━━━━━━━━━━━━━━━━━━━ 400,000/400,000  [ 0:01:06 < 0:00:00 , 6,008 it/s ]
 100% ━━━━━━━━━━━━━━━━━━━━━━ 500,000/500,000  [ 0:01:23 < 0:00:00 , 5,966 it/s ]
Training QRDQN (seed 3/15)
 100% ━━━━━━━━━━━━━━━━━━━━━━ 100,000/100,000  [ 0:01:37 < 0:00:00 , 1,033 it/s ]
 100% ━━━━━━━━━━━━━━━━━━━━━━ 400,000/400,000  [ 0:06:07 < 0:00:00 , 1,112 it/s ]
 100% ━━━━━━━━━━━━━━━━━━━━━━━━ 500,000/500,000  [ 0:07:58 < 0:00:00 , 946 it/s ]
Training ARS (seed 3/15)
 100% ━━━━━━━━━━━━━━━━━━━━━ 104,960/100,000  [ 0:00:08 < 0:00:00 , 12,329 it/s ]
 100% ━━━━━━━━━━━━━━━━━━━━━ 419,840/295,040  [ 0:00:23 < 0:00:00 , 12,351 it/s ]
   0% ━━━━━━━━━━━━━━━━━━━━━ 524,800/-24,800  [ 0:00:00 < 0:00:00 , 12,292 it/s ]
Training A2C (seed 3/15)
 100% ━━━━━━━━━━━━━━━━━━━━━━ 100,000/100,000  [ 0:00:20 < 0:00:00 , 4,907 it/s ]
 100% ━━━━━━━━━━━━━━━━━━━━━━ 400,000/400,000  [ 0:01:26 < 0:00:00 , 4,440 it/s ]
 100% ━━━━━━━━━━━━━━━━━━━━━━ 500,000/500,000  [ 0:01:54 < 0:00:00 , 4,343 it/s ]
Training TRPO (seed 3/15)
 100% ━━━━━━━━━━━━━━━━━━━━━━ 106,496/100,000  [ 0:00:22 < 0:00:00 , 4,322 it/s ]
 100% ━━━━━━━━━━━━━━━━━━━━━━ 401,408/400,000  [ 0:01:37 < 0:00:00 , 3,851 it/s ]
 100% ━━━━━━━━━━━━━━━━━━━━━━ 507,904/500,000  [ 0:02:00 < 0:00:00 , 4,144 it/s ]
Training PPO (seed 3/15)
 100% ━━━━━━━━━━━━━━━━━━━━━━ 106,496/100,000  [ 0:00:40 < 0:00:00 , 2,473 it/s ]
 100% ━━━━━━━━━━━━━━━━━━━━━━ 401,408/400,000  [ 0:03:11 < 0:00:00 , 1,989 it/s ]
 100% ━━━━━━━━━━━━━━━━━━━━━━ 507,904/500,000  [ 0:04:02 < 0:00:00 , 2,106 it/s ]
Training DQN (seed 4/15)
 100% ━━━━━━━━━━━━━━━━━━━━━━ 100,000/100,000  [ 0:00:19 < 0:00:00 , 5,069 it/s ]
 100% ━━━━━━━━━━━━━━━━━━━━━━ 400,000/400,000  [ 0:01:19 < 0:00:00 , 5,007 it/s ]
 100% ━━━━━━━━━━━━━━━━━━━━━━ 500,000/500,000  [ 0:01:36 < 0:00:00 , 5,282 it/s ]
Training QRDQN (seed 4/15)
 100% ━━━━━━━━━━━━━━━━━━━━━━━━ 100,000/100,000  [ 0:01:46 < 0:00:00 , 932 it/s ]
 100% ━━━━━━━━━━━━━━━━━━━━━━━━ 400,000/400,000  [ 0:06:58 < 0:00:00 , 968 it/s ]
 100% ━━━━━━━━━━━━━━━━━━━━━━ 500,000/500,000  [ 0:08:07 < 0:00:00 , 1,165 it/s ]
Training ARS (seed 4/15)
 100% ━━━━━━━━━━━━━━━━━━━━━ 104,960/100,000  [ 0:00:07 < 0:00:00 , 12,668 it/s ]
 100% ━━━━━━━━━━━━━━━━━━━━━ 419,840/295,040  [ 0:00:23 < 0:00:00 , 12,647 it/s ]
   0% ━━━━━━━━━━━━━━━━━━━━━ 524,800/-24,800  [ 0:00:00 < 0:00:00 , 12,624 it/s ]
Training A2C (seed 4/15)
 100% ━━━━━━━━━━━━━━━━━━━━━━ 100,000/100,000  [ 0:00:19 < 0:00:00 , 5,006 it/s ]
 100% ━━━━━━━━━━━━━━━━━━━━━━ 400,000/400,000  [ 0:01:26 < 0:00:00 , 4,442 it/s ]
 100% ━━━━━━━━━━━━━━━━━━━━━━ 500,000/500,000  [ 0:02:09 < 0:00:00 , 3,654 it/s ]
Training TRPO (seed 4/15)
 100% ━━━━━━━━━━━━━━━━━━━━━━ 106,496/100,000  [ 0:00:22 < 0:00:00 , 4,311 it/s ]
 100% ━━━━━━━━━━━━━━━━━━━━━━ 401,408/400,000  [ 0:01:39 < 0:00:00 , 3,922 it/s ]
 100% ━━━━━━━━━━━━━━━━━━━━━━ 507,904/500,000  [ 0:01:58 < 0:00:00 , 4,266 it/s ]
Training PPO (seed 4/15)
 100% ━━━━━━━━━━━━━━━━━━━━━━ 106,496/100,000  [ 0:00:38 < 0:00:00 , 2,575 it/s ]
 100% ━━━━━━━━━━━━━━━━━━━━━━ 401,408/400,000  [ 0:02:35 < 0:00:00 , 2,541 it/s ]
 100% ━━━━━━━━━━━━━━━━━━━━━━ 507,904/500,000  [ 0:03:22 < 0:00:00 , 2,556 it/s ]
Training DQN (seed 5/15)
 100% ━━━━━━━━━━━━━━━━━━━━━━ 100,000/100,000  [ 0:00:15 < 0:00:00 , 6,241 it/s ]
 100% ━━━━━━━━━━━━━━━━━━━━━━ 400,000/400,000  [ 0:01:04 < 0:00:00 , 6,269 it/s ]
 100% ━━━━━━━━━━━━━━━━━━━━━━ 500,000/500,000  [ 0:01:19 < 0:00:00 , 6,323 it/s ]
Training QRDQN (seed 5/15)
 100% ━━━━━━━━━━━━━━━━━━━━━━ 100,000/100,000  [ 0:01:35 < 0:00:00 , 1,040 it/s ]
 100% ━━━━━━━━━━━━━━━━━━━━━━━━ 400,000/400,000  [ 0:06:40 < 0:00:00 , 968 it/s ]
 100% ━━━━━━━━━━━━━━━━━━━━━━━━ 500,000/500,000  [ 0:08:48 < 0:00:00 , 963 it/s ]
Training ARS (seed 5/15)
 100% ━━━━━━━━━━━━━━━━━━━━━ 104,960/100,000  [ 0:00:07 < 0:00:00 , 12,655 it/s ]
 100% ━━━━━━━━━━━━━━━━━━━━━ 419,840/295,040  [ 0:00:23 < 0:00:00 , 12,662 it/s ]
   0% ━━━━━━━━━━━━━━━━━━━━━ 524,800/-24,800  [ 0:00:00 < 0:00:00 , 12,644 it/s ]
Training A2C (seed 5/15)
 100% ━━━━━━━━━━━━━━━━━━━━━━ 100,000/100,000  [ 0:00:21 < 0:00:00 , 4,553 it/s ]
 100% ━━━━━━━━━━━━━━━━━━━━━━ 400,000/400,000  [ 0:01:35 < 0:00:00 , 4,023 it/s ]
 100% ━━━━━━━━━━━━━━━━━━━━━━ 500,000/500,000  [ 0:01:56 < 0:00:00 , 4,549 it/s ]
Training TRPO (seed 5/15)
 100% ━━━━━━━━━━━━━━━━━━━━━━ 106,496/100,000  [ 0:00:22 < 0:00:00 , 4,467 it/s ]
 100% ━━━━━━━━━━━━━━━━━━━━━━ 401,408/400,000  [ 0:01:34 < 0:00:00 , 4,158 it/s ]
 100% ━━━━━━━━━━━━━━━━━━━━━━ 507,904/500,000  [ 0:01:59 < 0:00:00 , 4,213 it/s ]
Training PPO (seed 5/15)
 100% ━━━━━━━━━━━━━━━━━━━━━━ 106,496/100,000  [ 0:00:39 < 0:00:00 , 2,451 it/s ]
 100% ━━━━━━━━━━━━━━━━━━━━━━ 401,408/400,000  [ 0:02:40 < 0:00:00 , 2,432 it/s ]
 100% ━━━━━━━━━━━━━━━━━━━━━━ 507,904/500,000  [ 0:03:20 < 0:00:00 , 2,570 it/s ]
Training DQN (seed 6/15)
 100% ━━━━━━━━━━━━━━━━━━━━━━ 100,000/100,000  [ 0:00:15 < 0:00:00 , 6,267 it/s ]
 100% ━━━━━━━━━━━━━━━━━━━━━━ 400,000/400,000  [ 0:01:04 < 0:00:00 , 6,190 it/s ]
 100% ━━━━━━━━━━━━━━━━━━━━━━ 500,000/500,000  [ 0:01:20 < 0:00:00 , 6,207 it/s ]
Training QRDQN (seed 6/15)
 100% ━━━━━━━━━━━━━━━━━━━━━━ 100,000/100,000  [ 0:01:37 < 0:00:00 , 1,027 it/s ]
 100% ━━━━━━━━━━━━━━━━━━━━━━ 400,000/400,000  [ 0:06:03 < 0:00:00 , 1,083 it/s ]
 100% ━━━━━━━━━━━━━━━━━━━━━━━━ 500,000/500,000  [ 0:08:17 < 0:00:00 , 932 it/s ]
Training ARS (seed 6/15)
 100% ━━━━━━━━━━━━━━━━━━━━━ 104,960/100,000  [ 0:00:07 < 0:00:00 , 12,686 it/s ]
 100% ━━━━━━━━━━━━━━━━━━━━━ 419,840/295,040  [ 0:00:23 < 0:00:00 , 12,721 it/s ]
   0% ━━━━━━━━━━━━━━━━━━━━━ 524,800/-24,800  [ 0:00:00 < 0:00:00 , 12,714 it/s ]
Training A2C (seed 6/15)
 100% ━━━━━━━━━━━━━━━━━━━━━━ 100,000/100,000  [ 0:00:23 < 0:00:00 , 4,250 it/s ]
 100% ━━━━━━━━━━━━━━━━━━━━━━ 400,000/400,000  [ 0:01:41 < 0:00:00 , 3,773 it/s ]
 100% ━━━━━━━━━━━━━━━━━━━━━━ 500,000/500,000  [ 0:02:13 < 0:00:00 , 3,776 it/s ]
Training TRPO (seed 6/15)
 100% ━━━━━━━━━━━━━━━━━━━━━━ 106,496/100,000  [ 0:00:23 < 0:00:00 , 4,198 it/s ]
 100% ━━━━━━━━━━━━━━━━━━━━━━ 401,408/400,000  [ 0:01:38 < 0:00:00 , 4,004 it/s ]
 100% ━━━━━━━━━━━━━━━━━━━━━━ 507,904/500,000  [ 0:02:01 < 0:00:00 , 4,154 it/s ]
Training PPO (seed 6/15)
 100% ━━━━━━━━━━━━━━━━━━━━━━ 106,496/100,000  [ 0:00:45 < 0:00:00 , 2,016 it/s ]
 100% ━━━━━━━━━━━━━━━━━━━━━━ 401,408/400,000  [ 0:02:40 < 0:00:00 , 2,549 it/s ]
 100% ━━━━━━━━━━━━━━━━━━━━━━ 507,904/500,000  [ 0:03:14 < 0:00:00 , 2,558 it/s ]
Training DQN (seed 7/15)
 100% ━━━━━━━━━━━━━━━━━━━━━━ 100,000/100,000  [ 0:00:16 < 0:00:00 , 5,979 it/s ]
 100% ━━━━━━━━━━━━━━━━━━━━━━ 400,000/400,000  [ 0:01:07 < 0:00:00 , 5,888 it/s ]
 100% ━━━━━━━━━━━━━━━━━━━━━━ 500,000/500,000  [ 0:01:25 < 0:00:00 , 5,845 it/s ]
Training QRDQN (seed 7/15)
 100% ━━━━━━━━━━━━━━━━━━━━━━ 100,000/100,000  [ 0:01:41 < 0:00:00 , 1,010 it/s ]
 100% ━━━━━━━━━━━━━━━━━━━━━━ 400,000/400,000  [ 0:06:23 < 0:00:00 , 1,050 it/s ]
 100% ━━━━━━━━━━━━━━━━━━━━━━ 500,000/500,000  [ 0:07:21 < 0:00:00 , 1,011 it/s ]
Training ARS (seed 7/15)
 100% ━━━━━━━━━━━━━━━━━━━━━ 104,960/100,000  [ 0:00:07 < 0:00:00 , 12,637 it/s ]
 100% ━━━━━━━━━━━━━━━━━━━━━ 419,840/295,040  [ 0:00:23 < 0:00:00 , 12,654 it/s ]
   0% ━━━━━━━━━━━━━━━━━━━━━ 524,800/-24,800  [ 0:00:00 < 0:00:00 , 12,655 it/s ]
Training A2C (seed 7/15)
 100% ━━━━━━━━━━━━━━━━━━━━━━ 100,000/100,000  [ 0:00:23 < 0:00:00 , 4,301 it/s ]
 100% ━━━━━━━━━━━━━━━━━━━━━━ 400,000/400,000  [ 0:01:38 < 0:00:00 , 3,920 it/s ]
 100% ━━━━━━━━━━━━━━━━━━━━━━ 500,000/500,000  [ 0:02:08 < 0:00:00 , 3,895 it/s ]
Training TRPO (seed 7/15)
 100% ━━━━━━━━━━━━━━━━━━━━━━ 106,496/100,000  [ 0:00:23 < 0:00:00 , 4,285 it/s ]
 100% ━━━━━━━━━━━━━━━━━━━━━━ 401,408/400,000  [ 0:01:38 < 0:00:00 , 3,895 it/s ]
 100% ━━━━━━━━━━━━━━━━━━━━━━ 507,904/500,000  [ 0:01:59 < 0:00:00 , 4,206 it/s ]
Training PPO (seed 7/15)
 100% ━━━━━━━━━━━━━━━━━━━━━━ 106,496/100,000  [ 0:00:45 < 0:00:00 , 2,059 it/s ]
 100% ━━━━━━━━━━━━━━━━━━━━━━ 401,408/400,000  [ 0:03:03 < 0:00:00 , 2,103 it/s ]
 100% ━━━━━━━━━━━━━━━━━━━━━━ 507,904/500,000  [ 0:03:55 < 0:00:00 , 2,102 it/s ]
Training DQN (seed 8/15)
 100% ━━━━━━━━━━━━━━━━━━━━━━ 100,000/100,000  [ 0:00:19 < 0:00:00 , 5,090 it/s ]
 100% ━━━━━━━━━━━━━━━━━━━━━━ 400,000/400,000  [ 0:01:07 < 0:00:00 , 6,232 it/s ]
 100% ━━━━━━━━━━━━━━━━━━━━━━ 500,000/500,000  [ 0:01:21 < 0:00:00 , 6,095 it/s ]
Training QRDQN (seed 8/15)
 100% ━━━━━━━━━━━━━━━━━━━━━━━━ 100,000/100,000  [ 0:01:50 < 0:00:00 , 906 it/s ]
 100% ━━━━━━━━━━━━━━━━━━━━━━━━ 400,000/400,000  [ 0:07:28 < 0:00:00 , 852 it/s ]
 100% ━━━━━━━━━━━━━━━━━━━━━━ 500,000/500,000  [ 0:08:32 < 0:00:00 , 1,087 it/s ]
Training ARS (seed 8/15)
 100% ━━━━━━━━━━━━━━━━━━━━━ 104,960/100,000  [ 0:00:07 < 0:00:00 , 12,847 it/s ]
 100% ━━━━━━━━━━━━━━━━━━━━━ 419,840/295,040  [ 0:00:23 < 0:00:00 , 12,743 it/s ]
   0% ━━━━━━━━━━━━━━━━━━━━━ 524,800/-24,800  [ 0:00:00 < 0:00:00 , 12,881 it/s ]
Training A2C (seed 8/15)
 100% ━━━━━━━━━━━━━━━━━━━━━━ 100,000/100,000  [ 0:00:19 < 0:00:00 , 5,197 it/s ]
 100% ━━━━━━━━━━━━━━━━━━━━━━ 400,000/400,000  [ 0:01:21 < 0:00:00 , 4,717 it/s ]
 100% ━━━━━━━━━━━━━━━━━━━━━━ 500,000/500,000  [ 0:02:03 < 0:00:00 , 3,806 it/s ]
Training TRPO (seed 8/15)
 100% ━━━━━━━━━━━━━━━━━━━━━━ 106,496/100,000  [ 0:00:23 < 0:00:00 , 4,270 it/s ]
 100% ━━━━━━━━━━━━━━━━━━━━━━ 401,408/400,000  [ 0:01:38 < 0:00:00 , 3,971 it/s ]
 100% ━━━━━━━━━━━━━━━━━━━━━━ 507,904/500,000  [ 0:01:59 < 0:00:00 , 4,207 it/s ]
Training PPO (seed 8/15)
 100% ━━━━━━━━━━━━━━━━━━━━━━ 106,496/100,000  [ 0:00:43 < 0:00:00 , 2,238 it/s ]
 100% ━━━━━━━━━━━━━━━━━━━━━━ 401,408/400,000  [ 0:02:56 < 0:00:00 , 2,206 it/s ]
 100% ━━━━━━━━━━━━━━━━━━━━━━ 507,904/500,000  [ 0:03:45 < 0:00:00 , 2,018 it/s ]
Training DQN (seed 9/15)
 100% ━━━━━━━━━━━━━━━━━━━━━━ 100,000/100,000  [ 0:00:19 < 0:00:00 , 5,180 it/s ]
 100% ━━━━━━━━━━━━━━━━━━━━━━ 400,000/400,000  [ 0:01:17 < 0:00:00 , 5,149 it/s ]
 100% ━━━━━━━━━━━━━━━━━━━━━━ 500,000/500,000  [ 0:01:39 < 0:00:00 , 5,016 it/s ]
Training QRDQN (seed 9/15)
 100% ━━━━━━━━━━━━━━━━━━━━━━━━ 100,000/100,000  [ 0:02:04 < 0:00:00 , 786 it/s ]
 100% ━━━━━━━━━━━━━━━━━━━━━━━━ 400,000/400,000  [ 0:07:21 < 0:00:00 , 870 it/s ]
 100% ━━━━━━━━━━━━━━━━━━━━━━━━ 500,000/500,000  [ 0:09:10 < 0:00:00 , 996 it/s ]
Training ARS (seed 9/15)
 100% ━━━━━━━━━━━━━━━━━━━━━ 104,960/100,000  [ 0:00:07 < 0:00:00 , 13,004 it/s ]
 100% ━━━━━━━━━━━━━━━━━━━━━ 419,840/295,040  [ 0:00:22 < 0:00:00 , 12,993 it/s ]
   0% ━━━━━━━━━━━━━━━━━━━━━ 524,800/-24,800  [ 0:00:00 < 0:00:00 , 13,039 it/s ]
Training A2C (seed 9/15)
 100% ━━━━━━━━━━━━━━━━━━━━━━ 100,000/100,000  [ 0:00:19 < 0:00:00 , 5,192 it/s ]
 100% ━━━━━━━━━━━━━━━━━━━━━━ 400,000/400,000  [ 0:01:21 < 0:00:00 , 4,717 it/s ]
 100% ━━━━━━━━━━━━━━━━━━━━━━ 500,000/500,000  [ 0:01:46 < 0:00:00 , 4,703 it/s ]
Training TRPO (seed 9/15)
 100% ━━━━━━━━━━━━━━━━━━━━━━ 106,496/100,000  [ 0:00:21 < 0:00:00 , 4,663 it/s ]
 100% ━━━━━━━━━━━━━━━━━━━━━━ 401,408/400,000  [ 0:01:29 < 0:00:00 , 4,382 it/s ]
 100% ━━━━━━━━━━━━━━━━━━━━━━ 507,904/500,000  [ 0:01:55 < 0:00:00 , 4,401 it/s ]
Training PPO (seed 9/15)
 100% ━━━━━━━━━━━━━━━━━━━━━━ 106,496/100,000  [ 0:00:43 < 0:00:00 , 2,227 it/s ]
 100% ━━━━━━━━━━━━━━━━━━━━━━ 401,408/400,000  [ 0:02:58 < 0:00:00 , 2,203 it/s ]
 100% ━━━━━━━━━━━━━━━━━━━━━━ 507,904/500,000  [ 0:03:41 < 0:00:00 , 2,256 it/s ]
Training DQN (seed 10/15)
 100% ━━━━━━━━━━━━━━━━━━━━━━ 100,000/100,000  [ 0:00:18 < 0:00:00 , 5,440 it/s ]
 100% ━━━━━━━━━━━━━━━━━━━━━━ 400,000/400,000  [ 0:01:13 < 0:00:00 , 5,401 it/s ]
 100% ━━━━━━━━━━━━━━━━━━━━━━ 500,000/500,000  [ 0:01:33 < 0:00:00 , 5,310 it/s ]
Training QRDQN (seed 10/15)
 100% ━━━━━━━━━━━━━━━━━━━━━━━━ 100,000/100,000  [ 0:01:52 < 0:00:00 , 869 it/s ]
 100% ━━━━━━━━━━━━━━━━━━━━━━ 400,000/400,000  [ 0:07:13 < 0:00:00 , 1,039 it/s ]
 100% ━━━━━━━━━━━━━━━━━━━━━━━━ 500,000/500,000  [ 0:08:43 < 0:00:00 , 920 it/s ]
Training ARS (seed 10/15)
 100% ━━━━━━━━━━━━━━━━━━━━━ 104,960/100,000  [ 0:00:07 < 0:00:00 , 13,032 it/s ]
 100% ━━━━━━━━━━━━━━━━━━━━━ 419,840/295,040  [ 0:00:22 < 0:00:00 , 12,980 it/s ]
   0% ━━━━━━━━━━━━━━━━━━━━━ 524,800/-24,800  [ 0:00:00 < 0:00:00 , 12,968 it/s ]
Training A2C (seed 10/15)
 100% ━━━━━━━━━━━━━━━━━━━━━━ 100,000/100,000  [ 0:00:19 < 0:00:00 , 5,215 it/s ]
 100% ━━━━━━━━━━━━━━━━━━━━━━ 400,000/400,000  [ 0:01:20 < 0:00:00 , 4,769 it/s ]
 100% ━━━━━━━━━━━━━━━━━━━━━━ 500,000/500,000  [ 0:01:45 < 0:00:00 , 4,715 it/s ]
Training TRPO (seed 10/15)
 100% ━━━━━━━━━━━━━━━━━━━━━━ 106,496/100,000  [ 0:00:21 < 0:00:00 , 4,654 it/s ]
 100% ━━━━━━━━━━━━━━━━━━━━━━ 401,408/400,000  [ 0:01:29 < 0:00:00 , 4,422 it/s ]
 100% ━━━━━━━━━━━━━━━━━━━━━━ 507,904/500,000  [ 0:01:49 < 0:00:00 , 4,634 it/s ]
Training PPO (seed 10/15)
 100% ━━━━━━━━━━━━━━━━━━━━━━ 106,496/100,000  [ 0:00:36 < 0:00:00 , 2,541 it/s ]
 100% ━━━━━━━━━━━━━━━━━━━━━━ 401,408/400,000  [ 0:02:33 < 0:00:00 , 2,270 it/s ]
 100% ━━━━━━━━━━━━━━━━━━━━━━ 507,904/500,000  [ 0:03:37 < 0:00:00 , 2,305 it/s ]
Training DQN (seed 11/15)
 100% ━━━━━━━━━━━━━━━━━━━━━━ 100,000/100,000  [ 0:00:17 < 0:00:00 , 5,547 it/s ]
 100% ━━━━━━━━━━━━━━━━━━━━━━ 400,000/400,000  [ 0:01:13 < 0:00:00 , 5,452 it/s ]
 100% ━━━━━━━━━━━━━━━━━━━━━━ 500,000/500,000  [ 0:01:31 < 0:00:00 , 5,428 it/s ]
Training QRDQN (seed 11/15)
 100% ━━━━━━━━━━━━━━━━━━━━━━ 100,000/100,000  [ 0:01:39 < 0:00:00 , 1,000 it/s ]
 100% ━━━━━━━━━━━━━━━━━━━━━━━━ 400,000/400,000  [ 0:07:11 < 0:00:00 , 902 it/s ]
 100% ━━━━━━━━━━━━━━━━━━━━━━ 500,000/500,000  [ 0:08:33 < 0:00:00 , 1,038 it/s ]
Training ARS (seed 11/15)
 100% ━━━━━━━━━━━━━━━━━━━━━ 104,960/100,000  [ 0:00:07 < 0:00:00 , 13,161 it/s ]
 100% ━━━━━━━━━━━━━━━━━━━━━ 419,840/295,040  [ 0:00:22 < 0:00:00 , 13,136 it/s ]
   0% ━━━━━━━━━━━━━━━━━━━━━ 524,800/-24,800  [ 0:00:00 < 0:00:00 , 13,137 it/s ]
Training A2C (seed 11/15)
 100% ━━━━━━━━━━━━━━━━━━━━━━ 100,000/100,000  [ 0:00:19 < 0:00:00 , 5,040 it/s ]
 100% ━━━━━━━━━━━━━━━━━━━━━━ 400,000/400,000  [ 0:01:25 < 0:00:00 , 4,512 it/s ]
 100% ━━━━━━━━━━━━━━━━━━━━━━ 500,000/500,000  [ 0:01:51 < 0:00:00 , 4,504 it/s ]
Training TRPO (seed 11/15)
 100% ━━━━━━━━━━━━━━━━━━━━━━ 106,496/100,000  [ 0:00:21 < 0:00:00 , 4,605 it/s ]
 100% ━━━━━━━━━━━━━━━━━━━━━━ 401,408/400,000  [ 0:01:30 < 0:00:00 , 4,404 it/s ]
 100% ━━━━━━━━━━━━━━━━━━━━━━ 507,904/500,000  [ 0:01:52 < 0:00:00 , 4,476 it/s ]
Training PPO (seed 11/15)
 100% ━━━━━━━━━━━━━━━━━━━━━━ 106,496/100,000  [ 0:00:36 < 0:00:00 , 2,574 it/s ]
 100% ━━━━━━━━━━━━━━━━━━━━━━ 401,408/400,000  [ 0:02:27 < 0:00:00 , 2,578 it/s ]
 100% ━━━━━━━━━━━━━━━━━━━━━━ 507,904/500,000  [ 0:03:06 < 0:00:00 , 2,545 it/s ]
Training DQN (seed 12/15)
 100% ━━━━━━━━━━━━━━━━━━━━━━ 100,000/100,000  [ 0:00:15 < 0:00:00 , 6,456 it/s ]
 100% ━━━━━━━━━━━━━━━━━━━━━━ 400,000/400,000  [ 0:01:06 < 0:00:00 , 5,588 it/s ]
 100% ━━━━━━━━━━━━━━━━━━━━━━ 500,000/500,000  [ 0:01:32 < 0:00:00 , 5,424 it/s ]
Training QRDQN (seed 12/15)
 100% ━━━━━━━━━━━━━━━━━━━━━━━━ 100,000/100,000  [ 0:01:51 < 0:00:00 , 886 it/s ]
 100% ━━━━━━━━━━━━━━━━━━━━━━━━ 400,000/400,000  [ 0:07:03 < 0:00:00 , 874 it/s ]
 100% ━━━━━━━━━━━━━━━━━━━━━━━━ 500,000/500,000  [ 0:10:03 < 0:00:00 , 845 it/s ]
Training ARS (seed 12/15)
 100% ━━━━━━━━━━━━━━━━━━━━━ 104,960/100,000  [ 0:00:07 < 0:00:00 , 12,853 it/s ]
 100% ━━━━━━━━━━━━━━━━━━━━━ 419,840/295,040  [ 0:00:22 < 0:00:00 , 12,902 it/s ]
   0% ━━━━━━━━━━━━━━━━━━━━━ 524,800/-24,800  [ 0:00:00 < 0:00:00 , 13,088 it/s ]
Training A2C (seed 12/15)
 100% ━━━━━━━━━━━━━━━━━━━━━━ 100,000/100,000  [ 0:00:19 < 0:00:00 , 5,249 it/s ]
 100% ━━━━━━━━━━━━━━━━━━━━━━ 400,000/400,000  [ 0:01:20 < 0:00:00 , 4,777 it/s ]
 100% ━━━━━━━━━━━━━━━━━━━━━━ 500,000/500,000  [ 0:01:46 < 0:00:00 , 4,681 it/s ]
Training TRPO (seed 12/15)
 100% ━━━━━━━━━━━━━━━━━━━━━━ 106,496/100,000  [ 0:00:21 < 0:00:00 , 4,627 it/s ]
 100% ━━━━━━━━━━━━━━━━━━━━━━ 401,408/400,000  [ 0:01:30 < 0:00:00 , 4,273 it/s ]
 100% ━━━━━━━━━━━━━━━━━━━━━━ 507,904/500,000  [ 0:01:49 < 0:00:00 , 4,666 it/s ]
Training PPO (seed 12/15)
 100% ━━━━━━━━━━━━━━━━━━━━━━ 106,496/100,000  [ 0:00:38 < 0:00:00 , 2,576 it/s ]
 100% ━━━━━━━━━━━━━━━━━━━━━━ 401,408/400,000  [ 0:02:30 < 0:00:00 , 2,537 it/s ]
 100% ━━━━━━━━━━━━━━━━━━━━━━ 507,904/500,000  [ 0:03:06 < 0:00:00 , 2,551 it/s ]
Training DQN (seed 13/15)
 100% ━━━━━━━━━━━━━━━━━━━━━━ 100,000/100,000  [ 0:00:15 < 0:00:00 , 6,475 it/s ]
 100% ━━━━━━━━━━━━━━━━━━━━━━ 400,000/400,000  [ 0:01:02 < 0:00:00 , 6,397 it/s ]
 100% ━━━━━━━━━━━━━━━━━━━━━━ 500,000/500,000  [ 0:01:17 < 0:00:00 , 6,411 it/s ]
Training QRDQN (seed 13/15)
 100% ━━━━━━━━━━━━━━━━━━━━━━ 100,000/100,000  [ 0:01:28 < 0:00:00 , 1,133 it/s ]
 100% ━━━━━━━━━━━━━━━━━━━━━━━━ 400,000/400,000  [ 0:06:25 < 0:00:00 , 984 it/s ]
 100% ━━━━━━━━━━━━━━━━━━━━━━━━ 500,000/500,000  [ 0:09:05 < 0:00:00 , 899 it/s ]
Training ARS (seed 13/15)
 100% ━━━━━━━━━━━━━━━━━━━━━ 104,960/100,000  [ 0:00:07 < 0:00:00 , 12,897 it/s ]
 100% ━━━━━━━━━━━━━━━━━━━━━ 419,840/295,040  [ 0:00:23 < 0:00:00 , 12,827 it/s ]
   0% ━━━━━━━━━━━━━━━━━━━━━ 524,800/-24,800  [ 0:00:00 < 0:00:00 , 12,869 it/s ]
Training A2C (seed 13/15)
 100% ━━━━━━━━━━━━━━━━━━━━━━ 100,000/100,000  [ 0:00:23 < 0:00:00 , 4,330 it/s ]
 100% ━━━━━━━━━━━━━━━━━━━━━━ 400,000/400,000  [ 0:01:39 < 0:00:00 , 3,898 it/s ]
 100% ━━━━━━━━━━━━━━━━━━━━━━ 500,000/500,000  [ 0:02:10 < 0:00:00 , 3,829 it/s ]
Training TRPO (seed 13/15)
 100% ━━━━━━━━━━━━━━━━━━━━━━ 106,496/100,000  [ 0:00:23 < 0:00:00 , 4,291 it/s ]
 100% ━━━━━━━━━━━━━━━━━━━━━━ 401,408/400,000  [ 0:01:37 < 0:00:00 , 4,057 it/s ]
 100% ━━━━━━━━━━━━━━━━━━━━━━ 507,904/500,000  [ 0:01:48 < 0:00:00 , 4,711 it/s ]
Training PPO (seed 13/15)
 100% ━━━━━━━━━━━━━━━━━━━━━━ 106,496/100,000  [ 0:00:36 < 0:00:00 , 2,537 it/s ]
 100% ━━━━━━━━━━━━━━━━━━━━━━ 401,408/400,000  [ 0:02:26 < 0:00:00 , 2,607 it/s ]
 100% ━━━━━━━━━━━━━━━━━━━━━━ 507,904/500,000  [ 0:03:12 < 0:00:00 , 2,567 it/s ]
Training DQN (seed 14/15)
 100% ━━━━━━━━━━━━━━━━━━━━━━ 100,000/100,000  [ 0:00:16 < 0:00:00 , 6,185 it/s ]
 100% ━━━━━━━━━━━━━━━━━━━━━━ 400,000/400,000  [ 0:01:04 < 0:00:00 , 6,159 it/s ]
 100% ━━━━━━━━━━━━━━━━━━━━━━ 500,000/500,000  [ 0:01:18 < 0:00:00 , 6,459 it/s ]
Training QRDQN (seed 14/15)
 100% ━━━━━━━━━━━━━━━━━━━━━━ 100,000/100,000  [ 0:01:28 < 0:00:00 , 1,093 it/s ]
 100% ━━━━━━━━━━━━━━━━━━━━━━ 400,000/400,000  [ 0:06:03 < 0:00:00 , 1,107 it/s ]
 100% ━━━━━━━━━━━━━━━━━━━━━━━━ 500,000/500,000  [ 0:08:37 < 0:00:00 , 821 it/s ]
Training ARS (seed 14/15)
 100% ━━━━━━━━━━━━━━━━━━━━━ 104,960/100,000  [ 0:00:07 < 0:00:00 , 12,747 it/s ]
 100% ━━━━━━━━━━━━━━━━━━━━━ 419,840/295,040  [ 0:00:23 < 0:00:00 , 12,730 it/s ]
   0% ━━━━━━━━━━━━━━━━━━━━━ 524,800/-24,800  [ 0:00:00 < 0:00:00 , 12,758 it/s ]
Training A2C (seed 14/15)
 100% ━━━━━━━━━━━━━━━━━━━━━━ 100,000/100,000  [ 0:00:23 < 0:00:00 , 4,182 it/s ]
 100% ━━━━━━━━━━━━━━━━━━━━━━ 400,000/400,000  [ 0:01:41 < 0:00:00 , 3,804 it/s ]
 100% ━━━━━━━━━━━━━━━━━━━━━━ 500,000/500,000  [ 0:02:11 < 0:00:00 , 3,836 it/s ]
Training TRPO (seed 14/15)
 100% ━━━━━━━━━━━━━━━━━━━━━━ 106,496/100,000  [ 0:00:23 < 0:00:00 , 4,259 it/s ]
 100% ━━━━━━━━━━━━━━━━━━━━━━ 401,408/400,000  [ 0:01:38 < 0:00:00 , 3,915 it/s ]
 100% ━━━━━━━━━━━━━━━━━━━━━━ 507,904/500,000  [ 0:02:01 < 0:00:00 , 4,227 it/s ]
Training PPO (seed 14/15)
 100% ━━━━━━━━━━━━━━━━━━━━━━ 106,496/100,000  [ 0:00:44 < 0:00:00 , 2,219 it/s ]
 100% ━━━━━━━━━━━━━━━━━━━━━━ 401,408/400,000  [ 0:02:55 < 0:00:00 , 2,249 it/s ]
 100% ━━━━━━━━━━━━━━━━━━━━━━ 507,904/500,000  [ 0:03:19 < 0:00:00 , 2,495 it/s ]
Training DQN (seed 15/15)
 100% ━━━━━━━━━━━━━━━━━━━━━━ 100,000/100,000  [ 0:00:15 < 0:00:00 , 6,448 it/s ]
 100% ━━━━━━━━━━━━━━━━━━━━━━ 400,000/400,000  [ 0:01:02 < 0:00:00 , 6,415 it/s ]
 100% ━━━━━━━━━━━━━━━━━━━━━━ 500,000/500,000  [ 0:01:18 < 0:00:00 , 6,394 it/s ]
Training QRDQN (seed 15/15)
 100% ━━━━━━━━━━━━━━━━━━━━━━ 100,000/100,000  [ 0:01:33 < 0:00:00 , 1,014 it/s ]
 100% ━━━━━━━━━━━━━━━━━━━━━━ 400,000/400,000  [ 0:06:21 < 0:00:00 , 1,093 it/s ]
 100% ━━━━━━━━━━━━━━━━━━━━━━ 500,000/500,000  [ 0:07:32 < 0:00:00 , 1,040 it/s ]
Training ARS (seed 15/15)
 100% ━━━━━━━━━━━━━━━━━━━━━ 104,960/100,000  [ 0:00:07 < 0:00:00 , 13,024 it/s ]
 100% ━━━━━━━━━━━━━━━━━━━━━ 419,840/295,040  [ 0:00:22 < 0:00:00 , 13,028 it/s ]
   0% ━━━━━━━━━━━━━━━━━━━━━ 524,800/-24,800  [ 0:00:00 < 0:00:00 , 12,953 it/s ]
Training A2C (seed 15/15)
 100% ━━━━━━━━━━━━━━━━━━━━━━ 100,000/100,000  [ 0:00:19 < 0:00:00 , 5,039 it/s ]
 100% ━━━━━━━━━━━━━━━━━━━━━━ 400,000/400,000  [ 0:01:38 < 0:00:00 , 3,890 it/s ]
 100% ━━━━━━━━━━━━━━━━━━━━━━ 500,000/500,000  [ 0:02:09 < 0:00:00 , 3,833 it/s ]
Training TRPO (seed 15/15)
 100% ━━━━━━━━━━━━━━━━━━━━━━ 106,496/100,000  [ 0:00:23 < 0:00:00 , 4,233 it/s ]
 100% ━━━━━━━━━━━━━━━━━━━━━━ 401,408/400,000  [ 0:01:36 < 0:00:00 , 4,094 it/s ]
 100% ━━━━━━━━━━━━━━━━━━━━━━ 507,904/500,000  [ 0:02:02 < 0:00:00 , 4,184 it/s ]
Training PPO (seed 15/15)
 100% ━━━━━━━━━━━━━━━━━━━━━━ 106,496/100,000  [ 0:00:41 < 0:00:00 , 2,352 it/s ]
 100% ━━━━━━━━━━━━━━━━━━━━━━ 401,408/400,000  [ 0:02:52 < 0:00:00 , 2,265 it/s ]
 100% ━━━━━━━━━━━━━━━━━━━━━━ 507,904/500,000  [ 0:03:38 < 0:00:00 , 2,296 it/s ]

============================= JOB FEEDBACK =============================

NodeName=uc3n009
Job ID: 4805742
Array Job ID: 4805707_32
Cluster: uc3
User/Group: ma_fablange/ma_ma
State: COMPLETED (exit code 0)
Nodes: 1
Cores per node: 2
CPU Utilized: 09:00:27
CPU Efficiency: 49.62% of 18:09:14 core-walltime
Job Wall-clock time: 09:04:37
Memory Utilized: 895.91 MB
Memory Efficiency: 8.75% of 10.00 GB (10.00 GB/node)
