Using Gurobi license file: /scratch/slurm_tmpdir/job_4785242/gurobi_4785242_2/gurobi.lic (license index=0, LICENSEID=2817305)
Gurobi preflight: GRB_LICENSE_FILE=/scratch/slurm_tmpdir/job_4785242/gurobi_4785242_2/gurobi.lic, exists=True, WLSACCESSID=9f1b...dedb, LICENSEID=2817305
Running task_id=2 with HIGH_SENSITIVITY=False, GT_MODEL=MNL, TRAIN_ON_ALL_SETS=True, LARGE_PRODUCT_SET=False
scipy estimation data: obs=10093, alts=11, memory=0.86 MiB
Training DQN (seed 1/15)
 100% ━━━━━━━━━━━━━━━━━━━━━━━━ 20,000/20,000  [ 0:00:04 < 0:00:00 , 4,940 it/s ]
 100% ━━━━━━━━━━━━━━━━━━━━━━━━ 80,000/80,000  [ 0:00:16 < 0:00:00 , 4,936 it/s ]
 100% ━━━━━━━━━━━━━━━━━━━━━━ 400,000/400,000  [ 0:01:20 < 0:00:00 , 5,011 it/s ]
 100% ━━━━━━━━━━━━━━━━━━━━━━ 500,000/500,000  [ 0:01:41 < 0:00:00 , 4,863 it/s ]
Training ARS (seed 1/15)
 100% ━━━━━━━━━━━━━━━━━━━━━━━ 26,240/20,000  [ 0:00:01 < 0:00:00 , 11,394 it/s ]
 100% ━━━━━━━━━━━━━━━━━━━━━━ 104,960/53,760  [ 0:00:04 < 0:00:00 , 11,532 it/s ]
 100% ━━━━━━━━━━━━━━━━━━━━━ 419,792/268,800  [ 0:00:23 < 0:00:00 , 11,555 it/s ]
   0% ━━━━━━━━━━━━━━━━━━━━━ 524,764/-50,992  [ 0:00:00 < 0:00:00 , 11,595 it/s ]
Training A2C (seed 1/15)
 100% ━━━━━━━━━━━━━━━━━━━━━━━━ 20,000/20,000  [ 0:00:04 < 0:00:00 , 4,907 it/s ]
 100% ━━━━━━━━━━━━━━━━━━━━━━━━ 80,000/80,000  [ 0:00:16 < 0:00:00 , 4,893 it/s ]
 100% ━━━━━━━━━━━━━━━━━━━━━━ 400,000/400,000  [ 0:01:25 < 0:00:00 , 4,575 it/s ]
 100% ━━━━━━━━━━━━━━━━━━━━━━ 500,000/500,000  [ 0:02:08 < 0:00:00 , 3,717 it/s ]
Training TRPO (seed 1/15)
 100% ━━━━━━━━━━━━━━━━━━━━━━━━ 24,576/20,000  [ 0:00:04 < 0:00:00 , 4,091 it/s ]
 100% ━━━━━━━━━━━━━━━━━━━━━━━━ 81,920/80,000  [ 0:00:18 < 0:00:00 , 4,120 it/s ]
 100% ━━━━━━━━━━━━━━━━━━━━━━ 401,408/400,000  [ 0:01:39 < 0:00:00 , 3,960 it/s ]
