WARNING: All log messages before absl::InitializeLog() is called are written to STDERR
I0000 00:00:1779661277.239668 2114262 port.cc:153] oneDNN custom operations are on. You may see slightly different numerical results due to floating-point round-off errors from different computation orders. To turn them off, set the environment variable `TF_ENABLE_ONEDNN_OPTS=0`.
I0000 00:00:1779661279.188149 2114262 cpu_feature_guard.cc:227] This TensorFlow binary is optimized to use available CPU instructions in performance-critical operations.
To enable the following instructions: AVX2 AVX512F AVX512_VNNI AVX512_BF16 FMA, in other operations, rebuild TensorFlow with the appropriate compiler flags.
WARNING: All log messages before absl::InitializeLog() is called are written to STDERR
I0000 00:00:1779661287.683489 2114262 port.cc:153] oneDNN custom operations are on. You may see slightly different numerical results due to floating-point round-off errors from different computation orders. To turn them off, set the environment variable `TF_ENABLE_ONEDNN_OPTS=0`.
I0000 00:00:1779661287.702744 2114262 cudart_stub.cc:31] Could not find cuda drivers on your machine, GPU will not be used.
/pfs/data6/home/ma/ma_ma/ma_fablange/RL_Dynamic_Choice_RM/src/exec.py:353: RuntimeWarning: Gurobi did not return a feasible solution at t=237, x=39; using empty-offer fallback
  v_mnl, pi_mnl = solve_by_dp(
/pfs/data6/home/ma/ma_ma/ma_fablange/RL_Dynamic_Choice_RM/src/exec.py:353: RuntimeWarning: Gurobi did not return a feasible solution at t=216, x=21; using empty-offer fallback
  v_mnl, pi_mnl = solve_by_dp(
/pfs/data6/home/ma/ma_ma/ma_fablange/RL_Dynamic_Choice_RM/src/exec.py:353: RuntimeWarning: Gurobi did not return a feasible solution at t=178, x=90; using empty-offer fallback
  v_mnl, pi_mnl = solve_by_dp(
/pfs/data6/home/ma/ma_ma/ma_fablange/RL_Dynamic_Choice_RM/src/exec.py:353: RuntimeWarning: Gurobi did not return a feasible solution at t=171, x=2; using empty-offer fallback
  v_mnl, pi_mnl = solve_by_dp(
/pfs/data6/home/ma/ma_ma/ma_fablange/RL_Dynamic_Choice_RM/src/exec.py:353: RuntimeWarning: Gurobi did not return a feasible solution at t=169, x=8; using empty-offer fallback
  v_mnl, pi_mnl = solve_by_dp(
/pfs/data6/home/ma/ma_ma/ma_fablange/RL_Dynamic_Choice_RM/src/exec.py:353: RuntimeWarning: Gurobi did not return a feasible solution at t=148, x=78; using empty-offer fallback
  v_mnl, pi_mnl = solve_by_dp(
/pfs/data6/home/ma/ma_ma/ma_fablange/RL_Dynamic_Choice_RM/src/exec.py:353: RuntimeWarning: Gurobi did not return a feasible solution at t=139, x=114; using empty-offer fallback
  v_mnl, pi_mnl = solve_by_dp(
