Gurobi preflight: GRB_LICENSE_FILE=/tmp/gurobi_13566461_66/gurobi.lic, exists=True, WLSACCESSID=307c...7435, LICENSEID=2831089
Running task_id=66 with HIGH_SENSITIVITY=True, GT_MODEL=TMNL, TRAIN_ON_ALL_SETS=True, LARGE_PRODUCT_SET=False
scipy estimation data: obs=10208, alts=11, memory=0.87 MiB
scipy estimation mode: raw prices, beta_bounds=(-0.05, -1e-07), purchase_rate|arrival=0.6617
Training DQN (seed 1/15)
 100% ━━━━━━━━━━━━━━━━━━━━━━ 100,000/100,000  [ 0:00:25 < 0:00:00 , 3,919 it/s ]
 100% ━━━━━━━━━━━━━━━━━━━━━━ 400,000/400,000  [ 0:01:42 < 0:00:00 , 3,908 it/s ]
 100% ━━━━━━━━━━━━━━━━━━━━━━ 500,000/500,000  [ 0:02:18 < 0:00:00 , 3,167 it/s ]
Training ARS (seed 1/15)
 100% ━━━━━━━━━━━━━━━━━━━━━━ 104,960/100,000  [ 0:00:12 < 0:00:00 , 8,068 it/s ]
 100% ━━━━━━━━━━━━━━━━━━━━━━ 419,840/295,040  [ 0:00:36 < 0:00:00 , 8,013 it/s ]
   0% ━━━━━━━━━━━━━━━━━━━━━━ 524,800/-24,800  [ 0:00:00 < 0:00:00 , 7,873 it/s ]
Training A2C (seed 1/15)
 100% ━━━━━━━━━━━━━━━━━━━━━━ 100,000/100,000  [ 0:00:34 < 0:00:00 , 3,096 it/s ]
 100% ━━━━━━━━━━━━━━━━━━━━━━ 400,000/400,000  [ 0:02:13 < 0:00:00 , 2,922 it/s ]
 100% ━━━━━━━━━━━━━━━━━━━━━━ 500,000/500,000  [ 0:02:41 < 0:00:00 , 3,132 it/s ]
Training TRPO (seed 1/15)
 100% ━━━━━━━━━━━━━━━━━━━━━━ 106,496/100,000  [ 0:00:30 < 0:00:00 , 3,251 it/s ]
 100% ━━━━━━━━━━━━━━━━━━━━━━ 401,408/400,000  [ 0:02:07 < 0:00:00 , 3,084 it/s ]
 100% ━━━━━━━━━━━━━━━━━━━━━━ 507,904/500,000  [ 0:02:38 < 0:00:00 , 3,051 it/s ]
Training PPO (seed 1/15)
 100% ━━━━━━━━━━━━━━━━━━━━━━ 106,496/100,000  [ 0:00:58 < 0:00:00 , 1,669 it/s ]
 100% ━━━━━━━━━━━━━━━━━━━━━━ 401,408/400,000  [ 0:03:51 < 0:00:00 , 1,946 it/s ]
 100% ━━━━━━━━━━━━━━━━━━━━━━ 507,904/500,000  [ 0:04:16 < 0:00:00 , 1,940 it/s ]
Training DQN (seed 2/15)
 100% ━━━━━━━━━━━━━━━━━━━━━━ 100,000/100,000  [ 0:00:25 < 0:00:00 , 3,909 it/s ]
 100% ━━━━━━━━━━━━━━━━━━━━━━ 400,000/400,000  [ 0:01:43 < 0:00:00 , 3,872 it/s ]
 100% ━━━━━━━━━━━━━━━━━━━━━━ 500,000/500,000  [ 0:02:31 < 0:00:00 , 3,225 it/s ]
Training ARS (seed 2/15)
 100% ━━━━━━━━━━━━━━━━━━━━━━ 104,960/100,000  [ 0:00:12 < 0:00:00 , 7,969 it/s ]
 100% ━━━━━━━━━━━━━━━━━━━━━━ 419,840/295,040  [ 0:00:36 < 0:00:00 , 8,050 it/s ]
   0% ━━━━━━━━━━━━━━━━━━━━━━ 524,792/-24,800  [ 0:00:00 < 0:00:00 , 8,054 it/s ]
Training A2C (seed 2/15)
 100% ━━━━━━━━━━━━━━━━━━━━━━ 100,000/100,000  [ 0:00:30 < 0:00:00 , 3,258 it/s ]
 100% ━━━━━━━━━━━━━━━━━━━━━━ 400,000/400,000  [ 0:02:02 < 0:00:00 , 3,126 it/s ]
 100% ━━━━━━━━━━━━━━━━━━━━━━ 500,000/500,000  [ 0:02:45 < 0:00:00 , 2,929 it/s ]
Training TRPO (seed 2/15)
 100% ━━━━━━━━━━━━━━━━━━━━━━ 106,496/100,000  [ 0:00:32 < 0:00:00 , 3,010 it/s ]
 100% ━━━━━━━━━━━━━━━━━━━━━━ 401,408/400,000  [ 0:02:17 < 0:00:00 , 2,882 it/s ]
 100% ━━━━━━━━━━━━━━━━━━━━━━ 507,904/500,000  [ 0:02:51 < 0:00:00 , 2,935 it/s ]
Training PPO (seed 2/15)
 100% ━━━━━━━━━━━━━━━━━━━━━━ 106,496/100,000  [ 0:01:04 < 0:00:00 , 1,519 it/s ]
 100% ━━━━━━━━━━━━━━━━━━━━━━ 401,408/400,000  [ 0:04:24 < 0:00:00 , 1,267 it/s ]
 100% ━━━━━━━━━━━━━━━━━━━━━━ 507,904/500,000  [ 0:06:31 < 0:00:00 , 1,285 it/s ]
Training DQN (seed 3/15)
 100% ━━━━━━━━━━━━━━━━━━━━━━ 100,000/100,000  [ 0:00:41 < 0:00:00 , 2,403 it/s ]
 100% ━━━━━━━━━━━━━━━━━━━━━━ 400,000/400,000  [ 0:02:48 < 0:00:00 , 2,342 it/s ]
 100% ━━━━━━━━━━━━━━━━━━━━━━ 500,000/500,000  [ 0:03:29 < 0:00:00 , 2,373 it/s ]
Training ARS (seed 3/15)
 100% ━━━━━━━━━━━━━━━━━━━━━━ 104,960/100,000  [ 0:00:12 < 0:00:00 , 7,790 it/s ]
 100% ━━━━━━━━━━━━━━━━━━━━━━ 419,840/295,040  [ 0:00:37 < 0:00:00 , 8,042 it/s ]
   0% ━━━━━━━━━━━━━━━━━━━━━━ 524,800/-24,800  [ 0:00:00 < 0:00:00 , 8,105 it/s ]
Training A2C (seed 3/15)
 100% ━━━━━━━━━━━━━━━━━━━━━━ 100,000/100,000  [ 0:00:34 < 0:00:00 , 2,904 it/s ]
 100% ━━━━━━━━━━━━━━━━━━━━━━ 400,000/400,000  [ 0:02:25 < 0:00:00 , 2,649 it/s ]
 100% ━━━━━━━━━━━━━━━━━━━━━━ 500,000/500,000  [ 0:02:55 < 0:00:00 , 2,953 it/s ]
Training TRPO (seed 3/15)
 100% ━━━━━━━━━━━━━━━━━━━━━━ 106,496/100,000  [ 0:00:29 < 0:00:00 , 3,327 it/s ]
 100% ━━━━━━━━━━━━━━━━━━━━━━ 401,408/400,000  [ 0:02:08 < 0:00:00 , 3,041 it/s ]
 100% ━━━━━━━━━━━━━━━━━━━━━━ 507,904/500,000  [ 0:02:38 < 0:00:00 , 3,119 it/s ]
Training PPO (seed 3/15)
 100% ━━━━━━━━━━━━━━━━━━━━━━ 106,496/100,000  [ 0:00:53 < 0:00:00 , 1,655 it/s ]
 100% ━━━━━━━━━━━━━━━━━━━━━━ 401,408/400,000  [ 0:03:30 < 0:00:00 , 1,802 it/s ]
 100% ━━━━━━━━━━━━━━━━━━━━━━ 507,904/500,000  [ 0:04:32 < 0:00:00 , 1,652 it/s ]
Training DQN (seed 4/15)
 100% ━━━━━━━━━━━━━━━━━━━━━━ 100,000/100,000  [ 0:00:27 < 0:00:00 , 3,665 it/s ]
 100% ━━━━━━━━━━━━━━━━━━━━━━ 400,000/400,000  [ 0:01:50 < 0:00:00 , 3,624 it/s ]
 100% ━━━━━━━━━━━━━━━━━━━━━━ 500,000/500,000  [ 0:02:13 < 0:00:00 , 3,731 it/s ]
Training ARS (seed 4/15)
 100% ━━━━━━━━━━━━━━━━━━━━━━ 104,960/100,000  [ 0:00:12 < 0:00:00 , 8,016 it/s ]
 100% ━━━━━━━━━━━━━━━━━━━━━━ 419,816/295,040  [ 0:00:37 < 0:00:00 , 7,971 it/s ]
   0% ━━━━━━━━━━━━━━━━━━━━━━ 524,800/-24,776  [ 0:00:00 < 0:00:00 , 8,080 it/s ]
Training A2C (seed 4/15)
 100% ━━━━━━━━━━━━━━━━━━━━━━ 100,000/100,000  [ 0:00:29 < 0:00:00 , 3,334 it/s ]
 100% ━━━━━━━━━━━━━━━━━━━━━━ 400,000/400,000  [ 0:02:02 < 0:00:00 , 3,192 it/s ]
 100% ━━━━━━━━━━━━━━━━━━━━━━ 500,000/500,000  [ 0:02:34 < 0:00:00 , 2,909 it/s ]
Training TRPO (seed 4/15)
 100% ━━━━━━━━━━━━━━━━━━━━━━ 106,496/100,000  [ 0:00:33 < 0:00:00 , 2,838 it/s ]
 100% ━━━━━━━━━━━━━━━━━━━━━━ 401,408/400,000  [ 0:02:21 < 0:00:00 , 2,809 it/s ]
 100% ━━━━━━━━━━━━━━━━━━━━━━ 507,904/500,000  [ 0:02:54 < 0:00:00 , 2,705 it/s ]
Training PPO (seed 4/15)
 100% ━━━━━━━━━━━━━━━━━━━━━━ 106,496/100,000  [ 0:01:21 < 0:00:00 , 1,205 it/s ]
 100% ━━━━━━━━━━━━━━━━━━━━━━ 401,408/400,000  [ 0:05:29 < 0:00:00 , 1,198 it/s ]
 100% ━━━━━━━━━━━━━━━━━━━━━━ 507,904/500,000  [ 0:06:55 < 0:00:00 , 1,198 it/s ]
Training DQN (seed 5/15)
 100% ━━━━━━━━━━━━━━━━━━━━━━ 100,000/100,000  [ 0:00:43 < 0:00:00 , 2,300 it/s ]
 100% ━━━━━━━━━━━━━━━━━━━━━━ 400,000/400,000  [ 0:02:25 < 0:00:00 , 3,033 it/s ]
 100% ━━━━━━━━━━━━━━━━━━━━━━ 500,000/500,000  [ 0:02:46 < 0:00:00 , 3,034 it/s ]
Training ARS (seed 5/15)
 100% ━━━━━━━━━━━━━━━━━━━━━━ 104,960/100,000  [ 0:00:12 < 0:00:00 , 7,896 it/s ]
 100% ━━━━━━━━━━━━━━━━━━━━━━ 419,788/295,040  [ 0:00:37 < 0:00:00 , 7,947 it/s ]
   0% ━━━━━━━━━━━━━━━━━━━━━━ 524,780/-24,748  [ 0:00:00 < 0:00:00 , 8,095 it/s ]
Training A2C (seed 5/15)
 100% ━━━━━━━━━━━━━━━━━━━━━━ 100,000/100,000  [ 0:00:29 < 0:00:00 , 3,388 it/s ]
 100% ━━━━━━━━━━━━━━━━━━━━━━ 400,000/400,000  [ 0:02:03 < 0:00:00 , 3,100 it/s ]
 100% ━━━━━━━━━━━━━━━━━━━━━━ 500,000/500,000  [ 0:02:45 < 0:00:00 , 3,025 it/s ]
Training TRPO (seed 5/15)
 100% ━━━━━━━━━━━━━━━━━━━━━━ 106,496/100,000  [ 0:00:30 < 0:00:00 , 3,171 it/s ]
 100% ━━━━━━━━━━━━━━━━━━━━━━ 401,408/400,000  [ 0:02:09 < 0:00:00 , 3,076 it/s ]
 100% ━━━━━━━━━━━━━━━━━━━━━━ 507,904/500,000  [ 0:02:43 < 0:00:00 , 3,046 it/s ]
Training PPO (seed 5/15)
 100% ━━━━━━━━━━━━━━━━━━━━━━ 106,496/100,000  [ 0:01:01 < 0:00:00 , 1,396 it/s ]
 100% ━━━━━━━━━━━━━━━━━━━━━━ 401,408/400,000  [ 0:04:00 < 0:00:00 , 1,777 it/s ]
 100% ━━━━━━━━━━━━━━━━━━━━━━ 507,904/500,000  [ 0:04:19 < 0:00:00 , 1,904 it/s ]
Training DQN (seed 6/15)
 100% ━━━━━━━━━━━━━━━━━━━━━━ 100,000/100,000  [ 0:00:25 < 0:00:00 , 3,851 it/s ]
 100% ━━━━━━━━━━━━━━━━━━━━━━ 400,000/400,000  [ 0:01:57 < 0:00:00 , 3,394 it/s ]
 100% ━━━━━━━━━━━━━━━━━━━━━━ 500,000/500,000  [ 0:02:34 < 0:00:00 , 3,215 it/s ]
Training ARS (seed 6/15)
 100% ━━━━━━━━━━━━━━━━━━━━━━ 104,960/100,000  [ 0:00:12 < 0:00:00 , 7,990 it/s ]
 100% ━━━━━━━━━━━━━━━━━━━━━━ 419,840/295,040  [ 0:00:36 < 0:00:00 , 8,011 it/s ]
   0% ━━━━━━━━━━━━━━━━━━━━━━ 524,800/-24,800  [ 0:00:00 < 0:00:00 , 8,022 it/s ]
Training A2C (seed 6/15)
 100% ━━━━━━━━━━━━━━━━━━━━━━ 100,000/100,000  [ 0:00:31 < 0:00:00 , 3,213 it/s ]
 100% ━━━━━━━━━━━━━━━━━━━━━━ 400,000/400,000  [ 0:02:22 < 0:00:00 , 2,726 it/s ]
 100% ━━━━━━━━━━━━━━━━━━━━━━ 500,000/500,000  [ 0:02:52 < 0:00:00 , 2,949 it/s ]
Training TRPO (seed 6/15)
 100% ━━━━━━━━━━━━━━━━━━━━━━ 106,496/100,000  [ 0:00:33 < 0:00:00 , 2,799 it/s ]
 100% ━━━━━━━━━━━━━━━━━━━━━━ 401,408/400,000  [ 0:02:22 < 0:00:00 , 2,744 it/s ]
 100% ━━━━━━━━━━━━━━━━━━━━━━ 507,904/500,000  [ 0:02:58 < 0:00:00 , 2,826 it/s ]
Training PPO (seed 6/15)
 100% ━━━━━━━━━━━━━━━━━━━━━━ 106,496/100,000  [ 0:01:09 < 0:00:00 , 1,418 it/s ]
 100% ━━━━━━━━━━━━━━━━━━━━━━ 401,408/400,000  [ 0:03:59 < 0:00:00 , 1,685 it/s ]
 100% ━━━━━━━━━━━━━━━━━━━━━━ 507,904/500,000  [ 0:05:27 < 0:00:00 , 1,423 it/s ]
Training DQN (seed 7/15)
 100% ━━━━━━━━━━━━━━━━━━━━━━ 100,000/100,000  [ 0:00:33 < 0:00:00 , 2,988 it/s ]
 100% ━━━━━━━━━━━━━━━━━━━━━━ 400,000/400,000  [ 0:02:14 < 0:00:00 , 2,974 it/s ]
 100% ━━━━━━━━━━━━━━━━━━━━━━ 500,000/500,000  [ 0:02:48 < 0:00:00 , 2,990 it/s ]
Training ARS (seed 7/15)
 100% ━━━━━━━━━━━━━━━━━━━━━━ 104,960/100,000  [ 0:00:12 < 0:00:00 , 8,002 it/s ]
 100% ━━━━━━━━━━━━━━━━━━━━━━ 419,840/295,040  [ 0:00:36 < 0:00:00 , 8,013 it/s ]
   0% ━━━━━━━━━━━━━━━━━━━━━━ 524,800/-24,800  [ 0:00:00 < 0:00:00 , 8,060 it/s ]
Training A2C (seed 7/15)
 100% ━━━━━━━━━━━━━━━━━━━━━━ 100,000/100,000  [ 0:00:29 < 0:00:00 , 3,395 it/s ]
 100% ━━━━━━━━━━━━━━━━━━━━━━ 400,000/400,000  [ 0:02:03 < 0:00:00 , 3,112 it/s ]
 100% ━━━━━━━━━━━━━━━━━━━━━━ 500,000/500,000  [ 0:02:29 < 0:00:00 , 3,355 it/s ]
Training TRPO (seed 7/15)
 100% ━━━━━━━━━━━━━━━━━━━━━━ 106,496/100,000  [ 0:00:30 < 0:00:00 , 3,260 it/s ]
 100% ━━━━━━━━━━━━━━━━━━━━━━ 401,408/400,000  [ 0:02:10 < 0:00:00 , 2,880 it/s ]
 100% ━━━━━━━━━━━━━━━━━━━━━━ 507,904/500,000  [ 0:02:44 < 0:00:00 , 3,015 it/s ]
Training PPO (seed 7/15)
 100% ━━━━━━━━━━━━━━━━━━━━━━ 106,496/100,000  [ 0:01:00 < 0:00:00 , 1,633 it/s ]
 100% ━━━━━━━━━━━━━━━━━━━━━━ 401,408/400,000  [ 0:04:34 < 0:00:00 , 1,468 it/s ]
 100% ━━━━━━━━━━━━━━━━━━━━━━ 507,904/500,000  [ 0:05:16 < 0:00:00 , 1,671 it/s ]
Training DQN (seed 8/15)
 100% ━━━━━━━━━━━━━━━━━━━━━━ 100,000/100,000  [ 0:00:29 < 0:00:00 , 3,411 it/s ]
 100% ━━━━━━━━━━━━━━━━━━━━━━ 400,000/400,000  [ 0:01:58 < 0:00:00 , 3,374 it/s ]
 100% ━━━━━━━━━━━━━━━━━━━━━━ 500,000/500,000  [ 0:02:28 < 0:00:00 , 3,315 it/s ]
Training ARS (seed 8/15)
 100% ━━━━━━━━━━━━━━━━━━━━━━ 104,960/100,000  [ 0:00:12 < 0:00:00 , 8,079 it/s ]
 100% ━━━━━━━━━━━━━━━━━━━━━━ 419,840/295,040  [ 0:00:36 < 0:00:00 , 8,091 it/s ]
   0% ━━━━━━━━━━━━━━━━━━━━━━ 524,724/-24,800  [ 0:00:00 < 0:00:00 , 8,078 it/s ]
Training A2C (seed 8/15)
 100% ━━━━━━━━━━━━━━━━━━━━━━ 100,000/100,000  [ 0:00:30 < 0:00:00 , 3,272 it/s ]
 100% ━━━━━━━━━━━━━━━━━━━━━━ 400,000/400,000  [ 0:02:23 < 0:00:00 , 2,694 it/s ]
 100% ━━━━━━━━━━━━━━━━━━━━━━ 500,000/500,000  [ 0:02:35 < 0:00:00 , 3,327 it/s ]
Training TRPO (seed 8/15)
 100% ━━━━━━━━━━━━━━━━━━━━━━ 106,496/100,000  [ 0:00:30 < 0:00:00 , 3,272 it/s ]
 100% ━━━━━━━━━━━━━━━━━━━━━━ 401,408/400,000  [ 0:02:08 < 0:00:00 , 3,109 it/s ]
 100% ━━━━━━━━━━━━━━━━━━━━━━ 507,904/500,000  [ 0:02:33 < 0:00:00 , 3,178 it/s ]
Training PPO (seed 8/15)
 100% ━━━━━━━━━━━━━━━━━━━━━━ 106,496/100,000  [ 0:00:59 < 0:00:00 , 1,653 it/s ]
 100% ━━━━━━━━━━━━━━━━━━━━━━ 401,408/400,000  [ 0:03:58 < 0:00:00 , 1,663 it/s ]
 100% ━━━━━━━━━━━━━━━━━━━━━━ 507,904/500,000  [ 0:05:14 < 0:00:00 , 1,457 it/s ]
Training DQN (seed 9/15)
 100% ━━━━━━━━━━━━━━━━━━━━━━ 100,000/100,000  [ 0:00:33 < 0:00:00 , 3,009 it/s ]
 100% ━━━━━━━━━━━━━━━━━━━━━━ 400,000/400,000  [ 0:02:13 < 0:00:00 , 3,007 it/s ]
 100% ━━━━━━━━━━━━━━━━━━━━━━ 500,000/500,000  [ 0:02:47 < 0:00:00 , 2,980 it/s ]
Training ARS (seed 9/15)
 100% ━━━━━━━━━━━━━━━━━━━━━━ 104,960/100,000  [ 0:00:12 < 0:00:00 , 8,049 it/s ]
 100% ━━━━━━━━━━━━━━━━━━━━━━ 419,828/295,040  [ 0:00:37 < 0:00:00 , 7,994 it/s ]
   0% ━━━━━━━━━━━━━━━━━━━━━━ 524,748/-24,788  [ 0:00:00 < 0:00:00 , 8,088 it/s ]
Training A2C (seed 9/15)
 100% ━━━━━━━━━━━━━━━━━━━━━━ 100,000/100,000  [ 0:00:29 < 0:00:00 , 3,379 it/s ]
 100% ━━━━━━━━━━━━━━━━━━━━━━ 400,000/400,000  [ 0:02:03 < 0:00:00 , 3,057 it/s ]
 100% ━━━━━━━━━━━━━━━━━━━━━━ 500,000/500,000  [ 0:02:46 < 0:00:00 , 3,047 it/s ]
Training TRPO (seed 9/15)
 100% ━━━━━━━━━━━━━━━━━━━━━━ 106,496/100,000  [ 0:00:33 < 0:00:00 , 2,917 it/s ]
 100% ━━━━━━━━━━━━━━━━━━━━━━ 401,408/400,000  [ 0:02:23 < 0:00:00 , 2,550 it/s ]
 100% ━━━━━━━━━━━━━━━━━━━━━━ 507,904/500,000  [ 0:03:08 < 0:00:00 , 2,551 it/s ]
Training PPO (seed 9/15)
 100% ━━━━━━━━━━━━━━━━━━━━━━ 106,496/100,000  [ 0:01:12 < 0:00:00 , 1,321 it/s ]
 100% ━━━━━━━━━━━━━━━━━━━━━━ 401,408/400,000  [ 0:04:42 < 0:00:00 , 1,420 it/s ]
 100% ━━━━━━━━━━━━━━━━━━━━━━ 507,904/500,000  [ 0:05:26 < 0:00:00 , 1,943 it/s ]
Training DQN (seed 10/15)
 100% ━━━━━━━━━━━━━━━━━━━━━━ 100,000/100,000  [ 0:00:25 < 0:00:00 , 3,916 it/s ]
 100% ━━━━━━━━━━━━━━━━━━━━━━ 400,000/400,000  [ 0:01:43 < 0:00:00 , 3,832 it/s ]
 100% ━━━━━━━━━━━━━━━━━━━━━━ 500,000/500,000  [ 0:02:10 < 0:00:00 , 3,818 it/s ]
Training ARS (seed 10/15)
 100% ━━━━━━━━━━━━━━━━━━━━━━ 104,960/100,000  [ 0:00:12 < 0:00:00 , 8,081 it/s ]
 100% ━━━━━━━━━━━━━━━━━━━━━━ 419,836/295,040  [ 0:00:36 < 0:00:00 , 8,052 it/s ]
   0% ━━━━━━━━━━━━━━━━━━━━━━ 524,800/-24,796  [ 0:00:00 < 0:00:00 , 8,077 it/s ]
Training A2C (seed 10/15)
 100% ━━━━━━━━━━━━━━━━━━━━━━ 100,000/100,000  [ 0:00:28 < 0:00:00 , 3,551 it/s ]
 100% ━━━━━━━━━━━━━━━━━━━━━━ 400,000/400,000  [ 0:02:02 < 0:00:00 , 3,191 it/s ]
 100% ━━━━━━━━━━━━━━━━━━━━━━ 500,000/500,000  [ 0:02:37 < 0:00:00 , 3,173 it/s ]
Training TRPO (seed 10/15)
 100% ━━━━━━━━━━━━━━━━━━━━━━ 106,496/100,000  [ 0:00:31 < 0:00:00 , 3,135 it/s ]
 100% ━━━━━━━━━━━━━━━━━━━━━━ 401,408/400,000  [ 0:02:08 < 0:00:00 , 3,068 it/s ]
 100% ━━━━━━━━━━━━━━━━━━━━━━ 507,904/500,000  [ 0:02:40 < 0:00:00 , 3,041 it/s ]
Training PPO (seed 10/15)
 100% ━━━━━━━━━━━━━━━━━━━━━━ 106,496/100,000  [ 0:00:58 < 0:00:00 , 1,675 it/s ]
 100% ━━━━━━━━━━━━━━━━━━━━━━ 401,408/400,000  [ 0:03:56 < 0:00:00 , 1,674 it/s ]
 100% ━━━━━━━━━━━━━━━━━━━━━━ 507,904/500,000  [ 0:05:08 < 0:00:00 , 1,419 it/s ]
Training DQN (seed 11/15)
 100% ━━━━━━━━━━━━━━━━━━━━━━ 100,000/100,000  [ 0:00:40 < 0:00:00 , 2,475 it/s ]
 100% ━━━━━━━━━━━━━━━━━━━━━━ 400,000/400,000  [ 0:02:44 < 0:00:00 , 2,440 it/s ]
 100% ━━━━━━━━━━━━━━━━━━━━━━ 500,000/500,000  [ 0:03:27 < 0:00:00 , 2,354 it/s ]
Training ARS (seed 11/15)
 100% ━━━━━━━━━━━━━━━━━━━━━━ 104,960/100,000  [ 0:00:13 < 0:00:00 , 7,663 it/s ]
 100% ━━━━━━━━━━━━━━━━━━━━━━ 419,840/295,040  [ 0:00:38 < 0:00:00 , 7,737 it/s ]
   0% ━━━━━━━━━━━━━━━━━━━━━━ 524,800/-24,800  [ 0:00:00 < 0:00:00 , 8,085 it/s ]
Training A2C (seed 11/15)
 100% ━━━━━━━━━━━━━━━━━━━━━━ 100,000/100,000  [ 0:00:32 < 0:00:00 , 3,135 it/s ]
 100% ━━━━━━━━━━━━━━━━━━━━━━ 400,000/400,000  [ 0:02:13 < 0:00:00 , 2,883 it/s ]
 100% ━━━━━━━━━━━━━━━━━━━━━━ 500,000/500,000  [ 0:02:54 < 0:00:00 , 2,903 it/s ]
Training TRPO (seed 11/15)
 100% ━━━━━━━━━━━━━━━━━━━━━━ 106,496/100,000  [ 0:00:33 < 0:00:00 , 2,975 it/s ]
 100% ━━━━━━━━━━━━━━━━━━━━━━ 401,408/400,000  [ 0:02:21 < 0:00:00 , 2,722 it/s ]
 100% ━━━━━━━━━━━━━━━━━━━━━━ 507,904/500,000  [ 0:02:57 < 0:00:00 , 2,807 it/s ]
Training PPO (seed 11/15)
 100% ━━━━━━━━━━━━━━━━━━━━━━ 106,496/100,000  [ 0:01:01 < 0:00:00 , 1,669 it/s ]
 100% ━━━━━━━━━━━━━━━━━━━━━━ 401,408/400,000  [ 0:03:50 < 0:00:00 , 1,759 it/s ]
 100% ━━━━━━━━━━━━━━━━━━━━━━ 507,904/500,000  [ 0:04:47 < 0:00:00 , 1,718 it/s ]
Training DQN (seed 12/15)
 100% ━━━━━━━━━━━━━━━━━━━━━━ 100,000/100,000  [ 0:00:28 < 0:00:00 , 3,458 it/s ]
 100% ━━━━━━━━━━━━━━━━━━━━━━ 400,000/400,000  [ 0:01:44 < 0:00:00 , 3,865 it/s ]
 100% ━━━━━━━━━━━━━━━━━━━━━━ 500,000/500,000  [ 0:02:09 < 0:00:00 , 3,849 it/s ]
Training ARS (seed 12/15)
 100% ━━━━━━━━━━━━━━━━━━━━━━ 104,960/100,000  [ 0:00:12 < 0:00:00 , 8,270 it/s ]
 100% ━━━━━━━━━━━━━━━━━━━━━━ 419,824/295,040  [ 0:00:35 < 0:00:00 , 8,210 it/s ]
   0% ━━━━━━━━━━━━━━━━━━━━━━ 524,800/-24,784  [ 0:00:00 < 0:00:00 , 8,207 it/s ]
Training A2C (seed 12/15)
 100% ━━━━━━━━━━━━━━━━━━━━━━ 100,000/100,000  [ 0:00:26 < 0:00:00 , 3,709 it/s ]
 100% ━━━━━━━━━━━━━━━━━━━━━━ 400,000/400,000  [ 0:02:00 < 0:00:00 , 3,130 it/s ]
 100% ━━━━━━━━━━━━━━━━━━━━━━ 500,000/500,000  [ 0:02:31 < 0:00:00 , 3,317 it/s ]
Training TRPO (seed 12/15)
 100% ━━━━━━━━━━━━━━━━━━━━━━ 106,496/100,000  [ 0:00:31 < 0:00:00 , 3,079 it/s ]
 100% ━━━━━━━━━━━━━━━━━━━━━━ 401,408/400,000  [ 0:02:12 < 0:00:00 , 3,018 it/s ]
 100% ━━━━━━━━━━━━━━━━━━━━━━ 507,904/500,000  [ 0:02:40 < 0:00:00 , 3,105 it/s ]
Training PPO (seed 12/15)
 100% ━━━━━━━━━━━━━━━━━━━━━━ 106,496/100,000  [ 0:01:05 < 0:00:00 , 1,511 it/s ]
 100% ━━━━━━━━━━━━━━━━━━━━━━ 401,408/400,000  [ 0:04:22 < 0:00:00 , 1,497 it/s ]
 100% ━━━━━━━━━━━━━━━━━━━━━━ 507,904/500,000  [ 0:05:34 < 0:00:00 , 1,513 it/s ]
Training DQN (seed 13/15)
 100% ━━━━━━━━━━━━━━━━━━━━━━ 100,000/100,000  [ 0:00:33 < 0:00:00 , 3,002 it/s ]
 100% ━━━━━━━━━━━━━━━━━━━━━━ 400,000/400,000  [ 0:02:29 < 0:00:00 , 2,336 it/s ]
 100% ━━━━━━━━━━━━━━━━━━━━━━ 500,000/500,000  [ 0:03:32 < 0:00:00 , 2,309 it/s ]
Training ARS (seed 13/15)
 100% ━━━━━━━━━━━━━━━━━━━━━━ 104,960/100,000  [ 0:00:13 < 0:00:00 , 7,569 it/s ]
 100% ━━━━━━━━━━━━━━━━━━━━━━ 419,840/295,040  [ 0:00:39 < 0:00:00 , 7,541 it/s ]
   0% ━━━━━━━━━━━━━━━━━━━━━━ 524,800/-24,800  [ 0:00:00 < 0:00:00 , 7,529 it/s ]
Training A2C (seed 13/15)
 100% ━━━━━━━━━━━━━━━━━━━━━━ 100,000/100,000  [ 0:00:39 < 0:00:00 , 2,533 it/s ]
 100% ━━━━━━━━━━━━━━━━━━━━━━ 400,000/400,000  [ 0:02:30 < 0:00:00 , 3,179 it/s ]
 100% ━━━━━━━━━━━━━━━━━━━━━━ 500,000/500,000  [ 0:02:28 < 0:00:00 , 3,444 it/s ]
Training TRPO (seed 13/15)
 100% ━━━━━━━━━━━━━━━━━━━━━━ 106,496/100,000  [ 0:00:30 < 0:00:00 , 3,296 it/s ]
 100% ━━━━━━━━━━━━━━━━━━━━━━ 401,408/400,000  [ 0:02:06 < 0:00:00 , 3,082 it/s ]
 100% ━━━━━━━━━━━━━━━━━━━━━━ 507,904/500,000  [ 0:02:41 < 0:00:00 , 3,049 it/s ]
Training PPO (seed 13/15)
 100% ━━━━━━━━━━━━━━━━━━━━━━ 106,496/100,000  [ 0:01:00 < 0:00:00 , 1,529 it/s ]
 100% ━━━━━━━━━━━━━━━━━━━━━━ 401,408/400,000  [ 0:04:01 < 0:00:00 , 1,656 it/s ]
 100% ━━━━━━━━━━━━━━━━━━━━━━ 507,904/500,000  [ 0:04:48 < 0:00:00 , 1,739 it/s ]
Training DQN (seed 14/15)
 100% ━━━━━━━━━━━━━━━━━━━━━━ 100,000/100,000  [ 0:00:28 < 0:00:00 , 3,512 it/s ]
 100% ━━━━━━━━━━━━━━━━━━━━━━ 400,000/400,000  [ 0:01:54 < 0:00:00 , 3,566 it/s ]
 100% ━━━━━━━━━━━━━━━━━━━━━━ 500,000/500,000  [ 0:02:07 < 0:00:00 , 3,927 it/s ]
Training ARS (seed 14/15)
 100% ━━━━━━━━━━━━━━━━━━━━━━ 104,960/100,000  [ 0:00:12 < 0:00:00 , 8,187 it/s ]
 100% ━━━━━━━━━━━━━━━━━━━━━━ 419,804/295,040  [ 0:00:36 < 0:00:00 , 8,207 it/s ]
   0% ━━━━━━━━━━━━━━━━━━━━━━ 524,800/-24,764  [ 0:00:00 < 0:00:00 , 8,116 it/s ]
Training A2C (seed 14/15)
 100% ━━━━━━━━━━━━━━━━━━━━━━ 100,000/100,000  [ 0:00:27 < 0:00:00 , 3,687 it/s ]
 100% ━━━━━━━━━━━━━━━━━━━━━━ 400,000/400,000  [ 0:01:59 < 0:00:00 , 3,185 it/s ]
 100% ━━━━━━━━━━━━━━━━━━━━━━ 500,000/500,000  [ 0:03:03 < 0:00:00 , 2,626 it/s ]
Training TRPO (seed 14/15)
 100% ━━━━━━━━━━━━━━━━━━━━━━ 106,496/100,000  [ 0:00:34 < 0:00:00 , 2,815 it/s ]
 100% ━━━━━━━━━━━━━━━━━━━━━━ 401,408/400,000  [ 0:02:26 < 0:00:00 , 2,758 it/s ]
 100% ━━━━━━━━━━━━━━━━━━━━━━ 507,904/500,000  [ 0:02:56 < 0:00:00 , 2,828 it/s ]
Training PPO (seed 14/15)
 100% ━━━━━━━━━━━━━━━━━━━━━━ 106,496/100,000  [ 0:01:06 < 0:00:00 , 1,497 it/s ]
 100% ━━━━━━━━━━━━━━━━━━━━━━ 401,408/400,000  [ 0:04:24 < 0:00:00 , 1,464 it/s ]
 100% ━━━━━━━━━━━━━━━━━━━━━━ 507,904/500,000  [ 0:05:17 < 0:00:00 , 1,717 it/s ]
Training DQN (seed 15/15)
 100% ━━━━━━━━━━━━━━━━━━━━━━ 100,000/100,000  [ 0:00:28 < 0:00:00 , 3,473 it/s ]
 100% ━━━━━━━━━━━━━━━━━━━━━━ 400,000/400,000  [ 0:01:55 < 0:00:00 , 3,476 it/s ]
 100% ━━━━━━━━━━━━━━━━━━━━━━ 500,000/500,000  [ 0:02:39 < 0:00:00 , 3,031 it/s ]
Training ARS (seed 15/15)
 100% ━━━━━━━━━━━━━━━━━━━━━━ 104,960/100,000  [ 0:00:12 < 0:00:00 , 8,188 it/s ]
 100% ━━━━━━━━━━━━━━━━━━━━━━ 419,840/295,040  [ 0:00:36 < 0:00:00 , 8,070 it/s ]
   0% ━━━━━━━━━━━━━━━━━━━━━━ 524,800/-24,800  [ 0:00:00 < 0:00:00 , 8,095 it/s ]
Training A2C (seed 15/15)
 100% ━━━━━━━━━━━━━━━━━━━━━━ 100,000/100,000  [ 0:00:32 < 0:00:00 , 3,048 it/s ]
 100% ━━━━━━━━━━━━━━━━━━━━━━ 400,000/400,000  [ 0:02:08 < 0:00:00 , 3,071 it/s ]
 100% ━━━━━━━━━━━━━━━━━━━━━━ 500,000/500,000  [ 0:02:41 < 0:00:00 , 3,092 it/s ]
Training TRPO (seed 15/15)
 100% ━━━━━━━━━━━━━━━━━━━━━━ 106,496/100,000  [ 0:00:29 < 0:00:00 , 3,345 it/s ]
 100% ━━━━━━━━━━━━━━━━━━━━━━ 401,408/400,000  [ 0:02:05 < 0:00:00 , 3,041 it/s ]
 100% ━━━━━━━━━━━━━━━━━━━━━━ 507,904/500,000  [ 0:02:37 < 0:00:00 , 3,113 it/s ]
Training PPO (seed 15/15)
 100% ━━━━━━━━━━━━━━━━━━━━━━ 106,496/100,000  [ 0:00:59 < 0:00:00 , 1,644 it/s ]
 100% ━━━━━━━━━━━━━━━━━━━━━━ 401,408/400,000  [ 0:03:58 < 0:00:00 , 1,669 it/s ]
 100% ━━━━━━━━━━━━━━━━━━━━━━ 507,904/500,000  [ 0:05:14 < 0:00:00 , 1,482 it/s ]
