Using Gurobi license file: /scratch/slurm_tmpdir/job_4788624/gurobi_4788624_60/gurobi.lic (license index=3, LICENSEID=2826907)
Gurobi preflight: GRB_LICENSE_FILE=/scratch/slurm_tmpdir/job_4788624/gurobi_4788624_60/gurobi.lic, exists=True, WLSACCESSID=1e7a...556e, LICENSEID=2826907
Running task_id=60 with HIGH_SENSITIVITY=True, GT_MODEL=NLogit, TRAIN_ON_ALL_SETS=False, LARGE_PRODUCT_SET=False
scipy estimation data: obs=10272, alts=11, memory=0.87 MiB
scipy estimation mode: raw prices, beta_bounds=(-0.05, -1e-07), purchase_rate|arrival=0.4619
Training DQN (seed 1/15)
 100% ━━━━━━━━━━━━━━━━━━━━━━━━ 20,000/20,000  [ 0:00:03 < 0:00:00 , 6,202 it/s ]
 100% ━━━━━━━━━━━━━━━━━━━━━━━━ 80,000/80,000  [ 0:00:12 < 0:00:00 , 6,167 it/s ]
 100% ━━━━━━━━━━━━━━━━━━━━━━ 400,000/400,000  [ 0:01:04 < 0:00:00 , 6,205 it/s ]
Training QRDQN (seed 1/15)
 100% ━━━━━━━━━━━━━━━━━━━━━━━━━━ 20,000/20,000  [ 0:00:21 < 0:00:00 , 910 it/s ]
 100% ━━━━━━━━━━━━━━━━━━━━━━━━━━ 80,000/80,000  [ 0:01:24 < 0:00:00 , 995 it/s ]
 100% ━━━━━━━━━━━━━━━━━━━━━━━━ 400,000/400,000  [ 0:06:58 < 0:00:00 , 936 it/s ]
Training ARS (seed 1/15)
 100% ━━━━━━━━━━━━━━━━━━━━━━━ 26,240/20,000  [ 0:00:01 < 0:00:00 , 12,609 it/s ]
 100% ━━━━━━━━━━━━━━━━━━━━━━ 104,960/53,760  [ 0:00:04 < 0:00:00 , 12,540 it/s ]
 100% ━━━━━━━━━━━━━━━━━━━━━ 419,840/268,800  [ 0:00:21 < 0:00:00 , 12,386 it/s ]
Training A2C (seed 1/15)
 100% ━━━━━━━━━━━━━━━━━━━━━━━━ 20,000/20,000  [ 0:00:03 < 0:00:00 , 5,029 it/s ]
 100% ━━━━━━━━━━━━━━━━━━━━━━━━ 80,000/80,000  [ 0:00:15 < 0:00:00 , 5,033 it/s ]
 100% ━━━━━━━━━━━━━━━━━━━━━━ 400,000/400,000  [ 0:01:23 < 0:00:00 , 4,619 it/s ]
Training TRPO (seed 1/15)
 100% ━━━━━━━━━━━━━━━━━━━━━━━━ 24,576/20,000  [ 0:00:03 < 0:00:00 , 4,604 it/s ]
 100% ━━━━━━━━━━━━━━━━━━━━━━━━ 81,920/80,000  [ 0:00:16 < 0:00:00 , 4,563 it/s ]
 100% ━━━━━━━━━━━━━━━━━━━━━━ 401,408/400,000  [ 0:01:30 < 0:00:00 , 4,289 it/s ]
Training PPO (seed 1/15)
 100% ━━━━━━━━━━━━━━━━━━━━━━━━ 24,576/20,000  [ 0:00:06 < 0:00:00 , 2,578 it/s ]
 100% ━━━━━━━━━━━━━━━━━━━━━━━━ 81,920/80,000  [ 0:00:28 < 0:00:00 , 2,643 it/s ]
 100% ━━━━━━━━━━━━━━━━━━━━━━ 401,408/400,000  [ 0:02:29 < 0:00:00 , 2,631 it/s ]
Training DQN (seed 2/15)
 100% ━━━━━━━━━━━━━━━━━━━━━━━━ 20,000/20,000  [ 0:00:03 < 0:00:00 , 6,181 it/s ]
 100% ━━━━━━━━━━━━━━━━━━━━━━━━ 80,000/80,000  [ 0:00:12 < 0:00:00 , 6,198 it/s ]
 100% ━━━━━━━━━━━━━━━━━━━━━━ 400,000/400,000  [ 0:01:04 < 0:00:00 , 6,202 it/s ]
Training QRDQN (seed 2/15)
 100% ━━━━━━━━━━━━━━━━━━━━━━━━ 20,000/20,000  [ 0:00:17 < 0:00:00 , 1,153 it/s ]
 100% ━━━━━━━━━━━━━━━━━━━━━━━━ 80,000/80,000  [ 0:01:09 < 0:00:00 , 1,142 it/s ]
 100% ━━━━━━━━━━━━━━━━━━━━━━ 400,000/400,000  [ 0:06:07 < 0:00:00 , 1,033 it/s ]
Training ARS (seed 2/15)
 100% ━━━━━━━━━━━━━━━━━━━━━━━ 26,240/20,000  [ 0:00:01 < 0:00:00 , 12,613 it/s ]
 100% ━━━━━━━━━━━━━━━━━━━━━━ 104,960/53,760  [ 0:00:04 < 0:00:00 , 12,462 it/s ]
 100% ━━━━━━━━━━━━━━━━━━━━━ 419,840/268,800  [ 0:00:21 < 0:00:00 , 12,351 it/s ]
Training A2C (seed 2/15)
 100% ━━━━━━━━━━━━━━━━━━━━━━━━ 20,000/20,000  [ 0:00:04 < 0:00:00 , 4,805 it/s ]
 100% ━━━━━━━━━━━━━━━━━━━━━━━━ 80,000/80,000  [ 0:00:16 < 0:00:00 , 4,926 it/s ]
 100% ━━━━━━━━━━━━━━━━━━━━━━ 400,000/400,000  [ 0:01:26 < 0:00:00 , 4,521 it/s ]
Training TRPO (seed 2/15)
 100% ━━━━━━━━━━━━━━━━━━━━━━━━ 24,576/20,000  [ 0:00:04 < 0:00:00 , 4,513 it/s ]
 100% ━━━━━━━━━━━━━━━━━━━━━━━━ 81,920/80,000  [ 0:00:16 < 0:00:00 , 4,571 it/s ]
 100% ━━━━━━━━━━━━━━━━━━━━━━ 401,408/400,000  [ 0:01:33 < 0:00:00 , 3,890 it/s ]
Training PPO (seed 2/15)
 100% ━━━━━━━━━━━━━━━━━━━━━━━━ 24,576/20,000  [ 0:00:07 < 0:00:00 , 2,307 it/s ]
 100% ━━━━━━━━━━━━━━━━━━━━━━━━ 81,920/80,000  [ 0:00:31 < 0:00:00 , 2,310 it/s ]
 100% ━━━━━━━━━━━━━━━━━━━━━━ 401,408/400,000  [ 0:02:35 < 0:00:00 , 2,638 it/s ]
Training DQN (seed 3/15)
 100% ━━━━━━━━━━━━━━━━━━━━━━━━ 20,000/20,000  [ 0:00:03 < 0:00:00 , 6,189 it/s ]
 100% ━━━━━━━━━━━━━━━━━━━━━━━━ 80,000/80,000  [ 0:00:12 < 0:00:00 , 6,204 it/s ]
 100% ━━━━━━━━━━━━━━━━━━━━━━ 400,000/400,000  [ 0:01:06 < 0:00:00 , 6,002 it/s ]
Training QRDQN (seed 3/15)
 100% ━━━━━━━━━━━━━━━━━━━━━━━━ 20,000/20,000  [ 0:00:19 < 0:00:00 , 1,038 it/s ]
 100% ━━━━━━━━━━━━━━━━━━━━━━━━ 80,000/80,000  [ 0:01:15 < 0:00:00 , 1,085 it/s ]
 100% ━━━━━━━━━━━━━━━━━━━━━━━━ 400,000/400,000  [ 0:06:28 < 0:00:00 , 996 it/s ]
Training ARS (seed 3/15)
 100% ━━━━━━━━━━━━━━━━━━━━━━━ 26,240/20,000  [ 0:00:01 < 0:00:00 , 12,193 it/s ]
 100% ━━━━━━━━━━━━━━━━━━━━━━ 104,960/53,760  [ 0:00:04 < 0:00:00 , 12,393 it/s ]
 100% ━━━━━━━━━━━━━━━━━━━━━ 419,840/268,800  [ 0:00:22 < 0:00:00 , 12,024 it/s ]
Training A2C (seed 3/15)
 100% ━━━━━━━━━━━━━━━━━━━━━━━━ 20,000/20,000  [ 0:00:04 < 0:00:00 , 4,694 it/s ]
 100% ━━━━━━━━━━━━━━━━━━━━━━━━ 80,000/80,000  [ 0:00:16 < 0:00:00 , 4,773 it/s ]
 100% ━━━━━━━━━━━━━━━━━━━━━━ 400,000/400,000  [ 0:01:28 < 0:00:00 , 4,364 it/s ]
Training TRPO (seed 3/15)
 100% ━━━━━━━━━━━━━━━━━━━━━━━━ 24,576/20,000  [ 0:00:04 < 0:00:00 , 4,320 it/s ]
 100% ━━━━━━━━━━━━━━━━━━━━━━━━ 81,920/80,000  [ 0:00:17 < 0:00:00 , 4,339 it/s ]
 100% ━━━━━━━━━━━━━━━━━━━━━━ 401,408/400,000  [ 0:01:36 < 0:00:00 , 3,990 it/s ]
Training PPO (seed 3/15)
 100% ━━━━━━━━━━━━━━━━━━━━━━━━ 24,576/20,000  [ 0:00:07 < 0:00:00 , 2,403 it/s ]
 100% ━━━━━━━━━━━━━━━━━━━━━━━━ 81,920/80,000  [ 0:00:30 < 0:00:00 , 2,469 it/s ]
 100% ━━━━━━━━━━━━━━━━━━━━━━ 401,408/400,000  [ 0:02:42 < 0:00:00 , 2,264 it/s ]
Training DQN (seed 4/15)
 100% ━━━━━━━━━━━━━━━━━━━━━━━━ 20,000/20,000  [ 0:00:03 < 0:00:00 , 5,639 it/s ]
 100% ━━━━━━━━━━━━━━━━━━━━━━━━ 80,000/80,000  [ 0:00:14 < 0:00:00 , 5,595 it/s ]
 100% ━━━━━━━━━━━━━━━━━━━━━━ 400,000/400,000  [ 0:01:10 < 0:00:00 , 5,639 it/s ]
Training QRDQN (seed 4/15)
 100% ━━━━━━━━━━━━━━━━━━━━━━━━ 20,000/20,000  [ 0:00:19 < 0:00:00 , 1,040 it/s ]
 100% ━━━━━━━━━━━━━━━━━━━━━━━━ 80,000/80,000  [ 0:01:19 < 0:00:00 , 1,018 it/s ]
 100% ━━━━━━━━━━━━━━━━━━━━━━ 400,000/400,000  [ 0:06:33 < 0:00:00 , 1,029 it/s ]
Training ARS (seed 4/15)
 100% ━━━━━━━━━━━━━━━━━━━━━━━ 26,240/20,000  [ 0:00:01 < 0:00:00 , 12,215 it/s ]
 100% ━━━━━━━━━━━━━━━━━━━━━━ 104,960/53,760  [ 0:00:04 < 0:00:00 , 12,169 it/s ]
 100% ━━━━━━━━━━━━━━━━━━━━━ 419,840/268,800  [ 0:00:22 < 0:00:00 , 11,983 it/s ]
Training A2C (seed 4/15)
 100% ━━━━━━━━━━━━━━━━━━━━━━━━ 20,000/20,000  [ 0:00:04 < 0:00:00 , 4,723 it/s ]
 100% ━━━━━━━━━━━━━━━━━━━━━━━━ 80,000/80,000  [ 0:00:16 < 0:00:00 , 4,750 it/s ]
 100% ━━━━━━━━━━━━━━━━━━━━━━ 400,000/400,000  [ 0:01:29 < 0:00:00 , 4,349 it/s ]
Training TRPO (seed 4/15)
 100% ━━━━━━━━━━━━━━━━━━━━━━━━ 24,576/20,000  [ 0:00:04 < 0:00:00 , 4,356 it/s ]
 100% ━━━━━━━━━━━━━━━━━━━━━━━━ 81,920/80,000  [ 0:00:17 < 0:00:00 , 4,350 it/s ]
 100% ━━━━━━━━━━━━━━━━━━━━━━ 401,408/400,000  [ 0:01:36 < 0:00:00 , 4,097 it/s ]
Training PPO (seed 4/15)
 100% ━━━━━━━━━━━━━━━━━━━━━━━━ 24,576/20,000  [ 0:00:06 < 0:00:00 , 2,455 it/s ]
 100% ━━━━━━━━━━━━━━━━━━━━━━━━ 81,920/80,000  [ 0:00:30 < 0:00:00 , 2,467 it/s ]
 100% ━━━━━━━━━━━━━━━━━━━━━━ 401,408/400,000  [ 0:02:37 < 0:00:00 , 2,489 it/s ]
Training DQN (seed 5/15)
 100% ━━━━━━━━━━━━━━━━━━━━━━━━ 20,000/20,000  [ 0:00:03 < 0:00:00 , 5,815 it/s ]
 100% ━━━━━━━━━━━━━━━━━━━━━━━━ 80,000/80,000  [ 0:00:13 < 0:00:00 , 5,850 it/s ]
 100% ━━━━━━━━━━━━━━━━━━━━━━ 400,000/400,000  [ 0:01:08 < 0:00:00 , 5,891 it/s ]
Training QRDQN (seed 5/15)
 100% ━━━━━━━━━━━━━━━━━━━━━━━━ 20,000/20,000  [ 0:00:18 < 0:00:00 , 1,068 it/s ]
 100% ━━━━━━━━━━━━━━━━━━━━━━━━ 80,000/80,000  [ 0:01:16 < 0:00:00 , 1,039 it/s ]
 100% ━━━━━━━━━━━━━━━━━━━━━━ 400,000/400,000  [ 0:06:15 < 0:00:00 , 1,078 it/s ]
Training ARS (seed 5/15)
 100% ━━━━━━━━━━━━━━━━━━━━━━━ 26,240/20,000  [ 0:00:01 < 0:00:00 , 11,924 it/s ]
 100% ━━━━━━━━━━━━━━━━━━━━━━ 104,960/53,760  [ 0:00:04 < 0:00:00 , 12,238 it/s ]
 100% ━━━━━━━━━━━━━━━━━━━━━ 419,840/268,800  [ 0:00:22 < 0:00:00 , 12,057 it/s ]
Training A2C (seed 5/15)
 100% ━━━━━━━━━━━━━━━━━━━━━━━━ 20,000/20,000  [ 0:00:04 < 0:00:00 , 4,802 it/s ]
 100% ━━━━━━━━━━━━━━━━━━━━━━━━ 80,000/80,000  [ 0:00:16 < 0:00:00 , 4,817 it/s ]
 100% ━━━━━━━━━━━━━━━━━━━━━━ 400,000/400,000  [ 0:01:29 < 0:00:00 , 4,334 it/s ]
Training TRPO (seed 5/15)
 100% ━━━━━━━━━━━━━━━━━━━━━━━━ 24,576/20,000  [ 0:00:04 < 0:00:00 , 4,340 it/s ]
 100% ━━━━━━━━━━━━━━━━━━━━━━━━ 81,920/80,000  [ 0:00:17 < 0:00:00 , 4,367 it/s ]
 100% ━━━━━━━━━━━━━━━━━━━━━━ 401,408/400,000  [ 0:01:34 < 0:00:00 , 4,155 it/s ]
Training PPO (seed 5/15)
 100% ━━━━━━━━━━━━━━━━━━━━━━━━ 24,576/20,000  [ 0:00:07 < 0:00:00 , 2,388 it/s ]
 100% ━━━━━━━━━━━━━━━━━━━━━━━━ 81,920/80,000  [ 0:00:30 < 0:00:00 , 2,454 it/s ]
 100% ━━━━━━━━━━━━━━━━━━━━━━ 401,408/400,000  [ 0:02:39 < 0:00:00 , 2,493 it/s ]
Training DQN (seed 6/15)
 100% ━━━━━━━━━━━━━━━━━━━━━━━━ 20,000/20,000  [ 0:00:03 < 0:00:00 , 5,885 it/s ]
 100% ━━━━━━━━━━━━━━━━━━━━━━━━ 80,000/80,000  [ 0:00:13 < 0:00:00 , 5,918 it/s ]
 100% ━━━━━━━━━━━━━━━━━━━━━━ 400,000/400,000  [ 0:01:06 < 0:00:00 , 6,000 it/s ]
Training QRDQN (seed 6/15)
 100% ━━━━━━━━━━━━━━━━━━━━━━━━ 20,000/20,000  [ 0:00:18 < 0:00:00 , 1,094 it/s ]
 100% ━━━━━━━━━━━━━━━━━━━━━━━━ 80,000/80,000  [ 0:01:14 < 0:00:00 , 1,054 it/s ]
 100% ━━━━━━━━━━━━━━━━━━━━━━ 400,000/400,000  [ 0:06:21 < 0:00:00 , 1,042 it/s ]
Training ARS (seed 6/15)
 100% ━━━━━━━━━━━━━━━━━━━━━━━ 26,240/20,000  [ 0:00:01 < 0:00:00 , 12,179 it/s ]
 100% ━━━━━━━━━━━━━━━━━━━━━━ 104,960/53,760  [ 0:00:04 < 0:00:00 , 12,312 it/s ]
 100% ━━━━━━━━━━━━━━━━━━━━━ 419,840/268,800  [ 0:00:21 < 0:00:00 , 12,326 it/s ]
Training A2C (seed 6/15)
 100% ━━━━━━━━━━━━━━━━━━━━━━━━ 20,000/20,000  [ 0:00:04 < 0:00:00 , 4,926 it/s ]
 100% ━━━━━━━━━━━━━━━━━━━━━━━━ 80,000/80,000  [ 0:00:16 < 0:00:00 , 4,886 it/s ]
 100% ━━━━━━━━━━━━━━━━━━━━━━ 400,000/400,000  [ 0:01:27 < 0:00:00 , 4,409 it/s ]
Training TRPO (seed 6/15)
 100% ━━━━━━━━━━━━━━━━━━━━━━━━ 24,576/20,000  [ 0:00:04 < 0:00:00 , 4,416 it/s ]
 100% ━━━━━━━━━━━━━━━━━━━━━━━━ 81,920/80,000  [ 0:00:17 < 0:00:00 , 4,426 it/s ]
 100% ━━━━━━━━━━━━━━━━━━━━━━ 401,408/400,000  [ 0:01:33 < 0:00:00 , 4,175 it/s ]
Training PPO (seed 6/15)
 100% ━━━━━━━━━━━━━━━━━━━━━━━━ 24,576/20,000  [ 0:00:06 < 0:00:00 , 2,470 it/s ]
 100% ━━━━━━━━━━━━━━━━━━━━━━━━ 81,920/80,000  [ 0:00:30 < 0:00:00 , 2,508 it/s ]
 100% ━━━━━━━━━━━━━━━━━━━━━━ 401,408/400,000  [ 0:02:37 < 0:00:00 , 2,484 it/s ]
Training DQN (seed 7/15)
 100% ━━━━━━━━━━━━━━━━━━━━━━━━ 20,000/20,000  [ 0:00:03 < 0:00:00 , 5,890 it/s ]
 100% ━━━━━━━━━━━━━━━━━━━━━━━━ 80,000/80,000  [ 0:00:13 < 0:00:00 , 5,901 it/s ]
 100% ━━━━━━━━━━━━━━━━━━━━━━ 400,000/400,000  [ 0:01:08 < 0:00:00 , 5,894 it/s ]
Training QRDQN (seed 7/15)
 100% ━━━━━━━━━━━━━━━━━━━━━━━━ 20,000/20,000  [ 0:00:17 < 0:00:00 , 1,107 it/s ]
 100% ━━━━━━━━━━━━━━━━━━━━━━━━ 80,000/80,000  [ 0:01:12 < 0:00:00 , 1,101 it/s ]
 100% ━━━━━━━━━━━━━━━━━━━━━━ 400,000/400,000  [ 0:06:06 < 0:00:00 , 1,074 it/s ]
Training ARS (seed 7/15)
 100% ━━━━━━━━━━━━━━━━━━━━━━━ 26,240/20,000  [ 0:00:01 < 0:00:00 , 12,233 it/s ]
 100% ━━━━━━━━━━━━━━━━━━━━━━ 104,960/53,760  [ 0:00:04 < 0:00:00 , 12,256 it/s ]
 100% ━━━━━━━━━━━━━━━━━━━━━ 419,840/268,800  [ 0:00:22 < 0:00:00 , 12,096 it/s ]
Training A2C (seed 7/15)
 100% ━━━━━━━━━━━━━━━━━━━━━━━━ 20,000/20,000  [ 0:00:04 < 0:00:00 , 4,773 it/s ]
 100% ━━━━━━━━━━━━━━━━━━━━━━━━ 80,000/80,000  [ 0:00:16 < 0:00:00 , 4,737 it/s ]
 100% ━━━━━━━━━━━━━━━━━━━━━━ 400,000/400,000  [ 0:01:28 < 0:00:00 , 4,315 it/s ]
Training TRPO (seed 7/15)
 100% ━━━━━━━━━━━━━━━━━━━━━━━━ 24,576/20,000  [ 0:00:03 < 0:00:00 , 4,439 it/s ]
 100% ━━━━━━━━━━━━━━━━━━━━━━━━ 81,920/80,000  [ 0:00:17 < 0:00:00 , 4,315 it/s ]
 100% ━━━━━━━━━━━━━━━━━━━━━━ 401,408/400,000  [ 0:01:34 < 0:00:00 , 4,179 it/s ]
Training PPO (seed 7/15)
 100% ━━━━━━━━━━━━━━━━━━━━━━━━ 24,576/20,000  [ 0:00:06 < 0:00:00 , 2,439 it/s ]
 100% ━━━━━━━━━━━━━━━━━━━━━━━━ 81,920/80,000  [ 0:00:30 < 0:00:00 , 2,475 it/s ]
 100% ━━━━━━━━━━━━━━━━━━━━━━ 401,408/400,000  [ 0:02:36 < 0:00:00 , 2,531 it/s ]
Training DQN (seed 8/15)
 100% ━━━━━━━━━━━━━━━━━━━━━━━━ 20,000/20,000  [ 0:00:03 < 0:00:00 , 5,895 it/s ]
 100% ━━━━━━━━━━━━━━━━━━━━━━━━ 80,000/80,000  [ 0:00:13 < 0:00:00 , 5,875 it/s ]
 100% ━━━━━━━━━━━━━━━━━━━━━━ 400,000/400,000  [ 0:01:08 < 0:00:00 , 5,859 it/s ]
Training QRDQN (seed 8/15)
 100% ━━━━━━━━━━━━━━━━━━━━━━━━ 20,000/20,000  [ 0:00:18 < 0:00:00 , 1,064 it/s ]
 100% ━━━━━━━━━━━━━━━━━━━━━━━━ 80,000/80,000  [ 0:01:13 < 0:00:00 , 1,091 it/s ]
 100% ━━━━━━━━━━━━━━━━━━━━━━ 400,000/400,000  [ 0:06:18 < 0:00:00 , 1,059 it/s ]
Training ARS (seed 8/15)
 100% ━━━━━━━━━━━━━━━━━━━━━━━ 26,240/20,000  [ 0:00:01 < 0:00:00 , 12,460 it/s ]
 100% ━━━━━━━━━━━━━━━━━━━━━━ 104,960/53,760  [ 0:00:04 < 0:00:00 , 12,256 it/s ]
 100% ━━━━━━━━━━━━━━━━━━━━━ 419,840/268,800  [ 0:00:22 < 0:00:00 , 12,028 it/s ]
Training A2C (seed 8/15)
 100% ━━━━━━━━━━━━━━━━━━━━━━━━ 20,000/20,000  [ 0:00:04 < 0:00:00 , 4,917 it/s ]
 100% ━━━━━━━━━━━━━━━━━━━━━━━━ 80,000/80,000  [ 0:00:16 < 0:00:00 , 4,903 it/s ]
 100% ━━━━━━━━━━━━━━━━━━━━━━ 400,000/400,000  [ 0:01:25 < 0:00:00 , 4,534 it/s ]
Training TRPO (seed 8/15)
 100% ━━━━━━━━━━━━━━━━━━━━━━━━ 24,576/20,000  [ 0:00:04 < 0:00:00 , 4,439 it/s ]
 100% ━━━━━━━━━━━━━━━━━━━━━━━━ 81,920/80,000  [ 0:00:17 < 0:00:00 , 4,418 it/s ]
 100% ━━━━━━━━━━━━━━━━━━━━━━ 401,408/400,000  [ 0:01:35 < 0:00:00 , 4,120 it/s ]
Training PPO (seed 8/15)
 100% ━━━━━━━━━━━━━━━━━━━━━━━━ 24,576/20,000  [ 0:00:07 < 0:00:00 , 2,397 it/s ]
 100% ━━━━━━━━━━━━━━━━━━━━━━━━ 81,920/80,000  [ 0:00:30 < 0:00:00 , 2,474 it/s ]
 100% ━━━━━━━━━━━━━━━━━━━━━━ 401,408/400,000  [ 0:02:37 < 0:00:00 , 2,538 it/s ]
Training DQN (seed 9/15)
 100% ━━━━━━━━━━━━━━━━━━━━━━━━ 20,000/20,000  [ 0:00:03 < 0:00:00 , 6,028 it/s ]
 100% ━━━━━━━━━━━━━━━━━━━━━━━━ 80,000/80,000  [ 0:00:13 < 0:00:00 , 6,026 it/s ]
 100% ━━━━━━━━━━━━━━━━━━━━━━ 400,000/400,000  [ 0:01:07 < 0:00:00 , 5,903 it/s ]
Training QRDQN (seed 9/15)
 100% ━━━━━━━━━━━━━━━━━━━━━━━━ 20,000/20,000  [ 0:00:18 < 0:00:00 , 1,088 it/s ]
 100% ━━━━━━━━━━━━━━━━━━━━━━━━ 80,000/80,000  [ 0:01:13 < 0:00:00 , 1,096 it/s ]
 100% ━━━━━━━━━━━━━━━━━━━━━━ 400,000/400,000  [ 0:06:10 < 0:00:00 , 1,080 it/s ]
Training ARS (seed 9/15)
 100% ━━━━━━━━━━━━━━━━━━━━━━━ 26,240/20,000  [ 0:00:01 < 0:00:00 , 12,274 it/s ]
 100% ━━━━━━━━━━━━━━━━━━━━━━ 104,960/53,760  [ 0:00:04 < 0:00:00 , 12,278 it/s ]
 100% ━━━━━━━━━━━━━━━━━━━━━ 419,840/268,800  [ 0:00:22 < 0:00:00 , 12,207 it/s ]
Training A2C (seed 9/15)
 100% ━━━━━━━━━━━━━━━━━━━━━━━━ 20,000/20,000  [ 0:00:04 < 0:00:00 , 4,913 it/s ]
 100% ━━━━━━━━━━━━━━━━━━━━━━━━ 80,000/80,000  [ 0:00:16 < 0:00:00 , 4,903 it/s ]
 100% ━━━━━━━━━━━━━━━━━━━━━━ 400,000/400,000  [ 0:01:26 < 0:00:00 , 4,425 it/s ]
Training TRPO (seed 9/15)
 100% ━━━━━━━━━━━━━━━━━━━━━━━━ 24,576/20,000  [ 0:00:04 < 0:00:00 , 4,457 it/s ]
 100% ━━━━━━━━━━━━━━━━━━━━━━━━ 81,920/80,000  [ 0:00:17 < 0:00:00 , 4,446 it/s ]
 100% ━━━━━━━━━━━━━━━━━━━━━━ 401,408/400,000  [ 0:01:33 < 0:00:00 , 4,175 it/s ]
Training PPO (seed 9/15)
 100% ━━━━━━━━━━━━━━━━━━━━━━━━ 24,576/20,000  [ 0:00:06 < 0:00:00 , 2,503 it/s ]
 100% ━━━━━━━━━━━━━━━━━━━━━━━━ 81,920/80,000  [ 0:00:29 < 0:00:00 , 2,558 it/s ]
 100% ━━━━━━━━━━━━━━━━━━━━━━ 401,408/400,000  [ 0:02:38 < 0:00:00 , 2,470 it/s ]
Training DQN (seed 10/15)
 100% ━━━━━━━━━━━━━━━━━━━━━━━━ 20,000/20,000  [ 0:00:03 < 0:00:00 , 5,793 it/s ]
 100% ━━━━━━━━━━━━━━━━━━━━━━━━ 80,000/80,000  [ 0:00:13 < 0:00:00 , 5,724 it/s ]
 100% ━━━━━━━━━━━━━━━━━━━━━━ 400,000/400,000  [ 0:01:09 < 0:00:00 , 5,783 it/s ]
Training QRDQN (seed 10/15)
 100% ━━━━━━━━━━━━━━━━━━━━━━━━━━ 20,000/20,000  [ 0:00:20 < 0:00:00 , 973 it/s ]
 100% ━━━━━━━━━━━━━━━━━━━━━━━━ 80,000/80,000  [ 0:01:15 < 0:00:00 , 1,067 it/s ]
 100% ━━━━━━━━━━━━━━━━━━━━━━ 400,000/400,000  [ 0:06:29 < 0:00:00 , 1,054 it/s ]
Training ARS (seed 10/15)
 100% ━━━━━━━━━━━━━━━━━━━━━━━ 26,240/20,000  [ 0:00:01 < 0:00:00 , 12,710 it/s ]
 100% ━━━━━━━━━━━━━━━━━━━━━━ 104,960/53,760  [ 0:00:04 < 0:00:00 , 12,485 it/s ]
 100% ━━━━━━━━━━━━━━━━━━━━━ 419,840/268,800  [ 0:00:21 < 0:00:00 , 12,332 it/s ]
Training A2C (seed 10/15)
 100% ━━━━━━━━━━━━━━━━━━━━━━━━ 20,000/20,000  [ 0:00:04 < 0:00:00 , 4,938 it/s ]
 100% ━━━━━━━━━━━━━━━━━━━━━━━━ 80,000/80,000  [ 0:00:16 < 0:00:00 , 4,899 it/s ]
 100% ━━━━━━━━━━━━━━━━━━━━━━ 400,000/400,000  [ 0:01:27 < 0:00:00 , 4,455 it/s ]
Training TRPO (seed 10/15)
 100% ━━━━━━━━━━━━━━━━━━━━━━━━ 24,576/20,000  [ 0:00:04 < 0:00:00 , 4,436 it/s ]
 100% ━━━━━━━━━━━━━━━━━━━━━━━━ 81,920/80,000  [ 0:00:17 < 0:00:00 , 4,447 it/s ]
 100% ━━━━━━━━━━━━━━━━━━━━━━ 401,408/400,000  [ 0:01:33 < 0:00:00 , 4,183 it/s ]
Training PPO (seed 10/15)
 100% ━━━━━━━━━━━━━━━━━━━━━━━━ 24,576/20,000  [ 0:00:07 < 0:00:00 , 2,424 it/s ]
 100% ━━━━━━━━━━━━━━━━━━━━━━━━ 81,920/80,000  [ 0:00:30 < 0:00:00 , 2,503 it/s ]
 100% ━━━━━━━━━━━━━━━━━━━━━━ 401,408/400,000  [ 0:02:35 < 0:00:00 , 2,508 it/s ]
Training DQN (seed 11/15)
 100% ━━━━━━━━━━━━━━━━━━━━━━━━ 20,000/20,000  [ 0:00:03 < 0:00:00 , 5,984 it/s ]
 100% ━━━━━━━━━━━━━━━━━━━━━━━━ 80,000/80,000  [ 0:00:13 < 0:00:00 , 5,889 it/s ]
 100% ━━━━━━━━━━━━━━━━━━━━━━ 400,000/400,000  [ 0:01:08 < 0:00:00 , 5,808 it/s ]
Training QRDQN (seed 11/15)
 100% ━━━━━━━━━━━━━━━━━━━━━━━━ 20,000/20,000  [ 0:00:18 < 0:00:00 , 1,067 it/s ]
 100% ━━━━━━━━━━━━━━━━━━━━━━━━ 80,000/80,000  [ 0:01:15 < 0:00:00 , 1,063 it/s ]
 100% ━━━━━━━━━━━━━━━━━━━━━━ 400,000/400,000  [ 0:06:24 < 0:00:00 , 1,046 it/s ]
Training ARS (seed 11/15)
 100% ━━━━━━━━━━━━━━━━━━━━━━━ 26,240/20,000  [ 0:00:01 < 0:00:00 , 12,542 it/s ]
 100% ━━━━━━━━━━━━━━━━━━━━━━ 104,960/53,760  [ 0:00:04 < 0:00:00 , 12,145 it/s ]
 100% ━━━━━━━━━━━━━━━━━━━━━ 419,840/268,800  [ 0:00:22 < 0:00:00 , 12,096 it/s ]
Training A2C (seed 11/15)
 100% ━━━━━━━━━━━━━━━━━━━━━━━━ 20,000/20,000  [ 0:00:04 < 0:00:00 , 4,892 it/s ]
 100% ━━━━━━━━━━━━━━━━━━━━━━━━ 80,000/80,000  [ 0:00:16 < 0:00:00 , 4,872 it/s ]
 100% ━━━━━━━━━━━━━━━━━━━━━━ 400,000/400,000  [ 0:01:26 < 0:00:00 , 4,463 it/s ]
Training TRPO (seed 11/15)
 100% ━━━━━━━━━━━━━━━━━━━━━━━━ 24,576/20,000  [ 0:00:04 < 0:00:00 , 4,389 it/s ]
 100% ━━━━━━━━━━━━━━━━━━━━━━━━ 81,920/80,000  [ 0:00:17 < 0:00:00 , 4,410 it/s ]
 100% ━━━━━━━━━━━━━━━━━━━━━━ 401,408/400,000  [ 0:01:33 < 0:00:00 , 4,190 it/s ]
Training PPO (seed 11/15)
 100% ━━━━━━━━━━━━━━━━━━━━━━━━ 24,576/20,000  [ 0:00:06 < 0:00:00 , 2,426 it/s ]
 100% ━━━━━━━━━━━━━━━━━━━━━━━━ 81,920/80,000  [ 0:00:29 < 0:00:00 , 2,519 it/s ]
 100% ━━━━━━━━━━━━━━━━━━━━━━ 401,408/400,000  [ 0:02:36 < 0:00:00 , 2,524 it/s ]
Training DQN (seed 12/15)
 100% ━━━━━━━━━━━━━━━━━━━━━━━━ 20,000/20,000  [ 0:00:03 < 0:00:00 , 5,953 it/s ]
 100% ━━━━━━━━━━━━━━━━━━━━━━━━ 80,000/80,000  [ 0:00:13 < 0:00:00 , 5,961 it/s ]
 100% ━━━━━━━━━━━━━━━━━━━━━━ 400,000/400,000  [ 0:01:07 < 0:00:00 , 5,911 it/s ]
Training QRDQN (seed 12/15)
 100% ━━━━━━━━━━━━━━━━━━━━━━━━ 20,000/20,000  [ 0:00:19 < 0:00:00 , 1,035 it/s ]
 100% ━━━━━━━━━━━━━━━━━━━━━━━━ 80,000/80,000  [ 0:01:17 < 0:00:00 , 1,034 it/s ]
 100% ━━━━━━━━━━━━━━━━━━━━━━ 400,000/400,000  [ 0:06:28 < 0:00:00 , 1,024 it/s ]
Training ARS (seed 12/15)
 100% ━━━━━━━━━━━━━━━━━━━━━━━ 26,240/20,000  [ 0:00:01 < 0:00:00 , 12,472 it/s ]
 100% ━━━━━━━━━━━━━━━━━━━━━━ 104,960/53,760  [ 0:00:04 < 0:00:00 , 12,197 it/s ]
 100% ━━━━━━━━━━━━━━━━━━━━━ 419,840/268,800  [ 0:00:22 < 0:00:00 , 12,187 it/s ]
Training A2C (seed 12/15)
 100% ━━━━━━━━━━━━━━━━━━━━━━━━ 20,000/20,000  [ 0:00:04 < 0:00:00 , 4,979 it/s ]
 100% ━━━━━━━━━━━━━━━━━━━━━━━━ 80,000/80,000  [ 0:00:16 < 0:00:00 , 4,880 it/s ]
 100% ━━━━━━━━━━━━━━━━━━━━━━ 400,000/400,000  [ 0:01:26 < 0:00:00 , 4,465 it/s ]
Training TRPO (seed 12/15)
 100% ━━━━━━━━━━━━━━━━━━━━━━━━ 24,576/20,000  [ 0:00:04 < 0:00:00 , 4,439 it/s ]
 100% ━━━━━━━━━━━━━━━━━━━━━━━━ 81,920/80,000  [ 0:00:17 < 0:00:00 , 4,462 it/s ]
 100% ━━━━━━━━━━━━━━━━━━━━━━ 401,408/400,000  [ 0:01:34 < 0:00:00 , 4,106 it/s ]
Training PPO (seed 12/15)
 100% ━━━━━━━━━━━━━━━━━━━━━━━━ 24,576/20,000  [ 0:00:06 < 0:00:00 , 2,485 it/s ]
 100% ━━━━━━━━━━━━━━━━━━━━━━━━ 81,920/80,000  [ 0:00:29 < 0:00:00 , 2,558 it/s ]
 100% ━━━━━━━━━━━━━━━━━━━━━━ 401,408/400,000  [ 0:02:37 < 0:00:00 , 2,500 it/s ]
Training DQN (seed 13/15)
 100% ━━━━━━━━━━━━━━━━━━━━━━━━ 20,000/20,000  [ 0:00:03 < 0:00:00 , 5,793 it/s ]
 100% ━━━━━━━━━━━━━━━━━━━━━━━━ 80,000/80,000  [ 0:00:13 < 0:00:00 , 5,871 it/s ]
 100% ━━━━━━━━━━━━━━━━━━━━━━ 400,000/400,000  [ 0:01:07 < 0:00:00 , 5,948 it/s ]
Training QRDQN (seed 13/15)
 100% ━━━━━━━━━━━━━━━━━━━━━━━━ 20,000/20,000  [ 0:00:18 < 0:00:00 , 1,059 it/s ]
 100% ━━━━━━━━━━━━━━━━━━━━━━━━ 80,000/80,000  [ 0:01:16 < 0:00:00 , 1,044 it/s ]
 100% ━━━━━━━━━━━━━━━━━━━━━━ 400,000/400,000  [ 0:06:26 < 0:00:00 , 1,027 it/s ]
Training ARS (seed 13/15)
 100% ━━━━━━━━━━━━━━━━━━━━━━━ 26,240/20,000  [ 0:00:01 < 0:00:00 , 12,556 it/s ]
 100% ━━━━━━━━━━━━━━━━━━━━━━ 104,960/53,760  [ 0:00:04 < 0:00:00 , 12,340 it/s ]
 100% ━━━━━━━━━━━━━━━━━━━━━ 419,840/268,800  [ 0:00:22 < 0:00:00 , 12,006 it/s ]
Training A2C (seed 13/15)
 100% ━━━━━━━━━━━━━━━━━━━━━━━━ 20,000/20,000  [ 0:00:04 < 0:00:00 , 4,746 it/s ]
 100% ━━━━━━━━━━━━━━━━━━━━━━━━ 80,000/80,000  [ 0:00:17 < 0:00:00 , 4,681 it/s ]
 100% ━━━━━━━━━━━━━━━━━━━━━━ 400,000/400,000  [ 0:01:28 < 0:00:00 , 4,366 it/s ]
Training TRPO (seed 13/15)
 100% ━━━━━━━━━━━━━━━━━━━━━━━━ 24,576/20,000  [ 0:00:04 < 0:00:00 , 4,398 it/s ]
 100% ━━━━━━━━━━━━━━━━━━━━━━━━ 81,920/80,000  [ 0:00:17 < 0:00:00 , 4,421 it/s ]
 100% ━━━━━━━━━━━━━━━━━━━━━━ 401,408/400,000  [ 0:01:33 < 0:00:00 , 4,097 it/s ]
Training PPO (seed 13/15)
 100% ━━━━━━━━━━━━━━━━━━━━━━━━ 24,576/20,000  [ 0:00:06 < 0:00:00 , 2,478 it/s ]
 100% ━━━━━━━━━━━━━━━━━━━━━━━━ 81,920/80,000  [ 0:00:30 < 0:00:00 , 2,492 it/s ]
 100% ━━━━━━━━━━━━━━━━━━━━━━ 401,408/400,000  [ 0:02:36 < 0:00:00 , 2,523 it/s ]
Training DQN (seed 14/15)
 100% ━━━━━━━━━━━━━━━━━━━━━━━━ 20,000/20,000  [ 0:00:03 < 0:00:00 , 5,933 it/s ]
 100% ━━━━━━━━━━━━━━━━━━━━━━━━ 80,000/80,000  [ 0:00:13 < 0:00:00 , 5,925 it/s ]
 100% ━━━━━━━━━━━━━━━━━━━━━━ 400,000/400,000  [ 0:01:07 < 0:00:00 , 5,969 it/s ]
Training QRDQN (seed 14/15)
 100% ━━━━━━━━━━━━━━━━━━━━━━━━ 20,000/20,000  [ 0:00:19 < 0:00:00 , 1,043 it/s ]
 100% ━━━━━━━━━━━━━━━━━━━━━━━━ 80,000/80,000  [ 0:01:18 < 0:00:00 , 1,021 it/s ]
 100% ━━━━━━━━━━━━━━━━━━━━━━ 400,000/400,000  [ 0:06:32 < 0:00:00 , 1,022 it/s ]
Training ARS (seed 14/15)
 100% ━━━━━━━━━━━━━━━━━━━━━━━ 26,240/20,000  [ 0:00:01 < 0:00:00 , 12,285 it/s ]
 100% ━━━━━━━━━━━━━━━━━━━━━━ 104,960/53,760  [ 0:00:04 < 0:00:00 , 12,143 it/s ]
 100% ━━━━━━━━━━━━━━━━━━━━━ 419,840/268,800  [ 0:00:22 < 0:00:00 , 12,038 it/s ]
Training A2C (seed 14/15)
 100% ━━━━━━━━━━━━━━━━━━━━━━━━ 20,000/20,000  [ 0:00:04 < 0:00:00 , 4,899 it/s ]
 100% ━━━━━━━━━━━━━━━━━━━━━━━━ 80,000/80,000  [ 0:00:16 < 0:00:00 , 4,867 it/s ]
 100% ━━━━━━━━━━━━━━━━━━━━━━ 400,000/400,000  [ 0:01:27 < 0:00:00 , 4,451 it/s ]
Training TRPO (seed 14/15)
 100% ━━━━━━━━━━━━━━━━━━━━━━━━ 24,576/20,000  [ 0:00:04 < 0:00:00 , 4,476 it/s ]
 100% ━━━━━━━━━━━━━━━━━━━━━━━━ 81,920/80,000  [ 0:00:17 < 0:00:00 , 4,467 it/s ]
 100% ━━━━━━━━━━━━━━━━━━━━━━ 401,408/400,000  [ 0:01:33 < 0:00:00 , 4,166 it/s ]
Training PPO (seed 14/15)
 100% ━━━━━━━━━━━━━━━━━━━━━━━━ 24,576/20,000  [ 0:00:06 < 0:00:00 , 2,432 it/s ]
 100% ━━━━━━━━━━━━━━━━━━━━━━━━ 81,920/80,000  [ 0:00:30 < 0:00:00 , 2,501 it/s ]
 100% ━━━━━━━━━━━━━━━━━━━━━━ 401,408/400,000  [ 0:02:32 < 0:00:00 , 2,592 it/s ]
Training DQN (seed 15/15)
 100% ━━━━━━━━━━━━━━━━━━━━━━━━ 20,000/20,000  [ 0:00:03 < 0:00:00 , 6,071 it/s ]
 100% ━━━━━━━━━━━━━━━━━━━━━━━━ 80,000/80,000  [ 0:00:13 < 0:00:00 , 6,009 it/s ]
 100% ━━━━━━━━━━━━━━━━━━━━━━ 400,000/400,000  [ 0:01:07 < 0:00:00 , 5,955 it/s ]
Training QRDQN (seed 15/15)
 100% ━━━━━━━━━━━━━━━━━━━━━━━━ 20,000/20,000  [ 0:00:19 < 0:00:00 , 1,014 it/s ]
 100% ━━━━━━━━━━━━━━━━━━━━━━━━ 80,000/80,000  [ 0:01:18 < 0:00:00 , 1,032 it/s ]
 100% ━━━━━━━━━━━━━━━━━━━━━━ 400,000/400,000  [ 0:06:26 < 0:00:00 , 1,048 it/s ]
Training ARS (seed 15/15)
 100% ━━━━━━━━━━━━━━━━━━━━━━━ 26,240/20,000  [ 0:00:01 < 0:00:00 , 12,623 it/s ]
 100% ━━━━━━━━━━━━━━━━━━━━━━ 104,960/53,760  [ 0:00:04 < 0:00:00 , 12,373 it/s ]
 100% ━━━━━━━━━━━━━━━━━━━━━ 419,840/268,800  [ 0:00:21 < 0:00:00 , 12,248 it/s ]
Training A2C (seed 15/15)
 100% ━━━━━━━━━━━━━━━━━━━━━━━━ 20,000/20,000  [ 0:00:04 < 0:00:00 , 4,819 it/s ]
 100% ━━━━━━━━━━━━━━━━━━━━━━━━ 80,000/80,000  [ 0:00:16 < 0:00:00 , 4,939 it/s ]
 100% ━━━━━━━━━━━━━━━━━━━━━━ 400,000/400,000  [ 0:01:26 < 0:00:00 , 4,484 it/s ]
Training TRPO (seed 15/15)
 100% ━━━━━━━━━━━━━━━━━━━━━━━━ 24,576/20,000  [ 0:00:04 < 0:00:00 , 4,481 it/s ]
 100% ━━━━━━━━━━━━━━━━━━━━━━━━ 81,920/80,000  [ 0:00:17 < 0:00:00 , 4,451 it/s ]
 100% ━━━━━━━━━━━━━━━━━━━━━━ 401,408/400,000  [ 0:01:33 < 0:00:00 , 4,140 it/s ]
Training PPO (seed 15/15)
 100% ━━━━━━━━━━━━━━━━━━━━━━━━ 24,576/20,000  [ 0:00:06 < 0:00:00 , 2,455 it/s ]
 100% ━━━━━━━━━━━━━━━━━━━━━━━━ 81,920/80,000  [ 0:00:30 < 0:00:00 , 2,489 it/s ]
 100% ━━━━━━━━━━━━━━━━━━━━━━ 401,408/400,000  [ 0:02:37 < 0:00:00 , 2,498 it/s ]

============================= JOB FEEDBACK =============================

NodeName=uc3n007
Job ID: 4788624
Array Job ID: 4786824_60
Cluster: uc3
User/Group: ma_fablange/ma_ma
State: COMPLETED (exit code 0)
Nodes: 1
Cores per node: 2
CPU Utilized: 04:19:39
CPU Efficiency: 49.55% of 08:44:04 core-walltime
Job Wall-clock time: 04:22:02
Memory Utilized: 877.36 MB
Memory Efficiency: 8.57% of 10.00 GB (10.00 GB/node)
