Using Gurobi license file: /scratch/slurm_tmpdir/job_4787873/gurobi_4787873_35/gurobi.lic (license index=2, LICENSEID=2826902)
Gurobi preflight: GRB_LICENSE_FILE=/scratch/slurm_tmpdir/job_4787873/gurobi_4787873_35/gurobi.lic, exists=True, WLSACCESSID=980b...1937, LICENSEID=2826902
Running task_id=35 with HIGH_SENSITIVITY=True, GT_MODEL=MNL, TRAIN_ON_ALL_SETS=True, LARGE_PRODUCT_SET=True
scipy estimation data: obs=10112, alts=101, memory=7.80 MiB
scipy estimation mode: raw prices, beta_bounds=(-0.05, -1e-07), purchase_rate|arrival=0.8951
[dp] Waiting for Gurobi slot (max concurrent: 2)
[dp] Acquired Gurobi slot 1
Set parameter WLSAccessID
Set parameter WLSSecret
Set parameter LicenseID to value 2826902
Academic license 2826902 - for non-commercial use only - registered to b2___@campus.vwa-goettingen.de
[dp] Disposed Gurobi default environment
[dp] Released Gurobi slot 1

============================= JOB FEEDBACK =============================

NodeName=uc3n048
Job ID: 4787873
Array Job ID: 4786824_35
Cluster: uc3
User/Group: ma_fablange/ma_ma
State: FAILED (exit code 1)
Nodes: 1
Cores per node: 2
CPU Utilized: 12:50:40
CPU Efficiency: 97.91% of 13:07:08 core-walltime
Job Wall-clock time: 06:33:34
Memory Utilized: 769.24 MB
Memory Efficiency: 7.51% of 10.00 GB (10.00 GB/node)
