Gurobi preflight: GRB_LICENSE_FILE=/scratch/slurm_tmpdir/job_4914798/gurobi_4914798_36/gurobi.lic, exists=True, WLSACCESSID=5d19...057f, LICENSEID=2831084
Running task_id=36 with HIGH_SENSITIVITY=True, GT_MODEL=MNL, TRAIN_ON_ALL_SETS=False, LARGE_PRODUCT_SET=False
scipy estimation data: obs=10221, alts=11, memory=0.87 MiB
scipy estimation mode: raw prices, beta_bounds=(-0.05, -1e-07), purchase_rate|arrival=0.5126
Training DQN (seed 1/15)
 100% ━━━━━━━━━━━━━━━━━━━━━━ 100,000/100,000  [ 0:00:16 < 0:00:00 , 6,015 it/s ]
 100% ━━━━━━━━━━━━━━━━━━━━━━ 400,000/400,000  [ 0:01:08 < 0:00:00 , 5,803 it/s ]
 100% ━━━━━━━━━━━━━━━━━━━━━━ 500,000/500,000  [ 0:01:25 < 0:00:00 , 5,853 it/s ]
Training QRDQN (seed 1/15)
 100% ━━━━━━━━━━━━━━━━━━━━━━━━ 100,000/100,000  [ 0:01:49 < 0:00:00 , 847 it/s ]
 100% ━━━━━━━━━━━━━━━━━━━━━━━━ 400,000/400,000  [ 0:08:16 < 0:00:00 , 761 it/s ]
 100% ━━━━━━━━━━━━━━━━━━━━━━━━ 500,000/500,000  [ 0:10:22 < 0:00:00 , 722 it/s ]
Training ARS (seed 1/15)
 100% ━━━━━━━━━━━━━━━━━━━━━ 104,960/100,000  [ 0:00:08 < 0:00:00 , 11,675 it/s ]
 100% ━━━━━━━━━━━━━━━━━━━━━ 419,840/295,040  [ 0:00:25 < 0:00:00 , 11,750 it/s ]
   0% ━━━━━━━━━━━━━━━━━━━━━ 524,800/-24,800  [ 0:00:00 < 0:00:00 , 11,709 it/s ]
Training A2C (seed 1/15)
 100% ━━━━━━━━━━━━━━━━━━━━━━ 100,000/100,000  [ 0:00:28 < 0:00:00 , 3,457 it/s ]
 100% ━━━━━━━━━━━━━━━━━━━━━━ 400,000/400,000  [ 0:02:00 < 0:00:00 , 3,527 it/s ]
 100% ━━━━━━━━━━━━━━━━━━━━━━ 500,000/500,000  [ 0:02:13 < 0:00:00 , 3,877 it/s ]
Training TRPO (seed 1/15)
 100% ━━━━━━━━━━━━━━━━━━━━━━ 106,496/100,000  [ 0:00:24 < 0:00:00 , 4,113 it/s ]
 100% ━━━━━━━━━━━━━━━━━━━━━━ 401,408/400,000  [ 0:01:40 < 0:00:00 , 3,901 it/s ]
 100% ━━━━━━━━━━━━━━━━━━━━━━ 507,904/500,000  [ 0:02:02 < 0:00:00 , 4,121 it/s ]
Training PPO (seed 1/15)
 100% ━━━━━━━━━━━━━━━━━━━━━━ 106,496/100,000  [ 0:00:46 < 0:00:00 , 2,118 it/s ]
 100% ━━━━━━━━━━━━━━━━━━━━━━ 401,408/400,000  [ 0:03:12 < 0:00:00 , 1,919 it/s ]
 100% ━━━━━━━━━━━━━━━━━━━━━━ 507,904/500,000  [ 0:04:09 < 0:00:00 , 2,067 it/s ]
Training DQN (seed 2/15)
 100% ━━━━━━━━━━━━━━━━━━━━━━ 100,000/100,000  [ 0:00:20 < 0:00:00 , 4,854 it/s ]
 100% ━━━━━━━━━━━━━━━━━━━━━━ 400,000/400,000  [ 0:01:23 < 0:00:00 , 4,787 it/s ]
 100% ━━━━━━━━━━━━━━━━━━━━━━ 500,000/500,000  [ 0:01:43 < 0:00:00 , 4,837 it/s ]
Training QRDQN (seed 2/15)
 100% ━━━━━━━━━━━━━━━━━━━━━━━━ 100,000/100,000  [ 0:01:48 < 0:00:00 , 995 it/s ]
 100% ━━━━━━━━━━━━━━━━━━━━━━━━ 400,000/400,000  [ 0:07:12 < 0:00:00 , 835 it/s ]
 100% ━━━━━━━━━━━━━━━━━━━━━━━━ 500,000/500,000  [ 0:09:55 < 0:00:00 , 820 it/s ]
Training ARS (seed 2/15)
 100% ━━━━━━━━━━━━━━━━━━━━━ 104,960/100,000  [ 0:00:08 < 0:00:00 , 11,769 it/s ]
 100% ━━━━━━━━━━━━━━━━━━━━━ 419,840/295,040  [ 0:00:25 < 0:00:00 , 11,765 it/s ]
   0% ━━━━━━━━━━━━━━━━━━━━━ 524,800/-24,800  [ 0:00:00 < 0:00:00 , 11,774 it/s ]
Training A2C (seed 2/15)
 100% ━━━━━━━━━━━━━━━━━━━━━━ 100,000/100,000  [ 0:00:26 < 0:00:00 , 3,805 it/s ]
 100% ━━━━━━━━━━━━━━━━━━━━━━ 400,000/400,000  [ 0:01:48 < 0:00:00 , 3,578 it/s ]
 100% ━━━━━━━━━━━━━━━━━━━━━━ 500,000/500,000  [ 0:02:21 < 0:00:00 , 3,514 it/s ]
Training TRPO (seed 2/15)
 100% ━━━━━━━━━━━━━━━━━━━━━━ 106,496/100,000  [ 0:00:24 < 0:00:00 , 3,967 it/s ]
 100% ━━━━━━━━━━━━━━━━━━━━━━ 401,408/400,000  [ 0:01:36 < 0:00:00 , 4,146 it/s ]
 100% ━━━━━━━━━━━━━━━━━━━━━━ 507,904/500,000  [ 0:02:02 < 0:00:00 , 4,005 it/s ]
Training PPO (seed 2/15)
 100% ━━━━━━━━━━━━━━━━━━━━━━ 106,496/100,000  [ 0:00:47 < 0:00:00 , 2,054 it/s ]
 100% ━━━━━━━━━━━━━━━━━━━━━━ 401,408/400,000  [ 0:03:13 < 0:00:00 , 2,020 it/s ]
 100% ━━━━━━━━━━━━━━━━━━━━━━ 507,904/500,000  [ 0:04:06 < 0:00:00 , 2,035 it/s ]
Training DQN (seed 3/15)
 100% ━━━━━━━━━━━━━━━━━━━━━━ 100,000/100,000  [ 0:00:20 < 0:00:00 , 4,892 it/s ]
 100% ━━━━━━━━━━━━━━━━━━━━━━ 400,000/400,000  [ 0:01:22 < 0:00:00 , 4,826 it/s ]
 100% ━━━━━━━━━━━━━━━━━━━━━━ 500,000/500,000  [ 0:01:46 < 0:00:00 , 4,702 it/s ]
Training QRDQN (seed 3/15)
 100% ━━━━━━━━━━━━━━━━━━━━━━━━ 100,000/100,000  [ 0:01:57 < 0:00:00 , 840 it/s ]
 100% ━━━━━━━━━━━━━━━━━━━━━━━━ 400,000/400,000  [ 0:07:23 < 0:00:00 , 917 it/s ]
 100% ━━━━━━━━━━━━━━━━━━━━━━━━ 500,000/500,000  [ 0:09:08 < 0:00:00 , 897 it/s ]
Training ARS (seed 3/15)
 100% ━━━━━━━━━━━━━━━━━━━━━ 104,960/100,000  [ 0:00:08 < 0:00:00 , 11,726 it/s ]
 100% ━━━━━━━━━━━━━━━━━━━━━ 419,840/295,040  [ 0:00:25 < 0:00:00 , 11,750 it/s ]
   0% ━━━━━━━━━━━━━━━━━━━━━ 524,800/-24,800  [ 0:00:00 < 0:00:00 , 11,782 it/s ]
Training A2C (seed 3/15)
 100% ━━━━━━━━━━━━━━━━━━━━━━ 100,000/100,000  [ 0:00:25 < 0:00:00 , 4,002 it/s ]
 100% ━━━━━━━━━━━━━━━━━━━━━━ 400,000/400,000  [ 0:01:45 < 0:00:00 , 3,687 it/s ]
 100% ━━━━━━━━━━━━━━━━━━━━━━ 500,000/500,000  [ 0:02:22 < 0:00:00 , 3,527 it/s ]
Training TRPO (seed 3/15)
 100% ━━━━━━━━━━━━━━━━━━━━━━ 106,496/100,000  [ 0:00:24 < 0:00:00 , 3,996 it/s ]
 100% ━━━━━━━━━━━━━━━━━━━━━━ 401,408/400,000  [ 0:01:44 < 0:00:00 , 3,827 it/s ]
 100% ━━━━━━━━━━━━━━━━━━━━━━ 507,904/500,000  [ 0:02:05 < 0:00:00 , 3,845 it/s ]
Training PPO (seed 3/15)
 100% ━━━━━━━━━━━━━━━━━━━━━━ 106,496/100,000  [ 0:00:47 < 0:00:00 , 2,061 it/s ]
 100% ━━━━━━━━━━━━━━━━━━━━━━ 401,408/400,000  [ 0:02:39 < 0:00:00 , 2,558 it/s ]
 100% ━━━━━━━━━━━━━━━━━━━━━━ 507,904/500,000  [ 0:03:14 < 0:00:00 , 2,325 it/s ]
Training DQN (seed 4/15)
 100% ━━━━━━━━━━━━━━━━━━━━━━ 100,000/100,000  [ 0:00:20 < 0:00:00 , 4,973 it/s ]
 100% ━━━━━━━━━━━━━━━━━━━━━━ 400,000/400,000  [ 0:01:23 < 0:00:00 , 4,781 it/s ]
 100% ━━━━━━━━━━━━━━━━━━━━━━ 500,000/500,000  [ 0:01:45 < 0:00:00 , 4,744 it/s ]
Training QRDQN (seed 4/15)
 100% ━━━━━━━━━━━━━━━━━━━━━━━━ 100,000/100,000  [ 0:01:51 < 0:00:00 , 896 it/s ]
 100% ━━━━━━━━━━━━━━━━━━━━━━━━ 400,000/400,000  [ 0:07:37 < 0:00:00 , 867 it/s ]
 100% ━━━━━━━━━━━━━━━━━━━━━━━━ 500,000/500,000  [ 0:09:49 < 0:00:00 , 737 it/s ]
Training ARS (seed 4/15)
 100% ━━━━━━━━━━━━━━━━━━━━━ 104,960/100,000  [ 0:00:08 < 0:00:00 , 12,051 it/s ]
 100% ━━━━━━━━━━━━━━━━━━━━━ 419,840/295,040  [ 0:00:24 < 0:00:00 , 12,032 it/s ]
   0% ━━━━━━━━━━━━━━━━━━━━━ 524,800/-24,800  [ 0:00:00 < 0:00:00 , 12,002 it/s ]
Training A2C (seed 4/15)
 100% ━━━━━━━━━━━━━━━━━━━━━━ 100,000/100,000  [ 0:00:29 < 0:00:00 , 3,390 it/s ]
 100% ━━━━━━━━━━━━━━━━━━━━━━ 400,000/400,000  [ 0:01:45 < 0:00:00 , 3,703 it/s ]
 100% ━━━━━━━━━━━━━━━━━━━━━━ 500,000/500,000  [ 0:02:16 < 0:00:00 , 3,652 it/s ]
Training TRPO (seed 4/15)
 100% ━━━━━━━━━━━━━━━━━━━━━━ 106,496/100,000  [ 0:00:24 < 0:00:00 , 4,098 it/s ]
 100% ━━━━━━━━━━━━━━━━━━━━━━ 401,408/400,000  [ 0:01:42 < 0:00:00 , 3,721 it/s ]
 100% ━━━━━━━━━━━━━━━━━━━━━━ 507,904/500,000  [ 0:02:11 < 0:00:00 , 3,854 it/s ]
Training PPO (seed 4/15)
 100% ━━━━━━━━━━━━━━━━━━━━━━ 106,496/100,000  [ 0:00:49 < 0:00:00 , 1,986 it/s ]
 100% ━━━━━━━━━━━━━━━━━━━━━━ 401,408/400,000  [ 0:03:15 < 0:00:00 , 2,061 it/s ]
 100% ━━━━━━━━━━━━━━━━━━━━━━ 507,904/500,000  [ 0:03:35 < 0:00:00 , 2,576 it/s ]
Training DQN (seed 5/15)
 100% ━━━━━━━━━━━━━━━━━━━━━━ 100,000/100,000  [ 0:00:16 < 0:00:00 , 6,022 it/s ]
 100% ━━━━━━━━━━━━━━━━━━━━━━ 400,000/400,000  [ 0:01:07 < 0:00:00 , 5,910 it/s ]
 100% ━━━━━━━━━━━━━━━━━━━━━━ 500,000/500,000  [ 0:01:24 < 0:00:00 , 5,897 it/s ]
Training QRDQN (seed 5/15)
 100% ━━━━━━━━━━━━━━━━━━━━━━ 100,000/100,000  [ 0:01:37 < 0:00:00 , 1,011 it/s ]
 100% ━━━━━━━━━━━━━━━━━━━━━━━━ 400,000/400,000  [ 0:07:27 < 0:00:00 , 860 it/s ]
 100% ━━━━━━━━━━━━━━━━━━━━━━━━ 500,000/500,000  [ 0:09:32 < 0:00:00 , 864 it/s ]
Training ARS (seed 5/15)
 100% ━━━━━━━━━━━━━━━━━━━━━ 104,960/100,000  [ 0:00:08 < 0:00:00 , 12,317 it/s ]
 100% ━━━━━━━━━━━━━━━━━━━━━ 419,840/295,040  [ 0:00:24 < 0:00:00 , 12,296 it/s ]
   0% ━━━━━━━━━━━━━━━━━━━━━ 524,800/-24,800  [ 0:00:00 < 0:00:00 , 12,255 it/s ]
Training A2C (seed 5/15)
 100% ━━━━━━━━━━━━━━━━━━━━━━ 100,000/100,000  [ 0:00:24 < 0:00:00 , 4,018 it/s ]
 100% ━━━━━━━━━━━━━━━━━━━━━━ 400,000/400,000  [ 0:01:55 < 0:00:00 , 3,065 it/s ]
 100% ━━━━━━━━━━━━━━━━━━━━━━ 500,000/500,000  [ 0:02:32 < 0:00:00 , 3,249 it/s ]
Training TRPO (seed 5/15)
 100% ━━━━━━━━━━━━━━━━━━━━━━ 106,496/100,000  [ 0:00:27 < 0:00:00 , 3,543 it/s ]
 100% ━━━━━━━━━━━━━━━━━━━━━━ 401,408/400,000  [ 0:01:58 < 0:00:00 , 3,356 it/s ]
 100% ━━━━━━━━━━━━━━━━━━━━━━ 507,904/500,000  [ 0:02:10 < 0:00:00 , 4,257 it/s ]
Training PPO (seed 5/15)
 100% ━━━━━━━━━━━━━━━━━━━━━━ 106,496/100,000  [ 0:00:46 < 0:00:00 , 1,945 it/s ]
 100% ━━━━━━━━━━━━━━━━━━━━━━ 401,408/400,000  [ 0:03:08 < 0:00:00 , 2,050 it/s ]
 100% ━━━━━━━━━━━━━━━━━━━━━━ 507,904/500,000  [ 0:04:06 < 0:00:00 , 1,969 it/s ]
Training DQN (seed 6/15)
 100% ━━━━━━━━━━━━━━━━━━━━━━ 100,000/100,000  [ 0:00:21 < 0:00:00 , 4,598 it/s ]
 100% ━━━━━━━━━━━━━━━━━━━━━━ 400,000/400,000  [ 0:01:23 < 0:00:00 , 5,269 it/s ]
 100% ━━━━━━━━━━━━━━━━━━━━━━ 500,000/500,000  [ 0:01:26 < 0:00:00 , 6,016 it/s ]
Training QRDQN (seed 6/15)
 100% ━━━━━━━━━━━━━━━━━━━━━━━━ 100,000/100,000  [ 0:01:39 < 0:00:00 , 998 it/s ]
 100% ━━━━━━━━━━━━━━━━━━━━━━ 400,000/400,000  [ 0:06:24 < 0:00:00 , 1,015 it/s ]
 100% ━━━━━━━━━━━━━━━━━━━━━━━━ 500,000/500,000  [ 0:08:36 < 0:00:00 , 893 it/s ]
Training ARS (seed 6/15)
 100% ━━━━━━━━━━━━━━━━━━━━━ 104,960/100,000  [ 0:00:08 < 0:00:00 , 12,174 it/s ]
 100% ━━━━━━━━━━━━━━━━━━━━━ 419,840/295,040  [ 0:00:24 < 0:00:00 , 12,220 it/s ]
   0% ━━━━━━━━━━━━━━━━━━━━━ 524,800/-24,800  [ 0:00:00 < 0:00:00 , 12,182 it/s ]
Training A2C (seed 6/15)
 100% ━━━━━━━━━━━━━━━━━━━━━━ 100,000/100,000  [ 0:00:24 < 0:00:00 , 4,113 it/s ]
 100% ━━━━━━━━━━━━━━━━━━━━━━ 400,000/400,000  [ 0:01:44 < 0:00:00 , 3,661 it/s ]
 100% ━━━━━━━━━━━━━━━━━━━━━━ 500,000/500,000  [ 0:02:16 < 0:00:00 , 3,641 it/s ]
Training TRPO (seed 6/15)
 100% ━━━━━━━━━━━━━━━━━━━━━━ 106,496/100,000  [ 0:00:23 < 0:00:00 , 4,110 it/s ]
 100% ━━━━━━━━━━━━━━━━━━━━━━ 401,408/400,000  [ 0:01:51 < 0:00:00 , 3,364 it/s ]
 100% ━━━━━━━━━━━━━━━━━━━━━━ 507,904/500,000  [ 0:02:23 < 0:00:00 , 3,566 it/s ]
Training PPO (seed 6/15)
 100% ━━━━━━━━━━━━━━━━━━━━━━ 106,496/100,000  [ 0:00:57 < 0:00:00 , 1,724 it/s ]
 100% ━━━━━━━━━━━━━━━━━━━━━━ 401,408/400,000  [ 0:03:45 < 0:00:00 , 1,714 it/s ]
 100% ━━━━━━━━━━━━━━━━━━━━━━ 507,904/500,000  [ 0:04:45 < 0:00:00 , 2,033 it/s ]
Training DQN (seed 7/15)
 100% ━━━━━━━━━━━━━━━━━━━━━━ 100,000/100,000  [ 0:00:20 < 0:00:00 , 4,937 it/s ]
 100% ━━━━━━━━━━━━━━━━━━━━━━ 400,000/400,000  [ 0:01:22 < 0:00:00 , 4,841 it/s ]
 100% ━━━━━━━━━━━━━━━━━━━━━━ 500,000/500,000  [ 0:01:44 < 0:00:00 , 4,790 it/s ]
Training QRDQN (seed 7/15)
 100% ━━━━━━━━━━━━━━━━━━━━━━━━ 100,000/100,000  [ 0:01:55 < 0:00:00 , 845 it/s ]
 100% ━━━━━━━━━━━━━━━━━━━━━━ 400,000/400,000  [ 0:06:27 < 0:00:00 , 1,063 it/s ]
 100% ━━━━━━━━━━━━━━━━━━━━━━ 500,000/500,000  [ 0:07:55 < 0:00:00 , 1,055 it/s ]
Training ARS (seed 7/15)
 100% ━━━━━━━━━━━━━━━━━━━━━ 104,960/100,000  [ 0:00:08 < 0:00:00 , 12,578 it/s ]
 100% ━━━━━━━━━━━━━━━━━━━━━ 419,840/295,040  [ 0:00:23 < 0:00:00 , 12,614 it/s ]
   0% ━━━━━━━━━━━━━━━━━━━━━ 524,800/-24,800  [ 0:00:00 < 0:00:00 , 12,596 it/s ]
Training A2C (seed 7/15)
 100% ━━━━━━━━━━━━━━━━━━━━━━ 100,000/100,000  [ 0:00:19 < 0:00:00 , 5,002 it/s ]
 100% ━━━━━━━━━━━━━━━━━━━━━━ 400,000/400,000  [ 0:01:28 < 0:00:00 , 3,980 it/s ]
 100% ━━━━━━━━━━━━━━━━━━━━━━ 500,000/500,000  [ 0:02:12 < 0:00:00 , 3,748 it/s ]
Training TRPO (seed 7/15)
 100% ━━━━━━━━━━━━━━━━━━━━━━ 106,496/100,000  [ 0:00:23 < 0:00:00 , 4,235 it/s ]
 100% ━━━━━━━━━━━━━━━━━━━━━━ 401,408/400,000  [ 0:01:38 < 0:00:00 , 3,917 it/s ]
 100% ━━━━━━━━━━━━━━━━━━━━━━ 507,904/500,000  [ 0:02:07 < 0:00:00 , 3,613 it/s ]
Training PPO (seed 7/15)
 100% ━━━━━━━━━━━━━━━━━━━━━━ 106,496/100,000  [ 0:00:52 < 0:00:00 , 1,773 it/s ]
 100% ━━━━━━━━━━━━━━━━━━━━━━ 401,408/400,000  [ 0:03:30 < 0:00:00 , 1,826 it/s ]
 100% ━━━━━━━━━━━━━━━━━━━━━━ 507,904/500,000  [ 0:04:31 < 0:00:00 , 1,740 it/s ]
Training DQN (seed 8/15)
 100% ━━━━━━━━━━━━━━━━━━━━━━ 100,000/100,000  [ 0:00:23 < 0:00:00 , 4,321 it/s ]
 100% ━━━━━━━━━━━━━━━━━━━━━━ 400,000/400,000  [ 0:01:33 < 0:00:00 , 4,287 it/s ]
 100% ━━━━━━━━━━━━━━━━━━━━━━ 500,000/500,000  [ 0:01:56 < 0:00:00 , 4,290 it/s ]
Training QRDQN (seed 8/15)
 100% ━━━━━━━━━━━━━━━━━━━━━━━━ 100,000/100,000  [ 0:02:01 < 0:00:00 , 828 it/s ]
 100% ━━━━━━━━━━━━━━━━━━━━━━ 400,000/400,000  [ 0:06:29 < 0:00:00 , 1,097 it/s ]
 100% ━━━━━━━━━━━━━━━━━━━━━━ 500,000/500,000  [ 0:07:57 < 0:00:00 , 1,060 it/s ]
Training ARS (seed 8/15)
 100% ━━━━━━━━━━━━━━━━━━━━━ 104,960/100,000  [ 0:00:07 < 0:00:00 , 12,726 it/s ]
 100% ━━━━━━━━━━━━━━━━━━━━━ 419,840/295,040  [ 0:00:23 < 0:00:00 , 12,711 it/s ]
   0% ━━━━━━━━━━━━━━━━━━━━━ 524,800/-24,800  [ 0:00:00 < 0:00:00 , 12,701 it/s ]
Training A2C (seed 8/15)
 100% ━━━━━━━━━━━━━━━━━━━━━━ 100,000/100,000  [ 0:00:19 < 0:00:00 , 5,071 it/s ]
 100% ━━━━━━━━━━━━━━━━━━━━━━ 400,000/400,000  [ 0:01:23 < 0:00:00 , 4,644 it/s ]
 100% ━━━━━━━━━━━━━━━━━━━━━━ 500,000/500,000  [ 0:01:47 < 0:00:00 , 4,629 it/s ]
Training TRPO (seed 8/15)
 100% ━━━━━━━━━━━━━━━━━━━━━━ 106,496/100,000  [ 0:00:21 < 0:00:00 , 4,624 it/s ]
 100% ━━━━━━━━━━━━━━━━━━━━━━ 401,408/400,000  [ 0:01:30 < 0:00:00 , 4,274 it/s ]
 100% ━━━━━━━━━━━━━━━━━━━━━━ 507,904/500,000  [ 0:01:56 < 0:00:00 , 4,084 it/s ]
Training PPO (seed 8/15)
 100% ━━━━━━━━━━━━━━━━━━━━━━ 106,496/100,000  [ 0:00:45 < 0:00:00 , 2,182 it/s ]
 100% ━━━━━━━━━━━━━━━━━━━━━━ 401,408/400,000  [ 0:03:24 < 0:00:00 , 1,853 it/s ]
 100% ━━━━━━━━━━━━━━━━━━━━━━ 507,904/500,000  [ 0:04:20 < 0:00:00 , 1,919 it/s ]
Training DQN (seed 9/15)
 100% ━━━━━━━━━━━━━━━━━━━━━━ 100,000/100,000  [ 0:00:22 < 0:00:00 , 4,493 it/s ]
 100% ━━━━━━━━━━━━━━━━━━━━━━ 400,000/400,000  [ 0:01:30 < 0:00:00 , 4,432 it/s ]
 100% ━━━━━━━━━━━━━━━━━━━━━━ 500,000/500,000  [ 0:01:54 < 0:00:00 , 4,303 it/s ]
Training QRDQN (seed 9/15)
 100% ━━━━━━━━━━━━━━━━━━━━━━━━ 100,000/100,000  [ 0:01:55 < 0:00:00 , 864 it/s ]
 100% ━━━━━━━━━━━━━━━━━━━━━━ 400,000/400,000  [ 0:07:06 < 0:00:00 , 1,035 it/s ]
 100% ━━━━━━━━━━━━━━━━━━━━━━ 500,000/500,000  [ 0:07:31 < 0:00:00 , 1,091 it/s ]
Training ARS (seed 9/15)
 100% ━━━━━━━━━━━━━━━━━━━━━ 104,960/100,000  [ 0:00:07 < 0:00:00 , 12,689 it/s ]
 100% ━━━━━━━━━━━━━━━━━━━━━ 419,840/295,040  [ 0:00:23 < 0:00:00 , 12,664 it/s ]
   0% ━━━━━━━━━━━━━━━━━━━━━ 524,800/-24,800  [ 0:00:00 < 0:00:00 , 12,593 it/s ]
Training A2C (seed 9/15)
 100% ━━━━━━━━━━━━━━━━━━━━━━ 100,000/100,000  [ 0:00:20 < 0:00:00 , 4,877 it/s ]
 100% ━━━━━━━━━━━━━━━━━━━━━━ 400,000/400,000  [ 0:01:27 < 0:00:00 , 4,433 it/s ]
 100% ━━━━━━━━━━━━━━━━━━━━━━ 500,000/500,000  [ 0:01:52 < 0:00:00 , 4,597 it/s ]
Training TRPO (seed 9/15)
 100% ━━━━━━━━━━━━━━━━━━━━━━ 106,496/100,000  [ 0:00:21 < 0:00:00 , 4,645 it/s ]
 100% ━━━━━━━━━━━━━━━━━━━━━━ 401,408/400,000  [ 0:01:31 < 0:00:00 , 4,253 it/s ]
 100% ━━━━━━━━━━━━━━━━━━━━━━ 507,904/500,000  [ 0:01:53 < 0:00:00 , 4,445 it/s ]
Training PPO (seed 9/15)
 100% ━━━━━━━━━━━━━━━━━━━━━━ 106,496/100,000  [ 0:00:37 < 0:00:00 , 2,623 it/s ]
 100% ━━━━━━━━━━━━━━━━━━━━━━ 401,408/400,000  [ 0:02:34 < 0:00:00 , 2,217 it/s ]
 100% ━━━━━━━━━━━━━━━━━━━━━━ 507,904/500,000  [ 0:03:51 < 0:00:00 , 1,904 it/s ]
Training DQN (seed 10/15)
 100% ━━━━━━━━━━━━━━━━━━━━━━ 100,000/100,000  [ 0:00:23 < 0:00:00 , 4,337 it/s ]
 100% ━━━━━━━━━━━━━━━━━━━━━━ 400,000/400,000  [ 0:01:32 < 0:00:00 , 4,318 it/s ]
 100% ━━━━━━━━━━━━━━━━━━━━━━ 500,000/500,000  [ 0:01:54 < 0:00:00 , 4,415 it/s ]
Training QRDQN (seed 10/15)
 100% ━━━━━━━━━━━━━━━━━━━━━━━━ 100,000/100,000  [ 0:01:54 < 0:00:00 , 870 it/s ]
 100% ━━━━━━━━━━━━━━━━━━━━━━━━ 400,000/400,000  [ 0:07:40 < 0:00:00 , 942 it/s ]
 100% ━━━━━━━━━━━━━━━━━━━━━━━━ 500,000/500,000  [ 0:08:21 < 0:00:00 , 968 it/s ]
Training ARS (seed 10/15)
 100% ━━━━━━━━━━━━━━━━━━━━━ 104,960/100,000  [ 0:00:08 < 0:00:00 , 12,561 it/s ]
 100% ━━━━━━━━━━━━━━━━━━━━━ 419,840/295,040  [ 0:00:23 < 0:00:00 , 12,535 it/s ]
   0% ━━━━━━━━━━━━━━━━━━━━━ 524,800/-24,800  [ 0:00:00 < 0:00:00 , 12,692 it/s ]
Training A2C (seed 10/15)
 100% ━━━━━━━━━━━━━━━━━━━━━━ 100,000/100,000  [ 0:00:19 < 0:00:00 , 5,130 it/s ]
 100% ━━━━━━━━━━━━━━━━━━━━━━ 400,000/400,000  [ 0:01:22 < 0:00:00 , 4,672 it/s ]
 100% ━━━━━━━━━━━━━━━━━━━━━━ 500,000/500,000  [ 0:01:47 < 0:00:00 , 4,640 it/s ]
Training TRPO (seed 10/15)
 100% ━━━━━━━━━━━━━━━━━━━━━━ 106,496/100,000  [ 0:00:21 < 0:00:00 , 4,698 it/s ]
 100% ━━━━━━━━━━━━━━━━━━━━━━ 401,408/400,000  [ 0:01:29 < 0:00:00 , 4,294 it/s ]
 100% ━━━━━━━━━━━━━━━━━━━━━━ 507,904/500,000  [ 0:01:51 < 0:00:00 , 4,462 it/s ]
Training PPO (seed 10/15)
 100% ━━━━━━━━━━━━━━━━━━━━━━ 106,496/100,000  [ 0:00:38 < 0:00:00 , 2,538 it/s ]
 100% ━━━━━━━━━━━━━━━━━━━━━━ 401,408/400,000  [ 0:02:32 < 0:00:00 , 2,617 it/s ]
 100% ━━━━━━━━━━━━━━━━━━━━━━ 507,904/500,000  [ 0:03:25 < 0:00:00 , 2,296 it/s ]
Training DQN (seed 11/15)
 100% ━━━━━━━━━━━━━━━━━━━━━━ 100,000/100,000  [ 0:00:18 < 0:00:00 , 5,411 it/s ]
 100% ━━━━━━━━━━━━━━━━━━━━━━ 400,000/400,000  [ 0:01:14 < 0:00:00 , 5,360 it/s ]
 100% ━━━━━━━━━━━━━━━━━━━━━━ 500,000/500,000  [ 0:01:33 < 0:00:00 , 5,380 it/s ]
Training QRDQN (seed 11/15)
 100% ━━━━━━━━━━━━━━━━━━━━━━ 100,000/100,000  [ 0:01:37 < 0:00:00 , 1,013 it/s ]
 100% ━━━━━━━━━━━━━━━━━━━━━━━━ 400,000/400,000  [ 0:07:19 < 0:00:00 , 863 it/s ]
 100% ━━━━━━━━━━━━━━━━━━━━━━━━ 500,000/500,000  [ 0:08:47 < 0:00:00 , 992 it/s ]
Training ARS (seed 11/15)
 100% ━━━━━━━━━━━━━━━━━━━━━ 104,960/100,000  [ 0:00:08 < 0:00:00 , 12,223 it/s ]
 100% ━━━━━━━━━━━━━━━━━━━━━ 419,840/295,040  [ 0:00:24 < 0:00:00 , 12,216 it/s ]
   0% ━━━━━━━━━━━━━━━━━━━━━ 524,800/-24,800  [ 0:00:00 < 0:00:00 , 12,203 it/s ]
Training A2C (seed 11/15)
 100% ━━━━━━━━━━━━━━━━━━━━━━ 100,000/100,000  [ 0:00:22 < 0:00:00 , 4,377 it/s ]
 100% ━━━━━━━━━━━━━━━━━━━━━━ 400,000/400,000  [ 0:01:39 < 0:00:00 , 3,854 it/s ]
 100% ━━━━━━━━━━━━━━━━━━━━━━ 500,000/500,000  [ 0:02:10 < 0:00:00 , 3,830 it/s ]
Training TRPO (seed 11/15)
 100% ━━━━━━━━━━━━━━━━━━━━━━ 106,496/100,000  [ 0:00:23 < 0:00:00 , 4,258 it/s ]
 100% ━━━━━━━━━━━━━━━━━━━━━━ 401,408/400,000  [ 0:01:37 < 0:00:00 , 3,945 it/s ]
 100% ━━━━━━━━━━━━━━━━━━━━━━ 507,904/500,000  [ 0:01:53 < 0:00:00 , 4,652 it/s ]
Training PPO (seed 11/15)
 100% ━━━━━━━━━━━━━━━━━━━━━━ 106,496/100,000  [ 0:00:38 < 0:00:00 , 2,581 it/s ]
 100% ━━━━━━━━━━━━━━━━━━━━━━ 401,408/400,000  [ 0:02:32 < 0:00:00 , 2,583 it/s ]
 100% ━━━━━━━━━━━━━━━━━━━━━━ 507,904/500,000  [ 0:03:18 < 0:00:00 , 2,480 it/s ]
Training DQN (seed 12/15)
 100% ━━━━━━━━━━━━━━━━━━━━━━ 100,000/100,000  [ 0:00:16 < 0:00:00 , 5,867 it/s ]
 100% ━━━━━━━━━━━━━━━━━━━━━━ 400,000/400,000  [ 0:01:14 < 0:00:00 , 4,864 it/s ]
 100% ━━━━━━━━━━━━━━━━━━━━━━ 500,000/500,000  [ 0:01:39 < 0:00:00 , 5,167 it/s ]
Training QRDQN (seed 12/15)
 100% ━━━━━━━━━━━━━━━━━━━━━━━━ 100,000/100,000  [ 0:01:42 < 0:00:00 , 973 it/s ]
 100% ━━━━━━━━━━━━━━━━━━━━━━ 400,000/400,000  [ 0:06:38 < 0:00:00 , 1,002 it/s ]
 100% ━━━━━━━━━━━━━━━━━━━━━━ 500,000/500,000  [ 0:08:31 < 0:00:00 , 1,009 it/s ]
Training ARS (seed 12/15)
 100% ━━━━━━━━━━━━━━━━━━━━━ 104,960/100,000  [ 0:00:08 < 0:00:00 , 12,240 it/s ]
 100% ━━━━━━━━━━━━━━━━━━━━━ 419,840/295,040  [ 0:00:24 < 0:00:00 , 12,141 it/s ]
   0% ━━━━━━━━━━━━━━━━━━━━━ 524,800/-24,800  [ 0:00:00 < 0:00:00 , 12,466 it/s ]
Training A2C (seed 12/15)
 100% ━━━━━━━━━━━━━━━━━━━━━━ 100,000/100,000  [ 0:00:22 < 0:00:00 , 4,352 it/s ]
 100% ━━━━━━━━━━━━━━━━━━━━━━ 400,000/400,000  [ 0:01:38 < 0:00:00 , 3,911 it/s ]
 100% ━━━━━━━━━━━━━━━━━━━━━━ 500,000/500,000  [ 0:02:10 < 0:00:00 , 3,786 it/s ]
Training TRPO (seed 12/15)
 100% ━━━━━━━━━━━━━━━━━━━━━━ 106,496/100,000  [ 0:00:23 < 0:00:00 , 4,195 it/s ]
 100% ━━━━━━━━━━━━━━━━━━━━━━ 401,408/400,000  [ 0:01:39 < 0:00:00 , 3,955 it/s ]
 100% ━━━━━━━━━━━━━━━━━━━━━━ 507,904/500,000  [ 0:02:04 < 0:00:00 , 4,093 it/s ]
Training PPO (seed 12/15)
 100% ━━━━━━━━━━━━━━━━━━━━━━ 106,496/100,000  [ 0:00:44 < 0:00:00 , 2,195 it/s ]
 100% ━━━━━━━━━━━━━━━━━━━━━━ 401,408/400,000  [ 0:02:59 < 0:00:00 , 2,190 it/s ]
 100% ━━━━━━━━━━━━━━━━━━━━━━ 507,904/500,000  [ 0:03:37 < 0:00:00 , 2,561 it/s ]
Training DQN (seed 13/15)
 100% ━━━━━━━━━━━━━━━━━━━━━━ 100,000/100,000  [ 0:00:16 < 0:00:00 , 6,144 it/s ]
 100% ━━━━━━━━━━━━━━━━━━━━━━ 400,000/400,000  [ 0:01:05 < 0:00:00 , 6,076 it/s ]
 100% ━━━━━━━━━━━━━━━━━━━━━━ 500,000/500,000  [ 0:01:22 < 0:00:00 , 6,049 it/s ]
Training QRDQN (seed 13/15)
 100% ━━━━━━━━━━━━━━━━━━━━━━━━ 100,000/100,000  [ 0:01:37 < 0:00:00 , 991 it/s ]
 100% ━━━━━━━━━━━━━━━━━━━━━━━━ 400,000/400,000  [ 0:07:02 < 0:00:00 , 985 it/s ]
 100% ━━━━━━━━━━━━━━━━━━━━━━━━ 500,000/500,000  [ 0:08:30 < 0:00:00 , 977 it/s ]
Training ARS (seed 13/15)
 100% ━━━━━━━━━━━━━━━━━━━━━ 104,960/100,000  [ 0:00:08 < 0:00:00 , 12,148 it/s ]
 100% ━━━━━━━━━━━━━━━━━━━━━ 419,840/295,040  [ 0:00:24 < 0:00:00 , 12,214 it/s ]
   0% ━━━━━━━━━━━━━━━━━━━━━ 524,800/-24,800  [ 0:00:00 < 0:00:00 , 12,459 it/s ]
Training A2C (seed 13/15)
 100% ━━━━━━━━━━━━━━━━━━━━━━ 100,000/100,000  [ 0:00:19 < 0:00:00 , 5,066 it/s ]
 100% ━━━━━━━━━━━━━━━━━━━━━━ 400,000/400,000  [ 0:01:23 < 0:00:00 , 4,606 it/s ]
 100% ━━━━━━━━━━━━━━━━━━━━━━ 500,000/500,000  [ 0:02:00 < 0:00:00 , 3,957 it/s ]
Training TRPO (seed 13/15)
 100% ━━━━━━━━━━━━━━━━━━━━━━ 106,496/100,000  [ 0:00:22 < 0:00:00 , 4,399 it/s ]
 100% ━━━━━━━━━━━━━━━━━━━━━━ 401,408/400,000  [ 0:01:37 < 0:00:00 , 3,984 it/s ]
 100% ━━━━━━━━━━━━━━━━━━━━━━ 507,904/500,000  [ 0:02:00 < 0:00:00 , 4,206 it/s ]
Training PPO (seed 13/15)
 100% ━━━━━━━━━━━━━━━━━━━━━━ 106,496/100,000  [ 0:00:44 < 0:00:00 , 2,202 it/s ]
 100% ━━━━━━━━━━━━━━━━━━━━━━ 401,408/400,000  [ 0:02:58 < 0:00:00 , 2,221 it/s ]
 100% ━━━━━━━━━━━━━━━━━━━━━━ 507,904/500,000  [ 0:03:41 < 0:00:00 , 2,259 it/s ]
Training DQN (seed 14/15)
 100% ━━━━━━━━━━━━━━━━━━━━━━ 100,000/100,000  [ 0:00:18 < 0:00:00 , 5,319 it/s ]
 100% ━━━━━━━━━━━━━━━━━━━━━━ 400,000/400,000  [ 0:01:16 < 0:00:00 , 5,252 it/s ]
 100% ━━━━━━━━━━━━━━━━━━━━━━ 500,000/500,000  [ 0:01:35 < 0:00:00 , 5,243 it/s ]
Training QRDQN (seed 14/15)
 100% ━━━━━━━━━━━━━━━━━━━━━━ 100,000/100,000  [ 0:01:37 < 0:00:00 , 1,024 it/s ]
 100% ━━━━━━━━━━━━━━━━━━━━━━ 400,000/400,000  [ 0:06:33 < 0:00:00 , 1,019 it/s ]
 100% ━━━━━━━━━━━━━━━━━━━━━━━━ 500,000/500,000  [ 0:08:30 < 0:00:00 , 966 it/s ]
Training ARS (seed 14/15)
 100% ━━━━━━━━━━━━━━━━━━━━━ 104,960/100,000  [ 0:00:08 < 0:00:00 , 11,954 it/s ]
 100% ━━━━━━━━━━━━━━━━━━━━━ 419,840/295,040  [ 0:00:24 < 0:00:00 , 11,981 it/s ]
   0% ━━━━━━━━━━━━━━━━━━━━━ 524,800/-24,800  [ 0:00:00 < 0:00:00 , 12,157 it/s ]
Training A2C (seed 14/15)
 100% ━━━━━━━━━━━━━━━━━━━━━━ 100,000/100,000  [ 0:00:23 < 0:00:00 , 4,323 it/s ]
 100% ━━━━━━━━━━━━━━━━━━━━━━ 400,000/400,000  [ 0:01:38 < 0:00:00 , 3,898 it/s ]
 100% ━━━━━━━━━━━━━━━━━━━━━━ 500,000/500,000  [ 0:01:57 < 0:00:00 , 4,515 it/s ]
Training TRPO (seed 14/15)
 100% ━━━━━━━━━━━━━━━━━━━━━━ 106,496/100,000  [ 0:00:22 < 0:00:00 , 4,480 it/s ]
 100% ━━━━━━━━━━━━━━━━━━━━━━ 401,408/400,000  [ 0:01:32 < 0:00:00 , 4,123 it/s ]
 100% ━━━━━━━━━━━━━━━━━━━━━━ 507,904/500,000  [ 0:01:53 < 0:00:00 , 4,466 it/s ]
Training PPO (seed 14/15)
 100% ━━━━━━━━━━━━━━━━━━━━━━ 106,496/100,000  [ 0:00:38 < 0:00:00 , 2,542 it/s ]
 100% ━━━━━━━━━━━━━━━━━━━━━━ 401,408/400,000  [ 0:02:55 < 0:00:00 , 1,948 it/s ]
 100% ━━━━━━━━━━━━━━━━━━━━━━ 507,904/500,000  [ 0:03:47 < 0:00:00 , 2,194 it/s ]
Training DQN (seed 15/15)
 100% ━━━━━━━━━━━━━━━━━━━━━━ 100,000/100,000  [ 0:00:19 < 0:00:00 , 5,204 it/s ]
 100% ━━━━━━━━━━━━━━━━━━━━━━ 400,000/400,000  [ 0:01:17 < 0:00:00 , 5,162 it/s ]
 100% ━━━━━━━━━━━━━━━━━━━━━━ 500,000/500,000  [ 0:01:37 < 0:00:00 , 5,141 it/s ]
Training QRDQN (seed 15/15)
 100% ━━━━━━━━━━━━━━━━━━━━━━━━ 100,000/100,000  [ 0:01:43 < 0:00:00 , 962 it/s ]
 100% ━━━━━━━━━━━━━━━━━━━━━━━━ 400,000/400,000  [ 0:06:34 < 0:00:00 , 920 it/s ]
 100% ━━━━━━━━━━━━━━━━━━━━━━━━ 500,000/500,000  [ 0:08:42 < 0:00:00 , 996 it/s ]
Training ARS (seed 15/15)
 100% ━━━━━━━━━━━━━━━━━━━━━ 104,960/100,000  [ 0:00:08 < 0:00:00 , 12,027 it/s ]
 100% ━━━━━━━━━━━━━━━━━━━━━ 419,840/295,040  [ 0:00:24 < 0:00:00 , 12,000 it/s ]
   0% ━━━━━━━━━━━━━━━━━━━━━ 524,800/-24,800  [ 0:00:00 < 0:00:00 , 11,996 it/s ]
Training A2C (seed 15/15)
 100% ━━━━━━━━━━━━━━━━━━━━━━ 100,000/100,000  [ 0:00:24 < 0:00:00 , 4,133 it/s ]
 100% ━━━━━━━━━━━━━━━━━━━━━━ 400,000/400,000  [ 0:01:45 < 0:00:00 , 3,636 it/s ]
 100% ━━━━━━━━━━━━━━━━━━━━━━ 500,000/500,000  [ 0:02:18 < 0:00:00 , 3,599 it/s ]
Training TRPO (seed 15/15)
 100% ━━━━━━━━━━━━━━━━━━━━━━ 106,496/100,000  [ 0:00:24 < 0:00:00 , 4,088 it/s ]
 100% ━━━━━━━━━━━━━━━━━━━━━━ 401,408/400,000  [ 0:01:40 < 0:00:00 , 3,951 it/s ]
 100% ━━━━━━━━━━━━━━━━━━━━━━ 507,904/500,000  [ 0:01:56 < 0:00:00 , 4,227 it/s ]
Training PPO (seed 15/15)
 100% ━━━━━━━━━━━━━━━━━━━━━━ 106,496/100,000  [ 0:00:37 < 0:00:00 , 2,581 it/s ]
 100% ━━━━━━━━━━━━━━━━━━━━━━ 401,408/400,000  [ 0:02:30 < 0:00:00 , 2,606 it/s ]
 100% ━━━━━━━━━━━━━━━━━━━━━━ 507,904/500,000  [ 0:03:12 < 0:00:00 , 2,528 it/s ]

============================= JOB FEEDBACK =============================

NodeName=uc3n017
Job ID: 4914798
Array Job ID: 4914764_36
Cluster: uc3
User/Group: ma_fablange/ma_ma
State: COMPLETED (exit code 0)
Nodes: 1
Cores per node: 2
CPU Utilized: 09:36:30
CPU Efficiency: 49.62% of 19:21:50 core-walltime
Job Wall-clock time: 09:40:55
Memory Utilized: 729.45 MB
Memory Efficiency: 7.12% of 10.00 GB (10.00 GB/node)
