Using Gurobi license file: /scratch/slurm_tmpdir/job_4801111/gurobi_4801111_26/gurobi.lic (license index=1, LICENSEID=2826830)
Gurobi preflight: GRB_LICENSE_FILE=/scratch/slurm_tmpdir/job_4801111/gurobi_4801111_26/gurobi.lic, exists=True, WLSACCESSID=eb01...91da, LICENSEID=2826830
Running task_id=26 with HIGH_SENSITIVITY=False, GT_MODEL=TMNL, TRAIN_ON_ALL_SETS=True, LARGE_PRODUCT_SET=False
scipy estimation data: obs=9293, alts=11, memory=0.79 MiB
scipy estimation mode: raw prices, beta_bounds=(-0.05, -1e-07), purchase_rate|arrival=0.9947
Training DQN (seed 1/15)
 100% ━━━━━━━━━━━━━━━━━━━━━━━━ 20,000/20,000  [ 0:00:03 < 0:00:00 , 5,049 it/s ]
 100% ━━━━━━━━━━━━━━━━━━━━━━━━ 80,000/80,000  [ 0:00:15 < 0:00:00 , 5,096 it/s ]
 100% ━━━━━━━━━━━━━━━━━━━━━━ 400,000/400,000  [ 0:01:19 < 0:00:00 , 5,022 it/s ]
 100% ━━━━━━━━━━━━━━━━━━━━━━ 500,000/500,000  [ 0:02:09 < 0:00:00 , 3,710 it/s ]
Training ARS (seed 1/15)
 100% ━━━━━━━━━━━━━━━━━━━━━━━ 23,676/20,000  [ 0:00:01 < 0:00:00 , 11,521 it/s ]
 100% ━━━━━━━━━━━━━━━━━━━━━━━ 94,952/56,324  [ 0:00:04 < 0:00:00 , 11,451 it/s ]
 100% ━━━━━━━━━━━━━━━━━━━━━ 404,100/281,372  [ 0:00:24 < 0:00:00 , 11,457 it/s ]
   0% ━━━━━━━━━━━━━━━━━━━━━ 520,616/-22,728  [ 0:00:00 < 0:00:00 , 11,447 it/s ]
Training A2C (seed 1/15)
 100% ━━━━━━━━━━━━━━━━━━━━━━━━ 20,000/20,000  [ 0:00:04 < 0:00:00 , 4,029 it/s ]
 100% ━━━━━━━━━━━━━━━━━━━━━━━━ 80,000/80,000  [ 0:00:20 < 0:00:00 , 3,913 it/s ]
 100% ━━━━━━━━━━━━━━━━━━━━━━ 400,000/400,000  [ 0:01:45 < 0:00:00 , 3,659 it/s ]
 100% ━━━━━━━━━━━━━━━━━━━━━━ 500,000/500,000  [ 0:02:10 < 0:00:00 , 4,114 it/s ]
Training TRPO (seed 1/15)
 100% ━━━━━━━━━━━━━━━━━━━━━━━━ 24,576/20,000  [ 0:00:04 < 0:00:00 , 4,116 it/s ]
 100% ━━━━━━━━━━━━━━━━━━━━━━━━ 81,920/80,000  [ 0:00:18 < 0:00:00 , 4,060 it/s ]
 100% ━━━━━━━━━━━━━━━━━━━━━━ 401,408/400,000  [ 0:01:40 < 0:00:00 , 4,074 it/s ]
 100% ━━━━━━━━━━━━━━━━━━━━━━ 507,904/500,000  [ 0:01:50 < 0:00:00 , 4,670 it/s ]
Training PPO (seed 1/15)
 100% ━━━━━━━━━━━━━━━━━━━━━━━━ 24,576/20,000  [ 0:00:06 < 0:00:00 , 2,594 it/s ]
 100% ━━━━━━━━━━━━━━━━━━━━━━━━ 81,920/80,000  [ 0:00:28 < 0:00:00 , 2,480 it/s ]
 100% ━━━━━━━━━━━━━━━━━━━━━━ 401,408/400,000  [ 0:02:35 < 0:00:00 , 2,371 it/s ]
 100% ━━━━━━━━━━━━━━━━━━━━━━ 507,904/500,000  [ 0:03:17 < 0:00:00 , 2,272 it/s ]
Training DQN (seed 2/15)
 100% ━━━━━━━━━━━━━━━━━━━━━━━━ 20,000/20,000  [ 0:00:03 < 0:00:00 , 5,198 it/s ]
 100% ━━━━━━━━━━━━━━━━━━━━━━━━ 80,000/80,000  [ 0:00:15 < 0:00:00 , 5,240 it/s ]
 100% ━━━━━━━━━━━━━━━━━━━━━━ 400,000/400,000  [ 0:01:16 < 0:00:00 , 5,241 it/s ]
 100% ━━━━━━━━━━━━━━━━━━━━━━ 500,000/500,000  [ 0:02:00 < 0:00:00 , 4,123 it/s ]
Training ARS (seed 2/15)
 100% ━━━━━━━━━━━━━━━━━━━━━━━ 23,572/20,000  [ 0:00:01 < 0:00:00 , 11,686 it/s ]
 100% ━━━━━━━━━━━━━━━━━━━━━━━ 95,240/56,428  [ 0:00:04 < 0:00:00 , 11,724 it/s ]
 100% ━━━━━━━━━━━━━━━━━━━━━ 401,164/281,188  [ 0:00:24 < 0:00:00 , 11,704 it/s ]
   0% ━━━━━━━━━━━━━━━━━━━━━ 520,524/-19,976  [ 0:00:00 < 0:00:00 , 11,693 it/s ]
Training A2C (seed 2/15)
 100% ━━━━━━━━━━━━━━━━━━━━━━━━ 20,000/20,000  [ 0:00:04 < 0:00:00 , 4,307 it/s ]
 100% ━━━━━━━━━━━━━━━━━━━━━━━━ 80,000/80,000  [ 0:00:18 < 0:00:00 , 4,348 it/s ]
 100% ━━━━━━━━━━━━━━━━━━━━━━ 400,000/400,000  [ 0:01:36 < 0:00:00 , 4,010 it/s ]
 100% ━━━━━━━━━━━━━━━━━━━━━━ 500,000/500,000  [ 0:02:06 < 0:00:00 , 3,960 it/s ]
Training TRPO (seed 2/15)
 100% ━━━━━━━━━━━━━━━━━━━━━━━━ 24,576/20,000  [ 0:00:04 < 0:00:00 , 4,349 it/s ]
 100% ━━━━━━━━━━━━━━━━━━━━━━━━ 81,920/80,000  [ 0:00:17 < 0:00:00 , 4,329 it/s ]
 100% ━━━━━━━━━━━━━━━━━━━━━━ 401,408/400,000  [ 0:01:29 < 0:00:00 , 4,550 it/s ]
 100% ━━━━━━━━━━━━━━━━━━━━━━ 507,904/500,000  [ 0:01:46 < 0:00:00 , 4,703 it/s ]
Training PPO (seed 2/15)
 100% ━━━━━━━━━━━━━━━━━━━━━━━━ 24,576/20,000  [ 0:00:06 < 0:00:00 , 2,511 it/s ]
 100% ━━━━━━━━━━━━━━━━━━━━━━━━ 81,920/80,000  [ 0:00:29 < 0:00:00 , 2,559 it/s ]
 100% ━━━━━━━━━━━━━━━━━━━━━━ 401,408/400,000  [ 0:02:32 < 0:00:00 , 2,483 it/s ]
 100% ━━━━━━━━━━━━━━━━━━━━━━ 507,904/500,000  [ 0:03:12 < 0:00:00 , 2,489 it/s ]
Training DQN (seed 3/15)
 100% ━━━━━━━━━━━━━━━━━━━━━━━━ 20,000/20,000  [ 0:00:04 < 0:00:00 , 4,323 it/s ]
 100% ━━━━━━━━━━━━━━━━━━━━━━━━ 80,000/80,000  [ 0:00:18 < 0:00:00 , 4,255 it/s ]
 100% ━━━━━━━━━━━━━━━━━━━━━━ 400,000/400,000  [ 0:01:33 < 0:00:00 , 4,250 it/s ]
 100% ━━━━━━━━━━━━━━━━━━━━━━ 500,000/500,000  [ 0:01:56 < 0:00:00 , 4,280 it/s ]
Training ARS (seed 3/15)
 100% ━━━━━━━━━━━━━━━━━━━━━━━ 23,788/20,000  [ 0:00:01 < 0:00:00 , 11,799 it/s ]
 100% ━━━━━━━━━━━━━━━━━━━━━━━ 94,524/56,212  [ 0:00:04 < 0:00:00 , 11,728 it/s ]
 100% ━━━━━━━━━━━━━━━━━━━━━ 402,468/281,688  [ 0:00:24 < 0:00:00 , 11,728 it/s ]
   0% ━━━━━━━━━━━━━━━━━━━━━ 521,716/-20,780  [ 0:00:00 < 0:00:00 , 11,770 it/s ]
Training A2C (seed 3/15)
 100% ━━━━━━━━━━━━━━━━━━━━━━━━ 20,000/20,000  [ 0:00:04 < 0:00:00 , 4,391 it/s ]
 100% ━━━━━━━━━━━━━━━━━━━━━━━━ 80,000/80,000  [ 0:00:18 < 0:00:00 , 4,400 it/s ]
 100% ━━━━━━━━━━━━━━━━━━━━━━ 400,000/400,000  [ 0:01:34 < 0:00:00 , 4,069 it/s ]
 100% ━━━━━━━━━━━━━━━━━━━━━━ 500,000/500,000  [ 0:01:47 < 0:00:00 , 5,130 it/s ]
Training TRPO (seed 3/15)
 100% ━━━━━━━━━━━━━━━━━━━━━━━━ 24,576/20,000  [ 0:00:03 < 0:00:00 , 4,667 it/s ]
 100% ━━━━━━━━━━━━━━━━━━━━━━━━ 81,920/80,000  [ 0:00:16 < 0:00:00 , 4,607 it/s ]
 100% ━━━━━━━━━━━━━━━━━━━━━━ 401,408/400,000  [ 0:01:29 < 0:00:00 , 4,479 it/s ]
 100% ━━━━━━━━━━━━━━━━━━━━━━ 507,904/500,000  [ 0:01:46 < 0:00:00 , 4,643 it/s ]
Training PPO (seed 3/15)
 100% ━━━━━━━━━━━━━━━━━━━━━━━━ 24,576/20,000  [ 0:00:06 < 0:00:00 , 2,588 it/s ]
 100% ━━━━━━━━━━━━━━━━━━━━━━━━ 81,920/80,000  [ 0:00:28 < 0:00:00 , 2,479 it/s ]
 100% ━━━━━━━━━━━━━━━━━━━━━━ 401,408/400,000  [ 0:02:30 < 0:00:00 , 2,480 it/s ]
 100% ━━━━━━━━━━━━━━━━━━━━━━ 507,904/500,000  [ 0:03:28 < 0:00:00 , 2,300 it/s ]
Training DQN (seed 4/15)
 100% ━━━━━━━━━━━━━━━━━━━━━━━━ 20,000/20,000  [ 0:00:04 < 0:00:00 , 4,243 it/s ]
 100% ━━━━━━━━━━━━━━━━━━━━━━━━ 80,000/80,000  [ 0:00:18 < 0:00:00 , 4,253 it/s ]
 100% ━━━━━━━━━━━━━━━━━━━━━━ 400,000/400,000  [ 0:01:33 < 0:00:00 , 4,270 it/s ]
 100% ━━━━━━━━━━━━━━━━━━━━━━ 500,000/500,000  [ 0:01:57 < 0:00:00 , 4,212 it/s ]
Training ARS (seed 4/15)
 100% ━━━━━━━━━━━━━━━━━━━━━━━ 23,724/20,000  [ 0:00:01 < 0:00:00 , 11,802 it/s ]
 100% ━━━━━━━━━━━━━━━━━━━━━━━ 94,708/56,276  [ 0:00:04 < 0:00:00 , 11,856 it/s ]
 100% ━━━━━━━━━━━━━━━━━━━━━ 404,136/281,568  [ 0:00:23 < 0:00:00 , 11,849 it/s ]
   0% ━━━━━━━━━━━━━━━━━━━━━ 520,352/-22,568  [ 0:00:00 < 0:00:00 , 11,850 it/s ]
Training A2C (seed 4/15)
 100% ━━━━━━━━━━━━━━━━━━━━━━━━ 20,000/20,000  [ 0:00:04 < 0:00:00 , 4,424 it/s ]
 100% ━━━━━━━━━━━━━━━━━━━━━━━━ 80,000/80,000  [ 0:00:18 < 0:00:00 , 4,421 it/s ]
 100% ━━━━━━━━━━━━━━━━━━━━━━ 400,000/400,000  [ 0:01:24 < 0:00:00 , 4,765 it/s ]
 100% ━━━━━━━━━━━━━━━━━━━━━━ 500,000/500,000  [ 0:01:47 < 0:00:00 , 4,582 it/s ]
Training TRPO (seed 4/15)
 100% ━━━━━━━━━━━━━━━━━━━━━━━━ 24,576/20,000  [ 0:00:03 < 0:00:00 , 4,515 it/s ]
 100% ━━━━━━━━━━━━━━━━━━━━━━━━ 81,920/80,000  [ 0:00:16 < 0:00:00 , 4,486 it/s ]
 100% ━━━━━━━━━━━━━━━━━━━━━━ 401,408/400,000  [ 0:01:30 < 0:00:00 , 4,487 it/s ]
 100% ━━━━━━━━━━━━━━━━━━━━━━ 507,904/500,000  [ 0:01:47 < 0:00:00 , 4,666 it/s ]
Training PPO (seed 4/15)
 100% ━━━━━━━━━━━━━━━━━━━━━━━━ 24,576/20,000  [ 0:00:06 < 0:00:00 , 2,590 it/s ]
 100% ━━━━━━━━━━━━━━━━━━━━━━━━ 81,920/80,000  [ 0:00:28 < 0:00:00 , 2,483 it/s ]
 100% ━━━━━━━━━━━━━━━━━━━━━━ 401,408/400,000  [ 0:02:30 < 0:00:00 , 2,394 it/s ]
 100% ━━━━━━━━━━━━━━━━━━━━━━ 507,904/500,000  [ 0:03:45 < 0:00:00 , 2,261 it/s ]
Training DQN (seed 5/15)
 100% ━━━━━━━━━━━━━━━━━━━━━━━━ 20,000/20,000  [ 0:00:04 < 0:00:00 , 4,218 it/s ]
 100% ━━━━━━━━━━━━━━━━━━━━━━━━ 80,000/80,000  [ 0:00:18 < 0:00:00 , 4,236 it/s ]
 100% ━━━━━━━━━━━━━━━━━━━━━━ 400,000/400,000  [ 0:01:33 < 0:00:00 , 4,267 it/s ]
 100% ━━━━━━━━━━━━━━━━━━━━━━ 500,000/500,000  [ 0:01:57 < 0:00:00 , 4,252 it/s ]
Training ARS (seed 5/15)
 100% ━━━━━━━━━━━━━━━━━━━━━━━ 23,188/20,000  [ 0:00:01 < 0:00:00 , 11,780 it/s ]
 100% ━━━━━━━━━━━━━━━━━━━━━━━ 96,424/56,812  [ 0:00:04 < 0:00:00 , 11,756 it/s ]
 100% ━━━━━━━━━━━━━━━━━━━━━ 401,984/280,388  [ 0:00:23 < 0:00:00 , 11,874 it/s ]
   0% ━━━━━━━━━━━━━━━━━━━━━ 521,428/-21,596  [ 0:00:00 < 0:00:00 , 11,953 it/s ]
Training A2C (seed 5/15)
 100% ━━━━━━━━━━━━━━━━━━━━━━━━ 20,000/20,000  [ 0:00:03 < 0:00:00 , 5,141 it/s ]
 100% ━━━━━━━━━━━━━━━━━━━━━━━━ 80,000/80,000  [ 0:00:15 < 0:00:00 , 5,133 it/s ]
 100% ━━━━━━━━━━━━━━━━━━━━━━ 400,000/400,000  [ 0:01:21 < 0:00:00 , 4,682 it/s ]
 100% ━━━━━━━━━━━━━━━━━━━━━━ 500,000/500,000  [ 0:01:47 < 0:00:00 , 4,893 it/s ]
Training TRPO (seed 5/15)
 100% ━━━━━━━━━━━━━━━━━━━━━━━━ 24,576/20,000  [ 0:00:03 < 0:00:00 , 4,508 it/s ]
 100% ━━━━━━━━━━━━━━━━━━━━━━━━ 81,920/80,000  [ 0:00:16 < 0:00:00 , 4,524 it/s ]
 100% ━━━━━━━━━━━━━━━━━━━━━━ 401,408/400,000  [ 0:01:29 < 0:00:00 , 4,474 it/s ]
 100% ━━━━━━━━━━━━━━━━━━━━━━ 507,904/500,000  [ 0:01:47 < 0:00:00 , 4,637 it/s ]
Training PPO (seed 5/15)
 100% ━━━━━━━━━━━━━━━━━━━━━━━━ 24,576/20,000  [ 0:00:06 < 0:00:00 , 2,586 it/s ]
 100% ━━━━━━━━━━━━━━━━━━━━━━━━ 81,920/80,000  [ 0:00:28 < 0:00:00 , 2,647 it/s ]
 100% ━━━━━━━━━━━━━━━━━━━━━━ 401,408/400,000  [ 0:02:47 < 0:00:00 , 2,070 it/s ]
 100% ━━━━━━━━━━━━━━━━━━━━━━ 507,904/500,000  [ 0:03:43 < 0:00:00 , 2,280 it/s ]
Training DQN (seed 6/15)
 100% ━━━━━━━━━━━━━━━━━━━━━━━━ 20,000/20,000  [ 0:00:04 < 0:00:00 , 4,170 it/s ]
 100% ━━━━━━━━━━━━━━━━━━━━━━━━ 80,000/80,000  [ 0:00:19 < 0:00:00 , 4,204 it/s ]
 100% ━━━━━━━━━━━━━━━━━━━━━━ 400,000/400,000  [ 0:01:34 < 0:00:00 , 4,217 it/s ]
 100% ━━━━━━━━━━━━━━━━━━━━━━ 500,000/500,000  [ 0:01:40 < 0:00:00 , 5,232 it/s ]
Training ARS (seed 6/15)
 100% ━━━━━━━━━━━━━━━━━━━━━━━ 23,744/20,000  [ 0:00:01 < 0:00:00 , 11,960 it/s ]
 100% ━━━━━━━━━━━━━━━━━━━━━━━ 95,700/56,256  [ 0:00:04 < 0:00:00 , 11,963 it/s ]
 100% ━━━━━━━━━━━━━━━━━━━━━ 405,660/280,556  [ 0:00:23 < 0:00:00 , 11,925 it/s ]
   0% ━━━━━━━━━━━━━━━━━━━━━ 520,176/-25,104  [ 0:00:00 < 0:00:00 , 11,909 it/s ]
Training A2C (seed 6/15)
 100% ━━━━━━━━━━━━━━━━━━━━━━━━ 20,000/20,000  [ 0:00:04 < 0:00:00 , 4,972 it/s ]
 100% ━━━━━━━━━━━━━━━━━━━━━━━━ 80,000/80,000  [ 0:00:16 < 0:00:00 , 4,934 it/s ]
 100% ━━━━━━━━━━━━━━━━━━━━━━ 400,000/400,000  [ 0:01:24 < 0:00:00 , 4,546 it/s ]
 100% ━━━━━━━━━━━━━━━━━━━━━━ 500,000/500,000  [ 0:01:47 < 0:00:00 , 4,697 it/s ]
Training TRPO (seed 6/15)
 100% ━━━━━━━━━━━━━━━━━━━━━━━━ 24,576/20,000  [ 0:00:03 < 0:00:00 , 4,669 it/s ]
 100% ━━━━━━━━━━━━━━━━━━━━━━━━ 81,920/80,000  [ 0:00:16 < 0:00:00 , 4,599 it/s ]
 100% ━━━━━━━━━━━━━━━━━━━━━━ 401,408/400,000  [ 0:01:30 < 0:00:00 , 4,482 it/s ]
 100% ━━━━━━━━━━━━━━━━━━━━━━ 507,904/500,000  [ 0:01:47 < 0:00:00 , 4,399 it/s ]
Training PPO (seed 6/15)
 100% ━━━━━━━━━━━━━━━━━━━━━━━━ 24,576/20,000  [ 0:00:07 < 0:00:00 , 2,233 it/s ]
 100% ━━━━━━━━━━━━━━━━━━━━━━━━ 81,920/80,000  [ 0:00:32 < 0:00:00 , 2,290 it/s ]
 100% ━━━━━━━━━━━━━━━━━━━━━━ 401,408/400,000  [ 0:02:54 < 0:00:00 , 2,076 it/s ]
 100% ━━━━━━━━━━━━━━━━━━━━━━ 507,904/500,000  [ 0:03:43 < 0:00:00 , 2,279 it/s ]
Training DQN (seed 7/15)
 100% ━━━━━━━━━━━━━━━━━━━━━━━━ 20,000/20,000  [ 0:00:04 < 0:00:00 , 4,154 it/s ]
 100% ━━━━━━━━━━━━━━━━━━━━━━━━ 80,000/80,000  [ 0:00:19 < 0:00:00 , 4,197 it/s ]
 100% ━━━━━━━━━━━━━━━━━━━━━━ 400,000/400,000  [ 0:01:17 < 0:00:00 , 5,266 it/s ]
 100% ━━━━━━━━━━━━━━━━━━━━━━ 500,000/500,000  [ 0:01:35 < 0:00:00 , 5,109 it/s ]
Training ARS (seed 7/15)
 100% ━━━━━━━━━━━━━━━━━━━━━━━ 23,328/20,000  [ 0:00:01 < 0:00:00 , 11,846 it/s ]
 100% ━━━━━━━━━━━━━━━━━━━━━━━ 95,508/56,672  [ 0:00:04 < 0:00:00 , 11,839 it/s ]
 100% ━━━━━━━━━━━━━━━━━━━━━ 404,476/281,164  [ 0:00:23 < 0:00:00 , 11,851 it/s ]
   0% ━━━━━━━━━━━━━━━━━━━━━ 508,452/-23,312  [ 0:00:00 < 0:00:00 , 11,905 it/s ]
Training A2C (seed 7/15)
 100% ━━━━━━━━━━━━━━━━━━━━━━━━ 20,000/20,000  [ 0:00:04 < 0:00:00 , 4,991 it/s ]
 100% ━━━━━━━━━━━━━━━━━━━━━━━━ 80,000/80,000  [ 0:00:16 < 0:00:00 , 4,996 it/s ]
 100% ━━━━━━━━━━━━━━━━━━━━━━ 400,000/400,000  [ 0:01:21 < 0:00:00 , 4,773 it/s ]
 100% ━━━━━━━━━━━━━━━━━━━━━━ 500,000/500,000  [ 0:01:45 < 0:00:00 , 4,847 it/s ]
Training TRPO (seed 7/15)
 100% ━━━━━━━━━━━━━━━━━━━━━━━━ 24,576/20,000  [ 0:00:03 < 0:00:00 , 4,625 it/s ]
 100% ━━━━━━━━━━━━━━━━━━━━━━━━ 81,920/80,000  [ 0:00:16 < 0:00:00 , 4,606 it/s ]
 100% ━━━━━━━━━━━━━━━━━━━━━━ 401,408/400,000  [ 0:01:29 < 0:00:00 , 4,449 it/s ]
 100% ━━━━━━━━━━━━━━━━━━━━━━ 507,904/500,000  [ 0:01:52 < 0:00:00 , 4,396 it/s ]
Training PPO (seed 7/15)
 100% ━━━━━━━━━━━━━━━━━━━━━━━━ 24,576/20,000  [ 0:00:07 < 0:00:00 , 2,208 it/s ]
 100% ━━━━━━━━━━━━━━━━━━━━━━━━ 81,920/80,000  [ 0:00:33 < 0:00:00 , 2,259 it/s ]
 100% ━━━━━━━━━━━━━━━━━━━━━━ 401,408/400,000  [ 0:02:56 < 0:00:00 , 2,062 it/s ]
 100% ━━━━━━━━━━━━━━━━━━━━━━ 507,904/500,000  [ 0:03:39 < 0:00:00 , 2,490 it/s ]
Training DQN (seed 8/15)
 100% ━━━━━━━━━━━━━━━━━━━━━━━━ 20,000/20,000  [ 0:00:03 < 0:00:00 , 5,204 it/s ]
 100% ━━━━━━━━━━━━━━━━━━━━━━━━ 80,000/80,000  [ 0:00:15 < 0:00:00 , 5,244 it/s ]
 100% ━━━━━━━━━━━━━━━━━━━━━━ 400,000/400,000  [ 0:01:15 < 0:00:00 , 5,268 it/s ]
 100% ━━━━━━━━━━━━━━━━━━━━━━ 500,000/500,000  [ 0:01:40 < 0:00:00 , 4,913 it/s ]
Training ARS (seed 8/15)
 100% ━━━━━━━━━━━━━━━━━━━━━━━ 24,092/20,000  [ 0:00:01 < 0:00:00 , 11,952 it/s ]
 100% ━━━━━━━━━━━━━━━━━━━━━━━ 95,720/55,908  [ 0:00:04 < 0:00:00 , 11,894 it/s ]
 100% ━━━━━━━━━━━━━━━━━━━━━ 403,572/280,188  [ 0:00:23 < 0:00:00 , 11,884 it/s ]
   0% ━━━━━━━━━━━━━━━━━━━━━ 518,412/-23,384  [ 0:00:00 < 0:00:00 , 11,952 it/s ]
Training A2C (seed 8/15)
 100% ━━━━━━━━━━━━━━━━━━━━━━━━ 20,000/20,000  [ 0:00:03 < 0:00:00 , 5,113 it/s ]
 100% ━━━━━━━━━━━━━━━━━━━━━━━━ 80,000/80,000  [ 0:00:15 < 0:00:00 , 5,113 it/s ]
 100% ━━━━━━━━━━━━━━━━━━━━━━ 400,000/400,000  [ 0:01:21 < 0:00:00 , 4,746 it/s ]
 100% ━━━━━━━━━━━━━━━━━━━━━━ 500,000/500,000  [ 0:01:41 < 0:00:00 , 5,121 it/s ]
Training TRPO (seed 8/15)
 100% ━━━━━━━━━━━━━━━━━━━━━━━━ 24,576/20,000  [ 0:00:03 < 0:00:00 , 4,635 it/s ]
 100% ━━━━━━━━━━━━━━━━━━━━━━━━ 81,920/80,000  [ 0:00:16 < 0:00:00 , 4,551 it/s ]
 100% ━━━━━━━━━━━━━━━━━━━━━━ 401,408/400,000  [ 0:01:34 < 0:00:00 , 4,136 it/s ]
 100% ━━━━━━━━━━━━━━━━━━━━━━ 507,904/500,000  [ 0:01:53 < 0:00:00 , 4,482 it/s ]
Training PPO (seed 8/15)
 100% ━━━━━━━━━━━━━━━━━━━━━━━━ 24,576/20,000  [ 0:00:07 < 0:00:00 , 2,199 it/s ]
 100% ━━━━━━━━━━━━━━━━━━━━━━━━ 81,920/80,000  [ 0:00:33 < 0:00:00 , 2,247 it/s ]
 100% ━━━━━━━━━━━━━━━━━━━━━━ 401,408/400,000  [ 0:02:57 < 0:00:00 , 2,039 it/s ]
 100% ━━━━━━━━━━━━━━━━━━━━━━ 507,904/500,000  [ 0:03:29 < 0:00:00 , 2,480 it/s ]
Training DQN (seed 9/15)
 100% ━━━━━━━━━━━━━━━━━━━━━━━━ 20,000/20,000  [ 0:00:03 < 0:00:00 , 5,191 it/s ]
 100% ━━━━━━━━━━━━━━━━━━━━━━━━ 80,000/80,000  [ 0:00:15 < 0:00:00 , 5,240 it/s ]
 100% ━━━━━━━━━━━━━━━━━━━━━━ 400,000/400,000  [ 0:01:19 < 0:00:00 , 5,024 it/s ]
 100% ━━━━━━━━━━━━━━━━━━━━━━ 500,000/500,000  [ 0:01:39 < 0:00:00 , 5,198 it/s ]
Training ARS (seed 9/15)
 100% ━━━━━━━━━━━━━━━━━━━━━━━ 23,388/20,000  [ 0:00:01 < 0:00:00 , 11,911 it/s ]
 100% ━━━━━━━━━━━━━━━━━━━━━━━ 94,568/56,612  [ 0:00:04 < 0:00:00 , 11,869 it/s ]
 100% ━━━━━━━━━━━━━━━━━━━━━ 404,864/282,044  [ 0:00:23 < 0:00:00 , 11,906 it/s ]
   0% ━━━━━━━━━━━━━━━━━━━━━ 522,100/-22,820  [ 0:00:00 < 0:00:00 , 11,913 it/s ]
Training A2C (seed 9/15)
 100% ━━━━━━━━━━━━━━━━━━━━━━━━ 20,000/20,000  [ 0:00:03 < 0:00:00 , 5,136 it/s ]
 100% ━━━━━━━━━━━━━━━━━━━━━━━━ 80,000/80,000  [ 0:00:15 < 0:00:00 , 5,133 it/s ]
 100% ━━━━━━━━━━━━━━━━━━━━━━ 400,000/400,000  [ 0:01:21 < 0:00:00 , 4,782 it/s ]
 100% ━━━━━━━━━━━━━━━━━━━━━━ 500,000/500,000  [ 0:01:51 < 0:00:00 , 4,107 it/s ]
Training TRPO (seed 9/15)
 100% ━━━━━━━━━━━━━━━━━━━━━━━━ 24,576/20,000  [ 0:00:04 < 0:00:00 , 4,304 it/s ]
 100% ━━━━━━━━━━━━━━━━━━━━━━━━ 81,920/80,000  [ 0:00:17 < 0:00:00 , 4,269 it/s ]
 100% ━━━━━━━━━━━━━━━━━━━━━━ 401,408/400,000  [ 0:01:35 < 0:00:00 , 4,156 it/s ]
 100% ━━━━━━━━━━━━━━━━━━━━━━ 507,904/500,000  [ 0:01:54 < 0:00:00 , 4,376 it/s ]
Training PPO (seed 9/15)
 100% ━━━━━━━━━━━━━━━━━━━━━━━━ 24,576/20,000  [ 0:00:07 < 0:00:00 , 2,243 it/s ]
 100% ━━━━━━━━━━━━━━━━━━━━━━━━ 81,920/80,000  [ 0:00:32 < 0:00:00 , 2,298 it/s ]
 100% ━━━━━━━━━━━━━━━━━━━━━━ 401,408/400,000  [ 0:02:54 < 0:00:00 , 2,063 it/s ]
 100% ━━━━━━━━━━━━━━━━━━━━━━ 507,904/500,000  [ 0:03:13 < 0:00:00 , 2,569 it/s ]
Training DQN (seed 10/15)
 100% ━━━━━━━━━━━━━━━━━━━━━━━━ 20,000/20,000  [ 0:00:04 < 0:00:00 , 4,917 it/s ]
 100% ━━━━━━━━━━━━━━━━━━━━━━━━ 80,000/80,000  [ 0:00:16 < 0:00:00 , 4,958 it/s ]
 100% ━━━━━━━━━━━━━━━━━━━━━━ 400,000/400,000  [ 0:01:20 < 0:00:00 , 5,055 it/s ]
 100% ━━━━━━━━━━━━━━━━━━━━━━ 500,000/500,000  [ 0:01:36 < 0:00:00 , 5,157 it/s ]
Training ARS (seed 10/15)
 100% ━━━━━━━━━━━━━━━━━━━━━━━ 23,964/20,000  [ 0:00:01 < 0:00:00 , 11,956 it/s ]
 100% ━━━━━━━━━━━━━━━━━━━━━━━ 94,892/56,036  [ 0:00:04 < 0:00:00 , 11,920 it/s ]
 100% ━━━━━━━━━━━━━━━━━━━━━ 406,660/281,144  [ 0:00:23 < 0:00:00 , 11,937 it/s ]
   0% ━━━━━━━━━━━━━━━━━━━━━ 522,856/-25,516  [ 0:00:00 < 0:00:00 , 11,952 it/s ]
Training A2C (seed 10/15)
 100% ━━━━━━━━━━━━━━━━━━━━━━━━ 20,000/20,000  [ 0:00:03 < 0:00:00 , 5,151 it/s ]
 100% ━━━━━━━━━━━━━━━━━━━━━━━━ 80,000/80,000  [ 0:00:15 < 0:00:00 , 5,150 it/s ]
 100% ━━━━━━━━━━━━━━━━━━━━━━ 400,000/400,000  [ 0:01:22 < 0:00:00 , 4,610 it/s ]
 100% ━━━━━━━━━━━━━━━━━━━━━━ 500,000/500,000  [ 0:02:07 < 0:00:00 , 4,060 it/s ]
Training TRPO (seed 10/15)
 100% ━━━━━━━━━━━━━━━━━━━━━━━━ 24,576/20,000  [ 0:00:04 < 0:00:00 , 4,396 it/s ]
 100% ━━━━━━━━━━━━━━━━━━━━━━━━ 81,920/80,000  [ 0:00:17 < 0:00:00 , 4,292 it/s ]
 100% ━━━━━━━━━━━━━━━━━━━━━━ 401,408/400,000  [ 0:01:37 < 0:00:00 , 4,089 it/s ]
 100% ━━━━━━━━━━━━━━━━━━━━━━ 507,904/500,000  [ 0:01:53 < 0:00:00 , 4,502 it/s ]
Training PPO (seed 10/15)
 100% ━━━━━━━━━━━━━━━━━━━━━━━━ 24,576/20,000  [ 0:00:07 < 0:00:00 , 2,225 it/s ]
 100% ━━━━━━━━━━━━━━━━━━━━━━━━ 81,920/80,000  [ 0:00:33 < 0:00:00 , 2,274 it/s ]
 100% ━━━━━━━━━━━━━━━━━━━━━━ 401,408/400,000  [ 0:02:40 < 0:00:00 , 2,488 it/s ]
 100% ━━━━━━━━━━━━━━━━━━━━━━ 507,904/500,000  [ 0:03:18 < 0:00:00 , 2,557 it/s ]
Training DQN (seed 11/15)
 100% ━━━━━━━━━━━━━━━━━━━━━━━━ 20,000/20,000  [ 0:00:03 < 0:00:00 , 5,218 it/s ]
 100% ━━━━━━━━━━━━━━━━━━━━━━━━ 80,000/80,000  [ 0:00:15 < 0:00:00 , 5,247 it/s ]
 100% ━━━━━━━━━━━━━━━━━━━━━━ 400,000/400,000  [ 0:01:16 < 0:00:00 , 5,254 it/s ]
 100% ━━━━━━━━━━━━━━━━━━━━━━ 500,000/500,000  [ 0:01:35 < 0:00:00 , 5,176 it/s ]
Training ARS (seed 11/15)
 100% ━━━━━━━━━━━━━━━━━━━━━━━ 23,492/20,000  [ 0:00:01 < 0:00:00 , 11,982 it/s ]
 100% ━━━━━━━━━━━━━━━━━━━━━━━ 95,272/56,508  [ 0:00:04 < 0:00:00 , 11,961 it/s ]
 100% ━━━━━━━━━━━━━━━━━━━━━ 409,976/281,236  [ 0:00:23 < 0:00:00 , 11,938 it/s ]
   0% ━━━━━━━━━━━━━━━━━━━━━ 522,596/-28,740  [ 0:00:00 < 0:00:00 , 11,920 it/s ]
Training A2C (seed 11/15)
 100% ━━━━━━━━━━━━━━━━━━━━━━━━ 20,000/20,000  [ 0:00:03 < 0:00:00 , 5,143 it/s ]
 100% ━━━━━━━━━━━━━━━━━━━━━━━━ 80,000/80,000  [ 0:00:17 < 0:00:00 , 4,560 it/s ]
 100% ━━━━━━━━━━━━━━━━━━━━━━ 400,000/400,000  [ 0:01:35 < 0:00:00 , 4,022 it/s ]
 100% ━━━━━━━━━━━━━━━━━━━━━━ 500,000/500,000  [ 0:02:03 < 0:00:00 , 4,209 it/s ]
Training TRPO (seed 11/15)
 100% ━━━━━━━━━━━━━━━━━━━━━━━━ 24,576/20,000  [ 0:00:04 < 0:00:00 , 4,462 it/s ]
 100% ━━━━━━━━━━━━━━━━━━━━━━━━ 81,920/80,000  [ 0:00:17 < 0:00:00 , 4,365 it/s ]
 100% ━━━━━━━━━━━━━━━━━━━━━━ 401,408/400,000  [ 0:01:32 < 0:00:00 , 4,403 it/s ]
 100% ━━━━━━━━━━━━━━━━━━━━━━ 507,904/500,000  [ 0:01:52 < 0:00:00 , 4,402 it/s ]
Training PPO (seed 11/15)
 100% ━━━━━━━━━━━━━━━━━━━━━━━━ 24,576/20,000  [ 0:00:07 < 0:00:00 , 2,278 it/s ]
 100% ━━━━━━━━━━━━━━━━━━━━━━━━ 81,920/80,000  [ 0:00:29 < 0:00:00 , 2,593 it/s ]
 100% ━━━━━━━━━━━━━━━━━━━━━━ 401,408/400,000  [ 0:02:29 < 0:00:00 , 2,325 it/s ]
 100% ━━━━━━━━━━━━━━━━━━━━━━ 507,904/500,000  [ 0:03:15 < 0:00:00 , 2,566 it/s ]
Training DQN (seed 12/15)
 100% ━━━━━━━━━━━━━━━━━━━━━━━━ 20,000/20,000  [ 0:00:03 < 0:00:00 , 5,237 it/s ]
 100% ━━━━━━━━━━━━━━━━━━━━━━━━ 80,000/80,000  [ 0:00:15 < 0:00:00 , 5,300 it/s ]
 100% ━━━━━━━━━━━━━━━━━━━━━━ 400,000/400,000  [ 0:01:15 < 0:00:00 , 5,311 it/s ]
 100% ━━━━━━━━━━━━━━━━━━━━━━ 500,000/500,000  [ 0:01:34 < 0:00:00 , 5,234 it/s ]
Training ARS (seed 12/15)
 100% ━━━━━━━━━━━━━━━━━━━━━━━ 23,680/20,000  [ 0:00:01 < 0:00:00 , 12,141 it/s ]
 100% ━━━━━━━━━━━━━━━━━━━━━━━ 94,716/56,320  [ 0:00:04 < 0:00:00 , 12,129 it/s ]
 100% ━━━━━━━━━━━━━━━━━━━━━ 407,968/281,604  [ 0:00:23 < 0:00:00 , 11,961 it/s ]
   0% ━━━━━━━━━━━━━━━━━━━━━ 522,916/-26,364  [ 0:00:00 < 0:00:00 , 11,973 it/s ]
Training A2C (seed 12/15)
 100% ━━━━━━━━━━━━━━━━━━━━━━━━ 20,000/20,000  [ 0:00:04 < 0:00:00 , 4,537 it/s ]
 100% ━━━━━━━━━━━━━━━━━━━━━━━━ 80,000/80,000  [ 0:00:17 < 0:00:00 , 4,534 it/s ]
 100% ━━━━━━━━━━━━━━━━━━━━━━ 400,000/400,000  [ 0:01:32 < 0:00:00 , 4,178 it/s ]
 100% ━━━━━━━━━━━━━━━━━━━━━━ 500,000/500,000  [ 0:01:55 < 0:00:00 , 4,509 it/s ]
Training TRPO (seed 12/15)
 100% ━━━━━━━━━━━━━━━━━━━━━━━━ 24,576/20,000  [ 0:00:04 < 0:00:00 , 4,425 it/s ]
 100% ━━━━━━━━━━━━━━━━━━━━━━━━ 81,920/80,000  [ 0:00:17 < 0:00:00 , 4,374 it/s ]
 100% ━━━━━━━━━━━━━━━━━━━━━━ 401,408/400,000  [ 0:01:36 < 0:00:00 , 4,210 it/s ]
 100% ━━━━━━━━━━━━━━━━━━━━━━ 507,904/500,000  [ 0:01:51 < 0:00:00 , 4,667 it/s ]
Training PPO (seed 12/15)
 100% ━━━━━━━━━━━━━━━━━━━━━━━━ 24,576/20,000  [ 0:00:06 < 0:00:00 , 2,617 it/s ]
 100% ━━━━━━━━━━━━━━━━━━━━━━━━ 81,920/80,000  [ 0:00:28 < 0:00:00 , 2,575 it/s ]
 100% ━━━━━━━━━━━━━━━━━━━━━━ 401,408/400,000  [ 0:02:32 < 0:00:00 , 2,284 it/s ]
 100% ━━━━━━━━━━━━━━━━━━━━━━ 507,904/500,000  [ 0:03:12 < 0:00:00 , 2,582 it/s ]
Training DQN (seed 13/15)
 100% ━━━━━━━━━━━━━━━━━━━━━━━━ 20,000/20,000  [ 0:00:03 < 0:00:00 , 5,269 it/s ]
 100% ━━━━━━━━━━━━━━━━━━━━━━━━ 80,000/80,000  [ 0:00:15 < 0:00:00 , 5,327 it/s ]
 100% ━━━━━━━━━━━━━━━━━━━━━━ 400,000/400,000  [ 0:01:14 < 0:00:00 , 5,359 it/s ]
 100% ━━━━━━━━━━━━━━━━━━━━━━ 500,000/500,000  [ 0:01:41 < 0:00:00 , 4,428 it/s ]
Training ARS (seed 13/15)
 100% ━━━━━━━━━━━━━━━━━━━━━━━ 23,976/20,000  [ 0:00:01 < 0:00:00 , 11,938 it/s ]
 100% ━━━━━━━━━━━━━━━━━━━━━━━ 96,128/56,024  [ 0:00:04 < 0:00:00 , 11,871 it/s ]
 100% ━━━━━━━━━━━━━━━━━━━━━ 405,732/279,896  [ 0:00:23 < 0:00:00 , 11,847 it/s ]
   0% ━━━━━━━━━━━━━━━━━━━━━ 524,172/-25,836  [ 0:00:00 < 0:00:00 , 11,874 it/s ]
Training A2C (seed 13/15)
 100% ━━━━━━━━━━━━━━━━━━━━━━━━ 20,000/20,000  [ 0:00:04 < 0:00:00 , 4,536 it/s ]
 100% ━━━━━━━━━━━━━━━━━━━━━━━━ 80,000/80,000  [ 0:00:17 < 0:00:00 , 4,530 it/s ]
 100% ━━━━━━━━━━━━━━━━━━━━━━ 400,000/400,000  [ 0:01:32 < 0:00:00 , 4,189 it/s ]
 100% ━━━━━━━━━━━━━━━━━━━━━━ 500,000/500,000  [ 0:01:54 < 0:00:00 , 4,542 it/s ]
Training TRPO (seed 13/15)
 100% ━━━━━━━━━━━━━━━━━━━━━━━━ 24,576/20,000  [ 0:00:04 < 0:00:00 , 4,474 it/s ]
 100% ━━━━━━━━━━━━━━━━━━━━━━━━ 81,920/80,000  [ 0:00:17 < 0:00:00 , 4,404 it/s ]
 100% ━━━━━━━━━━━━━━━━━━━━━━ 401,408/400,000  [ 0:01:33 < 0:00:00 , 4,429 it/s ]
 100% ━━━━━━━━━━━━━━━━━━━━━━ 507,904/500,000  [ 0:01:45 < 0:00:00 , 4,789 it/s ]
Training PPO (seed 13/15)
 100% ━━━━━━━━━━━━━━━━━━━━━━━━ 24,576/20,000  [ 0:00:06 < 0:00:00 , 2,617 it/s ]
 100% ━━━━━━━━━━━━━━━━━━━━━━━━ 81,920/80,000  [ 0:00:28 < 0:00:00 , 2,642 it/s ]
 100% ━━━━━━━━━━━━━━━━━━━━━━ 401,408/400,000  [ 0:02:32 < 0:00:00 , 2,531 it/s ]
 100% ━━━━━━━━━━━━━━━━━━━━━━ 507,904/500,000  [ 0:03:10 < 0:00:00 , 2,571 it/s ]
Training DQN (seed 14/15)
 100% ━━━━━━━━━━━━━━━━━━━━━━━━ 20,000/20,000  [ 0:00:03 < 0:00:00 , 5,274 it/s ]
 100% ━━━━━━━━━━━━━━━━━━━━━━━━ 80,000/80,000  [ 0:00:15 < 0:00:00 , 5,317 it/s ]
 100% ━━━━━━━━━━━━━━━━━━━━━━ 400,000/400,000  [ 0:01:20 < 0:00:00 , 4,427 it/s ]
 100% ━━━━━━━━━━━━━━━━━━━━━━ 500,000/500,000  [ 0:01:53 < 0:00:00 , 4,391 it/s ]
Training ARS (seed 14/15)
 100% ━━━━━━━━━━━━━━━━━━━━━━━ 24,044/20,000  [ 0:00:01 < 0:00:00 , 11,887 it/s ]
 100% ━━━━━━━━━━━━━━━━━━━━━━━ 94,736/55,956  [ 0:00:04 < 0:00:00 , 11,872 it/s ]
 100% ━━━━━━━━━━━━━━━━━━━━━ 405,216/281,220  [ 0:00:23 < 0:00:00 , 11,851 it/s ]
   0% ━━━━━━━━━━━━━━━━━━━━━ 521,380/-23,996  [ 0:00:00 < 0:00:00 , 11,874 it/s ]
Training A2C (seed 14/15)
 100% ━━━━━━━━━━━━━━━━━━━━━━━━ 20,000/20,000  [ 0:00:04 < 0:00:00 , 4,485 it/s ]
 100% ━━━━━━━━━━━━━━━━━━━━━━━━ 80,000/80,000  [ 0:00:17 < 0:00:00 , 4,477 it/s ]
 100% ━━━━━━━━━━━━━━━━━━━━━━ 400,000/400,000  [ 0:01:34 < 0:00:00 , 4,098 it/s ]
 100% ━━━━━━━━━━━━━━━━━━━━━━ 500,000/500,000  [ 0:02:05 < 0:00:00 , 3,953 it/s ]
Training TRPO (seed 14/15)
 100% ━━━━━━━━━━━━━━━━━━━━━━━━ 24,576/20,000  [ 0:00:04 < 0:00:00 , 4,473 it/s ]
 100% ━━━━━━━━━━━━━━━━━━━━━━━━ 81,920/80,000  [ 0:00:16 < 0:00:00 , 4,585 it/s ]
 100% ━━━━━━━━━━━━━━━━━━━━━━ 401,408/400,000  [ 0:01:28 < 0:00:00 , 4,529 it/s ]
 100% ━━━━━━━━━━━━━━━━━━━━━━ 507,904/500,000  [ 0:01:47 < 0:00:00 , 4,664 it/s ]
Training PPO (seed 14/15)
 100% ━━━━━━━━━━━━━━━━━━━━━━━━ 24,576/20,000  [ 0:00:06 < 0:00:00 , 2,520 it/s ]
 100% ━━━━━━━━━━━━━━━━━━━━━━━━ 81,920/80,000  [ 0:00:29 < 0:00:00 , 2,583 it/s ]
 100% ━━━━━━━━━━━━━━━━━━━━━━ 401,408/400,000  [ 0:02:30 < 0:00:00 , 2,497 it/s ]
 100% ━━━━━━━━━━━━━━━━━━━━━━ 507,904/500,000  [ 0:03:13 < 0:00:00 , 2,547 it/s ]
Training DQN (seed 15/15)
 100% ━━━━━━━━━━━━━━━━━━━━━━━━ 20,000/20,000  [ 0:00:03 < 0:00:00 , 5,239 it/s ]
 100% ━━━━━━━━━━━━━━━━━━━━━━━━ 80,000/80,000  [ 0:00:15 < 0:00:00 , 5,313 it/s ]
 100% ━━━━━━━━━━━━━━━━━━━━━━ 400,000/400,000  [ 0:01:14 < 0:00:00 , 5,340 it/s ]
 100% ━━━━━━━━━━━━━━━━━━━━━━ 500,000/500,000  [ 0:01:34 < 0:00:00 , 5,260 it/s ]
Training ARS (seed 15/15)
 100% ━━━━━━━━━━━━━━━━━━━━━━━ 23,840/20,000  [ 0:00:01 < 0:00:00 , 12,009 it/s ]
 100% ━━━━━━━━━━━━━━━━━━━━━━━ 94,808/56,160  [ 0:00:04 < 0:00:00 , 12,008 it/s ]
 100% ━━━━━━━━━━━━━━━━━━━━━ 403,424/281,352  [ 0:00:23 < 0:00:00 , 12,020 it/s ]
   0% ━━━━━━━━━━━━━━━━━━━━━ 520,916/-22,072  [ 0:00:00 < 0:00:00 , 12,021 it/s ]
Training A2C (seed 15/15)
 100% ━━━━━━━━━━━━━━━━━━━━━━━━ 20,000/20,000  [ 0:00:03 < 0:00:00 , 5,209 it/s ]
 100% ━━━━━━━━━━━━━━━━━━━━━━━━ 80,000/80,000  [ 0:00:15 < 0:00:00 , 5,208 it/s ]
 100% ━━━━━━━━━━━━━━━━━━━━━━ 400,000/400,000  [ 0:01:20 < 0:00:00 , 4,828 it/s ]
 100% ━━━━━━━━━━━━━━━━━━━━━━ 500,000/500,000  [ 0:01:42 < 0:00:00 , 5,106 it/s ]
Training TRPO (seed 15/15)
 100% ━━━━━━━━━━━━━━━━━━━━━━━━ 24,576/20,000  [ 0:00:03 < 0:00:00 , 4,667 it/s ]
 100% ━━━━━━━━━━━━━━━━━━━━━━━━ 81,920/80,000  [ 0:00:16 < 0:00:00 , 4,624 it/s ]
 100% ━━━━━━━━━━━━━━━━━━━━━━ 401,408/400,000  [ 0:01:28 < 0:00:00 , 4,446 it/s ]
 100% ━━━━━━━━━━━━━━━━━━━━━━ 507,904/500,000  [ 0:01:44 < 0:00:00 , 4,769 it/s ]
Training PPO (seed 15/15)
 100% ━━━━━━━━━━━━━━━━━━━━━━━━ 24,576/20,000  [ 0:00:06 < 0:00:00 , 2,610 it/s ]
 100% ━━━━━━━━━━━━━━━━━━━━━━━━ 81,920/80,000  [ 0:00:28 < 0:00:00 , 2,548 it/s ]
 100% ━━━━━━━━━━━━━━━━━━━━━━ 401,408/400,000  [ 0:02:28 < 0:00:00 , 2,495 it/s ]
 100% ━━━━━━━━━━━━━━━━━━━━━━ 507,904/500,000  [ 0:03:11 < 0:00:00 , 2,539 it/s ]

============================= JOB FEEDBACK =============================

NodeName=uc3n004
Job ID: 4801111
Array Job ID: 4801083_26
Cluster: uc3
User/Group: ma_fablange/ma_ma
State: COMPLETED (exit code 0)
Nodes: 1
Cores per node: 2
CPU Utilized: 04:50:10
CPU Efficiency: 49.53% of 09:45:52 core-walltime
Job Wall-clock time: 04:52:56
Memory Utilized: 828.77 MB
Memory Efficiency: 8.09% of 10.00 GB (10.00 GB/node)
