Gurobi preflight: GRB_LICENSE_FILE=<unset>, exists=False, WLSACCESSID=<unset>, LICENSEID=<unset>
Running task_id=7 with HIGH_SENSITIVITY=False, GT_MODEL=MMNL_2PT, TRAIN_ON_ALL_SETS=True, LARGE_PRODUCT_SET=True
Training A2C (seed 1/15)
 100% ━━━━━━━━━━━━━━━━━━━━━━ 100,000/100,000  [ 0:00:31 < 0:00:00 , 3,146 it/s ]
 100% ━━━━━━━━━━━━━━━━━━━━━━ 400,000/400,000  [ 0:02:11 < 0:00:00 , 2,968 it/s ]
 100% ━━━━━━━━━━━━━━━━━━━━━━ 500,000/500,000  [ 0:02:50 < 0:00:00 , 2,937 it/s ]
 100% ━━━━━━━━━━━━━━━━━━━ 1,000,000/1,000,000 [ 0:05:29 < 0:00:00 , 2,851 it/s ]
Training TRPO (seed 1/15)
 100% ━━━━━━━━━━━━━━━━━━━━━━ 106,496/100,000  [ 0:00:41 < 0:00:00 , 2,191 it/s ]
 100% ━━━━━━━━━━━━━━━━━━━━━━ 401,408/400,000  [ 0:03:08 < 0:00:00 , 1,957 it/s ]
 100% ━━━━━━━━━━━━━━━━━━━━━━ 507,904/500,000  [ 0:04:18 < 0:00:00 , 1,913 it/s ]
 100% ━━━━━━━━━━━━━━━━━━━ 1,007,616/1,000,000 [ 0:08:19 < 0:00:00 , 2,197 it/s ]
Training PPO (seed 1/15)
 100% ━━━━━━━━━━━━━━━━━━━━━━ 106,496/100,000  [ 0:01:01 < 0:00:00 , 1,575 it/s ]
 100% ━━━━━━━━━━━━━━━━━━━━━━ 401,408/400,000  [ 0:03:56 < 0:00:00 , 1,434 it/s ]
 100% ━━━━━━━━━━━━━━━━━━━━━━ 507,904/500,000  [ 0:05:05 < 0:00:00 , 1,697 it/s ]
 100% ━━━━━━━━━━━━━━━━━━━ 1,007,616/1,000,000 [ 0:09:50 < 0:00:00 , 1,695 it/s ]
Training A2C (seed 2/15)
 100% ━━━━━━━━━━━━━━━━━━━━━━ 100,000/100,000  [ 0:00:31 < 0:00:00 , 3,143 it/s ]
 100% ━━━━━━━━━━━━━━━━━━━━━━ 400,000/400,000  [ 0:02:10 < 0:00:00 , 2,991 it/s ]
 100% ━━━━━━━━━━━━━━━━━━━━━━ 500,000/500,000  [ 0:02:47 < 0:00:00 , 3,082 it/s ]
 100% ━━━━━━━━━━━━━━━━━━━ 1,000,000/1,000,000 [ 0:05:33 < 0:00:00 , 2,863 it/s ]
Training TRPO (seed 2/15)
 100% ━━━━━━━━━━━━━━━━━━━━━━ 106,496/100,000  [ 0:00:42 < 0:00:00 , 2,338 it/s ]
 100% ━━━━━━━━━━━━━━━━━━━━━━ 401,408/400,000  [ 0:02:55 < 0:00:00 , 2,195 it/s ]
 100% ━━━━━━━━━━━━━━━━━━━━━━ 507,904/500,000  [ 0:04:10 < 0:00:00 , 1,951 it/s ]
 100% ━━━━━━━━━━━━━━━━━━━ 1,007,616/1,000,000 [ 0:08:19 < 0:00:00 , 2,009 it/s ]
Training PPO (seed 2/15)
 100% ━━━━━━━━━━━━━━━━━━━━━━ 106,496/100,000  [ 0:01:00 < 0:00:00 , 1,587 it/s ]
 100% ━━━━━━━━━━━━━━━━━━━━━━ 401,408/400,000  [ 0:04:03 < 0:00:00 , 1,471 it/s ]
 100% ━━━━━━━━━━━━━━━━━━━━━━ 507,904/500,000  [ 0:05:08 < 0:00:00 , 1,689 it/s ]
 100% ━━━━━━━━━━━━━━━━━━━ 1,007,616/1,000,000 [ 0:09:48 < 0:00:00 , 1,699 it/s ]
Training A2C (seed 3/15)
 100% ━━━━━━━━━━━━━━━━━━━━━━ 100,000/100,000  [ 0:00:31 < 0:00:00 , 3,160 it/s ]
 100% ━━━━━━━━━━━━━━━━━━━━━━ 400,000/400,000  [ 0:02:10 < 0:00:00 , 2,982 it/s ]
 100% ━━━━━━━━━━━━━━━━━━━━━━ 500,000/500,000  [ 0:02:53 < 0:00:00 , 2,881 it/s ]
 100% ━━━━━━━━━━━━━━━━━━━ 1,000,000/1,000,000 [ 0:05:44 < 0:00:00 , 2,843 it/s ]
Training TRPO (seed 3/15)
 100% ━━━━━━━━━━━━━━━━━━━━━━ 106,496/100,000  [ 0:00:42 < 0:00:00 , 2,237 it/s ]
 100% ━━━━━━━━━━━━━━━━━━━━━━ 401,408/400,000  [ 0:03:00 < 0:00:00 , 2,192 it/s ]
 100% ━━━━━━━━━━━━━━━━━━━━━━ 507,904/500,000  [ 0:03:50 < 0:00:00 , 1,968 it/s ]
 100% ━━━━━━━━━━━━━━━━━━━ 1,007,616/1,000,000 [ 0:08:00 < 0:00:00 , 2,240 it/s ]
Training PPO (seed 3/15)
 100% ━━━━━━━━━━━━━━━━━━━━━━ 106,496/100,000  [ 0:01:01 < 0:00:00 , 1,552 it/s ]
 100% ━━━━━━━━━━━━━━━━━━━━━━ 401,408/400,000  [ 0:04:07 < 0:00:00 , 1,498 it/s ]
 100% ━━━━━━━━━━━━━━━━━━━━━━ 507,904/500,000  [ 0:05:12 < 0:00:00 , 1,692 it/s ]
 100% ━━━━━━━━━━━━━━━━━━━ 1,007,616/1,000,000 [ 0:09:48 < 0:00:00 , 1,695 it/s ]
Training A2C (seed 4/15)
 100% ━━━━━━━━━━━━━━━━━━━━━━ 100,000/100,000  [ 0:00:32 < 0:00:00 , 3,033 it/s ]
 100% ━━━━━━━━━━━━━━━━━━━━━━ 400,000/400,000  [ 0:02:16 < 0:00:00 , 2,849 it/s ]
 100% ━━━━━━━━━━━━━━━━━━━━━━ 500,000/500,000  [ 0:02:57 < 0:00:00 , 2,814 it/s ]
 100% ━━━━━━━━━━━━━━━━━━━ 1,000,000/1,000,000 [ 0:05:54 < 0:00:00 , 2,786 it/s ]
Training TRPO (seed 4/15)
 100% ━━━━━━━━━━━━━━━━━━━━━━ 106,496/100,000  [ 0:00:44 < 0:00:00 , 2,222 it/s ]
 100% ━━━━━━━━━━━━━━━━━━━━━━ 401,408/400,000  [ 0:02:51 < 0:00:00 , 2,323 it/s ]
 100% ━━━━━━━━━━━━━━━━━━━━━━ 507,904/500,000  [ 0:03:44 < 0:00:00 , 2,113 it/s ]
 100% ━━━━━━━━━━━━━━━━━━━ 1,007,616/1,000,000 [ 0:07:49 < 0:00:00 , 2,175 it/s ]
Training PPO (seed 4/15)
 100% ━━━━━━━━━━━━━━━━━━━━━━ 106,496/100,000  [ 0:01:01 < 0:00:00 , 1,565 it/s ]
 100% ━━━━━━━━━━━━━━━━━━━━━━ 401,408/400,000  [ 0:04:07 < 0:00:00 , 1,482 it/s ]
 100% ━━━━━━━━━━━━━━━━━━━━━━ 507,904/500,000  [ 0:05:18 < 0:00:00 , 1,694 it/s ]
 100% ━━━━━━━━━━━━━━━━━━━ 1,007,616/1,000,000 [ 0:09:57 < 0:00:00 , 1,580 it/s ]
Training A2C (seed 5/15)
 100% ━━━━━━━━━━━━━━━━━━━━━━ 100,000/100,000  [ 0:00:33 < 0:00:00 , 2,982 it/s ]
 100% ━━━━━━━━━━━━━━━━━━━━━━ 400,000/400,000  [ 0:02:18 < 0:00:00 , 2,812 it/s ]
 100% ━━━━━━━━━━━━━━━━━━━━━━ 500,000/500,000  [ 0:03:00 < 0:00:00 , 2,782 it/s ]
 100% ━━━━━━━━━━━━━━━━━━━ 1,000,000/1,000,000 [ 0:05:39 < 0:00:00 , 3,045 it/s ]
Training TRPO (seed 5/15)
 100% ━━━━━━━━━━━━━━━━━━━━━━ 106,496/100,000  [ 0:00:39 < 0:00:00 , 2,484 it/s ]
 100% ━━━━━━━━━━━━━━━━━━━━━━ 401,408/400,000  [ 0:02:41 < 0:00:00 , 2,368 it/s ]
 100% ━━━━━━━━━━━━━━━━━━━━━━ 507,904/500,000  [ 0:03:34 < 0:00:00 , 2,300 it/s ]
 100% ━━━━━━━━━━━━━━━━━━━ 1,007,616/1,000,000 [ 0:07:24 < 0:00:00 , 2,209 it/s ]
Training PPO (seed 5/15)
 100% ━━━━━━━━━━━━━━━━━━━━━━ 106,496/100,000  [ 0:00:59 < 0:00:00 , 1,653 it/s ]
 100% ━━━━━━━━━━━━━━━━━━━━━━ 401,408/400,000  [ 0:04:00 < 0:00:00 , 1,530 it/s ]
 100% ━━━━━━━━━━━━━━━━━━━━━━ 507,904/500,000  [ 0:05:13 < 0:00:00 , 1,657 it/s ]
 100% ━━━━━━━━━━━━━━━━━━━ 1,007,616/1,000,000 [ 0:10:00 < 0:00:00 , 1,634 it/s ]
Training A2C (seed 6/15)
 100% ━━━━━━━━━━━━━━━━━━━━━━ 100,000/100,000  [ 0:00:33 < 0:00:00 , 3,031 it/s ]
 100% ━━━━━━━━━━━━━━━━━━━━━━ 400,000/400,000  [ 0:02:16 < 0:00:00 , 2,841 it/s ]
 100% ━━━━━━━━━━━━━━━━━━━━━━ 500,000/500,000  [ 0:02:58 < 0:00:00 , 2,815 it/s ]
 100% ━━━━━━━━━━━━━━━━━━━ 1,000,000/1,000,000 [ 0:05:41 < 0:00:00 , 2,975 it/s ]
Training TRPO (seed 6/15)
 100% ━━━━━━━━━━━━━━━━━━━━━━ 106,496/100,000  [ 0:00:39 < 0:00:00 , 2,491 it/s ]
 100% ━━━━━━━━━━━━━━━━━━━━━━ 401,408/400,000  [ 0:02:42 < 0:00:00 , 2,228 it/s ]
 100% ━━━━━━━━━━━━━━━━━━━━━━ 507,904/500,000  [ 0:03:39 < 0:00:00 , 2,261 it/s ]
 100% ━━━━━━━━━━━━━━━━━━━ 1,007,616/1,000,000 [ 0:07:25 < 0:00:00 , 2,210 it/s ]
Training PPO (seed 6/15)
 100% ━━━━━━━━━━━━━━━━━━━━━━ 106,496/100,000  [ 0:00:59 < 0:00:00 , 1,670 it/s ]
 100% ━━━━━━━━━━━━━━━━━━━━━━ 401,408/400,000  [ 0:03:59 < 0:00:00 , 1,368 it/s ]
 100% ━━━━━━━━━━━━━━━━━━━━━━ 507,904/500,000  [ 0:05:10 < 0:00:00 , 1,607 it/s ]
 100% ━━━━━━━━━━━━━━━━━━━ 1,007,616/1,000,000 [ 0:10:22 < 0:00:00 , 1,639 it/s ]
Training A2C (seed 7/15)
 100% ━━━━━━━━━━━━━━━━━━━━━━ 100,000/100,000  [ 0:00:32 < 0:00:00 , 3,040 it/s ]
 100% ━━━━━━━━━━━━━━━━━━━━━━ 400,000/400,000  [ 0:02:14 < 0:00:00 , 3,020 it/s ]
 100% ━━━━━━━━━━━━━━━━━━━━━━ 500,000/500,000  [ 0:02:48 < 0:00:00 , 2,947 it/s ]
 100% ━━━━━━━━━━━━━━━━━━━ 1,000,000/1,000,000 [ 0:05:38 < 0:00:00 , 3,059 it/s ]
Training TRPO (seed 7/15)
 100% ━━━━━━━━━━━━━━━━━━━━━━ 106,496/100,000  [ 0:00:39 < 0:00:00 , 2,500 it/s ]
 100% ━━━━━━━━━━━━━━━━━━━━━━ 401,408/400,000  [ 0:02:42 < 0:00:00 , 2,415 it/s ]
 100% ━━━━━━━━━━━━━━━━━━━━━━ 507,904/500,000  [ 0:03:35 < 0:00:00 , 2,269 it/s ]
 100% ━━━━━━━━━━━━━━━━━━━ 1,007,616/1,000,000 [ 0:07:18 < 0:00:00 , 2,318 it/s ]
Training PPO (seed 7/15)
 100% ━━━━━━━━━━━━━━━━━━━━━━ 106,496/100,000  [ 0:00:57 < 0:00:00 , 1,732 it/s ]
 100% ━━━━━━━━━━━━━━━━━━━━━━ 401,408/400,000  [ 0:03:57 < 0:00:00 , 1,526 it/s ]
 100% ━━━━━━━━━━━━━━━━━━━━━━ 507,904/500,000  [ 0:05:32 < 0:00:00 , 1,552 it/s ]
 100% ━━━━━━━━━━━━━━━━━━━ 1,007,616/1,000,000 [ 0:10:24 < 0:00:00 , 1,727 it/s ]
Training A2C (seed 8/15)
 100% ━━━━━━━━━━━━━━━━━━━━━━ 100,000/100,000  [ 0:00:31 < 0:00:00 , 3,204 it/s ]
 100% ━━━━━━━━━━━━━━━━━━━━━━ 400,000/400,000  [ 0:02:08 < 0:00:00 , 3,041 it/s ]
 100% ━━━━━━━━━━━━━━━━━━━━━━ 500,000/500,000  [ 0:02:40 < 0:00:00 , 3,180 it/s ]
 100% ━━━━━━━━━━━━━━━━━━━ 1,000,000/1,000,000 [ 0:05:25 < 0:00:00 , 3,048 it/s ]
Training TRPO (seed 8/15)
 100% ━━━━━━━━━━━━━━━━━━━━━━ 106,496/100,000  [ 0:00:39 < 0:00:00 , 2,509 it/s ]
 100% ━━━━━━━━━━━━━━━━━━━━━━ 401,408/400,000  [ 0:02:41 < 0:00:00 , 2,329 it/s ]
 100% ━━━━━━━━━━━━━━━━━━━━━━ 507,904/500,000  [ 0:03:37 < 0:00:00 , 2,118 it/s ]
 100% ━━━━━━━━━━━━━━━━━━━ 1,007,616/1,000,000 [ 0:07:19 < 0:00:00 , 2,318 it/s ]
Training PPO (seed 8/15)
 100% ━━━━━━━━━━━━━━━━━━━━━━ 106,496/100,000  [ 0:00:57 < 0:00:00 , 1,948 it/s ]
 100% ━━━━━━━━━━━━━━━━━━━━━━ 401,408/400,000  [ 0:03:55 < 0:00:00 , 1,498 it/s ]
 100% ━━━━━━━━━━━━━━━━━━━━━━ 507,904/500,000  [ 0:05:29 < 0:00:00 , 1,559 it/s ]
 100% ━━━━━━━━━━━━━━━━━━━ 1,007,616/1,000,000 [ 0:10:23 < 0:00:00 , 1,718 it/s ]
Training A2C (seed 9/15)
 100% ━━━━━━━━━━━━━━━━━━━━━━ 100,000/100,000  [ 0:00:31 < 0:00:00 , 3,198 it/s ]
 100% ━━━━━━━━━━━━━━━━━━━━━━ 400,000/400,000  [ 0:02:08 < 0:00:00 , 3,023 it/s ]
 100% ━━━━━━━━━━━━━━━━━━━━━━ 500,000/500,000  [ 0:02:46 < 0:00:00 , 2,988 it/s ]
 100% ━━━━━━━━━━━━━━━━━━━ 1,000,000/1,000,000 [ 0:05:27 < 0:00:00 , 3,042 it/s ]
Training TRPO (seed 9/15)
 100% ━━━━━━━━━━━━━━━━━━━━━━ 106,496/100,000  [ 0:00:39 < 0:00:00 , 2,525 it/s ]
 100% ━━━━━━━━━━━━━━━━━━━━━━ 401,408/400,000  [ 0:02:43 < 0:00:00 , 2,235 it/s ]
 100% ━━━━━━━━━━━━━━━━━━━━━━ 507,904/500,000  [ 0:03:46 < 0:00:00 , 2,130 it/s ]
 100% ━━━━━━━━━━━━━━━━━━━ 1,007,616/1,000,000 [ 0:07:21 < 0:00:00 , 2,200 it/s ]
Training PPO (seed 9/15)
 100% ━━━━━━━━━━━━━━━━━━━━━━ 106,496/100,000  [ 0:00:59 < 0:00:00 , 1,653 it/s ]
 100% ━━━━━━━━━━━━━━━━━━━━━━ 401,408/400,000  [ 0:04:01 < 0:00:00 , 1,536 it/s ]
 100% ━━━━━━━━━━━━━━━━━━━━━━ 507,904/500,000  [ 0:05:24 < 0:00:00 , 1,371 it/s ]
 100% ━━━━━━━━━━━━━━━━━━━ 1,007,616/1,000,000 [ 0:10:13 < 0:00:00 , 1,652 it/s ]
Training A2C (seed 10/15)
 100% ━━━━━━━━━━━━━━━━━━━━━━ 100,000/100,000  [ 0:00:32 < 0:00:00 , 3,046 it/s ]
 100% ━━━━━━━━━━━━━━━━━━━━━━ 400,000/400,000  [ 0:02:10 < 0:00:00 , 3,010 it/s ]
 100% ━━━━━━━━━━━━━━━━━━━━━━ 500,000/500,000  [ 0:02:49 < 0:00:00 , 2,947 it/s ]
 100% ━━━━━━━━━━━━━━━━━━━ 1,000,000/1,000,000 [ 0:05:28 < 0:00:00 , 3,040 it/s ]
Training TRPO (seed 10/15)
 100% ━━━━━━━━━━━━━━━━━━━━━━ 106,496/100,000  [ 0:00:39 < 0:00:00 , 2,519 it/s ]
 100% ━━━━━━━━━━━━━━━━━━━━━━ 401,408/400,000  [ 0:02:42 < 0:00:00 , 2,317 it/s ]
 100% ━━━━━━━━━━━━━━━━━━━━━━ 507,904/500,000  [ 0:03:36 < 0:00:00 , 2,302 it/s ]
 100% ━━━━━━━━━━━━━━━━━━━ 1,007,616/1,000,000 [ 0:07:22 < 0:00:00 , 2,207 it/s ]
Training PPO (seed 10/15)
 100% ━━━━━━━━━━━━━━━━━━━━━━ 106,496/100,000  [ 0:01:00 < 0:00:00 , 1,644 it/s ]
 100% ━━━━━━━━━━━━━━━━━━━━━━ 401,408/400,000  [ 0:04:03 < 0:00:00 , 1,530 it/s ]
 100% ━━━━━━━━━━━━━━━━━━━━━━ 507,904/500,000  [ 0:05:18 < 0:00:00 , 1,647 it/s ]
 100% ━━━━━━━━━━━━━━━━━━━ 1,007,616/1,000,000 [ 0:10:05 < 0:00:00 , 1,641 it/s ]
Training A2C (seed 11/15)
 100% ━━━━━━━━━━━━━━━━━━━━━━ 100,000/100,000  [ 0:00:32 < 0:00:00 , 3,046 it/s ]
 100% ━━━━━━━━━━━━━━━━━━━━━━ 400,000/400,000  [ 0:02:15 < 0:00:00 , 2,870 it/s ]
 100% ━━━━━━━━━━━━━━━━━━━━━━ 500,000/500,000  [ 0:02:50 < 0:00:00 , 2,963 it/s ]
 100% ━━━━━━━━━━━━━━━━━━━ 1,000,000/1,000,000 [ 0:05:27 < 0:00:00 , 3,070 it/s ]
Training TRPO (seed 11/15)
 100% ━━━━━━━━━━━━━━━━━━━━━━ 106,496/100,000  [ 0:00:39 < 0:00:00 , 2,508 it/s ]
 100% ━━━━━━━━━━━━━━━━━━━━━━ 401,408/400,000  [ 0:02:42 < 0:00:00 , 2,213 it/s ]
 100% ━━━━━━━━━━━━━━━━━━━━━━ 507,904/500,000  [ 0:03:36 < 0:00:00 , 2,298 it/s ]
 100% ━━━━━━━━━━━━━━━━━━━ 1,007,616/1,000,000 [ 0:07:27 < 0:00:00 , 2,199 it/s ]
Training PPO (seed 11/15)
 100% ━━━━━━━━━━━━━━━━━━━━━━ 106,496/100,000  [ 0:01:00 < 0:00:00 , 1,607 it/s ]
 100% ━━━━━━━━━━━━━━━━━━━━━━ 401,408/400,000  [ 0:04:04 < 0:00:00 , 1,523 it/s ]
 100% ━━━━━━━━━━━━━━━━━━━━━━ 507,904/500,000  [ 0:05:03 < 0:00:00 , 1,727 it/s ]
 100% ━━━━━━━━━━━━━━━━━━━ 1,007,616/1,000,000 [ 0:10:00 < 0:00:00 , 1,645 it/s ]
Training A2C (seed 12/15)
 100% ━━━━━━━━━━━━━━━━━━━━━━ 100,000/100,000  [ 0:00:32 < 0:00:00 , 3,045 it/s ]
 100% ━━━━━━━━━━━━━━━━━━━━━━ 400,000/400,000  [ 0:02:15 < 0:00:00 , 2,872 it/s ]
 100% ━━━━━━━━━━━━━━━━━━━━━━ 500,000/500,000  [ 0:02:58 < 0:00:00 , 2,936 it/s ]
 100% ━━━━━━━━━━━━━━━━━━━ 1,000,000/1,000,000 [ 0:05:27 < 0:00:00 , 3,056 it/s ]
Training TRPO (seed 12/15)
 100% ━━━━━━━━━━━━━━━━━━━━━━ 106,496/100,000  [ 0:00:39 < 0:00:00 , 2,530 it/s ]
 100% ━━━━━━━━━━━━━━━━━━━━━━ 401,408/400,000  [ 0:02:42 < 0:00:00 , 2,329 it/s ]
 100% ━━━━━━━━━━━━━━━━━━━━━━ 507,904/500,000  [ 0:03:43 < 0:00:00 , 2,199 it/s ]
 100% ━━━━━━━━━━━━━━━━━━━ 1,007,616/1,000,000 [ 0:07:33 < 0:00:00 , 2,156 it/s ]
Training PPO (seed 12/15)
 100% ━━━━━━━━━━━━━━━━━━━━━━ 106,496/100,000  [ 0:01:00 < 0:00:00 , 1,599 it/s ]
 100% ━━━━━━━━━━━━━━━━━━━━━━ 401,408/400,000  [ 0:03:56 < 0:00:00 , 1,536 it/s ]
 100% ━━━━━━━━━━━━━━━━━━━━━━ 507,904/500,000  [ 0:05:01 < 0:00:00 , 1,719 it/s ]
 100% ━━━━━━━━━━━━━━━━━━━ 1,007,616/1,000,000 [ 0:09:54 < 0:00:00 , 1,651 it/s ]
Training A2C (seed 13/15)
 100% ━━━━━━━━━━━━━━━━━━━━━━ 100,000/100,000  [ 0:00:32 < 0:00:00 , 3,050 it/s ]
 100% ━━━━━━━━━━━━━━━━━━━━━━ 400,000/400,000  [ 0:02:15 < 0:00:00 , 2,865 it/s ]
 100% ━━━━━━━━━━━━━━━━━━━━━━ 500,000/500,000  [ 0:03:04 < 0:00:00 , 2,702 it/s ]
 100% ━━━━━━━━━━━━━━━━━━━ 1,000,000/1,000,000 [ 0:05:43 < 0:00:00 , 3,057 it/s ]
Training TRPO (seed 13/15)
 100% ━━━━━━━━━━━━━━━━━━━━━━ 106,496/100,000  [ 0:00:39 < 0:00:00 , 2,469 it/s ]
 100% ━━━━━━━━━━━━━━━━━━━━━━ 401,408/400,000  [ 0:02:48 < 0:00:00 , 2,225 it/s ]
 100% ━━━━━━━━━━━━━━━━━━━━━━ 507,904/500,000  [ 0:03:49 < 0:00:00 , 2,205 it/s ]
 100% ━━━━━━━━━━━━━━━━━━━ 1,007,616/1,000,000 [ 0:07:32 < 0:00:00 , 2,224 it/s ]
Training PPO (seed 13/15)
 100% ━━━━━━━━━━━━━━━━━━━━━━ 106,496/100,000  [ 0:00:57 < 0:00:00 , 1,720 it/s ]
 100% ━━━━━━━━━━━━━━━━━━━━━━ 401,408/400,000  [ 0:03:51 < 0:00:00 , 1,561 it/s ]
 100% ━━━━━━━━━━━━━━━━━━━━━━ 507,904/500,000  [ 0:04:58 < 0:00:00 , 1,717 it/s ]
 100% ━━━━━━━━━━━━━━━━━━━ 1,007,616/1,000,000 [ 0:09:46 < 0:00:00 , 1,665 it/s ]
Training A2C (seed 14/15)
 100% ━━━━━━━━━━━━━━━━━━━━━━ 100,000/100,000  [ 0:00:32 < 0:00:00 , 3,089 it/s ]
 100% ━━━━━━━━━━━━━━━━━━━━━━ 400,000/400,000  [ 0:02:13 < 0:00:00 , 2,903 it/s ]
 100% ━━━━━━━━━━━━━━━━━━━━━━ 500,000/500,000  [ 0:03:02 < 0:00:00 , 2,699 it/s ]
 100% ━━━━━━━━━━━━━━━━━━━ 1,000,000/1,000,000 [ 0:06:25 < 0:00:00 , 2,640 it/s ]
Training TRPO (seed 14/15)
 100% ━━━━━━━━━━━━━━━━━━━━━━ 106,496/100,000  [ 0:00:41 < 0:00:00 , 2,418 it/s ]
 100% ━━━━━━━━━━━━━━━━━━━━━━ 401,408/400,000  [ 0:02:47 < 0:00:00 , 2,257 it/s ]
 100% ━━━━━━━━━━━━━━━━━━━━━━ 507,904/500,000  [ 0:03:42 < 0:00:00 , 2,249 it/s ]
 100% ━━━━━━━━━━━━━━━━━━━ 1,007,616/1,000,000 [ 0:07:20 < 0:00:00 , 2,274 it/s ]
Training PPO (seed 14/15)
 100% ━━━━━━━━━━━━━━━━━━━━━━ 106,496/100,000  [ 0:00:57 < 0:00:00 , 1,713 it/s ]
 100% ━━━━━━━━━━━━━━━━━━━━━━ 401,408/400,000  [ 0:03:51 < 0:00:00 , 1,604 it/s ]
 100% ━━━━━━━━━━━━━━━━━━━━━━ 507,904/500,000  [ 0:04:58 < 0:00:00 , 1,723 it/s ]
 100% ━━━━━━━━━━━━━━━━━━━ 1,007,616/1,000,000 [ 0:09:39 < 0:00:00 , 1,684 it/s ]
Training A2C (seed 15/15)
 100% ━━━━━━━━━━━━━━━━━━━━━━ 100,000/100,000  [ 0:00:32 < 0:00:00 , 3,129 it/s ]
 100% ━━━━━━━━━━━━━━━━━━━━━━ 400,000/400,000  [ 0:02:14 < 0:00:00 , 2,810 it/s ]
 100% ━━━━━━━━━━━━━━━━━━━━━━ 500,000/500,000  [ 0:03:01 < 0:00:00 , 2,713 it/s ]
 100% ━━━━━━━━━━━━━━━━━━━ 1,000,000/1,000,000 [ 0:06:14 < 0:00:00 , 2,661 it/s ]
Training TRPO (seed 15/15)
 100% ━━━━━━━━━━━━━━━━━━━━━━ 106,496/100,000  [ 0:00:39 < 0:00:00 , 2,466 it/s ]
 100% ━━━━━━━━━━━━━━━━━━━━━━ 401,408/400,000  [ 0:02:39 < 0:00:00 , 2,469 it/s ]
 100% ━━━━━━━━━━━━━━━━━━━━━━ 507,904/500,000  [ 0:03:24 < 0:00:00 , 2,331 it/s ]
 100% ━━━━━━━━━━━━━━━━━━━ 1,007,616/1,000,000 [ 0:07:06 < 0:00:00 , 2,312 it/s ]
Training PPO (seed 15/15)
 100% ━━━━━━━━━━━━━━━━━━━━━━ 106,496/100,000  [ 0:00:56 < 0:00:00 , 1,736 it/s ]
 100% ━━━━━━━━━━━━━━━━━━━━━━ 401,408/400,000  [ 0:03:49 < 0:00:00 , 1,616 it/s ]
 100% ━━━━━━━━━━━━━━━━━━━━━━ 507,904/500,000  [ 0:04:59 < 0:00:00 , 1,742 it/s ]
 100% ━━━━━━━━━━━━━━━━━━━ 1,007,616/1,000,000 [ 0:09:28 < 0:00:00 , 1,701 it/s ]
