WARNING: All log messages before absl::InitializeLog() is called are written to STDERR
I0000 00:00:1779661276.813789 1883098 port.cc:153] oneDNN custom operations are on. You may see slightly different numerical results due to floating-point round-off errors from different computation orders. To turn them off, set the environment variable `TF_ENABLE_ONEDNN_OPTS=0`.
I0000 00:00:1779661278.814624 1883098 cpu_feature_guard.cc:227] This TensorFlow binary is optimized to use available CPU instructions in performance-critical operations.
To enable the following instructions: AVX2 AVX512F AVX512_VNNI AVX512_BF16 FMA, in other operations, rebuild TensorFlow with the appropriate compiler flags.
WARNING: All log messages before absl::InitializeLog() is called are written to STDERR
I0000 00:00:1779661287.780903 1883098 port.cc:153] oneDNN custom operations are on. You may see slightly different numerical results due to floating-point round-off errors from different computation orders. To turn them off, set the environment variable `TF_ENABLE_ONEDNN_OPTS=0`.
I0000 00:00:1779661287.805413 1883098 cudart_stub.cc:31] Could not find cuda drivers on your machine, GPU will not be used.
Traceback (most recent call last):
  File "/pfs/data6/home/ma/ma_ma/ma_fablange/RL_Dynamic_Choice_RM/src/slurm/run_experiment_grid.py", line 93, in <module>
    run_single(args.task_id)
  File "/pfs/data6/home/ma/ma_ma/ma_fablange/RL_Dynamic_Choice_RM/src/slurm/run_experiment_grid.py", line 85, in run_single
    runpy.run_path(str(exec_path), run_name="__main__")
  File "<frozen runpy>", line 287, in run_path
  File "<frozen runpy>", line 98, in _run_module_code
  File "<frozen runpy>", line 88, in _run_code
  File "/pfs/data6/home/ma/ma_ma/ma_fablange/RL_Dynamic_Choice_RM/src/exec.py", line 596, in <module>
    main()
  File "/pfs/data6/home/ma/ma_ma/ma_fablange/RL_Dynamic_Choice_RM/src/exec.py", line 212, in main
    estimation_mnl_result = estimator.estimate_mnl()
                            ^^^^^^^^^^^^^^^^^^^^^^^^
  File "/pfs/data6/home/ma/ma_ma/ma_fablange/RL_Dynamic_Choice_RM/src/calc/estimation_scipy.py", line 283, in estimate_mnl
    fit_result = self._fit_latent_class_model(1, min_weight=0.0)
                 ^^^^^^^^^^^^^^^^^^^^^^^^^^^^^^^^^^^^^^^^^^^^^^^
  File "/pfs/data6/home/ma/ma_ma/ma_fablange/RL_Dynamic_Choice_RM/src/calc/estimation_scipy.py", line 202, in _fit_latent_class_model
    raise RuntimeError(f"SciPy estimation failed for {n_segments} segment(s): {message}")
RuntimeError: SciPy estimation failed for 1 segment(s): ABNORMAL: 
