Gurobi preflight: GRB_LICENSE_FILE=/scratch/slurm_tmpdir/job_4914795/gurobi_4914795_32/gurobi.lic, exists=True, WLSACCESSID=5d19...057f, LICENSEID=2831084
Running task_id=32 with HIGH_SENSITIVITY=False, GT_MODEL=NLogit, TRAIN_ON_ALL_SETS=False, LARGE_PRODUCT_SET=False
scipy estimation data: obs=10227, alts=11, memory=0.87 MiB
scipy estimation mode: raw prices, beta_bounds=(-0.05, -1e-07), purchase_rate|arrival=0.6981
Training DQN (seed 1/15)
 100% ━━━━━━━━━━━━━━━━━━━━━━ 100,000/100,000  [ 0:00:17 < 0:00:00 , 5,807 it/s ]
 100% ━━━━━━━━━━━━━━━━━━━━━━ 400,000/400,000  [ 0:01:09 < 0:00:00 , 5,717 it/s ]
 100% ━━━━━━━━━━━━━━━━━━━━━━ 500,000/500,000  [ 0:01:27 < 0:00:00 , 5,704 it/s ]
Training QRDQN (seed 1/15)
 100% ━━━━━━━━━━━━━━━━━━━━━━ 100,000/100,000  [ 0:01:32 < 0:00:00 , 1,090 it/s ]
 100% ━━━━━━━━━━━━━━━━━━━━━━ 400,000/400,000  [ 0:06:08 < 0:00:00 , 1,054 it/s ]
 100% ━━━━━━━━━━━━━━━━━━━━━━ 500,000/500,000  [ 0:07:49 < 0:00:00 , 1,084 it/s ]
Training ARS (seed 1/15)
 100% ━━━━━━━━━━━━━━━━━━━━━ 104,960/100,000  [ 0:00:08 < 0:00:00 , 11,513 it/s ]
 100% ━━━━━━━━━━━━━━━━━━━━━ 419,840/295,040  [ 0:00:25 < 0:00:00 , 11,376 it/s ]
   0% ━━━━━━━━━━━━━━━━━━━━━ 524,800/-24,800  [ 0:00:00 < 0:00:00 , 11,439 it/s ]
Training A2C (seed 1/15)
 100% ━━━━━━━━━━━━━━━━━━━━━━ 100,000/100,000  [ 0:00:21 < 0:00:00 , 4,678 it/s ]
 100% ━━━━━━━━━━━━━━━━━━━━━━ 400,000/400,000  [ 0:01:28 < 0:00:00 , 4,381 it/s ]
 100% ━━━━━━━━━━━━━━━━━━━━━━ 500,000/500,000  [ 0:01:57 < 0:00:00 , 4,241 it/s ]
Training TRPO (seed 1/15)
 100% ━━━━━━━━━━━━━━━━━━━━━━ 106,496/100,000  [ 0:00:23 < 0:00:00 , 4,257 it/s ]
 100% ━━━━━━━━━━━━━━━━━━━━━━ 401,408/400,000  [ 0:01:37 < 0:00:00 , 4,024 it/s ]
 100% ━━━━━━━━━━━━━━━━━━━━━━ 507,904/500,000  [ 0:02:00 < 0:00:00 , 4,105 it/s ]
Training PPO (seed 1/15)
 100% ━━━━━━━━━━━━━━━━━━━━━━ 106,496/100,000  [ 0:00:40 < 0:00:00 , 2,443 it/s ]
 100% ━━━━━━━━━━━━━━━━━━━━━━ 401,408/400,000  [ 0:02:43 < 0:00:00 , 2,350 it/s ]
 100% ━━━━━━━━━━━━━━━━━━━━━━ 507,904/500,000  [ 0:03:26 < 0:00:00 , 2,364 it/s ]
Training DQN (seed 2/15)
 100% ━━━━━━━━━━━━━━━━━━━━━━ 100,000/100,000  [ 0:00:17 < 0:00:00 , 5,775 it/s ]
 100% ━━━━━━━━━━━━━━━━━━━━━━ 400,000/400,000  [ 0:01:10 < 0:00:00 , 5,693 it/s ]
 100% ━━━━━━━━━━━━━━━━━━━━━━ 500,000/500,000  [ 0:01:27 < 0:00:00 , 5,713 it/s ]
Training QRDQN (seed 2/15)
 100% ━━━━━━━━━━━━━━━━━━━━━━ 100,000/100,000  [ 0:01:29 < 0:00:00 , 1,112 it/s ]
 100% ━━━━━━━━━━━━━━━━━━━━━━ 400,000/400,000  [ 0:06:09 < 0:00:00 , 1,087 it/s ]
 100% ━━━━━━━━━━━━━━━━━━━━━━ 500,000/500,000  [ 0:07:34 < 0:00:00 , 1,116 it/s ]
Training ARS (seed 2/15)
 100% ━━━━━━━━━━━━━━━━━━━━━ 104,960/100,000  [ 0:00:08 < 0:00:00 , 11,619 it/s ]
 100% ━━━━━━━━━━━━━━━━━━━━━ 419,840/295,040  [ 0:00:25 < 0:00:00 , 11,534 it/s ]
   0% ━━━━━━━━━━━━━━━━━━━━━ 524,800/-24,800  [ 0:00:00 < 0:00:00 , 11,431 it/s ]
Training A2C (seed 2/15)
 100% ━━━━━━━━━━━━━━━━━━━━━━ 100,000/100,000  [ 0:00:21 < 0:00:00 , 4,672 it/s ]
 100% ━━━━━━━━━━━━━━━━━━━━━━ 400,000/400,000  [ 0:01:29 < 0:00:00 , 4,284 it/s ]
 100% ━━━━━━━━━━━━━━━━━━━━━━ 500,000/500,000  [ 0:01:56 < 0:00:00 , 4,273 it/s ]
Training TRPO (seed 2/15)
 100% ━━━━━━━━━━━━━━━━━━━━━━ 106,496/100,000  [ 0:00:23 < 0:00:00 , 4,283 it/s ]
 100% ━━━━━━━━━━━━━━━━━━━━━━ 401,408/400,000  [ 0:01:38 < 0:00:00 , 3,875 it/s ]
 100% ━━━━━━━━━━━━━━━━━━━━━━ 507,904/500,000  [ 0:01:59 < 0:00:00 , 4,246 it/s ]
Training PPO (seed 2/15)
 100% ━━━━━━━━━━━━━━━━━━━━━━ 106,496/100,000  [ 0:00:40 < 0:00:00 , 2,442 it/s ]
 100% ━━━━━━━━━━━━━━━━━━━━━━ 401,408/400,000  [ 0:02:42 < 0:00:00 , 2,346 it/s ]
 100% ━━━━━━━━━━━━━━━━━━━━━━ 507,904/500,000  [ 0:03:24 < 0:00:00 , 2,440 it/s ]
Training DQN (seed 3/15)
 100% ━━━━━━━━━━━━━━━━━━━━━━ 100,000/100,000  [ 0:00:17 < 0:00:00 , 5,817 it/s ]
 100% ━━━━━━━━━━━━━━━━━━━━━━ 400,000/400,000  [ 0:01:09 < 0:00:00 , 5,730 it/s ]
 100% ━━━━━━━━━━━━━━━━━━━━━━ 500,000/500,000  [ 0:01:27 < 0:00:00 , 5,736 it/s ]
Training QRDQN (seed 3/15)
 100% ━━━━━━━━━━━━━━━━━━━━━━ 100,000/100,000  [ 0:01:36 < 0:00:00 , 1,065 it/s ]
 100% ━━━━━━━━━━━━━━━━━━━━━━ 400,000/400,000  [ 0:05:58 < 0:00:00 , 1,126 it/s ]
 100% ━━━━━━━━━━━━━━━━━━━━━━ 500,000/500,000  [ 0:07:31 < 0:00:00 , 1,082 it/s ]
Training ARS (seed 3/15)
 100% ━━━━━━━━━━━━━━━━━━━━━ 104,960/100,000  [ 0:00:08 < 0:00:00 , 11,657 it/s ]
 100% ━━━━━━━━━━━━━━━━━━━━━ 419,840/295,040  [ 0:00:25 < 0:00:00 , 11,575 it/s ]
   0% ━━━━━━━━━━━━━━━━━━━━━ 524,800/-24,800  [ 0:00:00 < 0:00:00 , 11,506 it/s ]
Training A2C (seed 3/15)
 100% ━━━━━━━━━━━━━━━━━━━━━━ 100,000/100,000  [ 0:00:21 < 0:00:00 , 4,718 it/s ]
 100% ━━━━━━━━━━━━━━━━━━━━━━ 400,000/400,000  [ 0:01:28 < 0:00:00 , 4,447 it/s ]
 100% ━━━━━━━━━━━━━━━━━━━━━━ 500,000/500,000  [ 0:01:47 < 0:00:00 , 4,684 it/s ]
Training TRPO (seed 3/15)
 100% ━━━━━━━━━━━━━━━━━━━━━━ 106,496/100,000  [ 0:00:23 < 0:00:00 , 4,266 it/s ]
 100% ━━━━━━━━━━━━━━━━━━━━━━ 401,408/400,000  [ 0:01:37 < 0:00:00 , 4,024 it/s ]
 100% ━━━━━━━━━━━━━━━━━━━━━━ 507,904/500,000  [ 0:02:01 < 0:00:00 , 4,128 it/s ]
Training PPO (seed 3/15)
 100% ━━━━━━━━━━━━━━━━━━━━━━ 106,496/100,000  [ 0:00:40 < 0:00:00 , 2,387 it/s ]
 100% ━━━━━━━━━━━━━━━━━━━━━━ 401,408/400,000  [ 0:02:43 < 0:00:00 , 2,276 it/s ]
 100% ━━━━━━━━━━━━━━━━━━━━━━ 507,904/500,000  [ 0:03:24 < 0:00:00 , 2,434 it/s ]
Training DQN (seed 4/15)
 100% ━━━━━━━━━━━━━━━━━━━━━━ 100,000/100,000  [ 0:00:17 < 0:00:00 , 5,736 it/s ]
 100% ━━━━━━━━━━━━━━━━━━━━━━ 400,000/400,000  [ 0:01:09 < 0:00:00 , 5,740 it/s ]
 100% ━━━━━━━━━━━━━━━━━━━━━━ 500,000/500,000  [ 0:01:27 < 0:00:00 , 5,717 it/s ]
Training QRDQN (seed 4/15)
 100% ━━━━━━━━━━━━━━━━━━━━━━ 100,000/100,000  [ 0:01:31 < 0:00:00 , 1,070 it/s ]
 100% ━━━━━━━━━━━━━━━━━━━━━━ 400,000/400,000  [ 0:06:08 < 0:00:00 , 1,129 it/s ]
 100% ━━━━━━━━━━━━━━━━━━━━━━ 500,000/500,000  [ 0:07:40 < 0:00:00 , 1,083 it/s ]
Training ARS (seed 4/15)
 100% ━━━━━━━━━━━━━━━━━━━━━ 104,960/100,000  [ 0:00:08 < 0:00:00 , 11,415 it/s ]
 100% ━━━━━━━━━━━━━━━━━━━━━ 419,840/295,040  [ 0:00:25 < 0:00:00 , 11,492 it/s ]
   0% ━━━━━━━━━━━━━━━━━━━━━ 524,800/-24,800  [ 0:00:00 < 0:00:00 , 11,447 it/s ]
Training A2C (seed 4/15)
 100% ━━━━━━━━━━━━━━━━━━━━━━ 100,000/100,000  [ 0:00:21 < 0:00:00 , 4,689 it/s ]
 100% ━━━━━━━━━━━━━━━━━━━━━━ 400,000/400,000  [ 0:01:28 < 0:00:00 , 4,384 it/s ]
 100% ━━━━━━━━━━━━━━━━━━━━━━ 500,000/500,000  [ 0:01:53 < 0:00:00 , 4,561 it/s ]
Training TRPO (seed 4/15)
 100% ━━━━━━━━━━━━━━━━━━━━━━ 106,496/100,000  [ 0:00:23 < 0:00:00 , 4,287 it/s ]
 100% ━━━━━━━━━━━━━━━━━━━━━━ 401,408/400,000  [ 0:01:37 < 0:00:00 , 3,938 it/s ]
 100% ━━━━━━━━━━━━━━━━━━━━━━ 507,904/500,000  [ 0:02:01 < 0:00:00 , 4,132 it/s ]
Training PPO (seed 4/15)
 100% ━━━━━━━━━━━━━━━━━━━━━━ 106,496/100,000  [ 0:00:40 < 0:00:00 , 2,445 it/s ]
 100% ━━━━━━━━━━━━━━━━━━━━━━ 401,408/400,000  [ 0:02:42 < 0:00:00 , 2,320 it/s ]
 100% ━━━━━━━━━━━━━━━━━━━━━━ 507,904/500,000  [ 0:03:24 < 0:00:00 , 2,391 it/s ]
Training DQN (seed 5/15)
 100% ━━━━━━━━━━━━━━━━━━━━━━ 100,000/100,000  [ 0:00:17 < 0:00:00 , 5,758 it/s ]
 100% ━━━━━━━━━━━━━━━━━━━━━━ 400,000/400,000  [ 0:01:10 < 0:00:00 , 5,675 it/s ]
 100% ━━━━━━━━━━━━━━━━━━━━━━ 500,000/500,000  [ 0:01:28 < 0:00:00 , 5,635 it/s ]
Training QRDQN (seed 5/15)
 100% ━━━━━━━━━━━━━━━━━━━━━━ 100,000/100,000  [ 0:01:31 < 0:00:00 , 1,088 it/s ]
 100% ━━━━━━━━━━━━━━━━━━━━━━ 400,000/400,000  [ 0:06:04 < 0:00:00 , 1,093 it/s ]
 100% ━━━━━━━━━━━━━━━━━━━━━━ 500,000/500,000  [ 0:07:41 < 0:00:00 , 1,080 it/s ]
Training ARS (seed 5/15)
 100% ━━━━━━━━━━━━━━━━━━━━━ 104,960/100,000  [ 0:00:08 < 0:00:00 , 11,365 it/s ]
 100% ━━━━━━━━━━━━━━━━━━━━━ 419,840/295,040  [ 0:00:26 < 0:00:00 , 11,281 it/s ]
   0% ━━━━━━━━━━━━━━━━━━━━━ 524,800/-24,800  [ 0:00:00 < 0:00:00 , 11,335 it/s ]
Training A2C (seed 5/15)
 100% ━━━━━━━━━━━━━━━━━━━━━━ 100,000/100,000  [ 0:00:21 < 0:00:00 , 4,614 it/s ]
 100% ━━━━━━━━━━━━━━━━━━━━━━ 400,000/400,000  [ 0:01:30 < 0:00:00 , 4,281 it/s ]
 100% ━━━━━━━━━━━━━━━━━━━━━━ 500,000/500,000  [ 0:01:59 < 0:00:00 , 4,167 it/s ]
Training TRPO (seed 5/15)
 100% ━━━━━━━━━━━━━━━━━━━━━━ 106,496/100,000  [ 0:00:23 < 0:00:00 , 4,207 it/s ]
 100% ━━━━━━━━━━━━━━━━━━━━━━ 401,408/400,000  [ 0:01:39 < 0:00:00 , 3,950 it/s ]
 100% ━━━━━━━━━━━━━━━━━━━━━━ 507,904/500,000  [ 0:02:04 < 0:00:00 , 3,929 it/s ]
Training PPO (seed 5/15)
 100% ━━━━━━━━━━━━━━━━━━━━━━ 106,496/100,000  [ 0:00:41 < 0:00:00 , 2,290 it/s ]
 100% ━━━━━━━━━━━━━━━━━━━━━━ 401,408/400,000  [ 0:02:45 < 0:00:00 , 2,296 it/s ]
 100% ━━━━━━━━━━━━━━━━━━━━━━ 507,904/500,000  [ 0:03:28 < 0:00:00 , 2,226 it/s ]
Training DQN (seed 6/15)
 100% ━━━━━━━━━━━━━━━━━━━━━━ 100,000/100,000  [ 0:00:17 < 0:00:00 , 5,682 it/s ]
 100% ━━━━━━━━━━━━━━━━━━━━━━ 400,000/400,000  [ 0:01:11 < 0:00:00 , 5,626 it/s ]
 100% ━━━━━━━━━━━━━━━━━━━━━━ 500,000/500,000  [ 0:01:28 < 0:00:00 , 5,632 it/s ]
Training QRDQN (seed 6/15)
 100% ━━━━━━━━━━━━━━━━━━━━━━ 100,000/100,000  [ 0:01:33 < 0:00:00 , 1,090 it/s ]
 100% ━━━━━━━━━━━━━━━━━━━━━━ 400,000/400,000  [ 0:06:01 < 0:00:00 , 1,118 it/s ]
 100% ━━━━━━━━━━━━━━━━━━━━━━ 500,000/500,000  [ 0:07:26 < 0:00:00 , 1,117 it/s ]
Training ARS (seed 6/15)
 100% ━━━━━━━━━━━━━━━━━━━━━ 104,960/100,000  [ 0:00:08 < 0:00:00 , 11,308 it/s ]
 100% ━━━━━━━━━━━━━━━━━━━━━ 419,840/295,040  [ 0:00:26 < 0:00:00 , 11,262 it/s ]
   0% ━━━━━━━━━━━━━━━━━━━━━ 524,800/-24,800  [ 0:00:00 < 0:00:00 , 11,279 it/s ]
Training A2C (seed 6/15)
 100% ━━━━━━━━━━━━━━━━━━━━━━ 100,000/100,000  [ 0:00:21 < 0:00:00 , 4,611 it/s ]
 100% ━━━━━━━━━━━━━━━━━━━━━━ 400,000/400,000  [ 0:01:29 < 0:00:00 , 4,333 it/s ]
 100% ━━━━━━━━━━━━━━━━━━━━━━ 500,000/500,000  [ 0:01:58 < 0:00:00 , 4,206 it/s ]
Training TRPO (seed 6/15)
 100% ━━━━━━━━━━━━━━━━━━━━━━ 106,496/100,000  [ 0:00:23 < 0:00:00 , 4,201 it/s ]
 100% ━━━━━━━━━━━━━━━━━━━━━━ 401,408/400,000  [ 0:01:39 < 0:00:00 , 3,870 it/s ]
 100% ━━━━━━━━━━━━━━━━━━━━━━ 507,904/500,000  [ 0:02:02 < 0:00:00 , 4,138 it/s ]
Training PPO (seed 6/15)
 100% ━━━━━━━━━━━━━━━━━━━━━━ 106,496/100,000  [ 0:00:41 < 0:00:00 , 2,209 it/s ]
 100% ━━━━━━━━━━━━━━━━━━━━━━ 401,408/400,000  [ 0:02:46 < 0:00:00 , 2,284 it/s ]
 100% ━━━━━━━━━━━━━━━━━━━━━━ 507,904/500,000  [ 0:03:27 < 0:00:00 , 2,272 it/s ]
Training DQN (seed 7/15)
 100% ━━━━━━━━━━━━━━━━━━━━━━ 100,000/100,000  [ 0:00:17 < 0:00:00 , 5,713 it/s ]
 100% ━━━━━━━━━━━━━━━━━━━━━━ 400,000/400,000  [ 0:01:11 < 0:00:00 , 5,542 it/s ]
 100% ━━━━━━━━━━━━━━━━━━━━━━ 500,000/500,000  [ 0:01:30 < 0:00:00 , 5,464 it/s ]
Training QRDQN (seed 7/15)
 100% ━━━━━━━━━━━━━━━━━━━━━━ 100,000/100,000  [ 0:01:32 < 0:00:00 , 1,095 it/s ]
 100% ━━━━━━━━━━━━━━━━━━━━━━ 400,000/400,000  [ 0:06:06 < 0:00:00 , 1,109 it/s ]
 100% ━━━━━━━━━━━━━━━━━━━━━━ 500,000/500,000  [ 0:07:35 < 0:00:00 , 1,064 it/s ]
Training ARS (seed 7/15)
 100% ━━━━━━━━━━━━━━━━━━━━━ 104,960/100,000  [ 0:00:08 < 0:00:00 , 11,357 it/s ]
 100% ━━━━━━━━━━━━━━━━━━━━━ 419,840/295,040  [ 0:00:26 < 0:00:00 , 11,295 it/s ]
   0% ━━━━━━━━━━━━━━━━━━━━━ 524,800/-24,800  [ 0:00:00 < 0:00:00 , 11,362 it/s ]
Training A2C (seed 7/15)
 100% ━━━━━━━━━━━━━━━━━━━━━━ 100,000/100,000  [ 0:00:21 < 0:00:00 , 4,640 it/s ]
 100% ━━━━━━━━━━━━━━━━━━━━━━ 400,000/400,000  [ 0:01:29 < 0:00:00 , 4,348 it/s ]
 100% ━━━━━━━━━━━━━━━━━━━━━━ 500,000/500,000  [ 0:01:58 < 0:00:00 , 4,192 it/s ]
Training TRPO (seed 7/15)
 100% ━━━━━━━━━━━━━━━━━━━━━━ 106,496/100,000  [ 0:00:23 < 0:00:00 , 4,222 it/s ]
 100% ━━━━━━━━━━━━━━━━━━━━━━ 401,408/400,000  [ 0:01:40 < 0:00:00 , 3,965 it/s ]
 100% ━━━━━━━━━━━━━━━━━━━━━━ 507,904/500,000  [ 0:02:06 < 0:00:00 , 3,957 it/s ]
Training PPO (seed 7/15)
 100% ━━━━━━━━━━━━━━━━━━━━━━ 106,496/100,000  [ 0:00:40 < 0:00:00 , 2,335 it/s ]
 100% ━━━━━━━━━━━━━━━━━━━━━━ 401,408/400,000  [ 0:02:43 < 0:00:00 , 2,366 it/s ]
 100% ━━━━━━━━━━━━━━━━━━━━━━ 507,904/500,000  [ 0:03:25 < 0:00:00 , 2,391 it/s ]
Training DQN (seed 8/15)
 100% ━━━━━━━━━━━━━━━━━━━━━━ 100,000/100,000  [ 0:00:17 < 0:00:00 , 5,715 it/s ]
 100% ━━━━━━━━━━━━━━━━━━━━━━ 400,000/400,000  [ 0:01:10 < 0:00:00 , 5,647 it/s ]
 100% ━━━━━━━━━━━━━━━━━━━━━━ 500,000/500,000  [ 0:01:28 < 0:00:00 , 5,651 it/s ]
Training QRDQN (seed 8/15)
 100% ━━━━━━━━━━━━━━━━━━━━━━ 100,000/100,000  [ 0:01:32 < 0:00:00 , 1,081 it/s ]
 100% ━━━━━━━━━━━━━━━━━━━━━━ 400,000/400,000  [ 0:06:02 < 0:00:00 , 1,093 it/s ]
 100% ━━━━━━━━━━━━━━━━━━━━━━ 500,000/500,000  [ 0:07:43 < 0:00:00 , 1,090 it/s ]
Training ARS (seed 8/15)
 100% ━━━━━━━━━━━━━━━━━━━━━ 104,960/100,000  [ 0:00:08 < 0:00:00 , 11,553 it/s ]
 100% ━━━━━━━━━━━━━━━━━━━━━ 419,840/295,040  [ 0:00:25 < 0:00:00 , 11,395 it/s ]
   0% ━━━━━━━━━━━━━━━━━━━━━ 524,800/-24,800  [ 0:00:00 < 0:00:00 , 11,436 it/s ]
Training A2C (seed 8/15)
 100% ━━━━━━━━━━━━━━━━━━━━━━ 100,000/100,000  [ 0:00:21 < 0:00:00 , 4,669 it/s ]
 100% ━━━━━━━━━━━━━━━━━━━━━━ 400,000/400,000  [ 0:01:28 < 0:00:00 , 4,374 it/s ]
 100% ━━━━━━━━━━━━━━━━━━━━━━ 500,000/500,000  [ 0:01:57 < 0:00:00 , 4,165 it/s ]
Training TRPO (seed 8/15)
 100% ━━━━━━━━━━━━━━━━━━━━━━ 106,496/100,000  [ 0:00:23 < 0:00:00 , 4,231 it/s ]
 100% ━━━━━━━━━━━━━━━━━━━━━━ 401,408/400,000  [ 0:01:38 < 0:00:00 , 3,865 it/s ]
 100% ━━━━━━━━━━━━━━━━━━━━━━ 507,904/500,000  [ 0:02:01 < 0:00:00 , 4,152 it/s ]
Training PPO (seed 8/15)
 100% ━━━━━━━━━━━━━━━━━━━━━━ 106,496/100,000  [ 0:00:40 < 0:00:00 , 2,367 it/s ]
 100% ━━━━━━━━━━━━━━━━━━━━━━ 401,408/400,000  [ 0:02:44 < 0:00:00 , 2,224 it/s ]
 100% ━━━━━━━━━━━━━━━━━━━━━━ 507,904/500,000  [ 0:03:26 < 0:00:00 , 2,341 it/s ]
Training DQN (seed 9/15)
 100% ━━━━━━━━━━━━━━━━━━━━━━ 100,000/100,000  [ 0:00:17 < 0:00:00 , 5,768 it/s ]
 100% ━━━━━━━━━━━━━━━━━━━━━━ 400,000/400,000  [ 0:01:10 < 0:00:00 , 5,696 it/s ]
 100% ━━━━━━━━━━━━━━━━━━━━━━ 500,000/500,000  [ 0:01:27 < 0:00:00 , 5,690 it/s ]
Training QRDQN (seed 9/15)
 100% ━━━━━━━━━━━━━━━━━━━━━━ 100,000/100,000  [ 0:01:29 < 0:00:00 , 1,119 it/s ]
 100% ━━━━━━━━━━━━━━━━━━━━━━ 400,000/400,000  [ 0:05:50 < 0:00:00 , 1,142 it/s ]
 100% ━━━━━━━━━━━━━━━━━━━━━━ 500,000/500,000  [ 0:07:19 < 0:00:00 , 1,127 it/s ]
Training ARS (seed 9/15)
 100% ━━━━━━━━━━━━━━━━━━━━━ 104,960/100,000  [ 0:00:08 < 0:00:00 , 11,400 it/s ]
 100% ━━━━━━━━━━━━━━━━━━━━━ 419,840/295,040  [ 0:00:26 < 0:00:00 , 11,334 it/s ]
   0% ━━━━━━━━━━━━━━━━━━━━━ 524,800/-24,800  [ 0:00:00 < 0:00:00 , 11,381 it/s ]
Training A2C (seed 9/15)
 100% ━━━━━━━━━━━━━━━━━━━━━━ 100,000/100,000  [ 0:00:21 < 0:00:00 , 4,668 it/s ]
 100% ━━━━━━━━━━━━━━━━━━━━━━ 400,000/400,000  [ 0:01:29 < 0:00:00 , 4,314 it/s ]
 100% ━━━━━━━━━━━━━━━━━━━━━━ 500,000/500,000  [ 0:01:50 < 0:00:00 , 4,630 it/s ]
Training TRPO (seed 9/15)
 100% ━━━━━━━━━━━━━━━━━━━━━━ 106,496/100,000  [ 0:00:23 < 0:00:00 , 4,212 it/s ]
 100% ━━━━━━━━━━━━━━━━━━━━━━ 401,408/400,000  [ 0:01:39 < 0:00:00 , 3,928 it/s ]
 100% ━━━━━━━━━━━━━━━━━━━━━━ 507,904/500,000  [ 0:02:04 < 0:00:00 , 4,020 it/s ]
Training PPO (seed 9/15)
 100% ━━━━━━━━━━━━━━━━━━━━━━ 106,496/100,000  [ 0:00:40 < 0:00:00 , 2,388 it/s ]
 100% ━━━━━━━━━━━━━━━━━━━━━━ 401,408/400,000  [ 0:02:42 < 0:00:00 , 2,330 it/s ]
 100% ━━━━━━━━━━━━━━━━━━━━━━ 507,904/500,000  [ 0:03:27 < 0:00:00 , 2,336 it/s ]
Training DQN (seed 10/15)
 100% ━━━━━━━━━━━━━━━━━━━━━━ 100,000/100,000  [ 0:00:17 < 0:00:00 , 5,765 it/s ]
 100% ━━━━━━━━━━━━━━━━━━━━━━ 400,000/400,000  [ 0:01:10 < 0:00:00 , 5,698 it/s ]
 100% ━━━━━━━━━━━━━━━━━━━━━━ 500,000/500,000  [ 0:01:27 < 0:00:00 , 5,686 it/s ]
Training QRDQN (seed 10/15)
 100% ━━━━━━━━━━━━━━━━━━━━━━ 100,000/100,000  [ 0:01:35 < 0:00:00 , 1,064 it/s ]
 100% ━━━━━━━━━━━━━━━━━━━━━━ 400,000/400,000  [ 0:06:23 < 0:00:00 , 1,045 it/s ]
 100% ━━━━━━━━━━━━━━━━━━━━━━ 500,000/500,000  [ 0:08:06 < 0:00:00 , 1,032 it/s ]
Training ARS (seed 10/15)
 100% ━━━━━━━━━━━━━━━━━━━━━ 104,960/100,000  [ 0:00:08 < 0:00:00 , 11,408 it/s ]
 100% ━━━━━━━━━━━━━━━━━━━━━ 419,840/295,040  [ 0:00:25 < 0:00:00 , 11,425 it/s ]
   0% ━━━━━━━━━━━━━━━━━━━━━ 524,800/-24,800  [ 0:00:00 < 0:00:00 , 11,434 it/s ]
Training A2C (seed 10/15)
 100% ━━━━━━━━━━━━━━━━━━━━━━ 100,000/100,000  [ 0:00:21 < 0:00:00 , 4,672 it/s ]
 100% ━━━━━━━━━━━━━━━━━━━━━━ 400,000/400,000  [ 0:01:29 < 0:00:00 , 4,357 it/s ]
 100% ━━━━━━━━━━━━━━━━━━━━━━ 500,000/500,000  [ 0:01:57 < 0:00:00 , 4,238 it/s ]
Training TRPO (seed 10/15)
 100% ━━━━━━━━━━━━━━━━━━━━━━ 106,496/100,000  [ 0:00:23 < 0:00:00 , 4,256 it/s ]
 100% ━━━━━━━━━━━━━━━━━━━━━━ 401,408/400,000  [ 0:01:38 < 0:00:00 , 3,953 it/s ]
 100% ━━━━━━━━━━━━━━━━━━━━━━ 507,904/500,000  [ 0:01:58 < 0:00:00 , 4,266 it/s ]
Training PPO (seed 10/15)
 100% ━━━━━━━━━━━━━━━━━━━━━━ 106,496/100,000  [ 0:00:40 < 0:00:00 , 2,414 it/s ]
 100% ━━━━━━━━━━━━━━━━━━━━━━ 401,408/400,000  [ 0:02:43 < 0:00:00 , 2,328 it/s ]
 100% ━━━━━━━━━━━━━━━━━━━━━━ 507,904/500,000  [ 0:03:24 < 0:00:00 , 2,421 it/s ]
Training DQN (seed 11/15)
 100% ━━━━━━━━━━━━━━━━━━━━━━ 100,000/100,000  [ 0:00:17 < 0:00:00 , 5,779 it/s ]
 100% ━━━━━━━━━━━━━━━━━━━━━━ 400,000/400,000  [ 0:01:10 < 0:00:00 , 5,706 it/s ]
 100% ━━━━━━━━━━━━━━━━━━━━━━ 500,000/500,000  [ 0:01:27 < 0:00:00 , 5,700 it/s ]
Training QRDQN (seed 11/15)
 100% ━━━━━━━━━━━━━━━━━━━━━━━━ 100,000/100,000  [ 0:01:40 < 0:00:00 , 998 it/s ]
 100% ━━━━━━━━━━━━━━━━━━━━━━ 400,000/400,000  [ 0:06:26 < 0:00:00 , 1,051 it/s ]
 100% ━━━━━━━━━━━━━━━━━━━━━━ 500,000/500,000  [ 0:08:05 < 0:00:00 , 1,054 it/s ]
Training ARS (seed 11/15)
 100% ━━━━━━━━━━━━━━━━━━━━━ 104,960/100,000  [ 0:00:08 < 0:00:00 , 11,444 it/s ]
 100% ━━━━━━━━━━━━━━━━━━━━━ 419,840/295,040  [ 0:00:25 < 0:00:00 , 11,431 it/s ]
   0% ━━━━━━━━━━━━━━━━━━━━━ 524,800/-24,800  [ 0:00:00 < 0:00:00 , 11,391 it/s ]
Training A2C (seed 11/15)
 100% ━━━━━━━━━━━━━━━━━━━━━━ 100,000/100,000  [ 0:00:21 < 0:00:00 , 4,671 it/s ]
 100% ━━━━━━━━━━━━━━━━━━━━━━ 400,000/400,000  [ 0:01:29 < 0:00:00 , 4,365 it/s ]
 100% ━━━━━━━━━━━━━━━━━━━━━━ 500,000/500,000  [ 0:01:57 < 0:00:00 , 4,228 it/s ]
Training TRPO (seed 11/15)
 100% ━━━━━━━━━━━━━━━━━━━━━━ 106,496/100,000  [ 0:00:23 < 0:00:00 , 4,245 it/s ]
 100% ━━━━━━━━━━━━━━━━━━━━━━ 401,408/400,000  [ 0:01:38 < 0:00:00 , 3,929 it/s ]
 100% ━━━━━━━━━━━━━━━━━━━━━━ 507,904/500,000  [ 0:02:00 < 0:00:00 , 4,128 it/s ]
Training PPO (seed 11/15)
 100% ━━━━━━━━━━━━━━━━━━━━━━ 106,496/100,000  [ 0:00:40 < 0:00:00 , 2,394 it/s ]
 100% ━━━━━━━━━━━━━━━━━━━━━━ 401,408/400,000  [ 0:02:42 < 0:00:00 , 2,326 it/s ]
 100% ━━━━━━━━━━━━━━━━━━━━━━ 507,904/500,000  [ 0:03:25 < 0:00:00 , 2,399 it/s ]
Training DQN (seed 12/15)
 100% ━━━━━━━━━━━━━━━━━━━━━━ 100,000/100,000  [ 0:00:17 < 0:00:00 , 5,765 it/s ]
 100% ━━━━━━━━━━━━━━━━━━━━━━ 400,000/400,000  [ 0:01:10 < 0:00:00 , 5,699 it/s ]
 100% ━━━━━━━━━━━━━━━━━━━━━━ 500,000/500,000  [ 0:01:27 < 0:00:00 , 5,699 it/s ]
Training QRDQN (seed 12/15)
 100% ━━━━━━━━━━━━━━━━━━━━━━ 100,000/100,000  [ 0:01:36 < 0:00:00 , 1,053 it/s ]
 100% ━━━━━━━━━━━━━━━━━━━━━━ 400,000/400,000  [ 0:05:59 < 0:00:00 , 1,113 it/s ]
 100% ━━━━━━━━━━━━━━━━━━━━━━ 500,000/500,000  [ 0:07:31 < 0:00:00 , 1,098 it/s ]
Training ARS (seed 12/15)
 100% ━━━━━━━━━━━━━━━━━━━━━ 104,960/100,000  [ 0:00:08 < 0:00:00 , 11,378 it/s ]
 100% ━━━━━━━━━━━━━━━━━━━━━ 419,840/295,040  [ 0:00:25 < 0:00:00 , 11,394 it/s ]
   0% ━━━━━━━━━━━━━━━━━━━━━ 524,800/-24,800  [ 0:00:00 < 0:00:00 , 11,398 it/s ]
Training A2C (seed 12/15)
 100% ━━━━━━━━━━━━━━━━━━━━━━ 100,000/100,000  [ 0:00:21 < 0:00:00 , 4,674 it/s ]
 100% ━━━━━━━━━━━━━━━━━━━━━━ 400,000/400,000  [ 0:01:30 < 0:00:00 , 4,270 it/s ]
 100% ━━━━━━━━━━━━━━━━━━━━━━ 500,000/500,000  [ 0:01:51 < 0:00:00 , 4,671 it/s ]
Training TRPO (seed 12/15)
 100% ━━━━━━━━━━━━━━━━━━━━━━ 106,496/100,000  [ 0:00:23 < 0:00:00 , 4,257 it/s ]
 100% ━━━━━━━━━━━━━━━━━━━━━━ 401,408/400,000  [ 0:01:37 < 0:00:00 , 3,953 it/s ]
 100% ━━━━━━━━━━━━━━━━━━━━━━ 507,904/500,000  [ 0:02:01 < 0:00:00 , 4,228 it/s ]
Training PPO (seed 12/15)
 100% ━━━━━━━━━━━━━━━━━━━━━━ 106,496/100,000  [ 0:00:40 < 0:00:00 , 2,333 it/s ]
 100% ━━━━━━━━━━━━━━━━━━━━━━ 401,408/400,000  [ 0:02:42 < 0:00:00 , 2,362 it/s ]
 100% ━━━━━━━━━━━━━━━━━━━━━━ 507,904/500,000  [ 0:03:24 < 0:00:00 , 2,422 it/s ]
Training DQN (seed 13/15)
 100% ━━━━━━━━━━━━━━━━━━━━━━ 100,000/100,000  [ 0:00:17 < 0:00:00 , 5,799 it/s ]
 100% ━━━━━━━━━━━━━━━━━━━━━━ 400,000/400,000  [ 0:01:09 < 0:00:00 , 5,716 it/s ]
 100% ━━━━━━━━━━━━━━━━━━━━━━ 500,000/500,000  [ 0:01:27 < 0:00:00 , 5,714 it/s ]
Training QRDQN (seed 13/15)
 100% ━━━━━━━━━━━━━━━━━━━━━━ 100,000/100,000  [ 0:01:30 < 0:00:00 , 1,105 it/s ]
 100% ━━━━━━━━━━━━━━━━━━━━━━ 400,000/400,000  [ 0:06:01 < 0:00:00 , 1,108 it/s ]
 100% ━━━━━━━━━━━━━━━━━━━━━━ 500,000/500,000  [ 0:07:32 < 0:00:00 , 1,102 it/s ]
Training ARS (seed 13/15)
 100% ━━━━━━━━━━━━━━━━━━━━━ 104,960/100,000  [ 0:00:08 < 0:00:00 , 11,439 it/s ]
 100% ━━━━━━━━━━━━━━━━━━━━━ 419,840/295,040  [ 0:00:25 < 0:00:00 , 11,507 it/s ]
   0% ━━━━━━━━━━━━━━━━━━━━━ 524,800/-24,800  [ 0:00:00 < 0:00:00 , 11,712 it/s ]
Training A2C (seed 13/15)
 100% ━━━━━━━━━━━━━━━━━━━━━━ 100,000/100,000  [ 0:00:20 < 0:00:00 , 4,794 it/s ]
 100% ━━━━━━━━━━━━━━━━━━━━━━ 400,000/400,000  [ 0:01:25 < 0:00:00 , 4,541 it/s ]
 100% ━━━━━━━━━━━━━━━━━━━━━━ 500,000/500,000  [ 0:01:53 < 0:00:00 , 4,352 it/s ]
Training TRPO (seed 13/15)
 100% ━━━━━━━━━━━━━━━━━━━━━━ 106,496/100,000  [ 0:00:23 < 0:00:00 , 4,269 it/s ]
 100% ━━━━━━━━━━━━━━━━━━━━━━ 401,408/400,000  [ 0:01:37 < 0:00:00 , 4,143 it/s ]
 100% ━━━━━━━━━━━━━━━━━━━━━━ 507,904/500,000  [ 0:02:00 < 0:00:00 , 4,221 it/s ]
Training PPO (seed 13/15)
 100% ━━━━━━━━━━━━━━━━━━━━━━ 106,496/100,000  [ 0:00:39 < 0:00:00 , 2,494 it/s ]
 100% ━━━━━━━━━━━━━━━━━━━━━━ 401,408/400,000  [ 0:02:42 < 0:00:00 , 2,258 it/s ]
 100% ━━━━━━━━━━━━━━━━━━━━━━ 507,904/500,000  [ 0:03:26 < 0:00:00 , 2,378 it/s ]
Training DQN (seed 14/15)
 100% ━━━━━━━━━━━━━━━━━━━━━━ 100,000/100,000  [ 0:00:17 < 0:00:00 , 5,759 it/s ]
 100% ━━━━━━━━━━━━━━━━━━━━━━ 400,000/400,000  [ 0:01:10 < 0:00:00 , 5,701 it/s ]
 100% ━━━━━━━━━━━━━━━━━━━━━━ 500,000/500,000  [ 0:01:27 < 0:00:00 , 5,687 it/s ]
Training QRDQN (seed 14/15)
 100% ━━━━━━━━━━━━━━━━━━━━━━ 100,000/100,000  [ 0:01:30 < 0:00:00 , 1,097 it/s ]
 100% ━━━━━━━━━━━━━━━━━━━━━━ 400,000/400,000  [ 0:06:01 < 0:00:00 , 1,120 it/s ]
 100% ━━━━━━━━━━━━━━━━━━━━━━ 500,000/500,000  [ 0:07:18 < 0:00:00 , 1,137 it/s ]
Training ARS (seed 14/15)
 100% ━━━━━━━━━━━━━━━━━━━━━ 104,960/100,000  [ 0:00:08 < 0:00:00 , 12,103 it/s ]
 100% ━━━━━━━━━━━━━━━━━━━━━ 419,840/295,040  [ 0:00:24 < 0:00:00 , 12,099 it/s ]
   0% ━━━━━━━━━━━━━━━━━━━━━ 524,800/-24,800  [ 0:00:00 < 0:00:00 , 12,160 it/s ]
Training A2C (seed 14/15)
 100% ━━━━━━━━━━━━━━━━━━━━━━ 100,000/100,000  [ 0:00:20 < 0:00:00 , 4,947 it/s ]
 100% ━━━━━━━━━━━━━━━━━━━━━━ 400,000/400,000  [ 0:01:29 < 0:00:00 , 4,225 it/s ]
 100% ━━━━━━━━━━━━━━━━━━━━━━ 500,000/500,000  [ 0:01:59 < 0:00:00 , 4,173 it/s ]
Training TRPO (seed 14/15)
 100% ━━━━━━━━━━━━━━━━━━━━━━ 106,496/100,000  [ 0:00:23 < 0:00:00 , 4,243 it/s ]
 100% ━━━━━━━━━━━━━━━━━━━━━━ 401,408/400,000  [ 0:01:38 < 0:00:00 , 3,908 it/s ]
 100% ━━━━━━━━━━━━━━━━━━━━━━ 507,904/500,000  [ 0:02:00 < 0:00:00 , 4,169 it/s ]
Training PPO (seed 14/15)
 100% ━━━━━━━━━━━━━━━━━━━━━━ 106,496/100,000  [ 0:00:40 < 0:00:00 , 2,363 it/s ]
 100% ━━━━━━━━━━━━━━━━━━━━━━ 401,408/400,000  [ 0:02:43 < 0:00:00 , 2,334 it/s ]
 100% ━━━━━━━━━━━━━━━━━━━━━━ 507,904/500,000  [ 0:03:25 < 0:00:00 , 2,448 it/s ]
Training DQN (seed 15/15)
 100% ━━━━━━━━━━━━━━━━━━━━━━ 100,000/100,000  [ 0:00:17 < 0:00:00 , 5,864 it/s ]
 100% ━━━━━━━━━━━━━━━━━━━━━━ 400,000/400,000  [ 0:01:08 < 0:00:00 , 5,753 it/s ]
 100% ━━━━━━━━━━━━━━━━━━━━━━ 500,000/500,000  [ 0:01:27 < 0:00:00 , 5,681 it/s ]
Training QRDQN (seed 15/15)
 100% ━━━━━━━━━━━━━━━━━━━━━━ 100,000/100,000  [ 0:01:30 < 0:00:00 , 1,108 it/s ]
 100% ━━━━━━━━━━━━━━━━━━━━━━ 400,000/400,000  [ 0:05:46 < 0:00:00 , 1,144 it/s ]
 100% ━━━━━━━━━━━━━━━━━━━━━━ 500,000/500,000  [ 0:07:16 < 0:00:00 , 1,142 it/s ]
Training ARS (seed 15/15)
 100% ━━━━━━━━━━━━━━━━━━━━━ 104,960/100,000  [ 0:00:08 < 0:00:00 , 11,453 it/s ]
 100% ━━━━━━━━━━━━━━━━━━━━━ 419,840/295,040  [ 0:00:25 < 0:00:00 , 11,440 it/s ]
   0% ━━━━━━━━━━━━━━━━━━━━━ 524,800/-24,800  [ 0:00:00 < 0:00:00 , 11,434 it/s ]
Training A2C (seed 15/15)
 100% ━━━━━━━━━━━━━━━━━━━━━━ 100,000/100,000  [ 0:00:21 < 0:00:00 , 4,664 it/s ]
 100% ━━━━━━━━━━━━━━━━━━━━━━ 400,000/400,000  [ 0:01:29 < 0:00:00 , 4,338 it/s ]
 100% ━━━━━━━━━━━━━━━━━━━━━━ 500,000/500,000  [ 0:01:56 < 0:00:00 , 4,260 it/s ]
Training TRPO (seed 15/15)
 100% ━━━━━━━━━━━━━━━━━━━━━━ 106,496/100,000  [ 0:00:23 < 0:00:00 , 4,262 it/s ]
 100% ━━━━━━━━━━━━━━━━━━━━━━ 401,408/400,000  [ 0:01:37 < 0:00:00 , 3,825 it/s ]
 100% ━━━━━━━━━━━━━━━━━━━━━━ 507,904/500,000  [ 0:02:04 < 0:00:00 , 3,976 it/s ]
Training PPO (seed 15/15)
 100% ━━━━━━━━━━━━━━━━━━━━━━ 106,496/100,000  [ 0:00:40 < 0:00:00 , 2,394 it/s ]
 100% ━━━━━━━━━━━━━━━━━━━━━━ 401,408/400,000  [ 0:02:42 < 0:00:00 , 2,292 it/s ]
 100% ━━━━━━━━━━━━━━━━━━━━━━ 507,904/500,000  [ 0:03:25 < 0:00:00 , 2,358 it/s ]

============================= JOB FEEDBACK =============================

NodeName=uc3n014
Job ID: 4914795
Array Job ID: 4914764_32
Cluster: uc3
User/Group: ma_fablange/ma_ma
State: COMPLETED (exit code 0)
Nodes: 1
Cores per node: 2
CPU Utilized: 08:37:38
CPU Efficiency: 49.67% of 17:22:14 core-walltime
Job Wall-clock time: 08:41:07
Memory Utilized: 730.94 MB
Memory Efficiency: 7.14% of 10.00 GB (10.00 GB/node)
