Gurobi preflight: GRB_LICENSE_FILE=<unset>, exists=False, WLSACCESSID=<unset>, LICENSEID=<unset>
Running task_id=63 with HIGH_SENSITIVITY=True, GT_MODEL=MNLConsidSet, TRAIN_ON_ALL_SETS=True, LARGE_PRODUCT_SET=True
Training A2C (seed 1/15)
 100% ━━━━━━━━━━━━━━━━━━━━━━ 100,000/100,000  [ 0:00:31 < 0:00:00 , 3,211 it/s ]
 100% ━━━━━━━━━━━━━━━━━━━━━━ 400,000/400,000  [ 0:02:06 < 0:00:00 , 3,088 it/s ]
 100% ━━━━━━━━━━━━━━━━━━━━━━ 500,000/500,000  [ 0:02:37 < 0:00:00 , 3,447 it/s ]
 100% ━━━━━━━━━━━━━━━━━━━ 1,000,000/1,000,000 [ 0:04:34 < 0:00:00 , 3,694 it/s ]
Training TRPO (seed 1/15)
 100% ━━━━━━━━━━━━━━━━━━━━━━ 106,496/100,000  [ 0:00:38 < 0:00:00 , 2,535 it/s ]
 100% ━━━━━━━━━━━━━━━━━━━━━━ 401,408/400,000  [ 0:02:34 < 0:00:00 , 2,557 it/s ]
 100% ━━━━━━━━━━━━━━━━━━━━━━ 507,904/500,000  [ 0:03:24 < 0:00:00 , 2,435 it/s ]
 100% ━━━━━━━━━━━━━━━━━━━ 1,007,616/1,000,000 [ 0:07:14 < 0:00:00 , 2,297 it/s ]
Training PPO (seed 1/15)
 100% ━━━━━━━━━━━━━━━━━━━━━━ 106,496/100,000  [ 0:00:56 < 0:00:00 , 1,725 it/s ]
 100% ━━━━━━━━━━━━━━━━━━━━━━ 401,408/400,000  [ 0:03:51 < 0:00:00 , 1,631 it/s ]
 100% ━━━━━━━━━━━━━━━━━━━━━━ 507,904/500,000  [ 0:04:53 < 0:00:00 , 1,717 it/s ]
 100% ━━━━━━━━━━━━━━━━━━━ 1,007,616/1,000,000 [ 0:09:37 < 0:00:00 , 1,728 it/s ]
Training A2C (seed 2/15)
 100% ━━━━━━━━━━━━━━━━━━━━━━ 100,000/100,000  [ 0:00:30 < 0:00:00 , 3,231 it/s ]
 100% ━━━━━━━━━━━━━━━━━━━━━━ 400,000/400,000  [ 0:02:07 < 0:00:00 , 3,048 it/s ]
 100% ━━━━━━━━━━━━━━━━━━━━━━ 500,000/500,000  [ 0:02:31 < 0:00:00 , 3,506 it/s ]
 100% ━━━━━━━━━━━━━━━━━━━ 1,000,000/1,000,000 [ 0:04:32 < 0:00:00 , 3,691 it/s ]
Training TRPO (seed 2/15)
 100% ━━━━━━━━━━━━━━━━━━━━━━ 106,496/100,000  [ 0:00:38 < 0:00:00 , 2,463 it/s ]
 100% ━━━━━━━━━━━━━━━━━━━━━━ 401,408/400,000  [ 0:02:35 < 0:00:00 , 2,495 it/s ]
 100% ━━━━━━━━━━━━━━━━━━━━━━ 507,904/500,000  [ 0:03:30 < 0:00:00 , 2,192 it/s ]
 100% ━━━━━━━━━━━━━━━━━━━ 1,007,616/1,000,000 [ 0:07:10 < 0:00:00 , 2,318 it/s ]
Training PPO (seed 2/15)
 100% ━━━━━━━━━━━━━━━━━━━━━━ 106,496/100,000  [ 0:00:57 < 0:00:00 , 1,714 it/s ]
 100% ━━━━━━━━━━━━━━━━━━━━━━ 401,408/400,000  [ 0:03:51 < 0:00:00 , 1,617 it/s ]
 100% ━━━━━━━━━━━━━━━━━━━━━━ 507,904/500,000  [ 0:04:54 < 0:00:00 , 1,717 it/s ]
 100% ━━━━━━━━━━━━━━━━━━━ 1,007,616/1,000,000 [ 0:09:39 < 0:00:00 , 1,715 it/s ]
Training A2C (seed 3/15)
 100% ━━━━━━━━━━━━━━━━━━━━━━ 100,000/100,000  [ 0:00:30 < 0:00:00 , 3,228 it/s ]
 100% ━━━━━━━━━━━━━━━━━━━━━━ 400,000/400,000  [ 0:02:05 < 0:00:00 , 3,206 it/s ]
 100% ━━━━━━━━━━━━━━━━━━━━━━ 500,000/500,000  [ 0:02:23 < 0:00:00 , 3,576 it/s ]
 100% ━━━━━━━━━━━━━━━━━━━ 1,000,000/1,000,000 [ 0:04:30 < 0:00:00 , 3,720 it/s ]
Training TRPO (seed 3/15)
 100% ━━━━━━━━━━━━━━━━━━━━━━ 106,496/100,000  [ 0:00:38 < 0:00:00 , 2,460 it/s ]
 100% ━━━━━━━━━━━━━━━━━━━━━━ 401,408/400,000  [ 0:02:35 < 0:00:00 , 2,509 it/s ]
 100% ━━━━━━━━━━━━━━━━━━━━━━ 507,904/500,000  [ 0:03:24 < 0:00:00 , 2,381 it/s ]
 100% ━━━━━━━━━━━━━━━━━━━ 1,007,616/1,000,000 [ 0:07:03 < 0:00:00 , 2,336 it/s ]
Training PPO (seed 3/15)
 100% ━━━━━━━━━━━━━━━━━━━━━━ 106,496/100,000  [ 0:00:57 < 0:00:00 , 1,719 it/s ]
 100% ━━━━━━━━━━━━━━━━━━━━━━ 401,408/400,000  [ 0:03:51 < 0:00:00 , 1,614 it/s ]
 100% ━━━━━━━━━━━━━━━━━━━━━━ 507,904/500,000  [ 0:04:54 < 0:00:00 , 1,711 it/s ]
 100% ━━━━━━━━━━━━━━━━━━━ 1,007,616/1,000,000 [ 0:09:40 < 0:00:00 , 1,713 it/s ]
Training A2C (seed 4/15)
 100% ━━━━━━━━━━━━━━━━━━━━━━ 100,000/100,000  [ 0:00:30 < 0:00:00 , 3,232 it/s ]
 100% ━━━━━━━━━━━━━━━━━━━━━━ 400,000/400,000  [ 0:02:07 < 0:00:00 , 3,152 it/s ]
 100% ━━━━━━━━━━━━━━━━━━━━━━ 500,000/500,000  [ 0:02:22 < 0:00:00 , 3,542 it/s ]
 100% ━━━━━━━━━━━━━━━━━━━ 1,000,000/1,000,000 [ 0:04:31 < 0:00:00 , 3,716 it/s ]
Training TRPO (seed 4/15)
 100% ━━━━━━━━━━━━━━━━━━━━━━ 106,496/100,000  [ 0:00:37 < 0:00:00 , 2,499 it/s ]
 100% ━━━━━━━━━━━━━━━━━━━━━━ 401,408/400,000  [ 0:02:35 < 0:00:00 , 2,522 it/s ]
 100% ━━━━━━━━━━━━━━━━━━━━━━ 507,904/500,000  [ 0:03:21 < 0:00:00 , 2,405 it/s ]
 100% ━━━━━━━━━━━━━━━━━━━ 1,007,616/1,000,000 [ 0:07:02 < 0:00:00 , 2,326 it/s ]
Training PPO (seed 4/15)
 100% ━━━━━━━━━━━━━━━━━━━━━━ 106,496/100,000  [ 0:00:57 < 0:00:00 , 1,719 it/s ]
 100% ━━━━━━━━━━━━━━━━━━━━━━ 401,408/400,000  [ 0:03:51 < 0:00:00 , 1,639 it/s ]
 100% ━━━━━━━━━━━━━━━━━━━━━━ 507,904/500,000  [ 0:04:53 < 0:00:00 , 1,750 it/s ]
 100% ━━━━━━━━━━━━━━━━━━━ 1,007,616/1,000,000 [ 0:09:43 < 0:00:00 , 1,709 it/s ]
Training A2C (seed 5/15)
 100% ━━━━━━━━━━━━━━━━━━━━━━ 100,000/100,000  [ 0:00:31 < 0:00:00 , 3,124 it/s ]
 100% ━━━━━━━━━━━━━━━━━━━━━━ 400,000/400,000  [ 0:02:11 < 0:00:00 , 2,955 it/s ]
 100% ━━━━━━━━━━━━━━━━━━━━━━ 500,000/500,000  [ 0:02:33 < 0:00:00 , 3,425 it/s ]
 100% ━━━━━━━━━━━━━━━━━━━ 1,000,000/1,000,000 [ 0:04:42 < 0:00:00 , 3,606 it/s ]
Training TRPO (seed 5/15)
 100% ━━━━━━━━━━━━━━━━━━━━━━ 106,496/100,000  [ 0:00:38 < 0:00:00 , 2,545 it/s ]
 100% ━━━━━━━━━━━━━━━━━━━━━━ 401,408/400,000  [ 0:02:38 < 0:00:00 , 2,371 it/s ]
 100% ━━━━━━━━━━━━━━━━━━━━━━ 507,904/500,000  [ 0:03:29 < 0:00:00 , 2,239 it/s ]
 100% ━━━━━━━━━━━━━━━━━━━ 1,007,616/1,000,000 [ 0:07:20 < 0:00:00 , 2,261 it/s ]
Training PPO (seed 5/15)
 100% ━━━━━━━━━━━━━━━━━━━━━━ 106,496/100,000  [ 0:00:58 < 0:00:00 , 1,653 it/s ]
 100% ━━━━━━━━━━━━━━━━━━━━━━ 401,408/400,000  [ 0:03:52 < 0:00:00 , 1,556 it/s ]
 100% ━━━━━━━━━━━━━━━━━━━━━━ 507,904/500,000  [ 0:05:01 < 0:00:00 , 1,677 it/s ]
 100% ━━━━━━━━━━━━━━━━━━━ 1,007,616/1,000,000 [ 0:09:51 < 0:00:00 , 1,635 it/s ]
Training A2C (seed 6/15)
 100% ━━━━━━━━━━━━━━━━━━━━━━ 100,000/100,000  [ 0:00:32 < 0:00:00 , 3,130 it/s ]
 100% ━━━━━━━━━━━━━━━━━━━━━━ 400,000/400,000  [ 0:02:14 < 0:00:00 , 2,968 it/s ]
 100% ━━━━━━━━━━━━━━━━━━━━━━ 500,000/500,000  [ 0:02:24 < 0:00:00 , 3,546 it/s ]
 100% ━━━━━━━━━━━━━━━━━━━ 1,000,000/1,000,000 [ 0:04:38 < 0:00:00 , 3,516 it/s ]
Training TRPO (seed 6/15)
 100% ━━━━━━━━━━━━━━━━━━━━━━ 106,496/100,000  [ 0:00:39 < 0:00:00 , 2,537 it/s ]
 100% ━━━━━━━━━━━━━━━━━━━━━━ 401,408/400,000  [ 0:02:43 < 0:00:00 , 2,326 it/s ]
 100% ━━━━━━━━━━━━━━━━━━━━━━ 507,904/500,000  [ 0:03:34 < 0:00:00 , 2,282 it/s ]
 100% ━━━━━━━━━━━━━━━━━━━ 1,007,616/1,000,000 [ 0:07:21 < 0:00:00 , 2,276 it/s ]
Training PPO (seed 6/15)
 100% ━━━━━━━━━━━━━━━━━━━━━━ 106,496/100,000  [ 0:00:57 < 0:00:00 , 1,717 it/s ]
 100% ━━━━━━━━━━━━━━━━━━━━━━ 401,408/400,000  [ 0:03:54 < 0:00:00 , 1,437 it/s ]
 100% ━━━━━━━━━━━━━━━━━━━━━━ 507,904/500,000  [ 0:05:00 < 0:00:00 , 1,699 it/s ]
 100% ━━━━━━━━━━━━━━━━━━━ 1,007,616/1,000,000 [ 0:10:00 < 0:00:00 , 1,665 it/s ]
Training A2C (seed 7/15)
 100% ━━━━━━━━━━━━━━━━━━━━━━ 100,000/100,000  [ 0:00:32 < 0:00:00 , 3,061 it/s ]
 100% ━━━━━━━━━━━━━━━━━━━━━━ 400,000/400,000  [ 0:02:10 < 0:00:00 , 3,051 it/s ]
 100% ━━━━━━━━━━━━━━━━━━━━━━ 500,000/500,000  [ 0:02:48 < 0:00:00 , 2,925 it/s ]
 100% ━━━━━━━━━━━━━━━━━━━ 1,000,000/1,000,000 [ 0:05:10 < 0:00:00 , 3,456 it/s ]
Training TRPO (seed 7/15)
 100% ━━━━━━━━━━━━━━━━━━━━━━ 106,496/100,000  [ 0:00:39 < 0:00:00 , 2,509 it/s ]
 100% ━━━━━━━━━━━━━━━━━━━━━━ 401,408/400,000  [ 0:02:41 < 0:00:00 , 2,396 it/s ]
 100% ━━━━━━━━━━━━━━━━━━━━━━ 507,904/500,000  [ 0:03:31 < 0:00:00 , 2,288 it/s ]
 100% ━━━━━━━━━━━━━━━━━━━ 1,007,616/1,000,000 [ 0:07:17 < 0:00:00 , 2,207 it/s ]
Training PPO (seed 7/15)
 100% ━━━━━━━━━━━━━━━━━━━━━━ 106,496/100,000  [ 0:00:59 < 0:00:00 , 1,667 it/s ]
 100% ━━━━━━━━━━━━━━━━━━━━━━ 401,408/400,000  [ 0:03:53 < 0:00:00 , 1,618 it/s ]
 100% ━━━━━━━━━━━━━━━━━━━━━━ 507,904/500,000  [ 0:05:03 < 0:00:00 , 1,698 it/s ]
 100% ━━━━━━━━━━━━━━━━━━━ 1,007,616/1,000,000 [ 0:09:45 < 0:00:00 , 1,672 it/s ]
Training A2C (seed 8/15)
 100% ━━━━━━━━━━━━━━━━━━━━━━ 100,000/100,000  [ 0:00:32 < 0:00:00 , 3,086 it/s ]
 100% ━━━━━━━━━━━━━━━━━━━━━━ 400,000/400,000  [ 0:02:10 < 0:00:00 , 2,955 it/s ]
 100% ━━━━━━━━━━━━━━━━━━━━━━ 500,000/500,000  [ 0:02:33 < 0:00:00 , 3,313 it/s ]
 100% ━━━━━━━━━━━━━━━━━━━ 1,000,000/1,000,000 [ 0:04:44 < 0:00:00 , 3,655 it/s ]
Training TRPO (seed 8/15)
 100% ━━━━━━━━━━━━━━━━━━━━━━ 106,496/100,000  [ 0:00:37 < 0:00:00 , 2,486 it/s ]
 100% ━━━━━━━━━━━━━━━━━━━━━━ 401,408/400,000  [ 0:02:37 < 0:00:00 , 2,438 it/s ]
 100% ━━━━━━━━━━━━━━━━━━━━━━ 507,904/500,000  [ 0:03:31 < 0:00:00 , 2,294 it/s ]
 100% ━━━━━━━━━━━━━━━━━━━ 1,007,616/1,000,000 [ 0:07:15 < 0:00:00 , 2,291 it/s ]
Training PPO (seed 8/15)
 100% ━━━━━━━━━━━━━━━━━━━━━━ 106,496/100,000  [ 0:00:59 < 0:00:00 , 1,659 it/s ]
 100% ━━━━━━━━━━━━━━━━━━━━━━ 401,408/400,000  [ 0:03:57 < 0:00:00 , 1,591 it/s ]
 100% ━━━━━━━━━━━━━━━━━━━━━━ 507,904/500,000  [ 0:05:03 < 0:00:00 , 1,706 it/s ]
 100% ━━━━━━━━━━━━━━━━━━━ 1,007,616/1,000,000 [ 0:09:52 < 0:00:00 , 1,697 it/s ]
Training A2C (seed 9/15)
 100% ━━━━━━━━━━━━━━━━━━━━━━ 100,000/100,000  [ 0:00:32 < 0:00:00 , 3,102 it/s ]
 100% ━━━━━━━━━━━━━━━━━━━━━━ 400,000/400,000  [ 0:02:10 < 0:00:00 , 2,998 it/s ]
 100% ━━━━━━━━━━━━━━━━━━━━━━ 500,000/500,000  [ 0:02:35 < 0:00:00 , 3,495 it/s ]
 100% ━━━━━━━━━━━━━━━━━━━ 1,000,000/1,000,000 [ 0:04:39 < 0:00:00 , 3,675 it/s ]
Training TRPO (seed 9/15)
 100% ━━━━━━━━━━━━━━━━━━━━━━ 106,496/100,000  [ 0:00:38 < 0:00:00 , 2,585 it/s ]
 100% ━━━━━━━━━━━━━━━━━━━━━━ 401,408/400,000  [ 0:02:40 < 0:00:00 , 2,318 it/s ]
 100% ━━━━━━━━━━━━━━━━━━━━━━ 507,904/500,000  [ 0:03:36 < 0:00:00 , 2,303 it/s ]
 100% ━━━━━━━━━━━━━━━━━━━ 1,007,616/1,000,000 [ 0:07:22 < 0:00:00 , 2,239 it/s ]
Training PPO (seed 9/15)
 100% ━━━━━━━━━━━━━━━━━━━━━━ 106,496/100,000  [ 0:00:59 < 0:00:00 , 1,707 it/s ]
 100% ━━━━━━━━━━━━━━━━━━━━━━ 401,408/400,000  [ 0:04:00 < 0:00:00 , 1,461 it/s ]
 100% ━━━━━━━━━━━━━━━━━━━━━━ 507,904/500,000  [ 0:05:07 < 0:00:00 , 1,626 it/s ]
 100% ━━━━━━━━━━━━━━━━━━━ 1,007,616/1,000,000 [ 0:10:05 < 0:00:00 , 1,641 it/s ]
Training A2C (seed 10/15)
 100% ━━━━━━━━━━━━━━━━━━━━━━ 100,000/100,000  [ 0:00:31 < 0:00:00 , 3,143 it/s ]
 100% ━━━━━━━━━━━━━━━━━━━━━━ 400,000/400,000  [ 0:02:14 < 0:00:00 , 2,929 it/s ]
 100% ━━━━━━━━━━━━━━━━━━━━━━ 500,000/500,000  [ 0:02:37 < 0:00:00 , 3,447 it/s ]
 100% ━━━━━━━━━━━━━━━━━━━ 1,000,000/1,000,000 [ 0:04:43 < 0:00:00 , 3,542 it/s ]
Training TRPO (seed 10/15)
 100% ━━━━━━━━━━━━━━━━━━━━━━ 106,496/100,000  [ 0:00:38 < 0:00:00 , 2,535 it/s ]
 100% ━━━━━━━━━━━━━━━━━━━━━━ 401,408/400,000  [ 0:02:40 < 0:00:00 , 2,345 it/s ]
 100% ━━━━━━━━━━━━━━━━━━━━━━ 507,904/500,000  [ 0:03:33 < 0:00:00 , 2,249 it/s ]
 100% ━━━━━━━━━━━━━━━━━━━ 1,007,616/1,000,000 [ 0:07:24 < 0:00:00 , 2,230 it/s ]
Training PPO (seed 10/15)
 100% ━━━━━━━━━━━━━━━━━━━━━━ 106,496/100,000  [ 0:00:59 < 0:00:00 , 1,664 it/s ]
 100% ━━━━━━━━━━━━━━━━━━━━━━ 401,408/400,000  [ 0:03:55 < 0:00:00 , 1,471 it/s ]
 100% ━━━━━━━━━━━━━━━━━━━━━━ 507,904/500,000  [ 0:05:00 < 0:00:00 , 1,667 it/s ]
 100% ━━━━━━━━━━━━━━━━━━━ 1,007,616/1,000,000 [ 0:09:57 < 0:00:00 , 1,661 it/s ]
Training A2C (seed 11/15)
 100% ━━━━━━━━━━━━━━━━━━━━━━ 100,000/100,000  [ 0:00:31 < 0:00:00 , 3,164 it/s ]
 100% ━━━━━━━━━━━━━━━━━━━━━━ 400,000/400,000  [ 0:02:09 < 0:00:00 , 3,127 it/s ]
 100% ━━━━━━━━━━━━━━━━━━━━━━ 500,000/500,000  [ 0:02:23 < 0:00:00 , 3,596 it/s ]
 100% ━━━━━━━━━━━━━━━━━━━ 1,000,000/1,000,000 [ 0:04:35 < 0:00:00 , 3,641 it/s ]
Training TRPO (seed 11/15)
 100% ━━━━━━━━━━━━━━━━━━━━━━ 106,496/100,000  [ 0:00:38 < 0:00:00 , 2,594 it/s ]
 100% ━━━━━━━━━━━━━━━━━━━━━━ 401,408/400,000  [ 0:02:39 < 0:00:00 , 2,422 it/s ]
 100% ━━━━━━━━━━━━━━━━━━━━━━ 507,904/500,000  [ 0:03:27 < 0:00:00 , 2,322 it/s ]
 100% ━━━━━━━━━━━━━━━━━━━ 1,007,616/1,000,000 [ 0:07:07 < 0:00:00 , 2,203 it/s ]
Training PPO (seed 11/15)
 100% ━━━━━━━━━━━━━━━━━━━━━━ 106,496/100,000  [ 0:00:57 < 0:00:00 , 1,676 it/s ]
 100% ━━━━━━━━━━━━━━━━━━━━━━ 401,408/400,000  [ 0:03:54 < 0:00:00 , 1,514 it/s ]
 100% ━━━━━━━━━━━━━━━━━━━━━━ 507,904/500,000  [ 0:05:00 < 0:00:00 , 1,678 it/s ]
 100% ━━━━━━━━━━━━━━━━━━━ 1,007,616/1,000,000 [ 0:09:49 < 0:00:00 , 1,710 it/s ]
Training A2C (seed 12/15)
 100% ━━━━━━━━━━━━━━━━━━━━━━ 100,000/100,000  [ 0:00:31 < 0:00:00 , 3,224 it/s ]
 100% ━━━━━━━━━━━━━━━━━━━━━━ 400,000/400,000  [ 0:02:08 < 0:00:00 , 2,978 it/s ]
 100% ━━━━━━━━━━━━━━━━━━━━━━ 500,000/500,000  [ 0:02:48 < 0:00:00 , 2,977 it/s ]
 100% ━━━━━━━━━━━━━━━━━━━ 1,000,000/1,000,000 [ 0:04:58 < 0:00:00 , 3,669 it/s ]
Training TRPO (seed 12/15)
 100% ━━━━━━━━━━━━━━━━━━━━━━ 106,496/100,000  [ 0:00:38 < 0:00:00 , 2,561 it/s ]
 100% ━━━━━━━━━━━━━━━━━━━━━━ 401,408/400,000  [ 0:02:38 < 0:00:00 , 2,387 it/s ]
 100% ━━━━━━━━━━━━━━━━━━━━━━ 507,904/500,000  [ 0:03:30 < 0:00:00 , 2,258 it/s ]
 100% ━━━━━━━━━━━━━━━━━━━ 1,007,616/1,000,000 [ 0:07:18 < 0:00:00 , 2,261 it/s ]
Training PPO (seed 12/15)
 100% ━━━━━━━━━━━━━━━━━━━━━━ 106,496/100,000  [ 0:00:59 < 0:00:00 , 1,646 it/s ]
 100% ━━━━━━━━━━━━━━━━━━━━━━ 401,408/400,000  [ 0:03:56 < 0:00:00 , 1,467 it/s ]
 100% ━━━━━━━━━━━━━━━━━━━━━━ 507,904/500,000  [ 0:05:02 < 0:00:00 , 1,684 it/s ]
 100% ━━━━━━━━━━━━━━━━━━━ 1,007,616/1,000,000 [ 0:09:54 < 0:00:00 , 1,693 it/s ]
Training A2C (seed 13/15)
 100% ━━━━━━━━━━━━━━━━━━━━━━ 100,000/100,000  [ 0:00:32 < 0:00:00 , 3,121 it/s ]
 100% ━━━━━━━━━━━━━━━━━━━━━━ 400,000/400,000  [ 0:02:05 < 0:00:00 , 3,331 it/s ]
 100% ━━━━━━━━━━━━━━━━━━━━━━ 500,000/500,000  [ 0:02:23 < 0:00:00 , 3,565 it/s ]
 100% ━━━━━━━━━━━━━━━━━━━ 1,000,000/1,000,000 [ 0:04:37 < 0:00:00 , 3,610 it/s ]
Training TRPO (seed 13/15)
 100% ━━━━━━━━━━━━━━━━━━━━━━ 106,496/100,000  [ 0:00:38 < 0:00:00 , 2,565 it/s ]
 100% ━━━━━━━━━━━━━━━━━━━━━━ 401,408/400,000  [ 0:02:37 < 0:00:00 , 2,488 it/s ]
 100% ━━━━━━━━━━━━━━━━━━━━━━ 507,904/500,000  [ 0:03:31 < 0:00:00 , 2,311 it/s ]
 100% ━━━━━━━━━━━━━━━━━━━ 1,007,616/1,000,000 [ 0:07:19 < 0:00:00 , 2,241 it/s ]
Training PPO (seed 13/15)
 100% ━━━━━━━━━━━━━━━━━━━━━━ 106,496/100,000  [ 0:00:59 < 0:00:00 , 1,670 it/s ]
 100% ━━━━━━━━━━━━━━━━━━━━━━ 401,408/400,000  [ 0:03:58 < 0:00:00 , 1,499 it/s ]
 100% ━━━━━━━━━━━━━━━━━━━━━━ 507,904/500,000  [ 0:05:03 < 0:00:00 , 1,689 it/s ]
 100% ━━━━━━━━━━━━━━━━━━━ 1,007,616/1,000,000 [ 0:09:56 < 0:00:00 , 1,678 it/s ]
Training A2C (seed 14/15)
 100% ━━━━━━━━━━━━━━━━━━━━━━ 100,000/100,000  [ 0:00:32 < 0:00:00 , 3,114 it/s ]
 100% ━━━━━━━━━━━━━━━━━━━━━━ 400,000/400,000  [ 0:02:12 < 0:00:00 , 2,967 it/s ]
 100% ━━━━━━━━━━━━━━━━━━━━━━ 500,000/500,000  [ 0:02:30 < 0:00:00 , 3,423 it/s ]
 100% ━━━━━━━━━━━━━━━━━━━ 1,000,000/1,000,000 [ 0:04:41 < 0:00:00 , 3,660 it/s ]
Training TRPO (seed 14/15)
 100% ━━━━━━━━━━━━━━━━━━━━━━ 106,496/100,000  [ 0:00:37 < 0:00:00 , 2,470 it/s ]
 100% ━━━━━━━━━━━━━━━━━━━━━━ 401,408/400,000  [ 0:02:39 < 0:00:00 , 2,463 it/s ]
 100% ━━━━━━━━━━━━━━━━━━━━━━ 507,904/500,000  [ 0:03:28 < 0:00:00 , 2,319 it/s ]
 100% ━━━━━━━━━━━━━━━━━━━ 1,007,616/1,000,000 [ 0:07:20 < 0:00:00 , 2,225 it/s ]
Training PPO (seed 14/15)
 100% ━━━━━━━━━━━━━━━━━━━━━━ 106,496/100,000  [ 0:00:59 < 0:00:00 , 1,654 it/s ]
 100% ━━━━━━━━━━━━━━━━━━━━━━ 401,408/400,000  [ 0:03:57 < 0:00:00 , 1,514 it/s ]
 100% ━━━━━━━━━━━━━━━━━━━━━━ 507,904/500,000  [ 0:05:03 < 0:00:00 , 1,668 it/s ]
 100% ━━━━━━━━━━━━━━━━━━━ 1,007,616/1,000,000 [ 0:09:53 < 0:00:00 , 1,699 it/s ]
Training A2C (seed 15/15)
 100% ━━━━━━━━━━━━━━━━━━━━━━ 100,000/100,000  [ 0:00:32 < 0:00:00 , 3,087 it/s ]
 100% ━━━━━━━━━━━━━━━━━━━━━━ 400,000/400,000  [ 0:02:11 < 0:00:00 , 3,029 it/s ]
 100% ━━━━━━━━━━━━━━━━━━━━━━ 500,000/500,000  [ 0:02:30 < 0:00:00 , 3,588 it/s ]
 100% ━━━━━━━━━━━━━━━━━━━ 1,000,000/1,000,000 [ 0:04:38 < 0:00:00 , 3,616 it/s ]
Training TRPO (seed 15/15)
 100% ━━━━━━━━━━━━━━━━━━━━━━ 106,496/100,000  [ 0:00:38 < 0:00:00 , 2,523 it/s ]
 100% ━━━━━━━━━━━━━━━━━━━━━━ 401,408/400,000  [ 0:02:38 < 0:00:00 , 2,455 it/s ]
 100% ━━━━━━━━━━━━━━━━━━━━━━ 507,904/500,000  [ 0:03:28 < 0:00:00 , 2,259 it/s ]
 100% ━━━━━━━━━━━━━━━━━━━ 1,007,616/1,000,000 [ 0:07:08 < 0:00:00 , 2,323 it/s ]
Training PPO (seed 15/15)
 100% ━━━━━━━━━━━━━━━━━━━━━━ 106,496/100,000  [ 0:00:58 < 0:00:00 , 1,676 it/s ]
 100% ━━━━━━━━━━━━━━━━━━━━━━ 401,408/400,000  [ 0:03:56 < 0:00:00 , 1,466 it/s ]
 100% ━━━━━━━━━━━━━━━━━━━━━━ 507,904/500,000  [ 0:05:01 < 0:00:00 , 1,673 it/s ]
 100% ━━━━━━━━━━━━━━━━━━━ 1,007,616/1,000,000 [ 0:09:55 < 0:00:00 , 1,657 it/s ]
