WARNING: All log messages before absl::InitializeLog() is called are written to STDERR
I0000 00:00:1779714935.309703 1146040 port.cc:153] oneDNN custom operations are on. You may see slightly different numerical results due to floating-point round-off errors from different computation orders. To turn them off, set the environment variable `TF_ENABLE_ONEDNN_OPTS=0`.
I0000 00:00:1779714937.267504 1146040 cpu_feature_guard.cc:227] This TensorFlow binary is optimized to use available CPU instructions in performance-critical operations.
To enable the following instructions: AVX2 AVX512F AVX512_VNNI AVX512_BF16 FMA, in other operations, rebuild TensorFlow with the appropriate compiler flags.
WARNING: All log messages before absl::InitializeLog() is called are written to STDERR
I0000 00:00:1779714945.235899 1146040 port.cc:153] oneDNN custom operations are on. You may see slightly different numerical results due to floating-point round-off errors from different computation orders. To turn them off, set the environment variable `TF_ENABLE_ONEDNN_OPTS=0`.
I0000 00:00:1779714945.252778 1146040 cudart_stub.cc:31] Could not find cuda drivers on your machine, GPU will not be used.
/pfs/data6/home/ma/ma_ma/ma_fablange/RL_Dynamic_Choice_RM/src/exec.py:353: RuntimeWarning: Gurobi did not return a feasible solution at t=208, x=80; using empty-offer fallback
  v_mnl, pi_mnl = solve_by_dp(
/pfs/data6/home/ma/ma_ma/ma_fablange/RL_Dynamic_Choice_RM/src/exec.py:353: RuntimeWarning: Gurobi did not return a feasible solution at t=76, x=26; using empty-offer fallback
  v_mnl, pi_mnl = solve_by_dp(
/pfs/data6/home/ma/ma_ma/ma_fablange/RL_Dynamic_Choice_RM/src/exec.py:353: RuntimeWarning: Gurobi did not return a feasible solution at t=38, x=154; using empty-offer fallback
  v_mnl, pi_mnl = solve_by_dp(
/pfs/data6/home/ma/ma_ma/ma_fablange/RL_Dynamic_Choice_RM/src/exec.py:365: RuntimeWarning: Gurobi did not return a feasible solution at t=390, x=33; using empty-offer fallback
  v_mmnl_5pt, pi_mmnl_5pt = solve_by_dp(
/pfs/data6/home/ma/ma_ma/ma_fablange/RL_Dynamic_Choice_RM/src/exec.py:365: RuntimeWarning: Gurobi did not return a feasible solution at t=373, x=82; using empty-offer fallback
  v_mmnl_5pt, pi_mmnl_5pt = solve_by_dp(
/pfs/data6/home/ma/ma_ma/ma_fablange/RL_Dynamic_Choice_RM/src/exec.py:365: RuntimeWarning: Gurobi did not return a feasible solution at t=369, x=13; using empty-offer fallback
  v_mmnl_5pt, pi_mmnl_5pt = solve_by_dp(
/pfs/data6/home/ma/ma_ma/ma_fablange/RL_Dynamic_Choice_RM/src/exec.py:365: RuntimeWarning: Gurobi did not return a feasible solution at t=368, x=16; using empty-offer fallback
  v_mmnl_5pt, pi_mmnl_5pt = solve_by_dp(
/pfs/data6/home/ma/ma_ma/ma_fablange/RL_Dynamic_Choice_RM/src/exec.py:365: RuntimeWarning: Gurobi did not return a feasible solution at t=365, x=88; using empty-offer fallback
  v_mmnl_5pt, pi_mmnl_5pt = solve_by_dp(
/pfs/data6/home/ma/ma_ma/ma_fablange/RL_Dynamic_Choice_RM/src/exec.py:365: RuntimeWarning: Gurobi did not return a feasible solution at t=364, x=135; using empty-offer fallback
  v_mmnl_5pt, pi_mmnl_5pt = solve_by_dp(
/pfs/data6/home/ma/ma_ma/ma_fablange/RL_Dynamic_Choice_RM/src/exec.py:365: RuntimeWarning: Gurobi did not return a feasible solution at t=363, x=162; using empty-offer fallback
  v_mmnl_5pt, pi_mmnl_5pt = solve_by_dp(
/pfs/data6/home/ma/ma_ma/ma_fablange/RL_Dynamic_Choice_RM/src/exec.py:365: RuntimeWarning: Gurobi did not return a feasible solution at t=334, x=90; using empty-offer fallback
  v_mmnl_5pt, pi_mmnl_5pt = solve_by_dp(
/pfs/data6/home/ma/ma_ma/ma_fablange/RL_Dynamic_Choice_RM/src/exec.py:365: RuntimeWarning: Gurobi did not return a feasible solution at t=325, x=175; using empty-offer fallback
  v_mmnl_5pt, pi_mmnl_5pt = solve_by_dp(
/pfs/data6/home/ma/ma_ma/ma_fablange/RL_Dynamic_Choice_RM/src/exec.py:365: RuntimeWarning: Gurobi did not return a feasible solution at t=312, x=87; using empty-offer fallback
  v_mmnl_5pt, pi_mmnl_5pt = solve_by_dp(
/pfs/data6/home/ma/ma_ma/ma_fablange/RL_Dynamic_Choice_RM/src/exec.py:365: RuntimeWarning: Gurobi did not return a feasible solution at t=296, x=68; using empty-offer fallback
  v_mmnl_5pt, pi_mmnl_5pt = solve_by_dp(
/pfs/data6/home/ma/ma_ma/ma_fablange/RL_Dynamic_Choice_RM/src/exec.py:365: RuntimeWarning: Gurobi did not return a feasible solution at t=293, x=157; using empty-offer fallback
  v_mmnl_5pt, pi_mmnl_5pt = solve_by_dp(
/pfs/data6/home/ma/ma_ma/ma_fablange/RL_Dynamic_Choice_RM/src/exec.py:365: RuntimeWarning: Gurobi did not return a feasible solution at t=279, x=132; using empty-offer fallback
  v_mmnl_5pt, pi_mmnl_5pt = solve_by_dp(
/pfs/data6/home/ma/ma_ma/ma_fablange/RL_Dynamic_Choice_RM/src/exec.py:365: RuntimeWarning: Gurobi did not return a feasible solution at t=275, x=29; using empty-offer fallback
  v_mmnl_5pt, pi_mmnl_5pt = solve_by_dp(
/pfs/data6/home/ma/ma_ma/ma_fablange/RL_Dynamic_Choice_RM/src/exec.py:365: RuntimeWarning: Gurobi did not return a feasible solution at t=267, x=43; using empty-offer fallback
  v_mmnl_5pt, pi_mmnl_5pt = solve_by_dp(
/pfs/data6/home/ma/ma_ma/ma_fablange/RL_Dynamic_Choice_RM/src/exec.py:365: RuntimeWarning: Gurobi did not return a feasible solution at t=247, x=184; using empty-offer fallback
  v_mmnl_5pt, pi_mmnl_5pt = solve_by_dp(
/pfs/data6/home/ma/ma_ma/ma_fablange/RL_Dynamic_Choice_RM/src/exec.py:365: RuntimeWarning: Gurobi did not return a feasible solution at t=243, x=60; using empty-offer fallback
  v_mmnl_5pt, pi_mmnl_5pt = solve_by_dp(
/pfs/data6/home/ma/ma_ma/ma_fablange/RL_Dynamic_Choice_RM/src/exec.py:365: RuntimeWarning: Gurobi did not return a feasible solution at t=201, x=16; using empty-offer fallback
  v_mmnl_5pt, pi_mmnl_5pt = solve_by_dp(
/pfs/data6/home/ma/ma_ma/ma_fablange/RL_Dynamic_Choice_RM/src/exec.py:365: RuntimeWarning: Gurobi did not return a feasible solution at t=189, x=3; using empty-offer fallback
  v_mmnl_5pt, pi_mmnl_5pt = solve_by_dp(
/pfs/data6/home/ma/ma_ma/ma_fablange/RL_Dynamic_Choice_RM/src/exec.py:365: RuntimeWarning: Gurobi did not return a feasible solution at t=188, x=19; using empty-offer fallback
  v_mmnl_5pt, pi_mmnl_5pt = solve_by_dp(
/pfs/data6/home/ma/ma_ma/ma_fablange/RL_Dynamic_Choice_RM/src/exec.py:365: RuntimeWarning: Gurobi did not return a feasible solution at t=186, x=50; using empty-offer fallback
  v_mmnl_5pt, pi_mmnl_5pt = solve_by_dp(
