Gurobi preflight: GRB_LICENSE_FILE=/tmp/gurobi_13566455_58/gurobi.lic, exists=True, WLSACCESSID=5829...03ea, LICENSEID=2831088
Running task_id=58 with HIGH_SENSITIVITY=True, GT_MODEL=MNLrefPrice, TRAIN_ON_ALL_SETS=True, LARGE_PRODUCT_SET=False
scipy estimation data: obs=10171, alts=11, memory=0.86 MiB
scipy estimation mode: raw prices, beta_bounds=(-0.05, -1e-07), purchase_rate|arrival=0.5675
Training DQN (seed 1/15)
 100% ━━━━━━━━━━━━━━━━━━━━━━ 100,000/100,000  [ 0:00:34 < 0:00:00 , 2,834 it/s ]
 100% ━━━━━━━━━━━━━━━━━━━━━━ 400,000/400,000  [ 0:02:14 < 0:00:00 , 3,176 it/s ]
 100% ━━━━━━━━━━━━━━━━━━━━━━ 500,000/500,000  [ 0:02:38 < 0:00:00 , 3,311 it/s ]
Training ARS (seed 1/15)
 100% ━━━━━━━━━━━━━━━━━━━━━━ 104,960/100,000  [ 0:00:12 < 0:00:00 , 7,828 it/s ]
 100% ━━━━━━━━━━━━━━━━━━━━━━ 419,840/295,040  [ 0:00:38 < 0:00:00 , 7,772 it/s ]
   0% ━━━━━━━━━━━━━━━━━━━━━━ 524,800/-24,800  [ 0:00:00 < 0:00:00 , 7,684 it/s ]
Training A2C (seed 1/15)
 100% ━━━━━━━━━━━━━━━━━━━━━━ 100,000/100,000  [ 0:00:30 < 0:00:00 , 3,252 it/s ]
 100% ━━━━━━━━━━━━━━━━━━━━━━ 400,000/400,000  [ 0:02:10 < 0:00:00 , 2,979 it/s ]
 100% ━━━━━━━━━━━━━━━━━━━━━━ 500,000/500,000  [ 0:02:49 < 0:00:00 , 2,946 it/s ]
Training TRPO (seed 1/15)
 100% ━━━━━━━━━━━━━━━━━━━━━━ 106,496/100,000  [ 0:00:30 < 0:00:00 , 3,181 it/s ]
 100% ━━━━━━━━━━━━━━━━━━━━━━ 401,408/400,000  [ 0:02:08 < 0:00:00 , 3,032 it/s ]
 100% ━━━━━━━━━━━━━━━━━━━━━━ 507,904/500,000  [ 0:02:41 < 0:00:00 , 3,132 it/s ]
Training PPO (seed 1/15)
 100% ━━━━━━━━━━━━━━━━━━━━━━ 106,496/100,000  [ 0:00:59 < 0:00:00 , 1,646 it/s ]
 100% ━━━━━━━━━━━━━━━━━━━━━━ 401,408/400,000  [ 0:04:05 < 0:00:00 , 1,438 it/s ]
 100% ━━━━━━━━━━━━━━━━━━━━━━ 507,904/500,000  [ 0:05:26 < 0:00:00 , 1,432 it/s ]
Training DQN (seed 2/15)
 100% ━━━━━━━━━━━━━━━━━━━━━━ 100,000/100,000  [ 0:00:30 < 0:00:00 , 3,306 it/s ]
 100% ━━━━━━━━━━━━━━━━━━━━━━ 400,000/400,000  [ 0:01:57 < 0:00:00 , 3,616 it/s ]
 100% ━━━━━━━━━━━━━━━━━━━━━━ 500,000/500,000  [ 0:02:36 < 0:00:00 , 2,984 it/s ]
Training ARS (seed 2/15)
 100% ━━━━━━━━━━━━━━━━━━━━━━ 104,960/100,000  [ 0:00:16 < 0:00:00 , 6,132 it/s ]
 100% ━━━━━━━━━━━━━━━━━━━━━━ 419,840/295,040  [ 0:00:50 < 0:00:00 , 5,782 it/s ]
   0% ━━━━━━━━━━━━━━━━━━━━━━ 524,800/-24,800  [ 0:00:00 < 0:00:00 , 5,451 it/s ]
Training A2C (seed 2/15)
 100% ━━━━━━━━━━━━━━━━━━━━━━ 100,000/100,000  [ 0:00:38 < 0:00:00 , 2,591 it/s ]
 100% ━━━━━━━━━━━━━━━━━━━━━━ 400,000/400,000  [ 0:02:39 < 0:00:00 , 2,504 it/s ]
 100% ━━━━━━━━━━━━━━━━━━━━━━ 500,000/500,000  [ 0:02:57 < 0:00:00 , 2,825 it/s ]
Training TRPO (seed 2/15)
 100% ━━━━━━━━━━━━━━━━━━━━━━ 106,496/100,000  [ 0:00:33 < 0:00:00 , 2,850 it/s ]
 100% ━━━━━━━━━━━━━━━━━━━━━━ 401,408/400,000  [ 0:02:21 < 0:00:00 , 2,733 it/s ]
 100% ━━━━━━━━━━━━━━━━━━━━━━ 507,904/500,000  [ 0:02:57 < 0:00:00 , 2,779 it/s ]
Training PPO (seed 2/15)
 100% ━━━━━━━━━━━━━━━━━━━━━━ 106,496/100,000  [ 0:01:08 < 0:00:00 , 1,430 it/s ]
 100% ━━━━━━━━━━━━━━━━━━━━━━ 401,408/400,000  [ 0:04:11 < 0:00:00 , 1,633 it/s ]
 100% ━━━━━━━━━━━━━━━━━━━━━━ 507,904/500,000  [ 0:05:03 < 0:00:00 , 1,636 it/s ]
Training DQN (seed 3/15)
 100% ━━━━━━━━━━━━━━━━━━━━━━ 100,000/100,000  [ 0:00:30 < 0:00:00 , 3,256 it/s ]
 100% ━━━━━━━━━━━━━━━━━━━━━━ 400,000/400,000  [ 0:02:02 < 0:00:00 , 3,272 it/s ]
 100% ━━━━━━━━━━━━━━━━━━━━━━ 500,000/500,000  [ 0:02:32 < 0:00:00 , 3,264 it/s ]
Training ARS (seed 3/15)
 100% ━━━━━━━━━━━━━━━━━━━━━━ 104,960/100,000  [ 0:00:13 < 0:00:00 , 7,686 it/s ]
 100% ━━━━━━━━━━━━━━━━━━━━━━ 419,840/295,040  [ 0:00:38 < 0:00:00 , 7,731 it/s ]
   0% ━━━━━━━━━━━━━━━━━━━━━━ 524,800/-24,800  [ 0:00:00 < 0:00:00 , 7,738 it/s ]
Training A2C (seed 3/15)
 100% ━━━━━━━━━━━━━━━━━━━━━━ 100,000/100,000  [ 0:00:31 < 0:00:00 , 3,221 it/s ]
 100% ━━━━━━━━━━━━━━━━━━━━━━ 400,000/400,000  [ 0:02:10 < 0:00:00 , 2,945 it/s ]
 100% ━━━━━━━━━━━━━━━━━━━━━━ 500,000/500,000  [ 0:02:55 < 0:00:00 , 3,094 it/s ]
Training TRPO (seed 3/15)
 100% ━━━━━━━━━━━━━━━━━━━━━━ 106,496/100,000  [ 0:00:30 < 0:00:00 , 3,311 it/s ]
 100% ━━━━━━━━━━━━━━━━━━━━━━ 401,408/400,000  [ 0:02:06 < 0:00:00 , 3,045 it/s ]
 100% ━━━━━━━━━━━━━━━━━━━━━━ 507,904/500,000  [ 0:02:34 < 0:00:00 , 3,271 it/s ]
Training PPO (seed 3/15)
 100% ━━━━━━━━━━━━━━━━━━━━━━ 106,496/100,000  [ 0:00:52 < 0:00:00 , 1,789 it/s ]
 100% ━━━━━━━━━━━━━━━━━━━━━━ 401,408/400,000  [ 0:04:01 < 0:00:00 , 1,469 it/s ]
 100% ━━━━━━━━━━━━━━━━━━━━━━ 507,904/500,000  [ 0:05:58 < 0:00:00 , 1,155 it/s ]
Training DQN (seed 4/15)
 100% ━━━━━━━━━━━━━━━━━━━━━━ 100,000/100,000  [ 0:00:36 < 0:00:00 , 2,673 it/s ]
 100% ━━━━━━━━━━━━━━━━━━━━━━ 400,000/400,000  [ 0:02:16 < 0:00:00 , 3,504 it/s ]
 100% ━━━━━━━━━━━━━━━━━━━━━━ 500,000/500,000  [ 0:02:23 < 0:00:00 , 3,374 it/s ]
Training ARS (seed 4/15)
 100% ━━━━━━━━━━━━━━━━━━━━━━ 104,960/100,000  [ 0:00:15 < 0:00:00 , 6,456 it/s ]
 100% ━━━━━━━━━━━━━━━━━━━━━━ 419,840/295,040  [ 0:00:42 < 0:00:00 , 7,787 it/s ]
   0% ━━━━━━━━━━━━━━━━━━━━━━ 524,800/-24,800  [ 0:00:00 < 0:00:00 , 7,801 it/s ]
Training A2C (seed 4/15)
 100% ━━━━━━━━━━━━━━━━━━━━━━ 100,000/100,000  [ 0:00:27 < 0:00:00 , 3,582 it/s ]
 100% ━━━━━━━━━━━━━━━━━━━━━━ 400,000/400,000  [ 0:02:07 < 0:00:00 , 2,941 it/s ]
 100% ━━━━━━━━━━━━━━━━━━━━━━ 500,000/500,000  [ 0:02:50 < 0:00:00 , 2,928 it/s ]
Training TRPO (seed 4/15)
 100% ━━━━━━━━━━━━━━━━━━━━━━ 106,496/100,000  [ 0:00:30 < 0:00:00 , 3,199 it/s ]
 100% ━━━━━━━━━━━━━━━━━━━━━━ 401,408/400,000  [ 0:02:07 < 0:00:00 , 3,100 it/s ]
 100% ━━━━━━━━━━━━━━━━━━━━━━ 507,904/500,000  [ 0:02:36 < 0:00:00 , 3,177 it/s ]
Training PPO (seed 4/15)
 100% ━━━━━━━━━━━━━━━━━━━━━━ 106,496/100,000  [ 0:01:00 < 0:00:00 , 1,617 it/s ]
 100% ━━━━━━━━━━━━━━━━━━━━━━ 401,408/400,000  [ 0:04:01 < 0:00:00 , 1,636 it/s ]
 100% ━━━━━━━━━━━━━━━━━━━━━━ 507,904/500,000  [ 0:04:48 < 0:00:00 , 1,795 it/s ]
Training DQN (seed 5/15)
 100% ━━━━━━━━━━━━━━━━━━━━━━ 100,000/100,000  [ 0:00:25 < 0:00:00 , 3,867 it/s ]
 100% ━━━━━━━━━━━━━━━━━━━━━━ 400,000/400,000  [ 0:01:49 < 0:00:00 , 3,505 it/s ]
 100% ━━━━━━━━━━━━━━━━━━━━━━ 500,000/500,000  [ 0:02:14 < 0:00:00 , 3,808 it/s ]
Training ARS (seed 5/15)
 100% ━━━━━━━━━━━━━━━━━━━━━━ 104,960/100,000  [ 0:00:12 < 0:00:00 , 7,696 it/s ]
 100% ━━━━━━━━━━━━━━━━━━━━━━ 419,840/295,040  [ 0:00:45 < 0:00:00 , 6,706 it/s ]
   0% ━━━━━━━━━━━━━━━━━━━━━━ 524,800/-24,800  [ 0:00:00 < 0:00:00 , 7,162 it/s ]
Training A2C (seed 5/15)
 100% ━━━━━━━━━━━━━━━━━━━━━━ 100,000/100,000  [ 0:00:29 < 0:00:00 , 3,411 it/s ]
 100% ━━━━━━━━━━━━━━━━━━━━━━ 400,000/400,000  [ 0:02:08 < 0:00:00 , 3,110 it/s ]
 100% ━━━━━━━━━━━━━━━━━━━━━━ 500,000/500,000  [ 0:02:50 < 0:00:00 , 2,947 it/s ]
Training TRPO (seed 5/15)
 100% ━━━━━━━━━━━━━━━━━━━━━━ 106,496/100,000  [ 0:00:31 < 0:00:00 , 3,091 it/s ]
 100% ━━━━━━━━━━━━━━━━━━━━━━ 401,408/400,000  [ 0:02:10 < 0:00:00 , 3,077 it/s ]
 100% ━━━━━━━━━━━━━━━━━━━━━━ 507,904/500,000  [ 0:02:34 < 0:00:00 , 3,408 it/s ]
Training PPO (seed 5/15)
 100% ━━━━━━━━━━━━━━━━━━━━━━ 106,496/100,000  [ 0:00:52 < 0:00:00 , 1,833 it/s ]
 100% ━━━━━━━━━━━━━━━━━━━━━━ 401,408/400,000  [ 0:03:41 < 0:00:00 , 1,828 it/s ]
 100% ━━━━━━━━━━━━━━━━━━━━━━ 507,904/500,000  [ 0:04:58 < 0:00:00 , 1,673 it/s ]
Training DQN (seed 6/15)
 100% ━━━━━━━━━━━━━━━━━━━━━━ 100,000/100,000  [ 0:00:29 < 0:00:00 , 3,382 it/s ]
 100% ━━━━━━━━━━━━━━━━━━━━━━ 400,000/400,000  [ 0:01:58 < 0:00:00 , 3,376 it/s ]
 100% ━━━━━━━━━━━━━━━━━━━━━━ 500,000/500,000  [ 0:02:28 < 0:00:00 , 3,340 it/s ]
Training ARS (seed 6/15)
 100% ━━━━━━━━━━━━━━━━━━━━━━ 104,960/100,000  [ 0:00:12 < 0:00:00 , 7,905 it/s ]
 100% ━━━━━━━━━━━━━━━━━━━━━━ 419,840/295,040  [ 0:00:37 < 0:00:00 , 7,866 it/s ]
   0% ━━━━━━━━━━━━━━━━━━━━━━ 524,800/-24,800  [ 0:00:00 < 0:00:00 , 7,887 it/s ]
Training A2C (seed 6/15)
 100% ━━━━━━━━━━━━━━━━━━━━━━ 100,000/100,000  [ 0:00:30 < 0:00:00 , 3,287 it/s ]
 100% ━━━━━━━━━━━━━━━━━━━━━━ 400,000/400,000  [ 0:02:08 < 0:00:00 , 2,997 it/s ]
 100% ━━━━━━━━━━━━━━━━━━━━━━ 500,000/500,000  [ 0:02:36 < 0:00:00 , 3,274 it/s ]
Training TRPO (seed 6/15)
 100% ━━━━━━━━━━━━━━━━━━━━━━ 106,496/100,000  [ 0:00:30 < 0:00:00 , 3,282 it/s ]
 100% ━━━━━━━━━━━━━━━━━━━━━━ 401,408/400,000  [ 0:02:05 < 0:00:00 , 3,265 it/s ]
 100% ━━━━━━━━━━━━━━━━━━━━━━ 507,904/500,000  [ 0:02:42 < 0:00:00 , 2,952 it/s ]
Training PPO (seed 6/15)
 100% ━━━━━━━━━━━━━━━━━━━━━━ 106,496/100,000  [ 0:00:57 < 0:00:00 , 1,716 it/s ]
 100% ━━━━━━━━━━━━━━━━━━━━━━ 401,408/400,000  [ 0:03:28 < 0:00:00 , 1,784 it/s ]
 100% ━━━━━━━━━━━━━━━━━━━━━━ 507,904/500,000  [ 0:04:59 < 0:00:00 , 1,555 it/s ]
Training DQN (seed 7/15)
 100% ━━━━━━━━━━━━━━━━━━━━━━ 100,000/100,000  [ 0:00:35 < 0:00:00 , 2,722 it/s ]
 100% ━━━━━━━━━━━━━━━━━━━━━━ 400,000/400,000  [ 0:02:12 < 0:00:00 , 2,826 it/s ]
 100% ━━━━━━━━━━━━━━━━━━━━━━ 500,000/500,000  [ 0:02:35 < 0:00:00 , 3,424 it/s ]
Training ARS (seed 7/15)
 100% ━━━━━━━━━━━━━━━━━━━━━━ 104,960/100,000  [ 0:00:15 < 0:00:00 , 6,513 it/s ]
 100% ━━━━━━━━━━━━━━━━━━━━━━ 419,840/295,040  [ 0:00:45 < 0:00:00 , 6,521 it/s ]
   0% ━━━━━━━━━━━━━━━━━━━━━━ 524,800/-24,800  [ 0:00:00 < 0:00:00 , 6,234 it/s ]
Training A2C (seed 7/15)
 100% ━━━━━━━━━━━━━━━━━━━━━━ 100,000/100,000  [ 0:00:33 < 0:00:00 , 3,033 it/s ]
 100% ━━━━━━━━━━━━━━━━━━━━━━ 400,000/400,000  [ 0:02:31 < 0:00:00 , 2,594 it/s ]
 100% ━━━━━━━━━━━━━━━━━━━━━━ 500,000/500,000  [ 0:03:06 < 0:00:00 , 2,764 it/s ]
Training TRPO (seed 7/15)
 100% ━━━━━━━━━━━━━━━━━━━━━━ 106,496/100,000  [ 0:00:30 < 0:00:00 , 3,227 it/s ]
 100% ━━━━━━━━━━━━━━━━━━━━━━ 401,408/400,000  [ 0:02:06 < 0:00:00 , 3,092 it/s ]
 100% ━━━━━━━━━━━━━━━━━━━━━━ 507,904/500,000  [ 0:02:38 < 0:00:00 , 3,066 it/s ]
Training PPO (seed 7/15)
 100% ━━━━━━━━━━━━━━━━━━━━━━ 106,496/100,000  [ 0:00:59 < 0:00:00 , 1,638 it/s ]
 100% ━━━━━━━━━━━━━━━━━━━━━━ 401,408/400,000  [ 0:03:58 < 0:00:00 , 1,645 it/s ]
 100% ━━━━━━━━━━━━━━━━━━━━━━ 507,904/500,000  [ 0:05:00 < 0:00:00 , 1,652 it/s ]
Training DQN (seed 8/15)
 100% ━━━━━━━━━━━━━━━━━━━━━━ 100,000/100,000  [ 0:00:29 < 0:00:00 , 3,361 it/s ]
 100% ━━━━━━━━━━━━━━━━━━━━━━ 400,000/400,000  [ 0:02:00 < 0:00:00 , 3,264 it/s ]
 100% ━━━━━━━━━━━━━━━━━━━━━━ 500,000/500,000  [ 0:02:48 < 0:00:00 , 3,038 it/s ]
Training ARS (seed 8/15)
 100% ━━━━━━━━━━━━━━━━━━━━━━ 104,960/100,000  [ 0:00:16 < 0:00:00 , 5,927 it/s ]
 100% ━━━━━━━━━━━━━━━━━━━━━━ 419,840/295,040  [ 0:00:49 < 0:00:00 , 6,059 it/s ]
   0% ━━━━━━━━━━━━━━━━━━━━━━ 524,800/-24,800  [ 0:00:00 < 0:00:00 , 7,029 it/s ]
Training A2C (seed 8/15)
 100% ━━━━━━━━━━━━━━━━━━━━━━ 100,000/100,000  [ 0:00:32 < 0:00:00 , 3,115 it/s ]
 100% ━━━━━━━━━━━━━━━━━━━━━━ 400,000/400,000  [ 0:02:02 < 0:00:00 , 3,214 it/s ]
 100% ━━━━━━━━━━━━━━━━━━━━━━ 500,000/500,000  [ 0:02:34 < 0:00:00 , 3,195 it/s ]
Training TRPO (seed 8/15)
 100% ━━━━━━━━━━━━━━━━━━━━━━ 106,496/100,000  [ 0:00:30 < 0:00:00 , 3,241 it/s ]
 100% ━━━━━━━━━━━━━━━━━━━━━━ 401,408/400,000  [ 0:02:20 < 0:00:00 , 2,603 it/s ]
 100% ━━━━━━━━━━━━━━━━━━━━━━ 507,904/500,000  [ 0:02:34 < 0:00:00 , 3,380 it/s ]
Training PPO (seed 8/15)
 100% ━━━━━━━━━━━━━━━━━━━━━━ 106,496/100,000  [ 0:00:52 < 0:00:00 , 1,850 it/s ]
 100% ━━━━━━━━━━━━━━━━━━━━━━ 401,408/400,000  [ 0:03:44 < 0:00:00 , 1,469 it/s ]
 100% ━━━━━━━━━━━━━━━━━━━━━━ 507,904/500,000  [ 0:05:24 < 0:00:00 , 1,693 it/s ]
Training DQN (seed 9/15)
 100% ━━━━━━━━━━━━━━━━━━━━━━ 100,000/100,000  [ 0:00:29 < 0:00:00 , 3,401 it/s ]
 100% ━━━━━━━━━━━━━━━━━━━━━━ 400,000/400,000  [ 0:02:00 < 0:00:00 , 3,292 it/s ]
 100% ━━━━━━━━━━━━━━━━━━━━━━ 500,000/500,000  [ 0:02:32 < 0:00:00 , 3,268 it/s ]
Training ARS (seed 9/15)
 100% ━━━━━━━━━━━━━━━━━━━━━━ 104,960/100,000  [ 0:00:12 < 0:00:00 , 7,815 it/s ]
 100% ━━━━━━━━━━━━━━━━━━━━━━ 419,840/295,040  [ 0:00:37 < 0:00:00 , 7,797 it/s ]
   0% ━━━━━━━━━━━━━━━━━━━━━━ 524,800/-24,800  [ 0:00:00 < 0:00:00 , 7,809 it/s ]
Training A2C (seed 9/15)
 100% ━━━━━━━━━━━━━━━━━━━━━━ 100,000/100,000  [ 0:00:30 < 0:00:00 , 3,246 it/s ]
 100% ━━━━━━━━━━━━━━━━━━━━━━ 400,000/400,000  [ 0:02:10 < 0:00:00 , 2,957 it/s ]
 100% ━━━━━━━━━━━━━━━━━━━━━━ 500,000/500,000  [ 0:02:49 < 0:00:00 , 2,948 it/s ]
Training TRPO (seed 9/15)
 100% ━━━━━━━━━━━━━━━━━━━━━━ 106,496/100,000  [ 0:00:30 < 0:00:00 , 3,244 it/s ]
 100% ━━━━━━━━━━━━━━━━━━━━━━ 401,408/400,000  [ 0:02:06 < 0:00:00 , 3,017 it/s ]
 100% ━━━━━━━━━━━━━━━━━━━━━━ 507,904/500,000  [ 0:02:34 < 0:00:00 , 3,291 it/s ]
Training PPO (seed 9/15)
 100% ━━━━━━━━━━━━━━━━━━━━━━ 106,496/100,000  [ 0:01:04 < 0:00:00 , 1,536 it/s ]
 100% ━━━━━━━━━━━━━━━━━━━━━━ 401,408/400,000  [ 0:04:00 < 0:00:00 , 1,401 it/s ]
 100% ━━━━━━━━━━━━━━━━━━━━━━ 507,904/500,000  [ 0:05:17 < 0:00:00 , 1,542 it/s ]
Training DQN (seed 10/15)
 100% ━━━━━━━━━━━━━━━━━━━━━━ 100,000/100,000  [ 0:00:29 < 0:00:00 , 3,426 it/s ]
 100% ━━━━━━━━━━━━━━━━━━━━━━ 400,000/400,000  [ 0:01:48 < 0:00:00 , 3,825 it/s ]
 100% ━━━━━━━━━━━━━━━━━━━━━━ 500,000/500,000  [ 0:02:47 < 0:00:00 , 2,925 it/s ]
Training ARS (seed 10/15)
 100% ━━━━━━━━━━━━━━━━━━━━━━ 104,960/100,000  [ 0:00:15 < 0:00:00 , 6,370 it/s ]
 100% ━━━━━━━━━━━━━━━━━━━━━━ 419,840/295,040  [ 0:00:40 < 0:00:00 , 7,921 it/s ]
   0% ━━━━━━━━━━━━━━━━━━━━━━ 524,800/-24,800  [ 0:00:00 < 0:00:00 , 7,905 it/s ]
Training A2C (seed 10/15)
 100% ━━━━━━━━━━━━━━━━━━━━━━ 100,000/100,000  [ 0:00:27 < 0:00:00 , 3,609 it/s ]
 100% ━━━━━━━━━━━━━━━━━━━━━━ 400,000/400,000  [ 0:01:55 < 0:00:00 , 3,327 it/s ]
 100% ━━━━━━━━━━━━━━━━━━━━━━ 500,000/500,000  [ 0:02:42 < 0:00:00 , 2,707 it/s ]
Training TRPO (seed 10/15)
 100% ━━━━━━━━━━━━━━━━━━━━━━ 106,496/100,000  [ 0:00:35 < 0:00:00 , 2,758 it/s ]
 100% ━━━━━━━━━━━━━━━━━━━━━━ 401,408/400,000  [ 0:02:24 < 0:00:00 , 2,715 it/s ]
 100% ━━━━━━━━━━━━━━━━━━━━━━ 507,904/500,000  [ 0:02:40 < 0:00:00 , 3,097 it/s ]
Training PPO (seed 10/15)
 100% ━━━━━━━━━━━━━━━━━━━━━━ 106,496/100,000  [ 0:00:59 < 0:00:00 , 1,659 it/s ]
 100% ━━━━━━━━━━━━━━━━━━━━━━ 401,408/400,000  [ 0:03:55 < 0:00:00 , 1,677 it/s ]
 100% ━━━━━━━━━━━━━━━━━━━━━━ 507,904/500,000  [ 0:04:58 < 0:00:00 , 1,652 it/s ]
Training DQN (seed 11/15)
 100% ━━━━━━━━━━━━━━━━━━━━━━ 100,000/100,000  [ 0:00:29 < 0:00:00 , 3,356 it/s ]
 100% ━━━━━━━━━━━━━━━━━━━━━━ 400,000/400,000  [ 0:01:59 < 0:00:00 , 3,341 it/s ]
 100% ━━━━━━━━━━━━━━━━━━━━━━ 500,000/500,000  [ 0:02:30 < 0:00:00 , 3,317 it/s ]
Training ARS (seed 11/15)
 100% ━━━━━━━━━━━━━━━━━━━━━━ 104,960/100,000  [ 0:00:12 < 0:00:00 , 7,840 it/s ]
 100% ━━━━━━━━━━━━━━━━━━━━━━ 419,840/295,040  [ 0:00:37 < 0:00:00 , 6,857 it/s ]
   0% ━━━━━━━━━━━━━━━━━━━━━━ 524,800/-24,800  [ 0:00:00 < 0:00:00 , 5,815 it/s ]
Training A2C (seed 11/15)
 100% ━━━━━━━━━━━━━━━━━━━━━━ 100,000/100,000  [ 0:00:36 < 0:00:00 , 2,729 it/s ]
 100% ━━━━━━━━━━━━━━━━━━━━━━ 400,000/400,000  [ 0:02:02 < 0:00:00 , 3,317 it/s ]
 100% ━━━━━━━━━━━━━━━━━━━━━━ 500,000/500,000  [ 0:02:50 < 0:00:00 , 2,656 it/s ]
Training TRPO (seed 11/15)
 100% ━━━━━━━━━━━━━━━━━━━━━━ 106,496/100,000  [ 0:00:37 < 0:00:00 , 2,683 it/s ]
 100% ━━━━━━━━━━━━━━━━━━━━━━ 401,408/400,000  [ 0:02:11 < 0:00:00 , 3,169 it/s ]
 100% ━━━━━━━━━━━━━━━━━━━━━━ 507,904/500,000  [ 0:02:31 < 0:00:00 , 3,355 it/s ]
Training PPO (seed 11/15)
 100% ━━━━━━━━━━━━━━━━━━━━━━ 106,496/100,000  [ 0:00:52 < 0:00:00 , 1,893 it/s ]
 100% ━━━━━━━━━━━━━━━━━━━━━━ 401,408/400,000  [ 0:03:51 < 0:00:00 , 1,764 it/s ]
 100% ━━━━━━━━━━━━━━━━━━━━━━ 507,904/500,000  [ 0:04:35 < 0:00:00 , 1,678 it/s ]
Training DQN (seed 12/15)
 100% ━━━━━━━━━━━━━━━━━━━━━━ 100,000/100,000  [ 0:00:27 < 0:00:00 , 3,646 it/s ]
 100% ━━━━━━━━━━━━━━━━━━━━━━ 400,000/400,000  [ 0:01:54 < 0:00:00 , 3,684 it/s ]
 100% ━━━━━━━━━━━━━━━━━━━━━━ 500,000/500,000  [ 0:02:21 < 0:00:00 , 3,342 it/s ]
Training ARS (seed 12/15)
 100% ━━━━━━━━━━━━━━━━━━━━━━ 104,960/100,000  [ 0:00:12 < 0:00:00 , 7,844 it/s ]
 100% ━━━━━━━━━━━━━━━━━━━━━━ 419,840/295,040  [ 0:00:37 < 0:00:00 , 7,866 it/s ]
   0% ━━━━━━━━━━━━━━━━━━━━━━ 524,800/-24,800  [ 0:00:00 < 0:00:00 , 7,864 it/s ]
Training A2C (seed 12/15)
 100% ━━━━━━━━━━━━━━━━━━━━━━ 100,000/100,000  [ 0:00:30 < 0:00:00 , 3,269 it/s ]
 100% ━━━━━━━━━━━━━━━━━━━━━━ 400,000/400,000  [ 0:02:09 < 0:00:00 , 2,995 it/s ]
 100% ━━━━━━━━━━━━━━━━━━━━━━ 500,000/500,000  [ 0:02:48 < 0:00:00 , 2,974 it/s ]
Training TRPO (seed 12/15)
 100% ━━━━━━━━━━━━━━━━━━━━━━ 106,496/100,000  [ 0:00:30 < 0:00:00 , 3,203 it/s ]
 100% ━━━━━━━━━━━━━━━━━━━━━━ 401,408/400,000  [ 0:02:09 < 0:00:00 , 3,065 it/s ]
 100% ━━━━━━━━━━━━━━━━━━━━━━ 507,904/500,000  [ 0:02:39 < 0:00:00 , 3,014 it/s ]
Training PPO (seed 12/15)
 100% ━━━━━━━━━━━━━━━━━━━━━━ 106,496/100,000  [ 0:00:59 < 0:00:00 , 1,654 it/s ]
 100% ━━━━━━━━━━━━━━━━━━━━━━ 401,408/400,000  [ 0:03:47 < 0:00:00 , 1,866 it/s ]
 100% ━━━━━━━━━━━━━━━━━━━━━━ 507,904/500,000  [ 0:05:00 < 0:00:00 , 1,391 it/s ]
Training DQN (seed 13/15)
 100% ━━━━━━━━━━━━━━━━━━━━━━ 100,000/100,000  [ 0:00:36 < 0:00:00 , 2,681 it/s ]
 100% ━━━━━━━━━━━━━━━━━━━━━━ 400,000/400,000  [ 0:02:16 < 0:00:00 , 3,106 it/s ]
 100% ━━━━━━━━━━━━━━━━━━━━━━ 500,000/500,000  [ 0:02:24 < 0:00:00 , 3,766 it/s ]
Training ARS (seed 13/15)
 100% ━━━━━━━━━━━━━━━━━━━━━━ 104,960/100,000  [ 0:00:12 < 0:00:00 , 7,779 it/s ]
 100% ━━━━━━━━━━━━━━━━━━━━━━ 419,840/295,040  [ 0:00:37 < 0:00:00 , 7,837 it/s ]
   0% ━━━━━━━━━━━━━━━━━━━━━━ 524,800/-24,800  [ 0:00:00 < 0:00:00 , 7,896 it/s ]
Training A2C (seed 13/15)
 100% ━━━━━━━━━━━━━━━━━━━━━━ 100,000/100,000  [ 0:00:33 < 0:00:00 , 2,977 it/s ]
 100% ━━━━━━━━━━━━━━━━━━━━━━ 400,000/400,000  [ 0:02:16 < 0:00:00 , 2,767 it/s ]
 100% ━━━━━━━━━━━━━━━━━━━━━━ 500,000/500,000  [ 0:03:03 < 0:00:00 , 2,491 it/s ]
Training TRPO (seed 13/15)
 100% ━━━━━━━━━━━━━━━━━━━━━━ 106,496/100,000  [ 0:00:35 < 0:00:00 , 2,787 it/s ]
 100% ━━━━━━━━━━━━━━━━━━━━━━ 401,408/400,000  [ 0:02:34 < 0:00:00 , 2,534 it/s ]
 100% ━━━━━━━━━━━━━━━━━━━━━━ 507,904/500,000  [ 0:03:00 < 0:00:00 , 2,836 it/s ]
Training PPO (seed 13/15)
 100% ━━━━━━━━━━━━━━━━━━━━━━ 106,496/100,000  [ 0:01:06 < 0:00:00 , 1,451 it/s ]
 100% ━━━━━━━━━━━━━━━━━━━━━━ 401,408/400,000  [ 0:03:58 < 0:00:00 , 1,643 it/s ]
 100% ━━━━━━━━━━━━━━━━━━━━━━ 507,904/500,000  [ 0:05:01 < 0:00:00 , 1,655 it/s ]
Training DQN (seed 14/15)
 100% ━━━━━━━━━━━━━━━━━━━━━━ 100,000/100,000  [ 0:00:29 < 0:00:00 , 3,340 it/s ]
 100% ━━━━━━━━━━━━━━━━━━━━━━ 400,000/400,000  [ 0:02:00 < 0:00:00 , 3,324 it/s ]
 100% ━━━━━━━━━━━━━━━━━━━━━━ 500,000/500,000  [ 0:02:29 < 0:00:00 , 3,330 it/s ]
Training ARS (seed 14/15)
 100% ━━━━━━━━━━━━━━━━━━━━━━ 104,960/100,000  [ 0:00:12 < 0:00:00 , 7,829 it/s ]
 100% ━━━━━━━━━━━━━━━━━━━━━━ 419,840/295,040  [ 0:00:37 < 0:00:00 , 7,867 it/s ]
   0% ━━━━━━━━━━━━━━━━━━━━━━ 524,800/-24,800  [ 0:00:00 < 0:00:00 , 7,847 it/s ]
Training A2C (seed 14/15)
 100% ━━━━━━━━━━━━━━━━━━━━━━ 100,000/100,000  [ 0:00:30 < 0:00:00 , 3,247 it/s ]
 100% ━━━━━━━━━━━━━━━━━━━━━━ 400,000/400,000  [ 0:02:10 < 0:00:00 , 2,997 it/s ]
 100% ━━━━━━━━━━━━━━━━━━━━━━ 500,000/500,000  [ 0:03:06 < 0:00:00 , 2,455 it/s ]
Training TRPO (seed 14/15)
 100% ━━━━━━━━━━━━━━━━━━━━━━ 106,496/100,000  [ 0:00:38 < 0:00:00 , 2,500 it/s ]
 100% ━━━━━━━━━━━━━━━━━━━━━━ 401,408/400,000  [ 0:02:21 < 0:00:00 , 2,794 it/s ]
 100% ━━━━━━━━━━━━━━━━━━━━━━ 507,904/500,000  [ 0:02:36 < 0:00:00 , 3,267 it/s ]
Training PPO (seed 14/15)
 100% ━━━━━━━━━━━━━━━━━━━━━━ 106,496/100,000  [ 0:00:52 < 0:00:00 , 1,796 it/s ]
 100% ━━━━━━━━━━━━━━━━━━━━━━ 401,408/400,000  [ 0:03:40 < 0:00:00 , 1,538 it/s ]
 100% ━━━━━━━━━━━━━━━━━━━━━━ 507,904/500,000  [ 0:05:07 < 0:00:00 , 1,384 it/s ]
Training DQN (seed 15/15)
 100% ━━━━━━━━━━━━━━━━━━━━━━ 100,000/100,000  [ 0:00:28 < 0:00:00 , 3,481 it/s ]
 100% ━━━━━━━━━━━━━━━━━━━━━━ 400,000/400,000  [ 0:01:46 < 0:00:00 , 3,856 it/s ]
 100% ━━━━━━━━━━━━━━━━━━━━━━ 500,000/500,000  [ 0:02:13 < 0:00:00 , 3,770 it/s ]
Training ARS (seed 15/15)
 100% ━━━━━━━━━━━━━━━━━━━━━━ 104,960/100,000  [ 0:00:12 < 0:00:00 , 7,856 it/s ]
 100% ━━━━━━━━━━━━━━━━━━━━━━ 419,840/295,040  [ 0:00:41 < 0:00:00 , 6,714 it/s ]
   0% ━━━━━━━━━━━━━━━━━━━━━━ 524,800/-24,800  [ 0:00:00 < 0:00:00 , 7,684 it/s ]
Training A2C (seed 15/15)
 100% ━━━━━━━━━━━━━━━━━━━━━━ 100,000/100,000  [ 0:00:30 < 0:00:00 , 3,262 it/s ]
 100% ━━━━━━━━━━━━━━━━━━━━━━ 400,000/400,000  [ 0:02:08 < 0:00:00 , 3,001 it/s ]
 100% ━━━━━━━━━━━━━━━━━━━━━━ 500,000/500,000  [ 0:02:47 < 0:00:00 , 2,973 it/s ]
Training TRPO (seed 15/15)
 100% ━━━━━━━━━━━━━━━━━━━━━━ 106,496/100,000  [ 0:00:30 < 0:00:00 , 3,243 it/s ]
 100% ━━━━━━━━━━━━━━━━━━━━━━ 401,408/400,000  [ 0:02:07 < 0:00:00 , 3,053 it/s ]
 100% ━━━━━━━━━━━━━━━━━━━━━━ 507,904/500,000  [ 0:02:41 < 0:00:00 , 3,117 it/s ]
Training PPO (seed 15/15)
 100% ━━━━━━━━━━━━━━━━━━━━━━ 106,496/100,000  [ 0:00:58 < 0:00:00 , 1,675 it/s ]
 100% ━━━━━━━━━━━━━━━━━━━━━━ 401,408/400,000  [ 0:03:54 < 0:00:00 , 1,679 it/s ]
 100% ━━━━━━━━━━━━━━━━━━━━━━ 507,904/500,000  [ 0:05:28 < 0:00:00 , 1,480 it/s ]
