WARNING: All log messages before absl::InitializeLog() is called are written to STDERR
I0000 00:00:1779714941.427776 2405913 port.cc:153] oneDNN custom operations are on. You may see slightly different numerical results due to floating-point round-off errors from different computation orders. To turn them off, set the environment variable `TF_ENABLE_ONEDNN_OPTS=0`.
I0000 00:00:1779714943.726139 2405913 cpu_feature_guard.cc:227] This TensorFlow binary is optimized to use available CPU instructions in performance-critical operations.
To enable the following instructions: AVX2 AVX512F AVX512_VNNI AVX512_BF16 FMA, in other operations, rebuild TensorFlow with the appropriate compiler flags.
WARNING: All log messages before absl::InitializeLog() is called are written to STDERR
I0000 00:00:1779714952.952874 2405913 port.cc:153] oneDNN custom operations are on. You may see slightly different numerical results due to floating-point round-off errors from different computation orders. To turn them off, set the environment variable `TF_ENABLE_ONEDNN_OPTS=0`.
I0000 00:00:1779714952.969154 2405913 cudart_stub.cc:31] Could not find cuda drivers on your machine, GPU will not be used.
/pfs/data6/home/ma/ma_ma/ma_fablange/RL_Dynamic_Choice_RM/src/exec.py:353: RuntimeWarning: Gurobi did not return a feasible solution at t=277, x=64; using empty-offer fallback
  v_mnl, pi_mnl = solve_by_dp(
/pfs/data6/home/ma/ma_ma/ma_fablange/RL_Dynamic_Choice_RM/src/exec.py:353: RuntimeWarning: Gurobi did not return a feasible solution at t=221, x=21; using empty-offer fallback
  v_mnl, pi_mnl = solve_by_dp(
/pfs/data6/home/ma/ma_ma/ma_fablange/RL_Dynamic_Choice_RM/src/exec.py:353: RuntimeWarning: Gurobi did not return a feasible solution at t=166, x=65; using empty-offer fallback
  v_mnl, pi_mnl = solve_by_dp(
/pfs/data6/home/ma/ma_ma/ma_fablange/RL_Dynamic_Choice_RM/src/exec.py:353: RuntimeWarning: Gurobi did not return a feasible solution at t=139, x=95; using empty-offer fallback
  v_mnl, pi_mnl = solve_by_dp(
/pfs/data6/home/ma/ma_ma/ma_fablange/RL_Dynamic_Choice_RM/src/exec.py:353: RuntimeWarning: Gurobi did not return a feasible solution at t=76, x=33; using empty-offer fallback
  v_mnl, pi_mnl = solve_by_dp(
/pfs/data6/home/ma/ma_ma/ma_fablange/RL_Dynamic_Choice_RM/src/exec.py:353: RuntimeWarning: Gurobi did not return a feasible solution at t=38, x=143; using empty-offer fallback
  v_mnl, pi_mnl = solve_by_dp(
/pfs/data6/home/ma/ma_ma/ma_fablange/RL_Dynamic_Choice_RM/src/exec.py:353: RuntimeWarning: Gurobi did not return a feasible solution at t=23, x=123; using empty-offer fallback
  v_mnl, pi_mnl = solve_by_dp(
/pfs/data6/home/ma/ma_ma/ma_fablange/RL_Dynamic_Choice_RM/src/exec.py:353: RuntimeWarning: Gurobi did not return a feasible solution at t=16, x=86; using empty-offer fallback
  v_mnl, pi_mnl = solve_by_dp(
/pfs/data6/home/ma/ma_ma/ma_fablange/RL_Dynamic_Choice_RM/src/exec.py:353: RuntimeWarning: Gurobi did not return a feasible solution at t=0, x=140; using empty-offer fallback
  v_mnl, pi_mnl = solve_by_dp(
/pfs/data6/home/ma/ma_ma/ma_fablange/RL_Dynamic_Choice_RM/src/exec.py:365: RuntimeWarning: Gurobi did not return a feasible solution at t=403, x=150; using empty-offer fallback
  v_mmnl_5pt, pi_mmnl_5pt = solve_by_dp(
/pfs/data6/home/ma/ma_ma/ma_fablange/RL_Dynamic_Choice_RM/src/exec.py:365: RuntimeWarning: Gurobi did not return a feasible solution at t=394, x=74; using empty-offer fallback
  v_mmnl_5pt, pi_mmnl_5pt = solve_by_dp(
/pfs/data6/home/ma/ma_ma/ma_fablange/RL_Dynamic_Choice_RM/src/exec.py:365: RuntimeWarning: Gurobi did not return a feasible solution at t=372, x=46; using empty-offer fallback
  v_mmnl_5pt, pi_mmnl_5pt = solve_by_dp(
/pfs/data6/home/ma/ma_ma/ma_fablange/RL_Dynamic_Choice_RM/src/exec.py:365: RuntimeWarning: Gurobi did not return a feasible solution at t=369, x=175; using empty-offer fallback
  v_mmnl_5pt, pi_mmnl_5pt = solve_by_dp(
/pfs/data6/home/ma/ma_ma/ma_fablange/RL_Dynamic_Choice_RM/src/exec.py:365: RuntimeWarning: Gurobi did not return a feasible solution at t=367, x=37; using empty-offer fallback
  v_mmnl_5pt, pi_mmnl_5pt = solve_by_dp(
/pfs/data6/home/ma/ma_ma/ma_fablange/RL_Dynamic_Choice_RM/src/exec.py:365: RuntimeWarning: Gurobi did not return a feasible solution at t=366, x=70; using empty-offer fallback
  v_mmnl_5pt, pi_mmnl_5pt = solve_by_dp(
/pfs/data6/home/ma/ma_ma/ma_fablange/RL_Dynamic_Choice_RM/src/exec.py:365: RuntimeWarning: Gurobi did not return a feasible solution at t=328, x=28; using empty-offer fallback
  v_mmnl_5pt, pi_mmnl_5pt = solve_by_dp(
/pfs/data6/home/ma/ma_ma/ma_fablange/RL_Dynamic_Choice_RM/src/exec.py:365: RuntimeWarning: Gurobi did not return a feasible solution at t=318, x=134; using empty-offer fallback
  v_mmnl_5pt, pi_mmnl_5pt = solve_by_dp(
/pfs/data6/home/ma/ma_ma/ma_fablange/RL_Dynamic_Choice_RM/src/exec.py:365: RuntimeWarning: Gurobi did not return a feasible solution at t=314, x=117; using empty-offer fallback
  v_mmnl_5pt, pi_mmnl_5pt = solve_by_dp(
/pfs/data6/home/ma/ma_ma/ma_fablange/RL_Dynamic_Choice_RM/src/exec.py:365: RuntimeWarning: Gurobi did not return a feasible solution at t=311, x=43; using empty-offer fallback
  v_mmnl_5pt, pi_mmnl_5pt = solve_by_dp(
/pfs/data6/home/ma/ma_ma/ma_fablange/RL_Dynamic_Choice_RM/src/exec.py:365: RuntimeWarning: Gurobi did not return a feasible solution at t=277, x=103; using empty-offer fallback
  v_mmnl_5pt, pi_mmnl_5pt = solve_by_dp(
/pfs/data6/home/ma/ma_ma/ma_fablange/RL_Dynamic_Choice_RM/src/exec.py:365: RuntimeWarning: Gurobi did not return a feasible solution at t=272, x=65; using empty-offer fallback
  v_mmnl_5pt, pi_mmnl_5pt = solve_by_dp(
/pfs/data6/home/ma/ma_ma/ma_fablange/RL_Dynamic_Choice_RM/src/exec.py:365: RuntimeWarning: Gurobi did not return a feasible solution at t=267, x=32; using empty-offer fallback
  v_mmnl_5pt, pi_mmnl_5pt = solve_by_dp(
/pfs/data6/home/ma/ma_ma/ma_fablange/RL_Dynamic_Choice_RM/src/exec.py:365: RuntimeWarning: Gurobi did not return a feasible solution at t=260, x=13; using empty-offer fallback
  v_mmnl_5pt, pi_mmnl_5pt = solve_by_dp(
/pfs/data6/home/ma/ma_ma/ma_fablange/RL_Dynamic_Choice_RM/src/exec.py:365: RuntimeWarning: Gurobi did not return a feasible solution at t=258, x=35; using empty-offer fallback
  v_mmnl_5pt, pi_mmnl_5pt = solve_by_dp(
/pfs/data6/home/ma/ma_ma/ma_fablange/RL_Dynamic_Choice_RM/src/exec.py:365: RuntimeWarning: Gurobi did not return a feasible solution at t=252, x=102; using empty-offer fallback
  v_mmnl_5pt, pi_mmnl_5pt = solve_by_dp(
/pfs/data6/home/ma/ma_ma/ma_fablange/RL_Dynamic_Choice_RM/src/exec.py:365: RuntimeWarning: Gurobi did not return a feasible solution at t=249, x=148; using empty-offer fallback
  v_mmnl_5pt, pi_mmnl_5pt = solve_by_dp(
/pfs/data6/home/ma/ma_ma/ma_fablange/RL_Dynamic_Choice_RM/src/exec.py:365: RuntimeWarning: Gurobi did not return a feasible solution at t=234, x=97; using empty-offer fallback
  v_mmnl_5pt, pi_mmnl_5pt = solve_by_dp(
/pfs/data6/home/ma/ma_ma/ma_fablange/RL_Dynamic_Choice_RM/src/exec.py:365: RuntimeWarning: Gurobi did not return a feasible solution at t=208, x=126; using empty-offer fallback
  v_mmnl_5pt, pi_mmnl_5pt = solve_by_dp(
