Gurobi preflight: GRB_LICENSE_FILE=/scratch/slurm_tmpdir/job_4914787/gurobi_4914787_21/gurobi.lic, exists=True, WLSACCESSID=980b...1937, LICENSEID=2826902
Running task_id=21 with HIGH_SENSITIVITY=False, GT_MODEL=MNLrefPrice, TRAIN_ON_ALL_SETS=False, LARGE_PRODUCT_SET=True
[efficient_sets] Registered pending marker: /pfs/data6/home/ma/ma_ma/ma_fablange/RL_Dynamic_Choice_RM/src/slurm/.gurobi_slots_license_2826902/effsets_pending/task_21
scipy estimation data: obs=9520, alts=101, memory=7.35 MiB
scipy estimation mode: raw prices, beta_bounds=(-0.05, -1e-07), purchase_rate|arrival=0.9668
[efficient_sets] Waiting for Gurobi slot (max concurrent: 2)
[efficient_sets] Acquired Gurobi slot 1
Set parameter WLSAccessID
Set parameter WLSSecret
Set parameter LicenseID to value 2826902
Academic license 2826902 - for non-commercial use only - registered to b2___@campus.vwa-goettingen.de
[efficient_sets] Disposed Gurobi default environment
[efficient_sets] Released Gurobi slot 1
[efficient_sets] Removed pending marker: /pfs/data6/home/ma/ma_ma/ma_fablange/RL_Dynamic_Choice_RM/src/slurm/.gurobi_slots_license_2826902/effsets_pending/task_21
Training DQN (seed 1/15)
 100% ━━━━━━━━━━━━━━━━━━━━━━ 100,000/100,000  [ 0:00:25 < 0:00:00 , 3,848 it/s ]
 100% ━━━━━━━━━━━━━━━━━━━━━━ 400,000/400,000  [ 0:01:47 < 0:00:00 , 3,727 it/s ]
 100% ━━━━━━━━━━━━━━━━━━━━━━ 500,000/500,000  [ 0:02:11 < 0:00:00 , 3,776 it/s ]
Training QRDQN (seed 1/15)
 100% ━━━━━━━━━━━━━━━━━━━━━━━━ 100,000/100,000  [ 0:03:30 < 0:00:00 , 478 it/s ]
 100% ━━━━━━━━━━━━━━━━━━━━━━━━ 400,000/400,000  [ 0:16:33 < 0:00:00 , 360 it/s ]
 100% ━━━━━━━━━━━━━━━━━━━━━━━━ 500,000/500,000  [ 0:15:55 < 0:00:00 , 522 it/s ]
Training ARS (seed 1/15)
 100% ━━━━━━━━━━━━━━━━━━━━━ 103,528/100,000  [ 0:00:09 < 0:00:00 , 10,505 it/s ]
 100% ━━━━━━━━━━━━━━━━━━━━━ 409,104/296,472  [ 0:00:28 < 0:00:00 , 10,433 it/s ]
   0% ━━━━━━━━━━━━━━━━━━━━━ 516,548/-12,632  [ 0:00:00 < 0:00:00 , 10,481 it/s ]
Training A2C (seed 1/15)
 100% ━━━━━━━━━━━━━━━━━━━━━━ 100,000/100,000  [ 0:00:26 < 0:00:00 , 3,782 it/s ]
 100% ━━━━━━━━━━━━━━━━━━━━━━ 400,000/400,000  [ 0:01:52 < 0:00:00 , 3,446 it/s ]
 100% ━━━━━━━━━━━━━━━━━━━━━━ 500,000/500,000  [ 0:02:25 < 0:00:00 , 3,455 it/s ]
Training TRPO (seed 1/15)
 100% ━━━━━━━━━━━━━━━━━━━━━━ 106,496/100,000  [ 0:00:32 < 0:00:00 , 3,088 it/s ]
 100% ━━━━━━━━━━━━━━━━━━━━━━ 401,408/400,000  [ 0:02:12 < 0:00:00 , 2,863 it/s ]
 100% ━━━━━━━━━━━━━━━━━━━━━━ 507,904/500,000  [ 0:03:22 < 0:00:00 , 2,138 it/s ]
Training PPO (seed 1/15)
 100% ━━━━━━━━━━━━━━━━━━━━━━ 106,496/100,000  [ 0:01:03 < 0:00:00 , 1,537 it/s ]
 100% ━━━━━━━━━━━━━━━━━━━━━━ 401,408/400,000  [ 0:04:30 < 0:00:00 , 1,280 it/s ]
 100% ━━━━━━━━━━━━━━━━━━━━━━ 507,904/500,000  [ 0:06:22 < 0:00:00 , 1,121 it/s ]
Training DQN (seed 2/15)
 100% ━━━━━━━━━━━━━━━━━━━━━━ 100,000/100,000  [ 0:00:29 < 0:00:00 , 3,353 it/s ]
 100% ━━━━━━━━━━━━━━━━━━━━━━ 400,000/400,000  [ 0:01:56 < 0:00:00 , 3,462 it/s ]
 100% ━━━━━━━━━━━━━━━━━━━━━━ 500,000/500,000  [ 0:02:20 < 0:00:00 , 3,503 it/s ]
Training QRDQN (seed 2/15)
 100% ━━━━━━━━━━━━━━━━━━━━━━━━ 100,000/100,000  [ 0:03:32 < 0:00:00 , 474 it/s ]
 100% ━━━━━━━━━━━━━━━━━━━━━━━━ 400,000/400,000  [ 0:09:24 < 0:00:00 , 737 it/s ]
 100% ━━━━━━━━━━━━━━━━━━━━━━━━ 500,000/500,000  [ 0:12:21 < 0:00:00 , 722 it/s ]
Training ARS (seed 2/15)
 100% ━━━━━━━━━━━━━━━━━━━━━ 102,916/100,000  [ 0:00:09 < 0:00:00 , 11,013 it/s ]
 100% ━━━━━━━━━━━━━━━━━━━━━ 414,028/297,084  [ 0:00:26 < 0:00:00 , 11,059 it/s ]
   0% ━━━━━━━━━━━━━━━━━━━━━ 516,504/-16,944  [ 0:00:00 < 0:00:00 , 11,069 it/s ]
Training A2C (seed 2/15)
 100% ━━━━━━━━━━━━━━━━━━━━━━ 100,000/100,000  [ 0:00:24 < 0:00:00 , 4,094 it/s ]
 100% ━━━━━━━━━━━━━━━━━━━━━━ 400,000/400,000  [ 0:01:42 < 0:00:00 , 3,796 it/s ]
 100% ━━━━━━━━━━━━━━━━━━━━━━ 500,000/500,000  [ 0:02:59 < 0:00:00 , 2,344 it/s ]
Training TRPO (seed 2/15)
 100% ━━━━━━━━━━━━━━━━━━━━━━ 106,496/100,000  [ 0:00:43 < 0:00:00 , 2,302 it/s ]
 100% ━━━━━━━━━━━━━━━━━━━━━━ 401,408/400,000  [ 0:03:01 < 0:00:00 , 1,996 it/s ]
 100% ━━━━━━━━━━━━━━━━━━━━━━ 507,904/500,000  [ 0:03:56 < 0:00:00 , 2,102 it/s ]
Training PPO (seed 2/15)
 100% ━━━━━━━━━━━━━━━━━━━━━━ 106,496/100,000  [ 0:01:14 < 0:00:00 , 1,272 it/s ]
 100% ━━━━━━━━━━━━━━━━━━━━━━ 401,408/400,000  [ 0:04:15 < 0:00:00 , 1,541 it/s ]
 100% ━━━━━━━━━━━━━━━━━━━━━━ 507,904/500,000  [ 0:05:24 < 0:00:00 , 1,848 it/s ]
Training DQN (seed 3/15)
 100% ━━━━━━━━━━━━━━━━━━━━━━ 100,000/100,000  [ 0:00:18 < 0:00:00 , 5,381 it/s ]
 100% ━━━━━━━━━━━━━━━━━━━━━━ 400,000/400,000  [ 0:01:15 < 0:00:00 , 5,308 it/s ]
 100% ━━━━━━━━━━━━━━━━━━━━━━ 500,000/500,000  [ 0:01:34 < 0:00:00 , 5,316 it/s ]
Training QRDQN (seed 3/15)
 100% ━━━━━━━━━━━━━━━━━━━━━━━━ 100,000/100,000  [ 0:01:58 < 0:00:00 , 846 it/s ]
 100% ━━━━━━━━━━━━━━━━━━━━━━━━ 400,000/400,000  [ 0:07:55 < 0:00:00 , 825 it/s ]
 100% ━━━━━━━━━━━━━━━━━━━━━━━━ 500,000/500,000  [ 0:11:56 < 0:00:00 , 475 it/s ]
Training ARS (seed 3/15)
 100% ━━━━━━━━━━━━━━━━━━━━━ 102,996/100,000  [ 0:00:09 < 0:00:00 , 10,116 it/s ]
 100% ━━━━━━━━━━━━━━━━━━━━━ 413,068/297,004  [ 0:00:29 < 0:00:00 , 10,118 it/s ]
   0% ━━━━━━━━━━━━━━━━━━━━━ 516,216/-16,064  [ 0:00:00 < 0:00:00 , 10,097 it/s ]
Training A2C (seed 3/15)
 100% ━━━━━━━━━━━━━━━━━━━━━━ 100,000/100,000  [ 0:00:35 < 0:00:00 , 2,835 it/s ]
 100% ━━━━━━━━━━━━━━━━━━━━━━ 400,000/400,000  [ 0:02:26 < 0:00:00 , 2,650 it/s ]
 100% ━━━━━━━━━━━━━━━━━━━━━━ 500,000/500,000  [ 0:03:14 < 0:00:00 , 2,602 it/s ]
Training TRPO (seed 3/15)
 100% ━━━━━━━━━━━━━━━━━━━━━━ 106,496/100,000  [ 0:00:42 < 0:00:00 , 2,340 it/s ]
 100% ━━━━━━━━━━━━━━━━━━━━━━ 401,408/400,000  [ 0:02:54 < 0:00:00 , 2,097 it/s ]
 100% ━━━━━━━━━━━━━━━━━━━━━━ 507,904/500,000  [ 0:03:56 < 0:00:00 , 1,962 it/s ]
Training PPO (seed 3/15)
 100% ━━━━━━━━━━━━━━━━━━━━━━ 106,496/100,000  [ 0:01:12 < 0:00:00 , 1,385 it/s ]
 100% ━━━━━━━━━━━━━━━━━━━━━━ 401,408/400,000  [ 0:04:13 < 0:00:00 , 1,839 it/s ]
 100% ━━━━━━━━━━━━━━━━━━━━━━ 507,904/500,000  [ 0:03:47 < 0:00:00 , 2,280 it/s ]
Training DQN (seed 4/15)
 100% ━━━━━━━━━━━━━━━━━━━━━━ 100,000/100,000  [ 0:00:18 < 0:00:00 , 5,413 it/s ]
 100% ━━━━━━━━━━━━━━━━━━━━━━ 400,000/400,000  [ 0:01:15 < 0:00:00 , 5,349 it/s ]
 100% ━━━━━━━━━━━━━━━━━━━━━━ 500,000/500,000  [ 0:01:36 < 0:00:00 , 5,077 it/s ]
Training QRDQN (seed 4/15)
 100% ━━━━━━━━━━━━━━━━━━━━━━━━ 100,000/100,000  [ 0:02:06 < 0:00:00 , 771 it/s ]
 100% ━━━━━━━━━━━━━━━━━━━━━━━━ 400,000/400,000  [ 0:08:08 < 0:00:00 , 837 it/s ]
 100% ━━━━━━━━━━━━━━━━━━━━━━━━ 500,000/500,000  [ 0:13:53 < 0:00:00 , 489 it/s ]
Training ARS (seed 4/15)
 100% ━━━━━━━━━━━━━━━━━━━━━━ 103,672/100,000  [ 0:00:10 < 0:00:00 , 9,795 it/s ]
 100% ━━━━━━━━━━━━━━━━━━━━━━ 411,988/296,328  [ 0:00:30 < 0:00:00 , 9,801 it/s ]
   0% ━━━━━━━━━━━━━━━━━━━━━━ 517,512/-15,660  [ 0:00:00 < 0:00:00 , 9,910 it/s ]
Training A2C (seed 4/15)
 100% ━━━━━━━━━━━━━━━━━━━━━━ 100,000/100,000  [ 0:00:35 < 0:00:00 , 2,826 it/s ]
 100% ━━━━━━━━━━━━━━━━━━━━━━ 400,000/400,000  [ 0:02:29 < 0:00:00 , 2,588 it/s ]
 100% ━━━━━━━━━━━━━━━━━━━━━━ 500,000/500,000  [ 0:03:08 < 0:00:00 , 2,725 it/s ]
Training TRPO (seed 4/15)
 100% ━━━━━━━━━━━━━━━━━━━━━━ 106,496/100,000  [ 0:00:42 < 0:00:00 , 2,321 it/s ]
 100% ━━━━━━━━━━━━━━━━━━━━━━ 401,408/400,000  [ 0:02:58 < 0:00:00 , 2,168 it/s ]
 100% ━━━━━━━━━━━━━━━━━━━━━━ 507,904/500,000  [ 0:02:58 < 0:00:00 , 2,819 it/s ]
Training PPO (seed 4/15)
 100% ━━━━━━━━━━━━━━━━━━━━━━ 106,496/100,000  [ 0:00:52 < 0:00:00 , 1,869 it/s ]
 100% ━━━━━━━━━━━━━━━━━━━━━━ 401,408/400,000  [ 0:03:36 < 0:00:00 , 1,585 it/s ]
 100% ━━━━━━━━━━━━━━━━━━━━━━ 507,904/500,000  [ 0:04:25 < 0:00:00 , 2,263 it/s ]
Training DQN (seed 5/15)
 100% ━━━━━━━━━━━━━━━━━━━━━━ 100,000/100,000  [ 0:00:18 < 0:00:00 , 5,451 it/s ]
 100% ━━━━━━━━━━━━━━━━━━━━━━ 400,000/400,000  [ 0:01:14 < 0:00:00 , 5,372 it/s ]
 100% ━━━━━━━━━━━━━━━━━━━━━━ 500,000/500,000  [ 0:01:33 < 0:00:00 , 5,347 it/s ]
Training QRDQN (seed 5/15)
 100% ━━━━━━━━━━━━━━━━━━━━━━━━ 100,000/100,000  [ 0:02:03 < 0:00:00 , 799 it/s ]
 100% ━━━━━━━━━━━━━━━━━━━━━━━━ 400,000/400,000  [ 0:09:55 < 0:00:00 , 551 it/s ]
 100% ━━━━━━━━━━━━━━━━━━━━━━━━ 500,000/500,000  [ 0:14:37 < 0:00:00 , 540 it/s ]
Training ARS (seed 5/15)
 100% ━━━━━━━━━━━━━━━━━━━━━━ 103,764/100,000  [ 0:00:10 < 0:00:00 , 9,463 it/s ]
 100% ━━━━━━━━━━━━━━━━━━━━━━ 412,376/296,236  [ 0:00:30 < 0:00:00 , 9,576 it/s ]
   0% ━━━━━━━━━━━━━━━━━━━━━━ 514,828/-16,140  [ 0:00:00 < 0:00:00 , 9,849 it/s ]
Training A2C (seed 5/15)
 100% ━━━━━━━━━━━━━━━━━━━━━━ 100,000/100,000  [ 0:00:28 < 0:00:00 , 3,498 it/s ]
 100% ━━━━━━━━━━━━━━━━━━━━━━ 400,000/400,000  [ 0:01:44 < 0:00:00 , 3,802 it/s ]
 100% ━━━━━━━━━━━━━━━━━━━━━━ 500,000/500,000  [ 0:02:11 < 0:00:00 , 3,876 it/s ]
Training TRPO (seed 5/15)
 100% ━━━━━━━━━━━━━━━━━━━━━━ 106,496/100,000  [ 0:00:29 < 0:00:00 , 3,346 it/s ]
 100% ━━━━━━━━━━━━━━━━━━━━━━ 401,408/400,000  [ 0:02:05 < 0:00:00 , 3,080 it/s ]
 100% ━━━━━━━━━━━━━━━━━━━━━━ 507,904/500,000  [ 0:02:57 < 0:00:00 , 2,732 it/s ]
Training PPO (seed 5/15)
 100% ━━━━━━━━━━━━━━━━━━━━━━ 106,496/100,000  [ 0:00:53 < 0:00:00 , 1,676 it/s ]
 100% ━━━━━━━━━━━━━━━━━━━━━━ 401,408/400,000  [ 0:03:29 < 0:00:00 , 1,794 it/s ]
 100% ━━━━━━━━━━━━━━━━━━━━━━ 507,904/500,000  [ 0:04:29 < 0:00:00 , 1,893 it/s ]
Training DQN (seed 6/15)
 100% ━━━━━━━━━━━━━━━━━━━━━━ 100,000/100,000  [ 0:00:21 < 0:00:00 , 4,689 it/s ]
 100% ━━━━━━━━━━━━━━━━━━━━━━ 400,000/400,000  [ 0:01:16 < 0:00:00 , 5,509 it/s ]
 100% ━━━━━━━━━━━━━━━━━━━━━━ 500,000/500,000  [ 0:01:39 < 0:00:00 , 4,460 it/s ]
Training QRDQN (seed 6/15)
 100% ━━━━━━━━━━━━━━━━━━━━━━━━ 100,000/100,000  [ 0:02:47 < 0:00:00 , 548 it/s ]
 100% ━━━━━━━━━━━━━━━━━━━━━━━━ 400,000/400,000  [ 0:11:51 < 0:00:00 , 570 it/s ]
 100% ━━━━━━━━━━━━━━━━━━━━━━━━ 500,000/500,000  [ 0:11:55 < 0:00:00 , 873 it/s ]
Training ARS (seed 6/15)
 100% ━━━━━━━━━━━━━━━━━━━━━ 103,560/100,000  [ 0:00:09 < 0:00:00 , 10,988 it/s ]
 100% ━━━━━━━━━━━━━━━━━━━━━ 412,136/296,440  [ 0:00:27 < 0:00:00 , 10,961 it/s ]
   0% ━━━━━━━━━━━━━━━━━━━━━ 517,180/-15,696  [ 0:00:00 < 0:00:00 , 10,909 it/s ]
Training A2C (seed 6/15)
 100% ━━━━━━━━━━━━━━━━━━━━━━ 100,000/100,000  [ 0:00:22 < 0:00:00 , 4,479 it/s ]
 100% ━━━━━━━━━━━━━━━━━━━━━━ 400,000/400,000  [ 0:01:48 < 0:00:00 , 3,592 it/s ]
 100% ━━━━━━━━━━━━━━━━━━━━━━ 500,000/500,000  [ 0:02:13 < 0:00:00 , 4,006 it/s ]
Training TRPO (seed 6/15)
 100% ━━━━━━━━━━━━━━━━━━━━━━ 106,496/100,000  [ 0:00:30 < 0:00:00 , 3,269 it/s ]
 100% ━━━━━━━━━━━━━━━━━━━━━━ 401,408/400,000  [ 0:02:03 < 0:00:00 , 3,124 it/s ]
 100% ━━━━━━━━━━━━━━━━━━━━━━ 507,904/500,000  [ 0:02:45 < 0:00:00 , 2,893 it/s ]
Training PPO (seed 6/15)
 100% ━━━━━━━━━━━━━━━━━━━━━━ 106,496/100,000  [ 0:00:50 < 0:00:00 , 1,934 it/s ]
 100% ━━━━━━━━━━━━━━━━━━━━━━ 401,408/400,000  [ 0:03:33 < 0:00:00 , 1,692 it/s ]
 100% ━━━━━━━━━━━━━━━━━━━━━━ 507,904/500,000  [ 0:05:37 < 0:00:00 , 1,365 it/s ]
Training DQN (seed 7/15)
 100% ━━━━━━━━━━━━━━━━━━━━━━ 100,000/100,000  [ 0:00:28 < 0:00:00 , 3,506 it/s ]
 100% ━━━━━━━━━━━━━━━━━━━━━━ 400,000/400,000  [ 0:01:58 < 0:00:00 , 3,302 it/s ]
 100% ━━━━━━━━━━━━━━━━━━━━━━ 500,000/500,000  [ 0:02:25 < 0:00:00 , 3,666 it/s ]
Training QRDQN (seed 7/15)
 100% ━━━━━━━━━━━━━━━━━━━━━━━━ 100,000/100,000  [ 0:02:57 < 0:00:00 , 498 it/s ]
 100% ━━━━━━━━━━━━━━━━━━━━━━━━ 400,000/400,000  [ 0:10:41 < 0:00:00 , 704 it/s ]
 100% ━━━━━━━━━━━━━━━━━━━━━━━━ 500,000/500,000  [ 0:10:33 < 0:00:00 , 804 it/s ]
Training ARS (seed 7/15)
 100% ━━━━━━━━━━━━━━━━━━━━━ 103,352/100,000  [ 0:00:09 < 0:00:00 , 10,744 it/s ]
 100% ━━━━━━━━━━━━━━━━━━━━━ 410,644/296,648  [ 0:00:27 < 0:00:00 , 10,699 it/s ]
   0% ━━━━━━━━━━━━━━━━━━━━━ 511,928/-13,996  [ 0:00:00 < 0:00:00 , 10,710 it/s ]
Training A2C (seed 7/15)
 100% ━━━━━━━━━━━━━━━━━━━━━━ 100,000/100,000  [ 0:00:22 < 0:00:00 , 4,458 it/s ]
 100% ━━━━━━━━━━━━━━━━━━━━━━ 400,000/400,000  [ 0:01:33 < 0:00:00 , 4,140 it/s ]
 100% ━━━━━━━━━━━━━━━━━━━━━━ 500,000/500,000  [ 0:02:14 < 0:00:00 , 3,544 it/s ]
Training TRPO (seed 7/15)
 100% ━━━━━━━━━━━━━━━━━━━━━━ 106,496/100,000  [ 0:00:30 < 0:00:00 , 3,083 it/s ]
 100% ━━━━━━━━━━━━━━━━━━━━━━ 401,408/400,000  [ 0:02:09 < 0:00:00 , 2,788 it/s ]
 100% ━━━━━━━━━━━━━━━━━━━━━━ 507,904/500,000  [ 0:03:09 < 0:00:00 , 2,431 it/s ]
Training PPO (seed 7/15)
 100% ━━━━━━━━━━━━━━━━━━━━━━ 106,496/100,000  [ 0:01:13 < 0:00:00 , 1,556 it/s ]
 100% ━━━━━━━━━━━━━━━━━━━━━━ 401,408/400,000  [ 0:04:40 < 0:00:00 , 1,191 it/s ]
 100% ━━━━━━━━━━━━━━━━━━━━━━ 507,904/500,000  [ 0:06:38 < 0:00:00 , 1,308 it/s ]
Training DQN (seed 8/15)
 100% ━━━━━━━━━━━━━━━━━━━━━━ 100,000/100,000  [ 0:00:31 < 0:00:00 , 3,178 it/s ]
 100% ━━━━━━━━━━━━━━━━━━━━━━ 400,000/400,000  [ 0:02:02 < 0:00:00 , 3,225 it/s ]
 100% ━━━━━━━━━━━━━━━━━━━━━━ 500,000/500,000  [ 0:02:27 < 0:00:00 , 4,200 it/s ]
Training QRDQN (seed 8/15)
 100% ━━━━━━━━━━━━━━━━━━━━━━━━ 100,000/100,000  [ 0:02:37 < 0:00:00 , 683 it/s ]
 100% ━━━━━━━━━━━━━━━━━━━━━━━━ 400,000/400,000  [ 0:08:25 < 0:00:00 , 806 it/s ]
 100% ━━━━━━━━━━━━━━━━━━━━━━━━ 500,000/500,000  [ 0:10:18 < 0:00:00 , 830 it/s ]
Training ARS (seed 8/15)
 100% ━━━━━━━━━━━━━━━━━━━━━ 103,456/100,000  [ 0:00:09 < 0:00:00 , 10,746 it/s ]
 100% ━━━━━━━━━━━━━━━━━━━━━ 412,716/296,544  [ 0:00:27 < 0:00:00 , 10,746 it/s ]
   0% ━━━━━━━━━━━━━━━━━━━━━ 516,304/-16,172  [ 0:00:00 < 0:00:00 , 10,768 it/s ]
Training A2C (seed 8/15)
 100% ━━━━━━━━━━━━━━━━━━━━━━ 100,000/100,000  [ 0:00:24 < 0:00:00 , 4,001 it/s ]
 100% ━━━━━━━━━━━━━━━━━━━━━━ 400,000/400,000  [ 0:01:44 < 0:00:00 , 3,656 it/s ]
 100% ━━━━━━━━━━━━━━━━━━━━━━ 500,000/500,000  [ 0:02:19 < 0:00:00 , 3,283 it/s ]
Training TRPO (seed 8/15)
 100% ━━━━━━━━━━━━━━━━━━━━━━ 106,496/100,000  [ 0:00:36 < 0:00:00 , 2,719 it/s ]
 100% ━━━━━━━━━━━━━━━━━━━━━━ 401,408/400,000  [ 0:02:24 < 0:00:00 , 2,752 it/s ]
 100% ━━━━━━━━━━━━━━━━━━━━━━ 507,904/500,000  [ 0:03:49 < 0:00:00 , 1,950 it/s ]
Training PPO (seed 8/15)
 100% ━━━━━━━━━━━━━━━━━━━━━━ 106,496/100,000  [ 0:01:08 < 0:00:00 , 1,429 it/s ]
 100% ━━━━━━━━━━━━━━━━━━━━━━ 401,408/400,000  [ 0:04:35 < 0:00:00 , 1,274 it/s ]
 100% ━━━━━━━━━━━━━━━━━━━━━━ 507,904/500,000  [ 0:05:24 < 0:00:00 , 1,566 it/s ]
Training DQN (seed 9/15)
 100% ━━━━━━━━━━━━━━━━━━━━━━ 100,000/100,000  [ 0:00:23 < 0:00:00 , 4,266 it/s ]
 100% ━━━━━━━━━━━━━━━━━━━━━━ 400,000/400,000  [ 0:01:36 < 0:00:00 , 4,068 it/s ]
 100% ━━━━━━━━━━━━━━━━━━━━━━ 500,000/500,000  [ 0:02:02 < 0:00:00 , 4,082 it/s ]
Training QRDQN (seed 9/15)
 100% ━━━━━━━━━━━━━━━━━━━━━━━━ 100,000/100,000  [ 0:02:23 < 0:00:00 , 738 it/s ]
 100% ━━━━━━━━━━━━━━━━━━━━━━━━ 400,000/400,000  [ 0:08:02 < 0:00:00 , 795 it/s ]
 100% ━━━━━━━━━━━━━━━━━━━━━━━━ 500,000/500,000  [ 0:11:12 < 0:00:00 , 768 it/s ]
Training ARS (seed 9/15)
 100% ━━━━━━━━━━━━━━━━━━━━━ 103,652/100,000  [ 0:00:09 < 0:00:00 , 10,568 it/s ]
 100% ━━━━━━━━━━━━━━━━━━━━━ 411,060/296,348  [ 0:00:27 < 0:00:00 , 10,636 it/s ]
   0% ━━━━━━━━━━━━━━━━━━━━━ 512,396/-14,712  [ 0:00:00 < 0:00:00 , 10,800 it/s ]
Training A2C (seed 9/15)
 100% ━━━━━━━━━━━━━━━━━━━━━━ 100,000/100,000  [ 0:00:24 < 0:00:00 , 4,143 it/s ]
 100% ━━━━━━━━━━━━━━━━━━━━━━ 400,000/400,000  [ 0:01:43 < 0:00:00 , 3,457 it/s ]
 100% ━━━━━━━━━━━━━━━━━━━━━━ 500,000/500,000  [ 0:02:40 < 0:00:00 , 3,166 it/s ]
Training TRPO (seed 9/15)
 100% ━━━━━━━━━━━━━━━━━━━━━━ 106,496/100,000  [ 0:00:36 < 0:00:00 , 2,710 it/s ]
 100% ━━━━━━━━━━━━━━━━━━━━━━ 401,408/400,000  [ 0:03:02 < 0:00:00 , 2,032 it/s ]
 100% ━━━━━━━━━━━━━━━━━━━━━━ 507,904/500,000  [ 0:03:39 < 0:00:00 , 2,335 it/s ]
Training PPO (seed 9/15)
 100% ━━━━━━━━━━━━━━━━━━━━━━ 106,496/100,000  [ 0:01:00 < 0:00:00 , 1,579 it/s ]
 100% ━━━━━━━━━━━━━━━━━━━━━━ 401,408/400,000  [ 0:04:04 < 0:00:00 , 1,556 it/s ]
 100% ━━━━━━━━━━━━━━━━━━━━━━ 507,904/500,000  [ 0:04:55 < 0:00:00 , 1,992 it/s ]
Training DQN (seed 10/15)
 100% ━━━━━━━━━━━━━━━━━━━━━━ 100,000/100,000  [ 0:00:20 < 0:00:00 , 4,945 it/s ]
 100% ━━━━━━━━━━━━━━━━━━━━━━ 400,000/400,000  [ 0:01:21 < 0:00:00 , 4,936 it/s ]
 100% ━━━━━━━━━━━━━━━━━━━━━━ 500,000/500,000  [ 0:01:41 < 0:00:00 , 4,777 it/s ]
Training QRDQN (seed 10/15)
 100% ━━━━━━━━━━━━━━━━━━━━━━━━ 100,000/100,000  [ 0:02:20 < 0:00:00 , 702 it/s ]
 100% ━━━━━━━━━━━━━━━━━━━━━━━━ 400,000/400,000  [ 0:08:45 < 0:00:00 , 741 it/s ]
 100% ━━━━━━━━━━━━━━━━━━━━━━━━ 500,000/500,000  [ 0:11:37 < 0:00:00 , 604 it/s ]
Training ARS (seed 10/15)
 100% ━━━━━━━━━━━━━━━━━━━━━ 102,736/100,000  [ 0:00:09 < 0:00:00 , 10,431 it/s ]
 100% ━━━━━━━━━━━━━━━━━━━━━ 412,716/297,264  [ 0:00:28 < 0:00:00 , 10,490 it/s ]
   0% ━━━━━━━━━━━━━━━━━━━━━ 518,152/-15,452  [ 0:00:00 < 0:00:00 , 10,588 it/s ]
Training A2C (seed 10/15)
 100% ━━━━━━━━━━━━━━━━━━━━━━ 100,000/100,000  [ 0:00:31 < 0:00:00 , 3,211 it/s ]
 100% ━━━━━━━━━━━━━━━━━━━━━━ 400,000/400,000  [ 0:01:51 < 0:00:00 , 3,889 it/s ]
 100% ━━━━━━━━━━━━━━━━━━━━━━ 500,000/500,000  [ 0:02:13 < 0:00:00 , 3,648 it/s ]
Training TRPO (seed 10/15)
 100% ━━━━━━━━━━━━━━━━━━━━━━ 106,496/100,000  [ 0:00:31 < 0:00:00 , 3,028 it/s ]
 100% ━━━━━━━━━━━━━━━━━━━━━━ 401,408/400,000  [ 0:02:08 < 0:00:00 , 3,010 it/s ]
 100% ━━━━━━━━━━━━━━━━━━━━━━ 507,904/500,000  [ 0:03:26 < 0:00:00 , 2,347 it/s ]
Training PPO (seed 10/15)
 100% ━━━━━━━━━━━━━━━━━━━━━━ 106,496/100,000  [ 0:01:05 < 0:00:00 , 1,496 it/s ]
 100% ━━━━━━━━━━━━━━━━━━━━━━ 401,408/400,000  [ 0:03:47 < 0:00:00 , 1,808 it/s ]
 100% ━━━━━━━━━━━━━━━━━━━━━━ 507,904/500,000  [ 0:04:25 < 0:00:00 , 1,937 it/s ]
Training DQN (seed 11/15)
 100% ━━━━━━━━━━━━━━━━━━━━━━ 100,000/100,000  [ 0:00:20 < 0:00:00 , 4,778 it/s ]
 100% ━━━━━━━━━━━━━━━━━━━━━━ 400,000/400,000  [ 0:01:24 < 0:00:00 , 4,750 it/s ]
 100% ━━━━━━━━━━━━━━━━━━━━━━ 500,000/500,000  [ 0:01:44 < 0:00:00 , 4,757 it/s ]
Training QRDQN (seed 11/15)
 100% ━━━━━━━━━━━━━━━━━━━━━━━━ 100,000/100,000  [ 0:02:38 < 0:00:00 , 626 it/s ]
 100% ━━━━━━━━━━━━━━━━━━━━━━━━ 400,000/400,000  [ 0:10:03 < 0:00:00 , 750 it/s ]
 100% ━━━━━━━━━━━━━━━━━━━━━━━━ 500,000/500,000  [ 0:11:46 < 0:00:00 , 760 it/s ]
Training ARS (seed 11/15)
 100% ━━━━━━━━━━━━━━━━━━━━━ 103,256/100,000  [ 0:00:09 < 0:00:00 , 10,569 it/s ]
 100% ━━━━━━━━━━━━━━━━━━━━━ 414,492/296,744  [ 0:00:27 < 0:00:00 , 10,621 it/s ]
   0% ━━━━━━━━━━━━━━━━━━━━━ 517,304/-17,748  [ 0:00:00 < 0:00:00 , 10,648 it/s ]
Training A2C (seed 11/15)
 100% ━━━━━━━━━━━━━━━━━━━━━━ 100,000/100,000  [ 0:00:24 < 0:00:00 , 4,009 it/s ]
 100% ━━━━━━━━━━━━━━━━━━━━━━ 400,000/400,000  [ 0:01:45 < 0:00:00 , 3,708 it/s ]
 100% ━━━━━━━━━━━━━━━━━━━━━━ 500,000/500,000  [ 0:02:16 < 0:00:00 , 3,699 it/s ]
Training TRPO (seed 11/15)
 100% ━━━━━━━━━━━━━━━━━━━━━━ 106,496/100,000  [ 0:00:31 < 0:00:00 , 3,111 it/s ]
 100% ━━━━━━━━━━━━━━━━━━━━━━ 401,408/400,000  [ 0:02:13 < 0:00:00 , 2,752 it/s ]
 100% ━━━━━━━━━━━━━━━━━━━━━━ 507,904/500,000  [ 0:03:00 < 0:00:00 , 2,623 it/s ]
Training PPO (seed 11/15)
 100% ━━━━━━━━━━━━━━━━━━━━━━ 106,496/100,000  [ 0:00:51 < 0:00:00 , 1,777 it/s ]
 100% ━━━━━━━━━━━━━━━━━━━━━━ 401,408/400,000  [ 0:03:32 < 0:00:00 , 1,723 it/s ]
 100% ━━━━━━━━━━━━━━━━━━━━━━ 507,904/500,000  [ 0:05:15 < 0:00:00 , 1,630 it/s ]
Training DQN (seed 12/15)
 100% ━━━━━━━━━━━━━━━━━━━━━━ 100,000/100,000  [ 0:00:23 < 0:00:00 , 4,254 it/s ]
 100% ━━━━━━━━━━━━━━━━━━━━━━ 400,000/400,000  [ 0:01:35 < 0:00:00 , 4,177 it/s ]
 100% ━━━━━━━━━━━━━━━━━━━━━━ 500,000/500,000  [ 0:01:59 < 0:00:00 , 4,165 it/s ]
Training QRDQN (seed 12/15)
 100% ━━━━━━━━━━━━━━━━━━━━━━━━ 100,000/100,000  [ 0:02:34 < 0:00:00 , 672 it/s ]
 100% ━━━━━━━━━━━━━━━━━━━━━━━━ 400,000/400,000  [ 0:09:25 < 0:00:00 , 786 it/s ]
 100% ━━━━━━━━━━━━━━━━━━━━━━━━ 500,000/500,000  [ 0:11:03 < 0:00:00 , 770 it/s ]
Training ARS (seed 12/15)
 100% ━━━━━━━━━━━━━━━━━━━━━ 103,348/100,000  [ 0:00:09 < 0:00:00 , 10,530 it/s ]
 100% ━━━━━━━━━━━━━━━━━━━━━ 413,628/296,652  [ 0:00:28 < 0:00:00 , 10,489 it/s ]
   0% ━━━━━━━━━━━━━━━━━━━━━ 519,984/-16,976  [ 0:00:00 < 0:00:00 , 10,529 it/s ]
Training A2C (seed 12/15)
 100% ━━━━━━━━━━━━━━━━━━━━━━ 100,000/100,000  [ 0:00:25 < 0:00:00 , 3,982 it/s ]
 100% ━━━━━━━━━━━━━━━━━━━━━━ 400,000/400,000  [ 0:01:44 < 0:00:00 , 3,719 it/s ]
 100% ━━━━━━━━━━━━━━━━━━━━━━ 500,000/500,000  [ 0:02:09 < 0:00:00 , 4,474 it/s ]
Training TRPO (seed 12/15)
 100% ━━━━━━━━━━━━━━━━━━━━━━ 106,496/100,000  [ 0:00:28 < 0:00:00 , 3,333 it/s ]
 100% ━━━━━━━━━━━━━━━━━━━━━━ 401,408/400,000  [ 0:01:57 < 0:00:00 , 3,302 it/s ]
 100% ━━━━━━━━━━━━━━━━━━━━━━ 507,904/500,000  [ 0:02:46 < 0:00:00 , 2,551 it/s ]
Training PPO (seed 12/15)
 100% ━━━━━━━━━━━━━━━━━━━━━━ 106,496/100,000  [ 0:01:01 < 0:00:00 , 1,577 it/s ]
 100% ━━━━━━━━━━━━━━━━━━━━━━ 401,408/400,000  [ 0:04:09 < 0:00:00 , 1,545 it/s ]
 100% ━━━━━━━━━━━━━━━━━━━━━━ 507,904/500,000  [ 0:05:02 < 0:00:00 , 1,692 it/s ]
Training DQN (seed 13/15)
 100% ━━━━━━━━━━━━━━━━━━━━━━ 100,000/100,000  [ 0:00:22 < 0:00:00 , 4,354 it/s ]
 100% ━━━━━━━━━━━━━━━━━━━━━━ 400,000/400,000  [ 0:01:34 < 0:00:00 , 4,199 it/s ]
 100% ━━━━━━━━━━━━━━━━━━━━━━ 500,000/500,000  [ 0:01:58 < 0:00:00 , 4,212 it/s ]
Training QRDQN (seed 13/15)
 100% ━━━━━━━━━━━━━━━━━━━━━━━━ 100,000/100,000  [ 0:02:30 < 0:00:00 , 658 it/s ]
 100% ━━━━━━━━━━━━━━━━━━━━━━━━ 400,000/400,000  [ 0:09:21 < 0:00:00 , 768 it/s ]
 100% ━━━━━━━━━━━━━━━━━━━━━━━━ 500,000/500,000  [ 0:11:22 < 0:00:00 , 679 it/s ]
Training ARS (seed 13/15)
 100% ━━━━━━━━━━━━━━━━━━━━━ 102,584/100,000  [ 0:00:09 < 0:00:00 , 10,545 it/s ]
 100% ━━━━━━━━━━━━━━━━━━━━━ 410,696/297,416  [ 0:00:28 < 0:00:00 , 10,526 it/s ]
   0% ━━━━━━━━━━━━━━━━━━━━━ 516,844/-13,280  [ 0:00:00 < 0:00:00 , 10,621 it/s ]
Training A2C (seed 13/15)
 100% ━━━━━━━━━━━━━━━━━━━━━━ 100,000/100,000  [ 0:00:22 < 0:00:00 , 4,545 it/s ]
 100% ━━━━━━━━━━━━━━━━━━━━━━ 400,000/400,000  [ 0:01:30 < 0:00:00 , 4,292 it/s ]
 100% ━━━━━━━━━━━━━━━━━━━━━━ 500,000/500,000  [ 0:01:57 < 0:00:00 , 4,289 it/s ]
Training TRPO (seed 13/15)
 100% ━━━━━━━━━━━━━━━━━━━━━━ 106,496/100,000  [ 0:00:29 < 0:00:00 , 3,367 it/s ]
 100% ━━━━━━━━━━━━━━━━━━━━━━ 401,408/400,000  [ 0:02:01 < 0:00:00 , 3,024 it/s ]
 100% ━━━━━━━━━━━━━━━━━━━━━━ 507,904/500,000  [ 0:02:39 < 0:00:00 , 3,094 it/s ]
Training PPO (seed 13/15)
 100% ━━━━━━━━━━━━━━━━━━━━━━ 106,496/100,000  [ 0:00:48 < 0:00:00 , 2,023 it/s ]
 100% ━━━━━━━━━━━━━━━━━━━━━━ 401,408/400,000  [ 0:03:18 < 0:00:00 , 1,768 it/s ]
 100% ━━━━━━━━━━━━━━━━━━━━━━ 507,904/500,000  [ 0:04:24 < 0:00:00 , 1,943 it/s ]
Training DQN (seed 14/15)
 100% ━━━━━━━━━━━━━━━━━━━━━━ 100,000/100,000  [ 0:00:20 < 0:00:00 , 4,769 it/s ]
 100% ━━━━━━━━━━━━━━━━━━━━━━ 400,000/400,000  [ 0:01:23 < 0:00:00 , 4,783 it/s ]
 100% ━━━━━━━━━━━━━━━━━━━━━━ 500,000/500,000  [ 0:01:42 < 0:00:00 , 4,869 it/s ]
Training QRDQN (seed 14/15)
 100% ━━━━━━━━━━━━━━━━━━━━━━━━ 100,000/100,000  [ 0:02:10 < 0:00:00 , 765 it/s ]
 100% ━━━━━━━━━━━━━━━━━━━━━━━━ 400,000/400,000  [ 0:08:13 < 0:00:00 , 912 it/s ]
 100% ━━━━━━━━━━━━━━━━━━━━━━━━ 500,000/500,000  [ 0:09:31 < 0:00:00 , 854 it/s ]
Training ARS (seed 14/15)
 100% ━━━━━━━━━━━━━━━━━━━━━ 102,848/100,000  [ 0:00:09 < 0:00:00 , 10,859 it/s ]
 100% ━━━━━━━━━━━━━━━━━━━━━ 408,056/297,152  [ 0:00:27 < 0:00:00 , 10,838 it/s ]
   0% ━━━━━━━━━━━━━━━━━━━━━ 514,464/-10,904  [ 0:00:00 < 0:00:00 , 10,838 it/s ]
Training A2C (seed 14/15)
 100% ━━━━━━━━━━━━━━━━━━━━━━ 100,000/100,000  [ 0:00:21 < 0:00:00 , 4,679 it/s ]
 100% ━━━━━━━━━━━━━━━━━━━━━━ 400,000/400,000  [ 0:01:29 < 0:00:00 , 4,358 it/s ]
 100% ━━━━━━━━━━━━━━━━━━━━━━ 500,000/500,000  [ 0:01:57 < 0:00:00 , 4,243 it/s ]
Training TRPO (seed 14/15)
 100% ━━━━━━━━━━━━━━━━━━━━━━ 106,496/100,000  [ 0:00:28 < 0:00:00 , 3,319 it/s ]
 100% ━━━━━━━━━━━━━━━━━━━━━━ 401,408/400,000  [ 0:01:57 < 0:00:00 , 3,303 it/s ]
 100% ━━━━━━━━━━━━━━━━━━━━━━ 507,904/500,000  [ 0:02:33 < 0:00:00 , 3,111 it/s ]
Training PPO (seed 14/15)
 100% ━━━━━━━━━━━━━━━━━━━━━━ 106,496/100,000  [ 0:00:49 < 0:00:00 , 1,986 it/s ]
 100% ━━━━━━━━━━━━━━━━━━━━━━ 401,408/400,000  [ 0:03:22 < 0:00:00 , 1,793 it/s ]
 100% ━━━━━━━━━━━━━━━━━━━━━━ 507,904/500,000  [ 0:04:21 < 0:00:00 , 1,969 it/s ]
Training DQN (seed 15/15)
 100% ━━━━━━━━━━━━━━━━━━━━━━ 100,000/100,000  [ 0:00:20 < 0:00:00 , 4,850 it/s ]
 100% ━━━━━━━━━━━━━━━━━━━━━━ 400,000/400,000  [ 0:01:23 < 0:00:00 , 4,756 it/s ]
 100% ━━━━━━━━━━━━━━━━━━━━━━ 500,000/500,000  [ 0:01:45 < 0:00:00 , 4,699 it/s ]
Training QRDQN (seed 15/15)
 100% ━━━━━━━━━━━━━━━━━━━━━━━━ 100,000/100,000  [ 0:02:05 < 0:00:00 , 796 it/s ]
 100% ━━━━━━━━━━━━━━━━━━━━━━━━ 400,000/400,000  [ 0:08:01 < 0:00:00 , 926 it/s ]
 100% ━━━━━━━━━━━━━━━━━━━━━━━━ 500,000/500,000  [ 0:09:15 < 0:00:00 , 887 it/s ]
Training ARS (seed 15/15)
 100% ━━━━━━━━━━━━━━━━━━━━━ 103,048/100,000  [ 0:00:09 < 0:00:00 , 10,904 it/s ]
 100% ━━━━━━━━━━━━━━━━━━━━━ 412,684/296,952  [ 0:00:27 < 0:00:00 , 10,912 it/s ]
   0% ━━━━━━━━━━━━━━━━━━━━━ 515,160/-15,732  [ 0:00:00 < 0:00:00 , 10,977 it/s ]
Training A2C (seed 15/15)
 100% ━━━━━━━━━━━━━━━━━━━━━━ 100,000/100,000  [ 0:00:21 < 0:00:00 , 4,678 it/s ]
 100% ━━━━━━━━━━━━━━━━━━━━━━ 400,000/400,000  [ 0:01:28 < 0:00:00 , 4,409 it/s ]
 100% ━━━━━━━━━━━━━━━━━━━━━━ 500,000/500,000  [ 0:01:51 < 0:00:00 , 4,615 it/s ]
Training TRPO (seed 15/15)
 100% ━━━━━━━━━━━━━━━━━━━━━━ 106,496/100,000  [ 0:00:27 < 0:00:00 , 3,531 it/s ]
 100% ━━━━━━━━━━━━━━━━━━━━━━ 401,408/400,000  [ 0:01:55 < 0:00:00 , 3,381 it/s ]
 100% ━━━━━━━━━━━━━━━━━━━━━━ 507,904/500,000  [ 0:02:33 < 0:00:00 , 3,021 it/s ]
Training PPO (seed 15/15)
 100% ━━━━━━━━━━━━━━━━━━━━━━ 106,496/100,000  [ 0:00:46 < 0:00:00 , 2,078 it/s ]
 100% ━━━━━━━━━━━━━━━━━━━━━━ 401,408/400,000  [ 0:03:11 < 0:00:00 , 1,940 it/s ]
 100% ━━━━━━━━━━━━━━━━━━━━━━ 507,904/500,000  [ 0:04:07 < 0:00:00 , 2,072 it/s ]

============================= JOB FEEDBACK =============================

NodeName=uc3n008
Job ID: 4914787
Array Job ID: 4914764_21
Cluster: uc3
User/Group: ma_fablange/ma_ma
State: COMPLETED (exit code 0)
Nodes: 1
Cores per node: 2
CPU Utilized: 12:40:47
CPU Efficiency: 49.89% of 1-01:24:56 core-walltime
Job Wall-clock time: 12:42:28
Memory Utilized: 1.37 GB
Memory Efficiency: 13.66% of 10.00 GB (10.00 GB/node)
