Gurobi preflight: GRB_LICENSE_FILE=/scratch/slurm_tmpdir/job_4914857/gurobi_4914857_51/gurobi.lic, exists=True, WLSACCESSID=705b...3a31, LICENSEID=2831087
Running task_id=51 with HIGH_SENSITIVITY=True, GT_MODEL=Probit, TRAIN_ON_ALL_SETS=True, LARGE_PRODUCT_SET=True
[dp] Yielding to 2 active efficient-set task(s); waiting 60s
[dp] Yielding to 2 active efficient-set task(s); waiting 60s
[dp] Yielding to 2 active efficient-set task(s); waiting 60s
[dp] Yielding to 2 active efficient-set task(s); waiting 60s
[dp] Yielding to 2 active efficient-set task(s); waiting 60s
[dp] Yielding to 2 active efficient-set task(s); waiting 60s
[dp] Yielding to 2 active efficient-set task(s); waiting 60s
[dp] Yielding to 2 active efficient-set task(s); waiting 60s
[dp] Yielding to 2 active efficient-set task(s); waiting 60s
[dp] Yielding to 2 active efficient-set task(s); waiting 60s
[dp] Yielding to 2 active efficient-set task(s); waiting 60s
[dp] Yielding to 2 active efficient-set task(s); waiting 60s
[dp] Yielding to 2 active efficient-set task(s); waiting 60s
[dp] Yielding to 2 active efficient-set task(s); waiting 60s
[dp] Yielding to 2 active efficient-set task(s); waiting 60s
[dp] Yielding to 2 active efficient-set task(s); waiting 60s
[dp] Yielding to 2 active efficient-set task(s); waiting 60s
[dp] Yielding to 2 active efficient-set task(s); waiting 60s
[dp] Yielding to 2 active efficient-set task(s); waiting 60s
[dp] Yielding to 2 active efficient-set task(s); waiting 60s
[dp] Yielding to 2 active efficient-set task(s); waiting 60s
[dp] Yielding to 2 active efficient-set task(s); waiting 60s
[dp] Yielding to 2 active efficient-set task(s); waiting 60s
[dp] Yielding to 2 active efficient-set task(s); waiting 60s
[dp] Yielding to 2 active efficient-set task(s); waiting 60s
[dp] Yielding to 2 active efficient-set task(s); waiting 60s
[dp] Yielding to 2 active efficient-set task(s); waiting 60s
[dp] Yielding to 2 active efficient-set task(s); waiting 60s
[dp] Yielding to 2 active efficient-set task(s); waiting 60s
[dp] Yielding to 2 active efficient-set task(s); waiting 60s
[dp] Yielding to 2 active efficient-set task(s); waiting 60s
[dp] Yielding to 1 active efficient-set task(s); waiting 60s
[dp] Yielding to 1 active efficient-set task(s); waiting 60s
[dp] Yielding to 1 active efficient-set task(s); waiting 60s
[dp] Yielding to 1 active efficient-set task(s); waiting 60s
[dp] Yielding to 1 active efficient-set task(s); waiting 60s
[dp] Yielding to 1 active efficient-set task(s); waiting 60s
[dp] Waiting for Gurobi slot (max concurrent: 2)
[dp] Acquired Gurobi slot 1
Set parameter WLSAccessID
Set parameter WLSSecret
Set parameter LicenseID to value 2831087
Academic license 2831087 - for non-commercial use only - registered to uj___@laoia.com
[dp] Disposed Gurobi default environment
[dp] Released Gurobi slot 1

============================= JOB FEEDBACK =============================

NodeName=uc3n037
Job ID: 4914857
Array Job ID: 4914766_51
Cluster: uc3
User/Group: ma_fablange/ma_ma
State: COMPLETED (exit code 0)
Nodes: 1
Cores per node: 2
CPU Utilized: 19:48:47
CPU Efficiency: 92.50% of 21:25:10 core-walltime
Job Wall-clock time: 10:42:35
Memory Utilized: 421.29 MB
Memory Efficiency: 4.11% of 10.00 GB (10.00 GB/node)
