
============================================================
TASK_ID: 50
LARGE_PRODUCT_SET: False
TRAIN_ON_ALL_SETS: True
HIGH_SENSITIVITY: True
GT_MODEL: Probit
============================================================
RL Training Seeds: 15, RL Training Steps: [100000, 500000, 1000000], Estimation Episodes: 50

Observation sampling time: 1.2356 seconds
Estimation_MNL  time: 0.0267s | beta: -0.007204, lambda: 0.496976
  LL: -11853.846334, AIC: 23709.693, BIC: 23716.922

Estimation_MMNL_5PT time: 0.5291s | lambda: 0.496976
  LL: -11853.846334, AIC: 23725.693, BIC: 23790.753
Betas: ['-0.007204', '-0.007204', '-0.007204', '-0.007204', '-0.007204']
Weights: ['0.100001', '0.113626', '0.502159', '0.100000', '0.184214']

Estimation_MMNL_2PT time: 0.2681s | lambda: 0.496976
  LL: -11853.846334, AIC: 23713.693, BIC: 23735.380
Betas: ['-0.007204', '-0.007204']
Weights: ['0.474471', '0.525529']

DP_MNL  time: 0.6417s | V(0,C): 27670.80 | avg reward: 25135.15
DP_MMNL_5PT time: 0.7084s | V(0,C): 27670.80 | avg reward: 25135.15
DP_MMNL_2PT time: 0.6923s | V(0,C): 27670.80 | avg reward: 25135.15
ADP_MNL  time: 0.9246s | V(0,C): 28120.70 | avg reward: 25135.15
ADP_MMNL_5PT time: 0.9995s | V(0,C): 28120.69 | avg reward: 25135.15
ADP_MMNL_2PT time: 0.9762s | V(0,C): 28120.70 | avg reward: 25135.15
ADP_ENV time: 28.6341s | V(0,C): 18442.73 | avg reward: 24327.65

=== 100,000 training timesteps ===
Method       | TrainTimeMean(s) | TrainTimeStd(s) | RewardMean | RewardStdAcrossRuns | PctOfDP(%) | PctOfDPStd(%) | LoadFactorMean(%) | LoadFactorStdAcrossRuns(%)
-------------+------------------+-----------------+------------+---------------------+------------+---------------+-------------------+---------------------------
DQN          | 36.30            | 6.87            | 21101.33   | 2213.63             | 83.60      | 7.34          | 50.81             | 6.23                      
ARS          | 15.35            | 0.92            | 19474.33   | 4928.37             | 76.91      | 18.88         | 45.15             | 15.10                     
A2C          | 36.30            | 6.32            | 25035.33   | 1278.95             | 99.28      | 3.59          | 60.90             | 2.73                      
TRPO         | 36.85            | 4.12            | 24706.33   | 1110.07             | 97.97      | 2.64          | 60.36             | 2.73                      
PPO          | 68.46            | 8.45            | 25258.33   | 1245.92             | 100.14     | 2.91          | 61.44             | 3.07                      
DP_MNL       | 0.64             | 0.00            | 25227.00   | 1125.83             | 100.00     | 0.00          | 61.51             | 3.19                      
DP_MMNL_5PT  | 0.71             | 0.00            | 25227.00   | 1125.83             | 100.00     | 0.00          | 61.51             | 3.19                      
DP_MMNL_2PT  | 0.69             | 0.00            | 25227.00   | 1125.83             | 100.00     | 0.00          | 61.51             | 3.19                      
ADP_MNL      | 0.92             | 0.00            | 25227.00   | 1125.83             | 100.00     | 0.00          | 61.51             | 3.19                      
ADP_MMNL_5PT | 1.00             | 0.00            | 25227.00   | 1125.83             | 100.00     | 0.00          | 61.51             | 3.19                      
ADP_MMNL_2PT | 0.98             | 0.00            | 25227.00   | 1125.83             | 100.00     | 0.00          | 61.51             | 3.19                      
ADP_ENV      | 28.63            | 0.00            | 26334.67   | 1892.50             | 104.32     | 4.38          | 62.88             | 3.48                      

=== 500,000 training timesteps ===
Method       | TrainTimeMean(s) | TrainTimeStd(s) | RewardMean | RewardStdAcrossRuns | PctOfDP(%) | PctOfDPStd(%) | LoadFactorMean(%) | LoadFactorStdAcrossRuns(%)
-------------+------------------+-----------------+------------+---------------------+------------+---------------+-------------------+---------------------------
DQN          | 183.01           | 35.07           | 19329.67   | 3560.11             | 76.37      | 12.31         | 44.40             | 9.69                      
ARS          | 76.64            | 4.43            | 22554.33   | 1784.97             | 89.39      | 5.58          | 52.94             | 5.83                      
A2C          | 188.57           | 30.31           | 25100.33   | 1265.92             | 99.53      | 3.52          | 60.94             | 2.73                      
TRPO         | 181.02           | 17.44           | 24643.33   | 1234.24             | 97.73      | 3.51          | 59.57             | 2.20                      
PPO          | 332.84           | 47.92           | 24918.67   | 1004.35             | 98.84      | 2.82          | 60.86             | 2.93                      
DP_MNL       | 0.64             | 0.00            | 25227.00   | 1125.83             | 100.00     | 0.00          | 61.51             | 3.19                      
DP_MMNL_5PT  | 0.71             | 0.00            | 25227.00   | 1125.83             | 100.00     | 0.00          | 61.51             | 3.19                      
DP_MMNL_2PT  | 0.69             | 0.00            | 25227.00   | 1125.83             | 100.00     | 0.00          | 61.51             | 3.19                      
ADP_MNL      | 0.92             | 0.00            | 25227.00   | 1125.83             | 100.00     | 0.00          | 61.51             | 3.19                      
ADP_MMNL_5PT | 1.00             | 0.00            | 25227.00   | 1125.83             | 100.00     | 0.00          | 61.51             | 3.19                      
ADP_MMNL_2PT | 0.98             | 0.00            | 25227.00   | 1125.83             | 100.00     | 0.00          | 61.51             | 3.19                      
ADP_ENV      | 28.63            | 0.00            | 26334.67   | 1892.50             | 104.32     | 4.38          | 62.88             | 3.48                      

=== 1,000,000 training timesteps ===
Method       | TrainTimeMean(s) | TrainTimeStd(s) | RewardMean | RewardStdAcrossRuns | PctOfDP(%) | PctOfDPStd(%) | LoadFactorMean(%) | LoadFactorStdAcrossRuns(%)
-------------+------------------+-----------------+------------+---------------------+------------+---------------+-------------------+---------------------------
DQN          | 362.54           | 68.84           | 19626.67   | 4350.93             | 77.78      | 16.75         | 46.67             | 10.67                     
ARS          | 153.33           | 8.65            | 22769.00   | 1493.10             | 90.34      | 5.70          | 53.05             | 5.16                      
A2C          | 380.45           | 55.18           | 25088.00   | 1272.93             | 99.48      | 3.49          | 60.90             | 2.78                      
TRPO         | 358.67           | 27.73           | 24956.67   | 1341.21             | 98.95      | 3.67          | 60.65             | 2.96                      
PPO          | 673.00           | 93.26           | 24807.67   | 1089.45             | 98.37      | 2.26          | 60.65             | 2.54                      
DP_MNL       | 0.64             | 0.00            | 25227.00   | 1125.83             | 100.00     | 0.00          | 61.51             | 3.19                      
DP_MMNL_5PT  | 0.71             | 0.00            | 25227.00   | 1125.83             | 100.00     | 0.00          | 61.51             | 3.19                      
DP_MMNL_2PT  | 0.69             | 0.00            | 25227.00   | 1125.83             | 100.00     | 0.00          | 61.51             | 3.19                      
ADP_MNL      | 0.92             | 0.00            | 25227.00   | 1125.83             | 100.00     | 0.00          | 61.51             | 3.19                      
ADP_MMNL_5PT | 1.00             | 0.00            | 25227.00   | 1125.83             | 100.00     | 0.00          | 61.51             | 3.19                      
ADP_MMNL_2PT | 0.98             | 0.00            | 25227.00   | 1125.83             | 100.00     | 0.00          | 61.51             | 3.19                      
ADP_ENV      | 28.63            | 0.00            | 26334.67   | 1892.50             | 104.32     | 4.38          | 62.88             | 3.48                      
