
============================================================
TASK_ID: 53
LARGE_PRODUCT_SET: True
TRAIN_ON_ALL_SETS: False
HIGH_SENSITIVITY: True
GT_MODEL: MProbit
============================================================
RL Training Seeds: 15, RL Training Steps: [100000, 500000, 1000000], Estimation Episodes: 50

Observation sampling time: 0.6252 seconds
Estimation_MNL  time: 0.0135s | beta: -0.011092, lambda: 0.497024
  LL: -27070.560676, AIC: 54143.121, BIC: 54150.350

Estimation_MMNL_5PT time: 0.9691s | lambda: 0.497024
  LL: -27070.560676, AIC: 54159.121, BIC: 54224.183
Betas: ['-0.011093', '-0.011092', '-0.011092', '-0.011092', '-0.011091']
Weights: ['0.134762', '0.134692', '0.134783', '0.461010', '0.134754']

Estimation_MMNL_2PT time: 0.3470s | lambda: 0.497024
  LL: -27070.560676, AIC: 54147.121, BIC: 54168.809
Betas: ['-0.011092', '-0.011092']
Weights: ['0.549206', '0.450794']

MNL  efficient sets time: 170.0414s | sets: (0, 1, 3, 7, 15, 31, 63, 127, 255, 511, 1023, 2047, 4095, 8191, 16383, 32767, 65535, 131071, 262143, 524287, 1048575, 2097151, 4194303, 8388607, 16777215, 33554431, 67108863, 134217727, 268435455, 536870911, 1073741823, 2147483647, 4294967295, 8589934591, 17179869183, 34359738367, 68719476735, 137438953471, 274877906943, 549755813887, 1099511627775, 2199023255551, 4398046511103, 8796093022207, 17592186044415, 35184372088831, 70368744177663, 140737488355327, 281474976710655, 562949953421311, 1125899906842623, 2251799813685247, 4503599627370495, 9007199254740991, 18014398509481983, 36028797018963967, 72057594037927935, 144115188075855871, 288230376151711743, 576460752303423487, 1152921504606846975, 2305843009213693951, 4611686018427387903, 9223372036854775807, 18446744073709551615, 36893488147419103231, 73786976294838206463, 147573952589676412927, 295147905179352825855, 590295810358705651711, 1180591620717411303423, 2361183241434822606847, 4722366482869645213695, 9444732965739290427391, 18889465931478580854783, 37778931862957161709567, 75557863725914323419135, 151115727451828646838271, 302231454903657293676543, 604462909807314587353087, 1208925819614629174706175, 2417851639229258349412351, 4835703278458516698824703, 9671406556917033397649407, 19342813113834066795298815, 38685626227668133590597631, 77371252455336267181195263, 154742504910672534362390527, 309485009821345068724781055, 618970019642690137449562111, 1237940039285380274899124223, 2475880078570760549798248447, 4951760157141521099596496895, 9903520314283042199192993791, 19807040628566084398385987583)
MMNL 5PT efficient sets time: 1586.6589s | sets: (0, 1, 3, 7, 15, 31, 63, 127, 255, 511, 1023, 2047, 4095, 8191, 16383, 32767, 65535, 131071, 262143, 524287, 1048575, 2097151, 4194303, 8388607, 16777215, 33554431, 67108863, 134217727, 268435455, 536870911, 1073741823, 2147483647, 4294967295, 8589934591, 17179869183, 34359738367, 68719476735, 137438953471, 274877906943, 549755813887, 1099511627775, 2199023255551, 4398046511103, 8796093022207, 17592186044415, 35184372088831, 70368744177663, 140737488355327, 281474976710655, 562949953421311, 1125899906842623, 2251799813685247, 4503599627370495, 9007199254740991, 18014398509481983, 36028797018963967, 72057594037927935, 144115188075855871, 288230376151711743, 576460752303423487, 1152921504606846975, 2305843009213693951, 4611686018427387903, 9223372036854775807, 18446744073709551615, 36893488147419103231, 73786976294838206463, 147573952589676412927, 295147905179352825855, 590295810358705651711, 1180591620717411303423, 2361183241434822606847, 4722366482869645213695, 9444732965739290427391, 18889465931478580854783, 37778931862957161709567, 75557863725914323419135, 151115727451828646838271, 302231454903657293676543, 604462909807314587353087, 1208925819614629174706175, 2417851639229258349412351, 4835703278458516698824703, 9671406556917033397649407, 19342813113834066795298815, 38685626227668133590597631, 77371252455336267181195263, 154742504910672534362390527, 309485009821345068724781055, 618970019642690137449562111, 1237940039285380274899124223, 2475880078570760549798248447, 4951760157141521099596496895, 9903520314283042199192993791, 19807040628566084398385987583)
MMNL 2PT efficient sets time: 528.4912s | sets: (0, 1, 3, 7, 15, 31, 63, 127, 255, 511, 1023, 2047, 4095, 8191, 16383, 32767, 65535, 131071, 262143, 524287, 1048575, 2097151, 4194303, 8388607, 16777215, 33554431, 67108863, 134217727, 268435455, 536870911, 1073741823, 2147483647, 4294967295, 8589934591, 17179869183, 34359738367, 68719476735, 137438953471, 274877906943, 549755813887, 1099511627775, 2199023255551, 4398046511103, 8796093022207, 17592186044415, 35184372088831, 70368744177663, 140737488355327, 281474976710655, 562949953421311, 1125899906842623, 2251799813685247, 4503599627370495, 9007199254740991, 18014398509481983, 36028797018963967, 72057594037927935, 144115188075855871, 288230376151711743, 576460752303423487, 1152921504606846975, 2305843009213693951, 4611686018427387903, 9223372036854775807, 18446744073709551615, 36893488147419103231, 73786976294838206463, 147573952589676412927, 295147905179352825855, 590295810358705651711, 1180591620717411303423, 2361183241434822606847, 4722366482869645213695, 9444732965739290427391, 18889465931478580854783, 37778931862957161709567, 75557863725914323419135, 151115727451828646838271, 302231454903657293676543, 604462909807314587353087, 1208925819614629174706175, 2417851639229258349412351, 4835703278458516698824703, 9671406556917033397649407, 19342813113834066795298815, 38685626227668133590597631, 77371252455336267181195263, 154742504910672534362390527, 309485009821345068724781055, 618970019642690137449562111, 1237940039285380274899124223, 2475880078570760549798248447, 4951760157141521099596496895, 9903520314283042199192993791, 19807040628566084398385987583)
DP_MNL  time: 0.3968s | V(0,C): 40319.91 | avg reward: 39619.34
DP_MMNL_5PT time: 0.4045s | V(0,C): 40319.88 | avg reward: 39619.34
DP_MMNL_2PT time: 0.4002s | V(0,C): 40319.91 | avg reward: 39619.34
ADP_MNL  time: 0.5881s | V(0,C): 39477.02 | avg reward: 40794.52
ADP_MMNL_5PT time: 0.5873s | V(0,C): 39477.00 | avg reward: 40795.69
ADP_MMNL_2PT time: 0.5807s | V(0,C): 39477.02 | avg reward: 40794.83
ADP_ENV time: 2.1409s | V(0,C): 27448.24 | avg reward: 41972.01

=== 100,000 training timesteps ===
Method       | TrainTimeMean(s) | TrainTimeStd(s) | RewardMean | RewardStdAcrossRuns | PctOfDP(%) | PctOfDPStd(%) | LoadFactorMean(%) | LoadFactorStdAcrossRuns(%)
-------------+------------------+-----------------+------------+---------------------+------------+---------------+-------------------+---------------------------
DQN          | 22.14            | 1.89            | 40342.07   | 3209.03             | 101.53     | 1.84          | 73.98             | 5.29                      
QRDQN        | 172.70           | 16.00           | 27968.30   | 11182.40            | 70.58      | 28.58         | 36.83             | 20.33                     
ARS          | 9.84             | 0.45            | 38418.11   | 5306.40             | 97.21      | 14.02         | 57.37             | 13.85                     
A2C          | 22.65            | 2.04            | 35130.39   | 3406.00             | 88.32      | 2.71          | 71.57             | 5.46                      
TRPO         | 30.04            | 1.15            | 35129.33   | 3332.05             | 88.35      | 3.44          | 72.29             | 4.66                      
PPO          | 52.29            | 5.32            | 34489.21   | 2766.78             | 86.83      | 2.74          | 71.32             | 6.24                      
DP_MNL       | 0.40             | 0.00            | 39733.11   | 3079.12             | 100.00     | 0.00          | 76.40             | 5.01                      
DP_MMNL_5PT  | 0.40             | 0.00            | 39733.11   | 3079.12             | 100.00     | 0.00          | 76.40             | 5.01                      
DP_MMNL_2PT  | 0.40             | 0.00            | 39733.11   | 3079.12             | 100.00     | 0.00          | 76.40             | 5.01                      
ADP_MNL      | 0.59             | 0.00            | 40449.75   | 3447.27             | 101.75     | 1.43          | 73.33             | 5.03                      
ADP_MMNL_5PT | 0.59             | 0.00            | 40456.33   | 3450.37             | 101.76     | 1.43          | 73.33             | 5.03                      
ADP_MMNL_2PT | 0.58             | 0.00            | 40453.18   | 3446.84             | 101.76     | 1.43          | 73.33             | 5.03                      
ADP_ENV      | 2.14             | 0.00            | 42312.51   | 3455.44             | 106.49     | 2.92          | 64.04             | 4.63                      

=== 500,000 training timesteps ===
Method       | TrainTimeMean(s) | TrainTimeStd(s) | RewardMean | RewardStdAcrossRuns | PctOfDP(%) | PctOfDPStd(%) | LoadFactorMean(%) | LoadFactorStdAcrossRuns(%)
-------------+------------------+-----------------+------------+---------------------+------------+---------------+-------------------+---------------------------
DQN          | 111.40           | 10.02           | 37095.69   | 8053.07             | 93.20      | 18.16         | 56.86             | 17.39                     
QRDQN        | 846.77           | 72.33           | 27968.30   | 11182.40            | 70.58      | 28.58         | 36.83             | 20.33                     
ARS          | 49.19            | 1.24            | 41478.52   | 3654.90             | 104.34     | 3.06          | 64.50             | 6.81                      
A2C          | 115.65           | 9.74            | 36019.53   | 2758.61             | 90.71      | 3.13          | 72.22             | 5.55                      
TRPO         | 145.92           | 5.28            | 35924.01   | 3153.50             | 90.39      | 2.95          | 70.95             | 6.37                      
PPO          | 253.69           | 22.47           | 36433.99   | 2939.74             | 91.73      | 3.16          | 72.04             | 5.47                      
DP_MNL       | 0.40             | 0.00            | 39733.11   | 3079.12             | 100.00     | 0.00          | 76.40             | 5.01                      
DP_MMNL_5PT  | 0.40             | 0.00            | 39733.11   | 3079.12             | 100.00     | 0.00          | 76.40             | 5.01                      
DP_MMNL_2PT  | 0.40             | 0.00            | 39733.11   | 3079.12             | 100.00     | 0.00          | 76.40             | 5.01                      
ADP_MNL      | 0.59             | 0.00            | 40449.75   | 3447.27             | 101.75     | 1.43          | 73.33             | 5.03                      
ADP_MMNL_5PT | 0.59             | 0.00            | 40456.33   | 3450.37             | 101.76     | 1.43          | 73.33             | 5.03                      
ADP_MMNL_2PT | 0.58             | 0.00            | 40453.18   | 3446.84             | 101.76     | 1.43          | 73.33             | 5.03                      
ADP_ENV      | 2.14             | 0.00            | 42312.51   | 3455.44             | 106.49     | 2.92          | 64.04             | 4.63                      

=== 1,000,000 training timesteps ===
Method       | TrainTimeMean(s) | TrainTimeStd(s) | RewardMean | RewardStdAcrossRuns | PctOfDP(%) | PctOfDPStd(%) | LoadFactorMean(%) | LoadFactorStdAcrossRuns(%)
-------------+------------------+-----------------+------------+---------------------+------------+---------------+-------------------+---------------------------
DQN          | 223.31           | 20.24           | 39532.74   | 3587.10             | 99.70      | 7.64          | 64.47             | 9.67                      
QRDQN        | 1628.41          | 103.80          | 27968.30   | 11182.40            | 70.58      | 28.58         | 36.83             | 20.33                     
ARS          | 98.33            | 1.36            | 41695.03   | 3536.87             | 104.91     | 2.92          | 65.19             | 5.69                      
A2C          | 236.81           | 18.44           | 36099.85   | 2324.28             | 90.98      | 2.87          | 72.58             | 5.20                      
TRPO         | 303.63           | 9.81            | 36579.60   | 3081.67             | 92.05      | 2.61          | 71.46             | 6.06                      
PPO          | 514.28           | 38.71           | 36665.02   | 3387.43             | 92.20      | 2.87          | 71.39             | 6.29                      
DP_MNL       | 0.40             | 0.00            | 39733.11   | 3079.12             | 100.00     | 0.00          | 76.40             | 5.01                      
DP_MMNL_5PT  | 0.40             | 0.00            | 39733.11   | 3079.12             | 100.00     | 0.00          | 76.40             | 5.01                      
DP_MMNL_2PT  | 0.40             | 0.00            | 39733.11   | 3079.12             | 100.00     | 0.00          | 76.40             | 5.01                      
ADP_MNL      | 0.59             | 0.00            | 40449.75   | 3447.27             | 101.75     | 1.43          | 73.33             | 5.03                      
ADP_MMNL_5PT | 0.59             | 0.00            | 40456.33   | 3450.37             | 101.76     | 1.43          | 73.33             | 5.03                      
ADP_MMNL_2PT | 0.58             | 0.00            | 40453.18   | 3446.84             | 101.76     | 1.43          | 73.33             | 5.03                      
ADP_ENV      | 2.14             | 0.00            | 42312.51   | 3455.44             | 106.49     | 2.92          | 64.04             | 4.63                      
