Run MNL - High Sensitivity: False
Train Runs: 5, Training on all available sets (if false only on efficient sets): False
RL Training Steps: [20000, 100000, 500000], Evaluation Episodes: 15, Estimation Episodes: 50

Observation sampling time: 0.3050 seconds
EM_MNL  time: 47.8008s | beta: -0.001415, lambda: 0.496080
EM_MMNL time: 467.9345s | betas: ['-0.045326', '-0.028468', '-0.003256', '-0.000760', '-0.000697'], lambda: 0.837517

MNL  efficient sets time: 0.0100s | sets: (0, 1, 3, 7, 15)
MMNL efficient sets time: 0.0370s | sets: (0, 1, 3, 7, 15)

DP_MNL  time: 3.6528s | V(0,C): 67136.86
DP_MMNL time: 13.8680s | V(0,C): 65477.61

Cumulative time — DP_MNL: 51.7686s | DP_MMNL: 482.1445s


=== 20,000 training timesteps ===
Method  | TrainTimeMean(s) | TrainTimeStd(s) | RewardMean | RewardStdAcrossRuns | PctOfDP(%) | PctOfDPStd(%) | LoadFactorMean(%) | LoadFactorStdAcrossRuns(%)
--------+------------------+-----------------+------------+---------------------+------------+---------------+-------------------+---------------------------
DQN     | 2.83             | 0.02            | 63982.00   | 4812.67             | 96.38      | 7.25          | 68.08             | 8.42                      
QRDQN   | 15.98            | 0.48            | 56179.67   | 11530.66            | 84.62      | 17.37         | 56.24             | 14.24                     
ARS     | 1.69             | 0.01            | 65063.33   | 1631.04             | 98.00      | 2.46          | 68.98             | 4.08                      
A2C     | 4.74             | 0.69            | 66388.33   | 0.00                | 100.00     | 0.00          | 72.29             | 0.00                      
TRPO    | 5.34             | 0.02            | 65365.00   | 1253.32             | 98.46      | 1.89          | 69.73             | 3.13                      
PPO     | 9.78             | 0.57            | 64532.33   | 2173.04             | 97.20      | 3.27          | 68.23             | 4.42                      
DP_MNL  | 3.65             | 0.00            | 66388.33   | 0.00                | 100.00     | 0.00          | 72.29             | 0.00                      
DP_MMNL | 13.87            | 0.00            | 66388.33   | 0.00                | 100.00     | 0.00          | 72.29             | 0.00                      

=== 100,000 training timesteps ===
Method  | TrainTimeMean(s) | TrainTimeStd(s) | RewardMean | RewardStdAcrossRuns | PctOfDP(%) | PctOfDPStd(%) | LoadFactorMean(%) | LoadFactorStdAcrossRuns(%)
--------+------------------+-----------------+------------+---------------------+------------+---------------+-------------------+---------------------------
DQN     | 14.44            | 0.56            | 65674.67   | 1427.33             | 98.93      | 2.15          | 70.50             | 3.57                      
QRDQN   | 80.72            | 2.49            | 56179.67   | 11530.66            | 84.62      | 17.37         | 56.24             | 14.24                     
ARS     | 8.63             | 0.59            | 65674.00   | 1428.67             | 98.92      | 2.15          | 70.49             | 3.60                      
A2C     | 21.20            | 1.84            | 66388.33   | 0.00                | 100.00     | 0.00          | 72.29             | 0.00                      
TRPO    | 23.49            | 0.03            | 66141.00   | 483.96              | 99.63      | 0.73          | 71.63             | 1.29                      
PPO     | 41.20            | 0.52            | 66165.33   | 446.00              | 99.66      | 0.67          | 71.77             | 1.04                      
DP_MNL  | 3.65             | 0.00            | 66388.33   | 0.00                | 100.00     | 0.00          | 72.29             | 0.00                      
DP_MMNL | 13.87            | 0.00            | 66388.33   | 0.00                | 100.00     | 0.00          | 72.29             | 0.00                      

=== 500,000 training timesteps ===
Method  | TrainTimeMean(s) | TrainTimeStd(s) | RewardMean | RewardStdAcrossRuns | PctOfDP(%) | PctOfDPStd(%) | LoadFactorMean(%) | LoadFactorStdAcrossRuns(%)
--------+------------------+-----------------+------------+---------------------+------------+---------------+-------------------+---------------------------
DQN     | 70.86            | 0.54            | 65410.00   | 1138.37             | 98.53      | 1.71          | 70.04             | 3.02                      
QRDQN   | 405.82           | 15.01           | 56179.67   | 11530.66            | 84.62      | 17.37         | 56.24             | 14.24                     
ARS     | 35.95            | 1.00            | 66388.33   | 0.00                | 100.00     | 0.00          | 72.29             | 0.00                      
A2C     | 103.65           | 1.75            | 66388.33   | 0.00                | 100.00     | 0.00          | 72.29             | 0.00                      
TRPO    | 113.47           | 0.57            | 66318.33   | 82.76               | 99.89      | 0.12          | 72.15             | 0.17                      
PPO     | 198.44           | 2.11            | 66388.33   | 0.00                | 100.00     | 0.00          | 72.29             | 0.00                      
DP_MNL  | 3.65             | 0.00            | 66388.33   | 0.00                | 100.00     | 0.00          | 72.29             | 0.00                      
DP_MMNL | 13.87            | 0.00            | 66388.33   | 0.00                | 100.00     | 0.00          | 72.29             | 0.00                      
