
============================================================
TASK_ID: 37
LARGE_PRODUCT_SET: True
TRAIN_ON_ALL_SETS: False
HIGH_SENSITIVITY: True
GT_MODEL: MMNL_2PT
============================================================
RL Training Seeds: 15, RL Training Steps: [20000, 100000, 500000], Estimation Episodes: 50

Observation sampling time: 0.8971 seconds
Estimation_MNL  time: 0.0131s | beta: -0.004944, lambda: 0.502496
  LL: -37498.645065, AIC: 74999.290, BIC: 75006.517

Estimation_MMNL_5PT time: 1.0313s | lambda: 0.502496
  LL: -37466.293593, AIC: 74950.587, BIC: 75015.630
Betas: ['-0.006944', '-0.002198', '-0.001992', '-0.001963', '-0.001808']
Weights: ['0.584846', '0.101235', '0.104980', '0.100964', '0.107974']

Estimation_MMNL_2PT time: 0.6057s | lambda: 0.502496
  LL: -37466.290191, AIC: 74938.580, BIC: 74960.261
Betas: ['-0.007035', '-0.002116']
Weights: ['0.563372', '0.436628']

MNL  efficient sets time: 14.6780s | sets: (0, 1, 3, 7, 15, 31, 63, 127, 255, 511, 1023, 2047, 4095, 8191, 16383, 32767, 65535, 131071, 262143, 524287, 1048575, 2097151, 4194303, 8388607, 16777215, 33554431, 67108863, 134217727, 268435455, 536870911, 1073741823, 2147483647, 4294967295, 8589934591, 17179869183, 34359738367, 68719476735, 137438953471, 274877906943, 549755813887, 1099511627775, 2199023255551, 4398046511103, 8796093022207, 17592186044415, 35184372088831, 70368744177663, 140737488355327, 281474976710655, 562949953421311)
MMNL 5PT efficient sets time: 19808.4349s | sets: (0, 1, 3, 7, 15, 31, 63, 127, 255, 511, 1023, 2047, 4095, 8191, 16383, 32767, 65535, 131071, 262143, 524287, 1048575, 2097151, 4194303, 8388607, 16777215, 33554431, 67108863, 134217727, 268435455, 536870911, 1073741823, 2147483647, 4294967295, 8589934591, 17179869183, 34359738367, 68719476735, 137438953471, 274877906943, 549755813887, 1099511627775, 2199023255551, 4398046511103, 8796093022207, 17592186044415, 35184372088831, 70368744177663, 140737488355327, 281474976710655, 562949953421311, 1125899906842623, 2251799813685247, 4503599627370495, 9007199254740991, 18014398509481983, 36028797018963967)
MMNL 2PT efficient sets time: 5505.8884s | sets: (0, 1, 3, 7, 15, 31, 63, 127, 255, 511, 1023, 2047, 4095, 8191, 16383, 32767, 65535, 131071, 262143, 524287, 1048575, 2097151, 4194303, 8388607, 16777215, 33554431, 67108863, 134217727, 268435455, 536870911, 1073741823, 2147483647, 4294967295, 8589934591, 17179869183, 34359738367, 68719476735, 137438953471, 274877906943, 549755813887, 1099511627775, 2199023255551, 4398046511103, 8796093022207, 17592186044415, 35184372088831, 70368744177663, 140737488355327, 281474976710655, 562949953421311, 1125899906842623, 2251799813685247, 4503599627370495, 9007199254740991, 18014398509481983, 36028797018963967, 72057594037927935)
DP_MNL  time: 0.3732s | V(0,C): 80346.11 | avg reward: 74249.97
DP_MMNL_5PT time: 0.3735s | V(0,C): 75922.61 | avg reward: 74723.81
DP_MMNL_2PT time: 0.3687s | V(0,C): 75901.84 | avg reward: 74730.87
ADP_MNL  time: 0.5338s | V(0,C): 73177.68 | avg reward: 72744.01
ADP_MMNL_5PT time: 0.5313s | V(0,C): 70140.59 | avg reward: 73771.47
ADP_MMNL_2PT time: 0.5279s | V(0,C): 70157.94 | avg reward: 73737.94
ADP_ENV time: 1.5153s | V(0,C): 44485.37 | avg reward: 74478.60

=== 20,000 training timesteps ===
Method       | TrainTimeMean(s) | TrainTimeStd(s) | RewardMean | RewardStdAcrossRuns | PctOfDP(%) | PctOfDPStd(%) | LoadFactorMean(%) | LoadFactorStdAcrossRuns(%)
-------------+------------------+-----------------+------------+---------------------+------------+---------------+-------------------+---------------------------
DQN          | 3.77             | 0.07            | 58480.27   | 15202.56            | 78.92      | 20.01         | 59.89             | 18.62                     
QRDQN        | 23.68            | 1.26            | 58542.76   | 15424.04            | 79.82      | 22.15         | 60.14             | 18.59                     
ARS          | 2.77             | 0.06            | 67866.57   | 12210.99            | 91.55      | 14.96         | 72.32             | 15.11                     
A2C          | 4.54             | 0.10            | 57730.81   | 3150.28             | 78.08      | 2.60          | 96.14             | 3.59                      
TRPO         | 7.18             | 0.15            | 58394.46   | 3550.13             | 78.93      | 2.10          | 96.47             | 3.70                      
PPO          | 10.65            | 0.20            | 58724.11   | 3387.55             | 79.41      | 2.52          | 96.04             | 3.86                      
DP_MNL       | 0.37             | 0.00            | 74019.83   | 4744.16             | 100.00     | 0.00          | 83.32             | 5.09                      
DP_MMNL_5PT  | 0.37             | 0.00            | 74320.81   | 4679.73             | 100.42     | 1.20          | 86.74             | 5.31                      
DP_MMNL_2PT  | 0.37             | 0.00            | 74275.25   | 4574.87             | 100.37     | 1.41          | 86.92             | 5.11                      
ADP_MNL      | 0.53             | 0.00            | 72557.10   | 5232.66             | 97.99      | 1.83          | 78.56             | 5.37                      
ADP_MMNL_5PT | 0.53             | 0.00            | 73383.54   | 4644.86             | 99.15      | 1.13          | 81.37             | 4.70                      
ADP_MMNL_2PT | 0.53             | 0.00            | 73354.26   | 4709.47             | 99.11      | 1.19          | 81.26             | 4.77                      
ADP_ENV      | 1.52             | 0.00            | 74138.52   | 4824.56             | 100.16     | 0.81          | 84.43             | 5.35                      

=== 100,000 training timesteps ===
Method       | TrainTimeMean(s) | TrainTimeStd(s) | RewardMean | RewardStdAcrossRuns | PctOfDP(%) | PctOfDPStd(%) | LoadFactorMean(%) | LoadFactorStdAcrossRuns(%)
-------------+------------------+-----------------+------------+---------------------+------------+---------------+-------------------+---------------------------
DQN          | 18.86            | 0.33            | 72518.38   | 6245.02             | 97.89      | 4.11          | 80.90             | 8.85                      
QRDQN        | 119.65           | 6.36            | 58542.76   | 15424.04            | 79.82      | 22.15         | 60.14             | 18.59                     
ARS          | 13.73            | 0.26            | 72101.84   | 4315.92             | 97.49      | 3.00          | 77.91             | 5.53                      
A2C          | 22.56            | 0.46            | 59201.30   | 3858.98             | 80.00      | 1.98          | 95.68             | 3.82                      
TRPO         | 30.92            | 0.73            | 59396.80   | 3814.99             | 80.32      | 3.35          | 95.96             | 4.16                      
PPO          | 46.19            | 0.86            | 60285.77   | 3708.92             | 81.51      | 2.95          | 95.78             | 3.95                      
DP_MNL       | 0.37             | 0.00            | 74019.83   | 4744.16             | 100.00     | 0.00          | 83.32             | 5.09                      
DP_MMNL_5PT  | 0.37             | 0.00            | 74320.81   | 4679.73             | 100.42     | 1.20          | 86.74             | 5.31                      
DP_MMNL_2PT  | 0.37             | 0.00            | 74275.25   | 4574.87             | 100.37     | 1.41          | 86.92             | 5.11                      
ADP_MNL      | 0.53             | 0.00            | 72557.10   | 5232.66             | 97.99      | 1.83          | 78.56             | 5.37                      
ADP_MMNL_5PT | 0.53             | 0.00            | 73383.54   | 4644.86             | 99.15      | 1.13          | 81.37             | 4.70                      
ADP_MMNL_2PT | 0.53             | 0.00            | 73354.26   | 4709.47             | 99.11      | 1.19          | 81.26             | 4.77                      
ADP_ENV      | 1.52             | 0.00            | 74138.52   | 4824.56             | 100.16     | 0.81          | 84.43             | 5.35                      

=== 500,000 training timesteps ===
Method       | TrainTimeMean(s) | TrainTimeStd(s) | RewardMean | RewardStdAcrossRuns | PctOfDP(%) | PctOfDPStd(%) | LoadFactorMean(%) | LoadFactorStdAcrossRuns(%)
-------------+------------------+-----------------+------------+---------------------+------------+---------------+-------------------+---------------------------
DQN          | 94.29            | 1.61            | 71106.63   | 8151.88             | 96.27      | 10.56         | 78.88             | 11.39                     
QRDQN        | 597.98           | 31.08           | 58542.76   | 15424.04            | 79.82      | 22.15         | 60.14             | 18.59                     
ARS          | 57.71            | 1.01            | 73665.69   | 4653.58             | 99.54      | 1.49          | 82.31             | 5.83                      
A2C          | 115.54           | 1.96            | 61801.95   | 4496.77             | 83.46      | 1.68          | 95.06             | 4.32                      
TRPO         | 150.92           | 3.88            | 62708.06   | 3316.52             | 84.80      | 2.32          | 94.59             | 5.24                      
PPO          | 222.17           | 3.92            | 63573.23   | 5001.49             | 85.86      | 3.35          | 94.59             | 4.94                      
DP_MNL       | 0.37             | 0.00            | 74019.83   | 4744.16             | 100.00     | 0.00          | 83.32             | 5.09                      
DP_MMNL_5PT  | 0.37             | 0.00            | 74320.81   | 4679.73             | 100.42     | 1.20          | 86.74             | 5.31                      
DP_MMNL_2PT  | 0.37             | 0.00            | 74275.25   | 4574.87             | 100.37     | 1.41          | 86.92             | 5.11                      
ADP_MNL      | 0.53             | 0.00            | 72557.10   | 5232.66             | 97.99      | 1.83          | 78.56             | 5.37                      
ADP_MMNL_5PT | 0.53             | 0.00            | 73383.54   | 4644.86             | 99.15      | 1.13          | 81.37             | 4.70                      
ADP_MMNL_2PT | 0.53             | 0.00            | 73354.26   | 4709.47             | 99.11      | 1.19          | 81.26             | 4.77                      
ADP_ENV      | 1.52             | 0.00            | 74138.52   | 4824.56             | 100.16     | 0.81          | 84.43             | 5.35                      
