
============================================================
TASK_ID: 56
LARGE_PRODUCT_SET: False
TRAIN_ON_ALL_SETS: False
HIGH_SENSITIVITY: True
GT_MODEL: MNLrefPrice
============================================================
RL Training Seeds: 15, RL Training Steps: [20000, 100000, 500000], Estimation Episodes: 50

Observation sampling time: 0.4772 seconds
Estimation_MNL  time: 4.5449s | beta: -0.004942, lambda: 0.498293
  LL: -14451.070000, AIC: 28904.130, BIC: 28911.360

Estimation_MMNL_5PT time: 14.8462s | lambda: 0.498293
  LL: -14451.070000, AIC: 28920.130, BIC: 28985.220
Betas: ['-0.050000', '-0.004942', '-0.004942', '-0.004942', '-0.004942']
Weights: ['0.031891', '0.031891', '0.031891', '0.753605', '0.150721']

Estimation_MMNL_2PT time: 7.4905s | lambda: 0.498293
  LL: -14451.070000, AIC: 28908.130, BIC: 28929.830
Betas: ['-0.050000', '-0.004942']
Weights: ['0.351503', '0.648497']

Estimation_MMNL_CONT time: 84.3914s | mu: -5.309990, sigma: 0.000000, lambda: 0.498293
  LL: -14451.070000, AIC: 28906.130, BIC: 28920.600

MNL  efficient sets time: 0.0150s | sets: (0, 1, 3, 7, 15, 31, 63, 127, 255, 511)
MMNL 5PT efficient sets time: 0.0592s | sets: (0, 1, 3, 7, 15, 31, 63, 127, 255, 511)
MMNL 2PT efficient sets time: 0.0405s | sets: (0, 1, 3, 7, 15, 31, 63, 127, 255, 511)
MMNL Cont efficient sets time: 0.0362s | sets: (0, 1, 3, 7, 15, 31, 63, 127, 255, 511)

DP_MNL  time: 0.3713s | V(0,C): 37113.57 | avg reward: 36557.82
DP_MMNL_5PT time: 0.3530s | V(0,C): 35929.99 | avg reward: 36557.82
DP_MMNL_2PT time: 0.3542s | V(0,C): 24069.95 | avg reward: 36557.82
DP_MMNL_CONT time: 0.3531s | V(0,C): 37113.57 | avg reward: 36557.82


=== 20,000 training timesteps ===
Method       | TrainTimeMean(s) | TrainTimeStd(s) | RewardMean | RewardStdAcrossRuns | PctOfDP(%) | PctOfDPStd(%) | LoadFactorMean(%) | LoadFactorStdAcrossRuns(%)
-------------+------------------+-----------------+------------+---------------------+------------+---------------+-------------------+---------------------------
DQN          | 3.43             | 0.22            | 35826.33   | 3632.50             | 99.15      | 4.36          | 64.83             | 11.56                     
QRDQN        | 18.27            | 1.07            | 30160.33   | 9455.77             | 84.19      | 26.35         | 50.02             | 21.31                     
ARS          | 2.01             | 0.02            | 34518.67   | 3058.49             | 95.95      | 8.27          | 58.85             | 11.96                     
A2C          | 4.00             | 0.23            | 34295.33   | 2241.17             | 95.26      | 5.12          | 79.93             | 5.02                      
TRPO         | 5.23             | 0.15            | 34996.67   | 3015.06             | 96.94      | 3.29          | 79.75             | 5.07                      
PPO          | 9.97             | 0.75            | 35258.00   | 2855.13             | 97.72      | 2.79          | 79.86             | 5.68                      
DP_MNL       | 0.37             | 0.00            | 36102.67   | 2957.26             | 100.00     | 0.00          | 77.95             | 5.68                      
DP_MMNL_5PT  | 0.35             | 0.00            | 36102.67   | 2957.26             | 100.00     | 0.00          | 77.95             | 5.68                      
DP_MMNL_2PT  | 0.35             | 0.00            | 36102.67   | 2957.26             | 100.00     | 0.00          | 77.95             | 5.68                      
DP_MMNL_CONT | 0.35             | 0.00            | 36102.67   | 2957.26             | 100.00     | 0.00          | 77.95             | 5.68                      

=== 100,000 training timesteps ===
Method       | TrainTimeMean(s) | TrainTimeStd(s) | RewardMean | RewardStdAcrossRuns | PctOfDP(%) | PctOfDPStd(%) | LoadFactorMean(%) | LoadFactorStdAcrossRuns(%)
-------------+------------------+-----------------+------------+---------------------+------------+---------------+-------------------+---------------------------
DQN          | 17.13            | 1.16            | 36224.67   | 3097.05             | 100.31     | 0.90          | 77.44             | 5.48                      
QRDQN        | 92.76            | 4.91            | 30160.33   | 9455.77             | 84.19      | 26.35         | 50.02             | 21.31                     
ARS          | 10.00            | 0.10            | 35619.00   | 3299.92             | 98.75      | 5.68          | 64.54             | 10.90                     
A2C          | 20.05            | 1.20            | 35235.67   | 2748.24             | 97.66      | 2.29          | 80.36             | 5.39                      
TRPO         | 22.99            | 0.59            | 35594.00   | 2618.37             | 98.72      | 3.36          | 81.48             | 4.73                      
PPO          | 43.38            | 3.14            | 35608.33   | 2587.59             | 98.73      | 2.05          | 82.49             | 4.85                      
DP_MNL       | 0.37             | 0.00            | 36102.67   | 2957.26             | 100.00     | 0.00          | 77.95             | 5.68                      
DP_MMNL_5PT  | 0.35             | 0.00            | 36102.67   | 2957.26             | 100.00     | 0.00          | 77.95             | 5.68                      
DP_MMNL_2PT  | 0.35             | 0.00            | 36102.67   | 2957.26             | 100.00     | 0.00          | 77.95             | 5.68                      
DP_MMNL_CONT | 0.35             | 0.00            | 36102.67   | 2957.26             | 100.00     | 0.00          | 77.95             | 5.68                      

=== 500,000 training timesteps ===
Method       | TrainTimeMean(s) | TrainTimeStd(s) | RewardMean | RewardStdAcrossRuns | PctOfDP(%) | PctOfDPStd(%) | LoadFactorMean(%) | LoadFactorStdAcrossRuns(%)
-------------+------------------+-----------------+------------+---------------------+------------+---------------+-------------------+---------------------------
DQN          | 403.33           | 1188.63         | 35835.33   | 3033.51             | 99.25      | 1.17          | 75.96             | 6.80                      
QRDQN        | 475.28           | 24.70           | 32249.00   | 6859.66             | 89.87      | 18.89         | 55.06             | 18.83                     
ARS          | 42.01            | 0.38            | 36185.33   | 2765.85             | 100.32     | 2.85          | 67.78             | 8.44                      
A2C          | 104.97           | 6.05            | 35374.00   | 2913.48             | 98.00      | 2.24          | 80.76             | 5.28                      
TRPO         | 115.34           | 2.95            | 35761.67   | 2760.77             | 99.13      | 2.59          | 78.52             | 6.35                      
PPO          | 208.07           | 12.98           | 35608.33   | 2587.59             | 98.73      | 2.05          | 82.49             | 4.85                      
DP_MNL       | 0.37             | 0.00            | 36102.67   | 2957.26             | 100.00     | 0.00          | 77.95             | 5.68                      
DP_MMNL_5PT  | 0.35             | 0.00            | 36102.67   | 2957.26             | 100.00     | 0.00          | 77.95             | 5.68                      
DP_MMNL_2PT  | 0.35             | 0.00            | 36102.67   | 2957.26             | 100.00     | 0.00          | 77.95             | 5.68                      
DP_MMNL_CONT | 0.35             | 0.00            | 36102.67   | 2957.26             | 100.00     | 0.00          | 77.95             | 5.68                      
