
============================================================
TASK_ID: 59
LARGE_PRODUCT_SET: True
TRAIN_ON_ALL_SETS: True
HIGH_SENSITIVITY: True
GT_MODEL: MNLrefPrice
============================================================
RL Training Seeds: 15, RL Training Steps: [20000, 100000, 500000, 1000000], Estimation Episodes: 50

Observation sampling time: 0.6341 seconds
Estimation_MNL  time: 0.1234s | beta: -0.005886, lambda: 0.502060
  LL: -35782.523570, AIC: 71567.047, BIC: 71574.257

Estimation_MMNL_5PT time: 24.5583s | lambda: 0.502060
  LL: -35782.523554, AIC: 71569.047, BIC: 71583.466
Betas: ['-0.005888', '-0.005887', '-0.005886', '-0.005884', '-0.005883']
Weights: ['0.011257', '0.222076', '0.533333', '0.222076', '0.011257']

Estimation_MMNL_2PT time: 0.0001s | lambda: 0.502060
  LL: -35782.523554, AIC: 71569.047, BIC: 71583.466
Betas: ['-0.005886', '-0.005885']
Weights: ['0.500000', '0.500000']


============================================================
TASK_ID: 59
LARGE_PRODUCT_SET: True
TRAIN_ON_ALL_SETS: True
HIGH_SENSITIVITY: True
GT_MODEL: MNLrefPrice
============================================================
RL Training Seeds: 15, RL Training Steps: [20000, 100000, 500000, 1000000], Estimation Episodes: 50

Observation sampling time: 0.5445 seconds
Estimation_MNL  time: 0.1424s | beta: -0.005957, lambda: 0.500101
  LL: -35551.341191, AIC: 71104.682, BIC: 71111.888

Estimation_MMNL_5PT time: 34.2578s | lambda: 0.500101
  LL: -35551.341188, AIC: 71106.682, BIC: 71121.093
Betas: ['-0.005958', '-0.005958', '-0.005957', '-0.005957', '-0.005956']
Weights: ['0.011257', '0.222076', '0.533333', '0.222076', '0.011257']

Estimation_MMNL_2PT time: 0.0001s | lambda: 0.500101
  LL: -35551.341188, AIC: 71106.682, BIC: 71121.093
Betas: ['-0.005958', '-0.005957']
Weights: ['0.500000', '0.500000']

