
============================================================
TASK_ID: 36
LARGE_PRODUCT_SET: False
TRAIN_ON_ALL_SETS: False
HIGH_SENSITIVITY: True
GT_MODEL: MNL
============================================================
RL Training Seeds: 15, RL Training Steps: [20000, 100000, 500000], Estimation Episodes: 50

Observation sampling time: 0.4711 seconds
Estimation_MNL  time: 5.4671s | beta: -0.004927, lambda: 0.499707
  LL: -14615.230000, AIC: 29232.460, BIC: 29239.690

Estimation_MMNL_5PT time: 17.5893s | lambda: 0.499707
  LL: -14615.230000, AIC: 29248.460, BIC: 29313.570
Betas: ['-0.050000', '-0.004927', '-0.004927', '-0.004927', '-0.004927']
Weights: ['0.031721', '0.031721', '0.031721', '0.754031', '0.150806']

Estimation_MMNL_2PT time: 9.0712s | lambda: 0.499707
  LL: -14615.230000, AIC: 29236.460, BIC: 29258.160
Betas: ['-0.050000', '-0.004927']
Weights: ['0.349967', '0.650033']

Estimation_MMNL_CONT time: 49.0346s | mu: -5.313070, sigma: 0.000000, lambda: 0.499707
  LL: -14615.230000, AIC: 29234.460, BIC: 29248.930

MNL  efficient sets time: 0.0122s | sets: (0, 1, 3, 7, 15, 31, 63, 127, 255, 511)
MMNL 5PT efficient sets time: 0.0564s | sets: (0, 1, 3, 7, 15, 31, 63, 127, 255, 511)
MMNL 2PT efficient sets time: 0.0385s | sets: (0, 1, 3, 7, 15, 31, 63, 127, 255, 511)
MMNL Cont efficient sets time: 0.0351s | sets: (0, 1, 3, 7, 15, 31, 63, 127, 255, 511)

DP_MNL  time: 0.3574s | V(0,C): 37296.38 | avg reward: 37025.58
DP_MMNL_5PT time: 0.3654s | V(0,C): 36113.52 | avg reward: 37025.58
DP_MMNL_2PT time: 0.3605s | V(0,C): 24246.07 | avg reward: 37025.58
DP_MMNL_CONT time: 0.3524s | V(0,C): 37296.38 | avg reward: 37025.58


=== 20,000 training timesteps ===
Method       | TrainTimeMean(s) | TrainTimeStd(s) | RewardMean | RewardStdAcrossRuns | PctOfDP(%) | PctOfDPStd(%) | LoadFactorMean(%) | LoadFactorStdAcrossRuns(%)
-------------+------------------+-----------------+------------+---------------------+------------+---------------+-------------------+---------------------------
DQN          | 3.93             | 0.10            | 35476.33   | 4100.35             | 97.27      | 6.91          | 62.85             | 11.79                     
QRDQN        | 22.01            | 0.64            | 29878.33   | 9218.20             | 81.49      | 23.62         | 47.42             | 20.94                     
ARS          | 2.10             | 0.02            | 32893.00   | 5182.51             | 90.25      | 12.23         | 52.68             | 15.83                     
A2C          | 4.80             | 0.09            | 35241.00   | 3307.99             | 96.64      | 3.34          | 75.82             | 6.16                      
TRPO         | 5.86             | 0.09            | 35164.33   | 3010.36             | 96.49      | 2.90          | 73.59             | 7.45                      
PPO          | 11.71            | 0.21            | 35787.67   | 3333.79             | 98.14      | 3.31          | 75.78             | 6.25                      
DP_MNL       | 0.36             | 0.00            | 36465.33   | 3201.73             | 100.00     | 0.00          | 72.22             | 5.34                      
DP_MMNL_5PT  | 0.37             | 0.00            | 36465.33   | 3201.73             | 100.00     | 0.00          | 72.22             | 5.34                      
DP_MMNL_2PT  | 0.36             | 0.00            | 36465.33   | 3201.73             | 100.00     | 0.00          | 72.22             | 5.34                      
DP_MMNL_CONT | 0.35             | 0.00            | 36465.33   | 3201.73             | 100.00     | 0.00          | 72.22             | 5.34                      

=== 100,000 training timesteps ===
Method       | TrainTimeMean(s) | TrainTimeStd(s) | RewardMean | RewardStdAcrossRuns | PctOfDP(%) | PctOfDPStd(%) | LoadFactorMean(%) | LoadFactorStdAcrossRuns(%)
-------------+------------------+-----------------+------------+---------------------+------------+---------------+-------------------+---------------------------
DQN          | 19.79            | 0.49            | 36411.33   | 3190.05             | 99.85      | 0.47          | 71.71             | 5.40                      
QRDQN        | 110.49           | 1.89            | 29878.33   | 9218.20             | 81.49      | 23.62         | 47.42             | 20.94                     
ARS          | 10.39            | 0.05            | 36504.33   | 3339.04             | 100.08     | 1.55          | 67.71             | 7.52                      
A2C          | 23.86            | 0.43            | 36234.00   | 3019.82             | 99.42      | 2.18          | 76.68             | 5.99                      
TRPO         | 25.78            | 0.38            | 36298.67   | 3138.50             | 99.55      | 1.24          | 75.53             | 6.30                      
PPO          | 50.65            | 0.86            | 36376.00   | 3085.01             | 99.78      | 1.59          | 77.19             | 6.02                      
DP_MNL       | 0.36             | 0.00            | 36465.33   | 3201.73             | 100.00     | 0.00          | 72.22             | 5.34                      
DP_MMNL_5PT  | 0.37             | 0.00            | 36465.33   | 3201.73             | 100.00     | 0.00          | 72.22             | 5.34                      
DP_MMNL_2PT  | 0.36             | 0.00            | 36465.33   | 3201.73             | 100.00     | 0.00          | 72.22             | 5.34                      
DP_MMNL_CONT | 0.35             | 0.00            | 36465.33   | 3201.73             | 100.00     | 0.00          | 72.22             | 5.34                      

=== 500,000 training timesteps ===
Method       | TrainTimeMean(s) | TrainTimeStd(s) | RewardMean | RewardStdAcrossRuns | PctOfDP(%) | PctOfDPStd(%) | LoadFactorMean(%) | LoadFactorStdAcrossRuns(%)
-------------+------------------+-----------------+------------+---------------------+------------+---------------+-------------------+---------------------------
DQN          | 98.70            | 2.74            | 36240.33   | 3120.84             | 99.40      | 0.96          | 69.95             | 5.35                      
QRDQN        | 550.89           | 6.43            | 29878.33   | 9218.20             | 81.49      | 23.62         | 47.42             | 20.94                     
ARS          | 43.66            | 0.19            | 36444.67   | 3270.89             | 99.93      | 1.49          | 69.01             | 7.88                      
A2C          | 124.67           | 2.43            | 36345.33   | 3031.21             | 99.71      | 1.72          | 76.97             | 6.04                      
TRPO         | 129.02           | 2.03            | 36508.67   | 3148.04             | 100.13     | 1.14          | 75.39             | 6.26                      
PPO          | 241.24           | 3.48            | 36399.00   | 3089.83             | 99.85      | 1.53          | 77.41             | 5.72                      
DP_MNL       | 0.36             | 0.00            | 36465.33   | 3201.73             | 100.00     | 0.00          | 72.22             | 5.34                      
DP_MMNL_5PT  | 0.37             | 0.00            | 36465.33   | 3201.73             | 100.00     | 0.00          | 72.22             | 5.34                      
DP_MMNL_2PT  | 0.36             | 0.00            | 36465.33   | 3201.73             | 100.00     | 0.00          | 72.22             | 5.34                      
DP_MMNL_CONT | 0.35             | 0.00            | 36465.33   | 3201.73             | 100.00     | 0.00          | 72.22             | 5.34                      
