
============================================================
TASK_ID: 69
LARGE_PRODUCT_SET: True
TRAIN_ON_ALL_SETS: False
HIGH_SENSITIVITY: True
GT_MODEL: NLogit
============================================================
RL Training Seeds: 15, RL Training Steps: [100000, 500000, 1000000], Estimation Episodes: 50

Observation sampling time: 1.2217 seconds
Estimation_MNL  time: 0.0283s | beta: -0.006867, lambda: 0.502636
  LL: -35541.610504, AIC: 71085.221, BIC: 71092.461

Estimation_MMNL_5PT time: 2.6730s | lambda: 0.502636
  LL: -35525.177367, AIC: 71068.355, BIC: 71133.512
Betas: ['-0.014035', '-0.006113', '-0.006112', '-0.006111', '-0.006111']
Weights: ['0.100000', '0.100270', '0.545376', '0.154352', '0.100002']

Estimation_MMNL_2PT time: 1.3160s | lambda: 0.502636
  LL: -35526.479226, AIC: 71058.958, BIC: 71080.678
Betas: ['-0.011112', '-0.005803']
Weights: ['0.200000', '0.800000']

MNL  efficient sets time: 28.4397s | sets: (0, 1, 3, 7, 15, 31, 63, 127, 255, 511, 1023, 2047, 4095, 8191, 16383, 32767, 65535, 131071, 262143, 524287, 1048575, 2097151, 4194303, 8388607, 16777215, 33554431, 67108863, 134217727, 268435455, 536870911, 1073741823, 2147483647, 4294967295, 8589934591, 17179869183, 34359738367, 68719476735, 137438953471, 274877906943, 549755813887, 1099511627775, 2199023255551, 4398046511103, 8796093022207, 17592186044415, 35184372088831, 70368744177663, 140737488355327, 281474976710655, 562949953421311, 1125899906842623, 2251799813685247, 4503599627370495, 9007199254740991, 18014398509481983, 36028797018963967, 72057594037927935, 144115188075855871, 288230376151711743, 576460752303423487, 1152921504606846975, 2305843009213693951, 4611686018427387903, 9223372036854775807, 18446744073709551615, 36893488147419103231, 73786976294838206463)
MMNL 5PT efficient sets time: 876.8635s | sets: (0, 1, 3, 7, 15, 31, 63, 127, 255, 511, 1023, 2047, 4095, 8191, 16383, 32767, 65535, 131071, 262143, 524287, 1048575, 2097151, 4194303, 274877906943, 549755813887, 1099511627775, 2199023255551, 4398046511103, 8796093022207, 17592186044415, 35184372088831, 70368744177663, 140737488355327, 281474976710655, 562949953421311, 1125899906842623, 145241087982698495, 8373880557142015, 76561193665298430, 9007199254740991, 18014398509481983, 36028797018963967, 72057594037927935, 144115188075855871, 288230376151711743, 576460752303423487, 1152921504606846975, 2305843009213693951, 4611686018427387903)
MMNL 2PT efficient sets time: 615.9645s | sets: (0, 1, 3, 7, 15, 31, 63, 127, 255, 511, 1023, 2047, 4095, 8191, 16383, 32767, 65535, 131071, 262143, 524287, 1048575, 2097151, 4194303, 8388607, 16777215, 33554431, 67108863, 134217727, 268435455, 536870911, 1073741823, 2147483647, 4294967295, 8589934591, 17179869183, 1099511627775, 2199023255551, 4398046511103, 8796093022207, 17592186044415, 35184372088831, 70368744177663, 140737488355327, 281474976710655, 562949953421311, 4611686018427387903, 64563604257983430655, 73786976294838206463)
DP_MNL  time: 0.5190s | V(0,C): 65776.61 | avg reward: 62442.53
DP_MMNL_5PT time: 0.5247s | V(0,C): 65282.55 | avg reward: 62077.37
DP_MMNL_2PT time: 0.5188s | V(0,C): 64328.04 | avg reward: 62442.11
ADP_MNL  time: 0.7728s | V(0,C): 61820.79 | avg reward: 61238.66
ADP_MMNL_5PT time: 0.7754s | V(0,C): 62330.83 | avg reward: 59701.83
ADP_MMNL_2PT time: 0.7722s | V(0,C): 61406.30 | avg reward: 59316.82
ADP_ENV time: 2.6473s | V(0,C): 36376.05 | avg reward: 62384.53

=== 100,000 training timesteps ===
Method       | TrainTimeMean(s) | TrainTimeStd(s) | RewardMean | RewardStdAcrossRuns | PctOfDP(%) | PctOfDPStd(%) | LoadFactorMean(%) | LoadFactorStdAcrossRuns(%)
-------------+------------------+-----------------+------------+---------------------+------------+---------------+-------------------+---------------------------
DQN          | 25.78            | 1.79            | 61144.83   | 4357.79             | 98.47      | 2.90          | 78.38             | 6.12                      
QRDQN        | 164.50           | 14.78           | 47570.81   | 15090.61            | 76.30      | 22.35         | 53.91             | 22.10                     
ARS          | 13.35            | 0.30            | 53681.41   | 7880.65             | 86.74      | 13.15         | 62.92             | 13.96                     
A2C          | 32.30            | 3.10            | 50844.21   | 3972.41             | 81.83      | 2.26          | 89.19             | 6.49                      
TRPO         | 42.06            | 2.16            | 50992.51   | 3598.92             | 82.14      | 2.91          | 89.62             | 5.99                      
PPO          | 67.83            | 4.95            | 51271.73   | 3782.46             | 82.54      | 1.73          | 89.98             | 5.35                      
DP_MNL       | 0.52             | 0.00            | 62100.05   | 4051.45             | 100.00     | 0.00          | 83.03             | 4.95                      
DP_MMNL_5PT  | 0.52             | 0.00            | 61855.67   | 4183.58             | 99.60      | 1.17          | 80.25             | 5.02                      
DP_MMNL_2PT  | 0.52             | 0.00            | 62099.76   | 4051.22             | 100.00     | 0.00          | 83.03             | 4.95                      
ADP_MNL      | 0.77             | 0.00            | 61044.88   | 4578.66             | 98.25      | 2.08          | 77.19             | 5.31                      
ADP_MMNL_5PT | 0.78             | 0.00            | 59392.00   | 4480.57             | 95.62      | 3.04          | 72.65             | 5.15                      
ADP_MMNL_2PT | 0.77             | 0.00            | 59230.72   | 3928.52             | 95.41      | 2.70          | 73.19             | 4.06                      
ADP_ENV      | 2.65             | 0.00            | 61925.72   | 4049.20             | 99.72      | 0.71          | 82.13             | 4.96                      

=== 500,000 training timesteps ===
Method       | TrainTimeMean(s) | TrainTimeStd(s) | RewardMean | RewardStdAcrossRuns | PctOfDP(%) | PctOfDPStd(%) | LoadFactorMean(%) | LoadFactorStdAcrossRuns(%)
-------------+------------------+-----------------+------------+---------------------+------------+---------------+-------------------+---------------------------
DQN          | 129.58           | 8.98            | 57030.76   | 8094.19             | 91.76      | 11.15         | 70.27             | 14.16                     
QRDQN        | 818.67           | 75.03           | 47570.81   | 15090.61            | 76.30      | 22.35         | 53.91             | 22.10                     
ARS          | 67.28            | 1.60            | 60309.61   | 5061.46             | 97.10      | 4.65          | 76.90             | 8.26                      
A2C          | 167.52           | 15.02           | 52095.69   | 4020.43             | 83.86      | 2.55          | 89.37             | 6.10                      
TRPO         | 206.90           | 11.57           | 52718.45   | 3580.07             | 84.91      | 2.27          | 89.37             | 5.22                      
PPO          | 324.91           | 22.53           | 53097.68   | 4023.70             | 85.47      | 2.03          | 90.13             | 5.27                      
DP_MNL       | 0.52             | 0.00            | 62100.05   | 4051.45             | 100.00     | 0.00          | 83.03             | 4.95                      
DP_MMNL_5PT  | 0.52             | 0.00            | 61855.67   | 4183.58             | 99.60      | 1.17          | 80.25             | 5.02                      
DP_MMNL_2PT  | 0.52             | 0.00            | 62099.76   | 4051.22             | 100.00     | 0.00          | 83.03             | 4.95                      
ADP_MNL      | 0.77             | 0.00            | 61044.88   | 4578.66             | 98.25      | 2.08          | 77.19             | 5.31                      
ADP_MMNL_5PT | 0.78             | 0.00            | 59392.00   | 4480.57             | 95.62      | 3.04          | 72.65             | 5.15                      
ADP_MMNL_2PT | 0.77             | 0.00            | 59230.72   | 3928.52             | 95.41      | 2.70          | 73.19             | 4.06                      
ADP_ENV      | 2.65             | 0.00            | 61925.72   | 4049.20             | 99.72      | 0.71          | 82.13             | 4.96                      

=== 1,000,000 training timesteps ===
Method       | TrainTimeMean(s) | TrainTimeStd(s) | RewardMean | RewardStdAcrossRuns | PctOfDP(%) | PctOfDPStd(%) | LoadFactorMean(%) | LoadFactorStdAcrossRuns(%)
-------------+------------------+-----------------+------------+---------------------+------------+---------------+-------------------+---------------------------
DQN          | 258.64           | 15.73           | 60499.55   | 5611.50             | 97.27      | 3.70          | 77.87             | 9.10                      
QRDQN        | 1673.74          | 188.95          | 47570.81   | 15090.61            | 76.30      | 22.35         | 53.91             | 22.10                     
ARS          | 135.75           | 2.97            | 61572.29   | 4477.24             | 99.11      | 1.61          | 80.43             | 5.76                      
A2C          | 342.20           | 26.71           | 52354.63   | 3866.87             | 84.29      | 2.11          | 89.41             | 5.98                      
TRPO         | 422.67           | 22.09           | 53945.20   | 3830.61             | 86.87      | 2.45          | 89.77             | 5.86                      
PPO          | 636.15           | 30.20           | 54054.85   | 4428.94             | 86.97      | 2.43          | 90.05             | 5.38                      
DP_MNL       | 0.52             | 0.00            | 62100.05   | 4051.45             | 100.00     | 0.00          | 83.03             | 4.95                      
DP_MMNL_5PT  | 0.52             | 0.00            | 61855.67   | 4183.58             | 99.60      | 1.17          | 80.25             | 5.02                      
DP_MMNL_2PT  | 0.52             | 0.00            | 62099.76   | 4051.22             | 100.00     | 0.00          | 83.03             | 4.95                      
ADP_MNL      | 0.77             | 0.00            | 61044.88   | 4578.66             | 98.25      | 2.08          | 77.19             | 5.31                      
ADP_MMNL_5PT | 0.78             | 0.00            | 59392.00   | 4480.57             | 95.62      | 3.04          | 72.65             | 5.15                      
ADP_MMNL_2PT | 0.77             | 0.00            | 59230.72   | 3928.52             | 95.41      | 2.70          | 73.19             | 4.06                      
ADP_ENV      | 2.65             | 0.00            | 61925.72   | 4049.20             | 99.72      | 0.71          | 82.13             | 4.96                      
