
============================================================
TASK_ID: 25
LARGE_PRODUCT_SET: True
TRAIN_ON_ALL_SETS: False
HIGH_SENSITIVITY: False
GT_MODEL: MNLConsidSet
============================================================
RL Training Seeds: 15, RL Training Steps: [20000, 100000, 500000], Estimation Episodes: 50

Observation sampling time: 2.9133 seconds
Estimation_MNL  time: 0.1022s | beta: -0.001479, lambda: 0.507452
  LL: -37508.774935, AIC: 75019.550, BIC: 75026.720

Estimation_MMNL_5PT time: 25.3768s | lambda: 0.507452
  LL: -37508.768028, AIC: 75021.536, BIC: 75035.876
Betas: ['-0.001856', '-0.001658', '-0.001479', '-0.001299', '-0.001101']
Weights: ['0.011257', '0.222076', '0.533333', '0.222076', '0.011257']

Estimation_MMNL_2PT time: 0.0003s | lambda: 0.507452
  LL: -37508.768028, AIC: 75021.536, BIC: 75035.876
Betas: ['-0.001611', '-0.001346']
Weights: ['0.500000', '0.500000']

MNL  efficient sets time: 4.2214s | sets: (0, 1, 3, 7, 15, 31, 63, 127, 255, 511, 1023, 2047, 4095, 8191, 16383, 32767, 65535, 131071, 262143, 524287, 1048575, 2097151, 4194303, 8388607)
MMNL 5PT efficient sets time: 16.6241s | sets: (0, 1, 3, 7, 15, 31, 63, 127, 255, 511, 1023, 2047, 4095, 8191, 16383, 32767, 65535, 131071, 262143, 524287, 1048575, 2097151, 4194303, 8388607)
MMNL 2PT efficient sets time: 6.0493s | sets: (0, 1, 3, 7, 15, 31, 63, 127, 255, 511, 1023, 2047, 4095, 8191, 16383, 32767, 65535, 131071, 262143, 524287, 1048575, 2097151, 4194303, 8388607)
