
============================================================
TASK_ID: 18
LARGE_PRODUCT_SET: False
TRAIN_ON_ALL_SETS: True
HIGH_SENSITIVITY: False
GT_MODEL: MProbit
============================================================
RL Training Seeds: 15, RL Training Steps: [100000, 500000, 1000000], Estimation Episodes: 50

Observation sampling time: 0.6271 seconds
Estimation_MNL  time: 0.0196s | beta: -0.002596, lambda: 0.503610
  LL: -16965.797375, AIC: 33933.595, BIC: 33940.837

Estimation_MMNL_5PT time: 0.5152s | lambda: 0.503610
  LL: -16963.046412, AIC: 33944.093, BIC: 34009.273
Betas: ['-0.004734', '-0.002304', '-0.002234', '-0.001727', '-0.001245']
Weights: ['0.275939', '0.123447', '0.205386', '0.266141', '0.129087']

Estimation_MMNL_2PT time: 0.4695s | lambda: 0.503610
  LL: -16962.665485, AIC: 33931.331, BIC: 33953.058
Betas: ['-0.005480', '-0.001994']
Weights: ['0.200002', '0.799998']

DP_MNL  time: 0.5145s | V(0,C): 55137.72 | avg reward: 51734.89
DP_MMNL_5PT time: 0.5651s | V(0,C): 54527.57 | avg reward: 51734.89
DP_MMNL_2PT time: 0.5439s | V(0,C): 54518.67 | avg reward: 51734.89
ADP_MNL  time: 0.7421s | V(0,C): 55103.30 | avg reward: 51995.64
ADP_MMNL_5PT time: 0.7964s | V(0,C): 54805.89 | avg reward: 52104.49
ADP_MMNL_2PT time: 0.7881s | V(0,C): 54909.07 | avg reward: 52169.04
ADP_ENV time: 17.8444s | V(0,C): 35128.66 | avg reward: 47704.77

=== 100,000 training timesteps ===
Method       | TrainTimeMean(s) | TrainTimeStd(s) | RewardMean | RewardStdAcrossRuns | PctOfDP(%) | PctOfDPStd(%) | LoadFactorMean(%) | LoadFactorStdAcrossRuns(%)
-------------+------------------+-----------------+------------+---------------------+------------+---------------+-------------------+---------------------------
DQN          | 32.95            | 8.52            | 42801.33   | 4496.95             | 80.36      | 6.94          | 76.86             | 8.37                      
ARS          | 10.29            | 0.75            | 43244.00   | 6933.78             | 81.14      | 11.52         | 72.61             | 7.57                      
A2C          | 32.32            | 7.52            | 51148.33   | 3948.15             | 96.00      | 2.90          | 79.64             | 4.39                      
TRPO         | 32.15            | 5.97            | 50583.67   | 4197.91             | 94.93      | 4.03          | 78.88             | 6.47                      
PPO          | 62.77            | 16.10           | 51040.33   | 3607.64             | 95.82      | 2.08          | 81.01             | 4.75                      
DP_MNL       | 0.51             | 0.00            | 53281.00   | 3817.98             | 100.00     | 0.00          | 75.17             | 4.60                      
DP_MMNL_5PT  | 0.57             | 0.00            | 53281.00   | 3817.98             | 100.00     | 0.00          | 75.17             | 4.60                      
DP_MMNL_2PT  | 0.54             | 0.00            | 53281.00   | 3817.98             | 100.00     | 0.00          | 75.17             | 4.60                      
ADP_MNL      | 0.74             | 0.00            | 53267.33   | 3911.18             | 99.98      | 2.23          | 65.33             | 3.36                      
ADP_MMNL_5PT | 0.80             | 0.00            | 53262.67   | 4021.81             | 99.95      | 1.91          | 64.40             | 3.57                      
ADP_MMNL_2PT | 0.79             | 0.00            | 53177.33   | 4143.30             | 99.78      | 2.37          | 63.60             | 3.72                      
ADP_ENV      | 17.84            | 0.00            | 49358.33   | 3624.37             | 92.64      | 1.87          | 77.48             | 4.74                      

=== 500,000 training timesteps ===
Method       | TrainTimeMean(s) | TrainTimeStd(s) | RewardMean | RewardStdAcrossRuns | PctOfDP(%) | PctOfDPStd(%) | LoadFactorMean(%) | LoadFactorStdAcrossRuns(%)
-------------+------------------+-----------------+------------+---------------------+------------+---------------+-------------------+---------------------------
DQN          | 163.54           | 38.88           | 39689.33   | 7342.67             | 74.42      | 11.69         | 73.37             | 8.91                      
ARS          | 52.28            | 4.23            | 47627.00   | 4356.69             | 89.41      | 5.82          | 73.30             | 8.38                      
A2C          | 168.06           | 38.44           | 51895.33   | 3742.93             | 97.45      | 3.23          | 78.56             | 5.15                      
TRPO         | 158.81           | 28.29           | 53575.00   | 4195.53             | 100.53     | 2.12          | 73.51             | 5.86                      
PPO          | 305.14           | 66.96           | 51817.00   | 3650.47             | 97.27      | 1.72          | 79.06             | 4.83                      
DP_MNL       | 0.51             | 0.00            | 53281.00   | 3817.98             | 100.00     | 0.00          | 75.17             | 4.60                      
DP_MMNL_5PT  | 0.57             | 0.00            | 53281.00   | 3817.98             | 100.00     | 0.00          | 75.17             | 4.60                      
DP_MMNL_2PT  | 0.54             | 0.00            | 53281.00   | 3817.98             | 100.00     | 0.00          | 75.17             | 4.60                      
ADP_MNL      | 0.74             | 0.00            | 53267.33   | 3911.18             | 99.98      | 2.23          | 65.33             | 3.36                      
ADP_MMNL_5PT | 0.80             | 0.00            | 53262.67   | 4021.81             | 99.95      | 1.91          | 64.40             | 3.57                      
ADP_MMNL_2PT | 0.79             | 0.00            | 53177.33   | 4143.30             | 99.78      | 2.37          | 63.60             | 3.72                      
ADP_ENV      | 17.84            | 0.00            | 49358.33   | 3624.37             | 92.64      | 1.87          | 77.48             | 4.74                      

=== 1,000,000 training timesteps ===
Method       | TrainTimeMean(s) | TrainTimeStd(s) | RewardMean | RewardStdAcrossRuns | PctOfDP(%) | PctOfDPStd(%) | LoadFactorMean(%) | LoadFactorStdAcrossRuns(%)
-------------+------------------+-----------------+------------+---------------------+------------+---------------+-------------------+---------------------------
DQN          | 330.66           | 75.72           | 40452.00   | 6269.10             | 76.10      | 11.72         | 74.31             | 7.36                      
ARS          | 103.92           | 7.01            | 49412.67   | 4262.52             | 92.79      | 5.46          | 72.58             | 7.62                      
A2C          | 346.66           | 74.73           | 51910.33   | 3753.64             | 97.47      | 3.17          | 78.56             | 5.15                      
TRPO         | 315.00           | 54.04           | 53844.00   | 4419.69             | 101.00     | 2.00          | 69.69             | 8.78                      
PPO          | 614.69           | 104.80          | 52019.33   | 3479.19             | 97.68      | 1.55          | 79.17             | 4.58                      
DP_MNL       | 0.51             | 0.00            | 53281.00   | 3817.98             | 100.00     | 0.00          | 75.17             | 4.60                      
DP_MMNL_5PT  | 0.57             | 0.00            | 53281.00   | 3817.98             | 100.00     | 0.00          | 75.17             | 4.60                      
DP_MMNL_2PT  | 0.54             | 0.00            | 53281.00   | 3817.98             | 100.00     | 0.00          | 75.17             | 4.60                      
ADP_MNL      | 0.74             | 0.00            | 53267.33   | 3911.18             | 99.98      | 2.23          | 65.33             | 3.36                      
ADP_MMNL_5PT | 0.80             | 0.00            | 53262.67   | 4021.81             | 99.95      | 1.91          | 64.40             | 3.57                      
ADP_MMNL_2PT | 0.79             | 0.00            | 53177.33   | 4143.30             | 99.78      | 2.37          | 63.60             | 3.72                      
ADP_ENV      | 17.84            | 0.00            | 49358.33   | 3624.37             | 92.64      | 1.87          | 77.48             | 4.74                      
