
============================================================
TASK_ID: 6
LARGE_PRODUCT_SET: False
TRAIN_ON_ALL_SETS: True
HIGH_SENSITIVITY: False
GT_MODEL: MMNL_5PT
============================================================
RL Training Seeds: 15, RL Training Steps: [20000, 100000, 500000, 1000000], Estimation Episodes: 50

Observation sampling time: 0.9344 seconds
Estimation_MNL  time: 4.6312s | beta: -0.001487, lambda: 0.502829
  LL: -17733.360000, AIC: 35468.730, BIC: 35475.970

Estimation_MMNL_5PT time: 14.1753s | lambda: 0.502829
  LL: -17733.360000, AIC: 35484.730, BIC: 35549.890
Betas: ['-0.050000', '-0.001487', '-0.001488', '-0.001487', '-0.001487']
Weights: ['0.112427', '0.112427', '0.112427', '0.112426', '0.550294']

Estimation_MMNL_2PT time: 7.3980s | lambda: 0.502829
  LL: -17733.360000, AIC: 35472.730, BIC: 35494.450
Betas: ['-0.050000', '-0.001487']
Weights: ['0.337239', '0.662761']

Estimation_MMNL_CONT time: 64.0559s | mu: -6.510659, sigma: 0.000000, lambda: 0.502829
  LL: -17733.360000, AIC: 35470.730, BIC: 35485.210

DP_MNL  time: 0.4481s | V(0,C): 67165.75 | avg reward: 66670.00
DP_MMNL_5PT time: 0.4955s | V(0,C): 59614.12 | avg reward: 66670.00
DP_MMNL_2PT time: 0.4757s | V(0,C): 44514.60 | avg reward: 66670.00
DP_MMNL_CONT time: 0.4752s | V(0,C): 67165.75 | avg reward: 66670.00

