
============================================================
TASK_ID: 66
LARGE_PRODUCT_SET: False
TRAIN_ON_ALL_SETS: True
HIGH_SENSITIVITY: True
GT_MODEL: TMNL
============================================================
RL Training Seeds: 15, RL Training Steps: [20000, 100000, 500000, 1000000], Estimation Episodes: 50

Observation sampling time: 0.5295 seconds
Estimation_MNL  time: 4.6668s | beta: -0.004853, lambda: 0.496829
  LL: -14595.470000, AIC: 29192.940, BIC: 29200.170

Estimation_MMNL_5PT time: 14.6793s | lambda: 0.496829
  LL: -14595.470000, AIC: 29208.940, BIC: 29274.000
Betas: ['-0.050000', '-0.004853', '-0.004853', '-0.004853', '-0.004853']
Weights: ['0.031590', '0.031590', '0.031590', '0.754357', '0.150871']

Estimation_MMNL_2PT time: 7.7932s | lambda: 0.496829
  LL: -14595.470000, AIC: 29196.940, BIC: 29218.630
Betas: ['-0.050000', '-0.004853']
Weights: ['0.354367', '0.645633']

Estimation_MMNL_CONT time: 61.1209s | mu: -5.328094, sigma: 0.001440, lambda: 0.496829
  LL: -14595.470000, AIC: 29194.940, BIC: 29209.400

DP_MNL  time: 0.4583s | V(0,C): 37456.91 | avg reward: 35288.57
DP_MMNL_5PT time: 0.5013s | V(0,C): 36273.78 | avg reward: 35287.78
DP_MMNL_2PT time: 0.4803s | V(0,C): 24185.30 | avg reward: 35281.39
DP_MMNL_CONT time: 0.4753s | V(0,C): 37464.51 | avg reward: 35286.39


=== 20,000 training timesteps ===
Method       | TrainTimeMean(s) | TrainTimeStd(s) | RewardMean | RewardStdAcrossRuns | PctOfDP(%) | PctOfDPStd(%) | LoadFactorMean(%) | LoadFactorStdAcrossRuns(%)
-------------+------------------+-----------------+------------+---------------------+------------+---------------+-------------------+---------------------------
DQN          | 4.59             | 0.92            | 29130.00   | 3688.30             | 83.45      | 11.01         | 77.30             | 8.15                      
ARS          | 2.28             | 0.05            | 26327.00   | 8160.24             | 75.05      | 22.37         | 71.57             | 21.15                     
A2C          | 4.42             | 0.73            | 34563.67   | 3068.95             | 98.68      | 4.25          | 86.70             | 5.24                      
TRPO         | 5.56             | 0.49            | 34229.00   | 2825.53             | 97.85      | 5.57          | 85.95             | 5.15                      
PPO          | 10.73            | 1.89            | 34195.33   | 2728.12             | 97.71      | 4.54          | 86.63             | 5.11                      
DP_MNL       | 0.46             | 0.00            | 34993.33   | 2271.14             | 100.00     | 0.00          | 86.41             | 5.37                      
DP_MMNL_5PT  | 0.50             | 0.00            | 34993.33   | 2271.14             | 100.00     | 0.00          | 86.41             | 5.37                      
DP_MMNL_2PT  | 0.48             | 0.00            | 34993.33   | 2271.14             | 100.00     | 0.00          | 86.41             | 5.37                      
DP_MMNL_CONT | 0.48             | 0.00            | 34993.33   | 2271.14             | 100.00     | 0.00          | 86.41             | 5.37                      

=== 100,000 training timesteps ===
Method       | TrainTimeMean(s) | TrainTimeStd(s) | RewardMean | RewardStdAcrossRuns | PctOfDP(%) | PctOfDPStd(%) | LoadFactorMean(%) | LoadFactorStdAcrossRuns(%)
-------------+------------------+-----------------+------------+---------------------+------------+---------------+-------------------+---------------------------
DQN          | 22.97            | 4.72            | 29366.33   | 4070.59             | 84.16      | 12.38         | 77.48             | 8.25                      
ARS          | 11.32            | 0.22            | 28802.33   | 4911.70             | 82.63      | 14.66         | 74.81             | 12.20                     
A2C          | 22.19            | 3.90            | 37156.00   | 3319.42             | 106.11     | 5.31          | 84.36             | 5.75                      
TRPO         | 24.40            | 2.16            | 36446.67   | 3043.23             | 104.14     | 5.02          | 85.51             | 5.75                      
PPO          | 46.64            | 7.83            | 34848.33   | 2586.83             | 99.53      | 1.77          | 86.56             | 5.13                      
DP_MNL       | 0.46             | 0.00            | 34993.33   | 2271.14             | 100.00     | 0.00          | 86.41             | 5.37                      
DP_MMNL_5PT  | 0.50             | 0.00            | 34993.33   | 2271.14             | 100.00     | 0.00          | 86.41             | 5.37                      
DP_MMNL_2PT  | 0.48             | 0.00            | 34993.33   | 2271.14             | 100.00     | 0.00          | 86.41             | 5.37                      
DP_MMNL_CONT | 0.48             | 0.00            | 34993.33   | 2271.14             | 100.00     | 0.00          | 86.41             | 5.37                      

=== 500,000 training timesteps ===
Method       | TrainTimeMean(s) | TrainTimeStd(s) | RewardMean | RewardStdAcrossRuns | PctOfDP(%) | PctOfDPStd(%) | LoadFactorMean(%) | LoadFactorStdAcrossRuns(%)
-------------+------------------+-----------------+------------+---------------------+------------+---------------+-------------------+---------------------------
DQN          | 113.09           | 21.68           | 29972.33   | 3622.37             | 85.68      | 8.98          | 78.99             | 6.11                      
ARS          | 47.46            | 0.92            | 35173.67   | 2782.70             | 100.51     | 4.48          | 80.58             | 7.43                      
A2C          | 114.85           | 18.86           | 37325.00   | 3424.90             | 106.56     | 5.14          | 84.07             | 5.51                      
TRPO         | 122.60           | 10.05           | 38317.33   | 2519.78             | 109.50     | 1.20          | 83.39             | 4.78                      
PPO          | 223.24           | 34.20           | 34993.33   | 2271.14             | 100.00     | 0.00          | 86.41             | 5.37                      
DP_MNL       | 0.46             | 0.00            | 34993.33   | 2271.14             | 100.00     | 0.00          | 86.41             | 5.37                      
DP_MMNL_5PT  | 0.50             | 0.00            | 34993.33   | 2271.14             | 100.00     | 0.00          | 86.41             | 5.37                      
DP_MMNL_2PT  | 0.48             | 0.00            | 34993.33   | 2271.14             | 100.00     | 0.00          | 86.41             | 5.37                      
DP_MMNL_CONT | 0.48             | 0.00            | 34993.33   | 2271.14             | 100.00     | 0.00          | 86.41             | 5.37                      

=== 1,000,000 training timesteps ===
Method       | TrainTimeMean(s) | TrainTimeStd(s) | RewardMean | RewardStdAcrossRuns | PctOfDP(%) | PctOfDPStd(%) | LoadFactorMean(%) | LoadFactorStdAcrossRuns(%)
-------------+------------------+-----------------+------------+---------------------+------------+---------------+-------------------+---------------------------
DQN          | 226.80           | 41.36           | 29107.00   | 3730.56             | 83.22      | 9.46          | 76.54             | 8.22                      
ARS          | 92.48            | 1.51            | 36441.00   | 3142.93             | 104.09     | 4.87          | 80.47             | 7.43                      
A2C          | 234.78           | 35.80           | 37347.33   | 3420.79             | 106.62     | 5.08          | 84.11             | 5.54                      
TRPO         | 247.09           | 19.42           | 38310.67   | 2507.21             | 109.48     | 1.17          | 83.82             | 5.22                      
PPO          | 442.90           | 52.04           | 38086.33   | 2822.16             | 108.80     | 2.62          | 84.00             | 5.09                      
DP_MNL       | 0.46             | 0.00            | 34993.33   | 2271.14             | 100.00     | 0.00          | 86.41             | 5.37                      
DP_MMNL_5PT  | 0.50             | 0.00            | 34993.33   | 2271.14             | 100.00     | 0.00          | 86.41             | 5.37                      
DP_MMNL_2PT  | 0.48             | 0.00            | 34993.33   | 2271.14             | 100.00     | 0.00          | 86.41             | 5.37                      
DP_MMNL_CONT | 0.48             | 0.00            | 34993.33   | 2271.14             | 100.00     | 0.00          | 86.41             | 5.37                      
