
============================================================
TASK_ID: 21
LARGE_PRODUCT_SET: True
TRAIN_ON_ALL_SETS: False
HIGH_SENSITIVITY: False
GT_MODEL: MNLrefPrice
============================================================
RL Training Seeds: 15, RL Training Steps: [20000, 100000, 500000], Estimation Episodes: 50

Observation sampling time: 2.0133 seconds
Estimation_MNL  time: 0.1119s | beta: -0.003171, lambda: 0.500447
  LL: -36487.416009, AIC: 72976.832, BIC: 72983.994

Estimation_MMNL_5PT time: 26.3266s | lambda: 0.500447
  LL: -36487.416006, AIC: 72978.832, BIC: 72993.156
Betas: ['-0.003172', '-0.003171', '-0.003171', '-0.003170', '-0.003169']
Weights: ['0.011257', '0.222076', '0.533333', '0.222076', '0.011257']

Estimation_MMNL_2PT time: 0.0003s | lambda: 0.500447
  LL: -36487.416006, AIC: 72978.832, BIC: 72993.156
Betas: ['-0.003171', '-0.003170']
Weights: ['0.500000', '0.500000']

MNL  efficient sets time: 10.2567s | sets: (0, 1, 3, 7, 15, 31, 63, 127, 255, 511, 1023, 2047, 4095, 8191, 16383, 32767, 65535, 131071, 262143, 524287, 1048575, 2097151, 4194303, 8388607, 16777215, 33554431, 67108863, 134217727, 268435455, 536870911, 1073741823, 2147483647, 4294967295, 8589934591, 17179869183, 34359738367)
MMNL 5PT efficient sets time: 14.7570s | sets: (0, 1, 3, 7, 15, 31, 63, 127, 255, 511, 1023, 2047, 4095, 8191, 16383, 32767, 65535, 131071, 262143, 524287, 1048575, 2097151, 4194303, 8388607, 16777215, 33554431, 67108863, 134217727, 268435455, 536870911, 1073741823, 2147483647, 4294967295, 8589934591, 17179869183, 34359738367)
MMNL 2PT efficient sets time: 10.1536s | sets: (0, 1, 3, 7, 15, 31, 63, 127, 255, 511, 1023, 2047, 4095, 8191, 16383, 32767, 65535, 131071, 262143, 524287, 1048575, 2097151, 4194303, 8388607, 16777215, 33554431, 67108863, 134217727, 268435455, 536870911, 1073741823, 2147483647, 4294967295, 8589934591, 17179869183, 34359738367)
DP_MNL  time: 2.9015s | V(0,C): 92507.41 | avg reward: 98544.67
DP_MMNL_5PT time: 2.8605s | V(0,C): 92507.41 | avg reward: 98543.88
DP_MMNL_2PT time: 2.8472s | V(0,C): 92507.41 | avg reward: 98543.88
