
============================================================
TASK_ID: 48
LARGE_PRODUCT_SET: False
TRAIN_ON_ALL_SETS: False
HIGH_SENSITIVITY: True
GT_MODEL: MMNLcont
============================================================
RL Training Seeds: 15, RL Training Steps: [20000, 100000, 500000], Estimation Episodes: 50

Observation sampling time: 0.7896 seconds
Estimation_MNL  time: 4.7668s | beta: -0.005029, lambda: 0.500829
  LL: -14498.650000, AIC: 28999.290, BIC: 29006.530

Estimation_MMNL_5PT time: 17.2719s | lambda: 0.500829
  LL: -14496.330000, AIC: 29010.660, BIC: 29075.790
Betas: ['-0.050000', '-0.007234', '-0.007234', '-0.004258', '-0.007234']
Weights: ['0.048283', '0.048285', '0.048281', '0.699312', '0.155839']

Estimation_MMNL_2PT time: 8.2080s | lambda: 0.500829
  LL: -14496.330000, AIC: 28998.660, BIC: 29020.370
Betas: ['-0.050000', '-0.007052']
Weights: ['0.666667', '0.333333']

Estimation_MMNL_CONT time: 50.7090s | mu: -5.301322, sigma: 0.245994, lambda: 0.500829
  LL: -14496.660000, AIC: 28997.320, BIC: 29011.800

MNL  efficient sets time: 0.0119s | sets: (0, 1, 3, 7, 15, 31, 63, 127, 255, 511)
MMNL 5PT efficient sets time: 0.0554s | sets: (0, 1, 3, 7, 15, 31, 63, 127, 255, 511)
MMNL 2PT efficient sets time: 0.0375s | sets: (0, 1, 3, 7, 15, 31, 63, 127, 255, 511, 1023)
MMNL Cont efficient sets time: 0.0327s | sets: (0, 1, 3, 5, 15, 27, 63)

DP_MNL  time: 0.3586s | V(0,C): 36856.78 | avg reward: 36180.64
DP_MMNL_5PT time: 0.3616s | V(0,C): 35325.82 | avg reward: 36180.64
DP_MMNL_2PT time: 0.3599s | V(0,C): 9491.65 | avg reward: 36154.56
DP_MMNL_CONT time: 0.3642s | V(0,C): 24435.66 | avg reward: 25884.45


=== 20,000 training timesteps ===
Method       | TrainTimeMean(s) | TrainTimeStd(s) | RewardMean | RewardStdAcrossRuns | PctOfDP(%) | PctOfDPStd(%) | LoadFactorMean(%) | LoadFactorStdAcrossRuns(%)
-------------+------------------+-----------------+------------+---------------------+------------+---------------+-------------------+---------------------------
DQN          | 3.89             | 0.24            | 34355.00   | 4969.18             | 95.93      | 9.98          | 65.01             | 16.41                     
QRDQN        | 20.71            | 0.35            | 27691.33   | 10616.11            | 77.45      | 28.06         | 45.08             | 23.71                     
ARS          | 2.60             | 0.02            | 31957.33   | 5427.44             | 89.03      | 10.88         | 52.04             | 16.97                     
A2C          | 4.34             | 0.05            | 33891.67   | 3003.78             | 94.89      | 4.55          | 71.57             | 4.47                      
TRPO         | 5.69             | 0.04            | 34638.67   | 2606.42             | 97.06      | 4.08          | 69.69             | 5.10                      
PPO          | 9.76             | 0.07            | 34810.33   | 3090.48             | 97.38      | 2.84          | 71.17             | 6.61                      
DP_MNL       | 0.36             | 0.00            | 35733.67   | 2858.05             | 100.00     | 0.00          | 70.45             | 4.51                      
DP_MMNL_5PT  | 0.36             | 0.00            | 35733.67   | 2858.05             | 100.00     | 0.00          | 70.45             | 4.51                      
DP_MMNL_2PT  | 0.36             | 0.00            | 35674.00   | 2785.74             | 99.87      | 1.83          | 75.35             | 4.57                      
DP_MMNL_CONT | 0.36             | 0.00            | 25023.33   | 2846.57             | 69.89      | 3.33          | 34.56             | 3.38                      

=== 100,000 training timesteps ===
Method       | TrainTimeMean(s) | TrainTimeStd(s) | RewardMean | RewardStdAcrossRuns | PctOfDP(%) | PctOfDPStd(%) | LoadFactorMean(%) | LoadFactorStdAcrossRuns(%)
-------------+------------------+-----------------+------------+---------------------+------------+---------------+-------------------+---------------------------
DQN          | 19.80            | 1.10            | 35596.00   | 2873.79             | 99.62      | 1.63          | 74.02             | 5.26                      
QRDQN        | 104.30           | 1.59            | 27691.33   | 10616.11            | 77.45      | 28.06         | 45.08             | 23.71                     
ARS          | 12.98            | 0.10            | 34410.33   | 4344.01             | 96.06      | 7.59          | 60.43             | 12.83                     
A2C          | 21.67            | 0.22            | 35027.00   | 3227.19             | 98.01      | 4.22          | 74.34             | 5.22                      
TRPO         | 25.04            | 0.18            | 35575.00   | 2826.87             | 99.58      | 1.75          | 73.48             | 5.35                      
PPO          | 42.35            | 0.32            | 35684.33   | 2776.44             | 99.90      | 1.80          | 75.24             | 4.65                      
DP_MNL       | 0.36             | 0.00            | 35733.67   | 2858.05             | 100.00     | 0.00          | 70.45             | 4.51                      
DP_MMNL_5PT  | 0.36             | 0.00            | 35733.67   | 2858.05             | 100.00     | 0.00          | 70.45             | 4.51                      
DP_MMNL_2PT  | 0.36             | 0.00            | 35674.00   | 2785.74             | 99.87      | 1.83          | 75.35             | 4.57                      
DP_MMNL_CONT | 0.36             | 0.00            | 25023.33   | 2846.57             | 69.89      | 3.33          | 34.56             | 3.38                      

=== 500,000 training timesteps ===
Method       | TrainTimeMean(s) | TrainTimeStd(s) | RewardMean | RewardStdAcrossRuns | PctOfDP(%) | PctOfDPStd(%) | LoadFactorMean(%) | LoadFactorStdAcrossRuns(%)
-------------+------------------+-----------------+------------+---------------------+------------+---------------+-------------------+---------------------------
DQN          | 419.51           | 1189.47         | 35373.00   | 2733.37             | 99.03      | 1.93          | 73.01             | 4.28                      
QRDQN        | 506.11           | 8.61            | 27691.33   | 10616.11            | 77.45      | 28.06         | 45.08             | 23.71                     
ARS          | 54.57            | 0.43            | 35330.00   | 2845.74             | 98.88      | 1.95          | 66.41             | 8.64                      
A2C          | 113.57           | 1.16            | 35605.33   | 2820.62             | 99.67      | 1.86          | 74.56             | 5.09                      
TRPO         | 124.30           | 0.85            | 35681.33   | 3009.40             | 99.82      | 1.34          | 70.31             | 4.97                      
PPO          | 204.34           | 3.23            | 35674.00   | 2785.74             | 99.87      | 1.83          | 75.35             | 4.57                      
DP_MNL       | 0.36             | 0.00            | 35733.67   | 2858.05             | 100.00     | 0.00          | 70.45             | 4.51                      
DP_MMNL_5PT  | 0.36             | 0.00            | 35733.67   | 2858.05             | 100.00     | 0.00          | 70.45             | 4.51                      
DP_MMNL_2PT  | 0.36             | 0.00            | 35674.00   | 2785.74             | 99.87      | 1.83          | 75.35             | 4.57                      
DP_MMNL_CONT | 0.36             | 0.00            | 25023.33   | 2846.57             | 69.89      | 3.33          | 34.56             | 3.38                      
