
============================================================
TASK_ID: 67
LARGE_PRODUCT_SET: True
TRAIN_ON_ALL_SETS: True
HIGH_SENSITIVITY: True
GT_MODEL: TMNL
EXEC_PHASE: 1_PREP
============================================================
RL Training Seeds: 15, RL Training Steps: [100000, 500000, 1000000, 2000000], Estimation Episodes: 50

Observation sampling time: 1.2240 seconds
Estimation_MNL  time: 0.0232s | beta: -0.008845, lambda: 0.505560
  LL: -31374.039681, AIC: 62750.079, BIC: 62757.294

Estimation_MMNL_5PT time: 1.3121s | lambda: 0.505560
  LL: -31374.039681, AIC: 62766.079, BIC: 62831.015
Betas: ['-0.008845', '-0.008845', '-0.008845', '-0.008845', '-0.008845']
Weights: ['0.100001', '0.384535', '0.286559', '0.128855', '0.100050']

Estimation_MMNL_2PT time: 0.4596s | lambda: 0.505560
  LL: -31374.039681, AIC: 62754.079, BIC: 62775.724
Betas: ['-0.008845', '-0.008845']
Weights: ['0.799671', '0.200329']

Saved intermediate DP/ADP results to /gpfs/bwfor/home/ma/ma_ma/ma_fablange/RL_Dynamic_Choice_RM/src/results/large_classical_high_TMNL/dp_adp_intermediate.pkl
Phase 1 prep complete. Next run one DP sub-step phase.

============================================================
TASK_ID: 67
LARGE_PRODUCT_SET: True
TRAIN_ON_ALL_SETS: True
HIGH_SENSITIVITY: True
GT_MODEL: TMNL
EXEC_PHASE: 1_DP_MNL
============================================================
RL Training Seeds: 15, RL Training Steps: [100000, 500000, 1000000, 2000000], Estimation Episodes: 50

DP_MNL  time: 46908.3855s | V(0,C): 52750.65 | avg reward: 49581.49
Saved intermediate DP/ADP results to /gpfs/bwfor/home/ma/ma_ma/ma_fablange/RL_Dynamic_Choice_RM/src/results/large_classical_high_TMNL/dp_adp_intermediate.pkl
Completed split phase step: 1_DP_MNL

============================================================
TASK_ID: 67
LARGE_PRODUCT_SET: True
TRAIN_ON_ALL_SETS: True
HIGH_SENSITIVITY: True
GT_MODEL: TMNL
EXEC_PHASE: 1_DP_MMNL_5PT
============================================================
RL Training Seeds: 15, RL Training Steps: [100000, 500000, 1000000, 2000000], Estimation Episodes: 50

DP_MMNL_5PT time: 85585.0928s | V(0,C): 52725.74 | avg reward: 49598.13
Saved intermediate DP/ADP results to /gpfs/bwfor/home/ma/ma_ma/ma_fablange/RL_Dynamic_Choice_RM/src/results/large_classical_high_TMNL/dp_adp_intermediate.pkl
Completed split phase step: 1_DP_MMNL_5PT

============================================================
TASK_ID: 67
LARGE_PRODUCT_SET: True
TRAIN_ON_ALL_SETS: True
HIGH_SENSITIVITY: True
GT_MODEL: TMNL
EXEC_PHASE: 1_DP_MMNL_2PT
============================================================
RL Training Seeds: 15, RL Training Steps: [100000, 500000, 1000000, 2000000], Estimation Episodes: 50


============================================================
TASK_ID: 67
LARGE_PRODUCT_SET: True
TRAIN_ON_ALL_SETS: True
HIGH_SENSITIVITY: True
GT_MODEL: TMNL
EXEC_PHASE: 1_DP_MMNL_2PT
============================================================
RL Training Seeds: 15, RL Training Steps: [100000, 500000, 1000000, 2000000], Estimation Episodes: 50

DP_MMNL_2PT time: 85271.5259s | V(0,C): 52741.88 | avg reward: 49589.37
Saved intermediate DP/ADP results to /gpfs/bwfor/home/ma/ma_ma/ma_fablange/RL_Dynamic_Choice_RM/src/results/large_classical_high_TMNL/dp_adp_intermediate.pkl
Completed split phase step: 1_DP_MMNL_2PT

============================================================
TASK_ID: 67
LARGE_PRODUCT_SET: True
TRAIN_ON_ALL_SETS: True
HIGH_SENSITIVITY: True
GT_MODEL: TMNL
EXEC_PHASE: 2
============================================================
RL Training Seeds: 15, RL Training Steps: [100000, 500000, 1000000, 2000000], Estimation Episodes: 50

Loaded pre-computed DP/ADP results
ADP_MNL  time: 1.3360s | V(0,C): 43619.46 | avg reward: 44775.28
ADP_MMNL_5PT time: 1.7233s | V(0,C): 43619.46 | avg reward: 44775.11
ADP_MMNL_2PT time: 1.5646s | V(0,C): 43619.53 | avg reward: 44774.90
ADP_ENV time: 113.8679s | V(0,C): 28568.04 | avg reward: 45912.74

=== 100,000 training timesteps ===
Method       | TrainTimeMean(s) | TrainTimeStd(s) | RewardMean | RewardStdAcrossRuns | PctOfDP(%) | PctOfDPStd(%) | LoadFactorMean(%) | LoadFactorStdAcrossRuns(%)
-------------+------------------+-----------------+------------+---------------------+------------+---------------+-------------------+---------------------------
A2C          | 31.97            | 2.40            | 42713.47   | 1029.53             | 86.30      | 3.20          | 98.95             | 1.96                      
TRPO         | 41.49            | 2.48            | 42623.00   | 1141.55             | 86.13      | 3.46          | 99.28             | 1.32                      
PPO          | 65.11            | 4.59            | 42960.34   | 1348.53             | 86.82      | 4.01          | 99.17             | 1.28                      
DP_MNL       | 46908.39         | 0.00            | 49548.06   | 1891.80             | 100.00     | 0.00          | 96.22             | 3.13                      
DP_MMNL_5PT  | 85585.09         | 0.00            | 49567.24   | 1948.62             | 100.03     | 0.28          | 96.22             | 3.19                      
DP_MMNL_2PT  | 85271.53         | 0.00            | 49567.74   | 1892.45             | 100.04     | 0.12          | 96.25             | 3.12                      
ADP_MNL      | 1.34             | 0.00            | 44627.26   | 1499.35             | 90.09      | 1.14          | 97.12             | 3.06                      
ADP_MMNL_5PT | 1.72             | 0.00            | 44627.83   | 1498.42             | 90.09      | 1.14          | 97.12             | 3.06                      
ADP_MMNL_2PT | 1.56             | 0.00            | 44627.83   | 1498.42             | 90.09      | 1.14          | 97.12             | 3.06                      
ADP_ENV      | 113.87           | 0.00            | 45845.25   | 1391.11             | 92.56      | 1.26          | 97.91             | 2.45                      

=== 500,000 training timesteps ===
Method       | TrainTimeMean(s) | TrainTimeStd(s) | RewardMean | RewardStdAcrossRuns | PctOfDP(%) | PctOfDPStd(%) | LoadFactorMean(%) | LoadFactorStdAcrossRuns(%)
-------------+------------------+-----------------+------------+---------------------+------------+---------------+-------------------+---------------------------
A2C          | 162.90           | 12.24           | 45134.12   | 1304.80             | 91.19      | 3.63          | 99.10             | 1.92                      
TRPO         | 205.10           | 10.73           | 44318.37   | 1269.24             | 89.52      | 2.82          | 99.46             | 0.93                      
PPO          | 312.35           | 22.09           | 43922.39   | 1145.57             | 88.74      | 3.34          | 99.24             | 1.23                      
DP_MNL       | 46908.39         | 0.00            | 49548.06   | 1891.80             | 100.00     | 0.00          | 96.22             | 3.13                      
DP_MMNL_5PT  | 85585.09         | 0.00            | 49567.24   | 1948.62             | 100.03     | 0.28          | 96.22             | 3.19                      
DP_MMNL_2PT  | 85271.53         | 0.00            | 49567.74   | 1892.45             | 100.04     | 0.12          | 96.25             | 3.12                      
ADP_MNL      | 1.34             | 0.00            | 44627.26   | 1499.35             | 90.09      | 1.14          | 97.12             | 3.06                      
ADP_MMNL_5PT | 1.72             | 0.00            | 44627.83   | 1498.42             | 90.09      | 1.14          | 97.12             | 3.06                      
ADP_MMNL_2PT | 1.56             | 0.00            | 44627.83   | 1498.42             | 90.09      | 1.14          | 97.12             | 3.06                      
ADP_ENV      | 113.87           | 0.00            | 45845.25   | 1391.11             | 92.56      | 1.26          | 97.91             | 2.45                      

=== 1,000,000 training timesteps ===
Method       | TrainTimeMean(s) | TrainTimeStd(s) | RewardMean | RewardStdAcrossRuns | PctOfDP(%) | PctOfDPStd(%) | LoadFactorMean(%) | LoadFactorStdAcrossRuns(%)
-------------+------------------+-----------------+------------+---------------------+------------+---------------+-------------------+---------------------------
A2C          | 329.14           | 25.77           | 45257.68   | 1423.27             | 91.43      | 3.42          | 98.99             | 2.11                      
TRPO         | 423.63           | 17.32           | 45124.85   | 1289.07             | 91.15      | 2.88          | 99.32             | 1.09                      
PPO          | 626.59           | 42.44           | 44498.01   | 989.37              | 89.91      | 3.21          | 99.35             | 1.17                      
DP_MNL       | 46908.39         | 0.00            | 49548.06   | 1891.80             | 100.00     | 0.00          | 96.22             | 3.13                      
DP_MMNL_5PT  | 85585.09         | 0.00            | 49567.24   | 1948.62             | 100.03     | 0.28          | 96.22             | 3.19                      
DP_MMNL_2PT  | 85271.53         | 0.00            | 49567.74   | 1892.45             | 100.04     | 0.12          | 96.25             | 3.12                      
ADP_MNL      | 1.34             | 0.00            | 44627.26   | 1499.35             | 90.09      | 1.14          | 97.12             | 3.06                      
ADP_MMNL_5PT | 1.72             | 0.00            | 44627.83   | 1498.42             | 90.09      | 1.14          | 97.12             | 3.06                      
ADP_MMNL_2PT | 1.56             | 0.00            | 44627.83   | 1498.42             | 90.09      | 1.14          | 97.12             | 3.06                      
ADP_ENV      | 113.87           | 0.00            | 45845.25   | 1391.11             | 92.56      | 1.26          | 97.91             | 2.45                      

=== 2,000,000 training timesteps ===
Method       | TrainTimeMean(s) | TrainTimeStd(s) | RewardMean | RewardStdAcrossRuns | PctOfDP(%) | PctOfDPStd(%) | LoadFactorMean(%) | LoadFactorStdAcrossRuns(%)
-------------+------------------+-----------------+------------+---------------------+------------+---------------+-------------------+---------------------------
A2C          | 653.34           | 52.45           | 45115.08   | 1601.49             | 91.15      | 3.93          | 99.03             | 2.05                      
TRPO         | 874.20           | 39.37           | 47158.67   | 1077.76             | 95.26      | 2.76          | 99.10             | 1.43                      
PPO          | 1253.18          | 62.91           | 45434.43   | 1075.65             | 91.79      | 2.88          | 99.21             | 1.46                      
DP_MNL       | 46908.39         | 0.00            | 49548.06   | 1891.80             | 100.00     | 0.00          | 96.22             | 3.13                      
DP_MMNL_5PT  | 85585.09         | 0.00            | 49567.24   | 1948.62             | 100.03     | 0.28          | 96.22             | 3.19                      
DP_MMNL_2PT  | 85271.53         | 0.00            | 49567.74   | 1892.45             | 100.04     | 0.12          | 96.25             | 3.12                      
ADP_MNL      | 1.34             | 0.00            | 44627.26   | 1499.35             | 90.09      | 1.14          | 97.12             | 3.06                      
ADP_MMNL_5PT | 1.72             | 0.00            | 44627.83   | 1498.42             | 90.09      | 1.14          | 97.12             | 3.06                      
ADP_MMNL_2PT | 1.56             | 0.00            | 44627.83   | 1498.42             | 90.09      | 1.14          | 97.12             | 3.06                      
ADP_ENV      | 113.87           | 0.00            | 45845.25   | 1391.11             | 92.56      | 1.26          | 97.91             | 2.45                      
