
============================================================
TASK_ID: 65
LARGE_PRODUCT_SET: True
TRAIN_ON_ALL_SETS: False
HIGH_SENSITIVITY: True
GT_MODEL: TMNL
============================================================
RL Training Seeds: 15, RL Training Steps: [20000, 100000, 500000], Estimation Episodes: 50

Observation sampling time: 2.3416 seconds
Estimation_MNL  time: 0.1147s | beta: -0.008834, lambda: 0.496780
  LL: -31087.149742, AIC: 62176.299, BIC: 62183.505

Estimation_MMNL_5PT time: 38.6964s | lambda: 0.496780
  LL: -31087.149742, AIC: 62178.299, BIC: 62192.711
Betas: ['-0.008834', '-0.008834', '-0.008834', '-0.008834', '-0.008834']
Weights: ['0.011257', '0.222076', '0.533333', '0.222076', '0.011257']

Estimation_MMNL_2PT time: 0.0003s | lambda: 0.496780
  LL: -31087.149742, AIC: 62178.299, BIC: 62192.711
Betas: ['-0.008834', '-0.008834']
Weights: ['0.500000', '0.500000']

MNL  efficient sets time: 26.9463s | sets: (0, 1, 3, 7, 15, 31, 63, 127, 255, 511, 1023, 2047, 4095, 8191, 16383, 32767, 65535, 131071, 262143, 524287, 1048575, 2097151, 4194303, 8388607, 16777215, 33554431, 67108863, 134217727, 268435455, 536870911, 1073741823, 2147483647, 4294967295, 8589934591, 17179869183, 34359738367, 68719476735, 137438953471, 274877906943, 549755813887, 1099511627775, 2199023255551, 4398046511103, 8796093022207, 17592186044415, 35184372088831, 70368744177663, 140737488355327, 281474976710655, 562949953421311, 1125899906842623, 2251799813685247, 4503599627370495, 9007199254740991, 18014398509481983, 36028797018963967, 72057594037927935, 144115188075855871, 288230376151711743, 576460752303423487, 1152921504606846975, 2305843009213693951, 4611686018427387903, 9223372036854775807, 18446744073709551615, 36893488147419103231, 73786976294838206463, 147573952589676412927, 295147905179352825855, 590295810358705651711, 1180591620717411303423, 2361183241434822606847, 4722366482869645213695, 9444732965739290427391, 18889465931478580854783, 37778931862957161709567, 75557863725914323419135, 151115727451828646838271, 302231454903657293676543, 604462909807314587353087, 1208925819614629174706175, 2417851639229258349412351)
MMNL 5PT efficient sets time: 44.8099s | sets: (0, 1, 3, 7, 15, 31, 63, 127, 255, 511, 1023, 2047, 4095, 8191, 16383, 32767, 65535, 131071, 262143, 524287, 1048575, 2097151, 4194303, 8388607, 16777215, 33554431, 67108863, 134217727, 268435455, 536870911, 1073741823, 2147483647, 4294967295, 8589934591, 17179869183, 34359738367, 68719476735, 137438953471, 274877906943, 549755813887, 1099511627775, 2199023255551, 4398046511103, 8796093022207, 17592186044415, 35184372088831, 70368744177663, 140737488355327, 281474976710655, 562949953421311, 1125899906842623, 2251799813685247, 4503599627370495, 9007199254740991, 18014398509481983, 36028797018963967, 72057594037927935, 144115188075855871, 288230376151711743, 576460752303423487, 1152921504606846975, 2305843009213693951, 4611686018427387903, 9223372036854775807, 18446744073709551615, 36893488147419103231, 73786976294838206463, 147573952589676412927, 295147905179352825855, 590295810358705651711, 1180591620717411303423, 2361183241434822606847, 4722366482869645213695, 9444732965739290427391, 18889465931478580854783, 37778931862957161709567, 75557863725914323419135, 151115727451828646838271, 302231454903657293676543, 604462909807314587353087, 1208925819614629174706175, 2417851639229258349412351)
MMNL 2PT efficient sets time: 29.1751s | sets: (0, 1, 3, 7, 15, 31, 63, 127, 255, 511, 1023, 2047, 4095, 8191, 16383, 32767, 65535, 131071, 262143, 524287, 1048575, 2097151, 4194303, 8388607, 16777215, 33554431, 67108863, 134217727, 268435455, 536870911, 1073741823, 2147483647, 4294967295, 8589934591, 17179869183, 34359738367, 68719476735, 137438953471, 274877906943, 549755813887, 1099511627775, 2199023255551, 4398046511103, 8796093022207, 17592186044415, 35184372088831, 70368744177663, 140737488355327, 281474976710655, 562949953421311, 1125899906842623, 2251799813685247, 4503599627370495, 9007199254740991, 18014398509481983, 36028797018963967, 72057594037927935, 144115188075855871, 288230376151711743, 576460752303423487, 1152921504606846975, 2305843009213693951, 4611686018427387903, 9223372036854775807, 18446744073709551615, 36893488147419103231, 73786976294838206463, 147573952589676412927, 295147905179352825855, 590295810358705651711, 1180591620717411303423, 2361183241434822606847, 4722366482869645213695, 9444732965739290427391, 18889465931478580854783, 37778931862957161709567, 75557863725914323419135, 151115727451828646838271, 302231454903657293676543, 604462909807314587353087, 1208925819614629174706175, 2417851639229258349412351)
DP_MNL  time: 2.8519s | V(0,C): 51901.79 | avg reward: 49589.83
DP_MMNL_5PT time: 2.9278s | V(0,C): 51901.79 | avg reward: 49589.83
DP_MMNL_2PT time: 2.8812s | V(0,C): 51901.79 | avg reward: 49589.83
