
============================================================
TASK_ID: 34
LARGE_PRODUCT_SET: False
TRAIN_ON_ALL_SETS: True
HIGH_SENSITIVITY: False
GT_MODEL: NLogit
============================================================
RL Training Seeds: 15, RL Training Steps: [20000, 100000, 500000, 1000000], Estimation Episodes: 50

Observation sampling time: 0.5800 seconds
Estimation_MNL  time: 5.4534s | beta: -0.002180, lambda: 0.500634
  LL: -17139.720000, AIC: 34281.430, BIC: 34288.670

Estimation_MMNL_5PT time: 18.7347s | lambda: 0.500634
  LL: -17134.220000, AIC: 34286.430, BIC: 34351.560
Betas: ['-0.050000', '-0.001962', '-0.001962', '-0.001962', '-0.001962']
Weights: ['0.031071', '0.276571', '0.272254', '0.264761', '0.155343']

Estimation_MMNL_2PT time: 9.2479s | lambda: 0.500634
  LL: -17136.290000, AIC: 34278.580, BIC: 34300.290
Betas: ['-0.050000', '-0.001324']
Weights: ['0.333333', '0.666667']

Estimation_MMNL_CONT time: 53.5982s | mu: -6.256524, sigma: 0.575354, lambda: 0.500634
  LL: -17136.310000, AIC: 34276.630, BIC: 34291.100

DP_MNL  time: 0.4636s | V(0,C): 58744.76 | avg reward: 55173.78
DP_MMNL_5PT time: 0.5149s | V(0,C): 59143.49 | avg reward: 55173.78
DP_MMNL_2PT time: 0.4922s | V(0,C): 45908.94 | avg reward: 56248.80
DP_MMNL_CONT time: 0.4869s | V(0,C): 73428.73 | avg reward: 55173.78


=== 20,000 training timesteps ===
Method       | TrainTimeMean(s) | TrainTimeStd(s) | RewardMean | RewardStdAcrossRuns | PctOfDP(%) | PctOfDPStd(%) | LoadFactorMean(%) | LoadFactorStdAcrossRuns(%)
-------------+------------------+-----------------+------------+---------------------+------------+---------------+-------------------+---------------------------
DQN          | 5.28             | 0.94            | 41627.00   | 5353.86             | 76.11      | 9.71          | 78.67             | 6.72                      
ARS          | 2.36             | 0.07            | 45969.00   | 3781.87             | 84.09      | 7.27          | 80.32             | 7.20                      
A2C          | 5.41             | 1.00            | 50064.67   | 4047.84             | 91.32      | 3.74          | 84.86             | 5.59                      
TRPO         | 6.36             | 0.64            | 51033.67   | 4082.92             | 93.09      | 3.88          | 81.23             | 6.92                      
PPO          | 13.06            | 2.09            | 51478.67   | 4585.92             | 93.88      | 5.03          | 81.37             | 6.78                      
DP_MNL       | 0.46             | 0.00            | 54870.00   | 4441.38             | 100.00     | 0.00          | 67.78             | 5.11                      
DP_MMNL_5PT  | 0.51             | 0.00            | 54870.00   | 4441.38             | 100.00     | 0.00          | 67.78             | 5.11                      
DP_MMNL_2PT  | 0.49             | 0.00            | 56128.33   | 4720.19             | 102.29     | 2.21          | 61.84             | 4.95                      
DP_MMNL_CONT | 0.49             | 0.00            | 54870.00   | 4441.38             | 100.00     | 0.00          | 67.78             | 5.11                      

=== 100,000 training timesteps ===
Method       | TrainTimeMean(s) | TrainTimeStd(s) | RewardMean | RewardStdAcrossRuns | PctOfDP(%) | PctOfDPStd(%) | LoadFactorMean(%) | LoadFactorStdAcrossRuns(%)
-------------+------------------+-----------------+------------+---------------------+------------+---------------+-------------------+---------------------------
DQN          | 26.47            | 4.77            | 41530.00   | 5229.13             | 75.94      | 9.52          | 78.56             | 6.57                      
ARS          | 11.72            | 0.27            | 46462.67   | 4029.20             | 84.85      | 5.98          | 81.84             | 6.07                      
A2C          | 27.03            | 5.01            | 52978.00   | 4213.77             | 96.63      | 3.34          | 79.42             | 8.19                      
TRPO         | 27.88            | 2.81            | 52854.67   | 4879.13             | 96.35      | 4.50          | 79.78             | 6.60                      
PPO          | 56.62            | 9.07            | 51741.00   | 4123.18             | 94.37      | 3.82          | 82.67             | 6.48                      
DP_MNL       | 0.46             | 0.00            | 54870.00   | 4441.38             | 100.00     | 0.00          | 67.78             | 5.11                      
DP_MMNL_5PT  | 0.51             | 0.00            | 54870.00   | 4441.38             | 100.00     | 0.00          | 67.78             | 5.11                      
DP_MMNL_2PT  | 0.49             | 0.00            | 56128.33   | 4720.19             | 102.29     | 2.21          | 61.84             | 4.95                      
DP_MMNL_CONT | 0.49             | 0.00            | 54870.00   | 4441.38             | 100.00     | 0.00          | 67.78             | 5.11                      

=== 500,000 training timesteps ===
Method       | TrainTimeMean(s) | TrainTimeStd(s) | RewardMean | RewardStdAcrossRuns | PctOfDP(%) | PctOfDPStd(%) | LoadFactorMean(%) | LoadFactorStdAcrossRuns(%)
-------------+------------------+-----------------+------------+---------------------+------------+---------------+-------------------+---------------------------
DQN          | 137.68           | 23.79           | 41154.67   | 5790.19             | 75.01      | 8.51          | 80.04             | 9.02                      
ARS          | 49.30            | 1.22            | 49554.00   | 4114.71             | 90.40      | 4.15          | 79.86             | 8.58                      
A2C          | 137.94           | 24.15           | 53761.00   | 4869.44             | 97.98      | 3.97          | 79.75             | 6.07                      
TRPO         | 139.79           | 13.64           | 55799.33   | 4260.69             | 101.74     | 1.82          | 72.79             | 5.30                      
PPO          | 264.53           | 35.39           | 53056.33   | 4151.30             | 96.77      | 3.40          | 81.73             | 4.94                      
DP_MNL       | 0.46             | 0.00            | 54870.00   | 4441.38             | 100.00     | 0.00          | 67.78             | 5.11                      
DP_MMNL_5PT  | 0.51             | 0.00            | 54870.00   | 4441.38             | 100.00     | 0.00          | 67.78             | 5.11                      
DP_MMNL_2PT  | 0.49             | 0.00            | 56128.33   | 4720.19             | 102.29     | 2.21          | 61.84             | 4.95                      
DP_MMNL_CONT | 0.49             | 0.00            | 54870.00   | 4441.38             | 100.00     | 0.00          | 67.78             | 5.11                      

=== 1,000,000 training timesteps ===
Method       | TrainTimeMean(s) | TrainTimeStd(s) | RewardMean | RewardStdAcrossRuns | PctOfDP(%) | PctOfDPStd(%) | LoadFactorMean(%) | LoadFactorStdAcrossRuns(%)
-------------+------------------+-----------------+------------+---------------------+------------+---------------+-------------------+---------------------------
DQN          | 272.83           | 41.45           | 44334.67   | 4739.55             | 80.90      | 7.09          | 82.38             | 8.53                      
ARS          | 96.55            | 2.48            | 51315.67   | 4872.22             | 93.53      | 4.80          | 79.53             | 8.14                      
A2C          | 275.14           | 39.17           | 53679.00   | 4908.81             | 97.83      | 4.19          | 79.39             | 5.81                      
TRPO         | 274.67           | 22.52           | 55432.33   | 3906.53             | 101.12     | 2.21          | 74.52             | 7.81                      
PPO          | 527.41           | 54.15           | 53585.67   | 3707.34             | 97.80      | 3.44          | 80.97             | 5.30                      
DP_MNL       | 0.46             | 0.00            | 54870.00   | 4441.38             | 100.00     | 0.00          | 67.78             | 5.11                      
DP_MMNL_5PT  | 0.51             | 0.00            | 54870.00   | 4441.38             | 100.00     | 0.00          | 67.78             | 5.11                      
DP_MMNL_2PT  | 0.49             | 0.00            | 56128.33   | 4720.19             | 102.29     | 2.21          | 61.84             | 4.95                      
DP_MMNL_CONT | 0.49             | 0.00            | 54870.00   | 4441.38             | 100.00     | 0.00          | 67.78             | 5.11                      
