
============================================================
TASK_ID: 10
GT_MODEL: MNLrefPrice
HIGH_SENSITIVITY: False
TRAIN_ON_ALL_SETS: False
============================================================
RL Training Seeds: 15, RL Training Steps: [20000, 100000, 500000], Estimation Episodes: 50

Observation sampling time: 0.4981 seconds
Estimation_MNL  time: 4.5739s | beta: -0.002370, lambda: 0.491317
  LL: -16753.600000, AIC: 33509.210, BIC: 33516.420

Estimation_MMNL_5PT time: 20.0983s | lambda: 0.491317
  LL: -16466.270000, AIC: 32956.540, BIC: 33043.150
Betas: ['-0.050000', '-0.002398', '-0.001538', '-0.016126', '-0.004042']
Weights: ['0.000000', '0.000000', '0.000008', '0.053945', '0.946048']

Estimation_MMNL_2PT time: 7.1630s | lambda: 0.491317
  LL: -16753.600000, AIC: 33513.210, BIC: 33534.860
Betas: ['-0.002370', '-0.049941']
Weights: ['1.000000', '0.000000']

Estimation_MMNL_CONT time: 39.4454s | mu: -6.044776, sigma: 0.002560, lambda: 0.491317
  LL: -16753.600000, AIC: 33511.200, BIC: 33525.640

MNL  efficient sets time: 0.0105s | sets: (0, 1, 3, 7, 15, 31, 63)
MMNL 5PT efficient sets time: 0.0529s | sets: (0, 1, 3, 7, 15, 31, 63, 127)
MMNL 2PT efficient sets time: 0.0359s | sets: (0, 1, 3, 7, 15, 31, 63)
MMNL Cont efficient sets time: 0.0314s | sets: (0, 1, 3, 7, 15, 31)

DP_MNL  time: 0.3536s | V(0,C): 55783.84
DP_MMNL_5PT time: 0.3565s | V(0,C): 40034.34
DP_MMNL_2PT time: 0.3543s | V(0,C): 55783.84
DP_MMNL_CONT time: 0.3578s | V(0,C): 55785.68

Average MNL reward over 1000 episodes: 60781.18

=== 20,000 training timesteps ===
Method       | TrainTimeMean(s) | TrainTimeStd(s) | RewardMean | RewardStdAcrossRuns | PctOfDP(%) | PctOfDPStd(%) | LoadFactorMean(%) | LoadFactorStdAcrossRuns(%)
-------------+------------------+-----------------+------------+---------------------+------------+---------------+-------------------+---------------------------
DQN          | 3.15             | 0.06            | 59270.00   | 5154.55             | 98.77      | 5.70          | 75.46             | 14.44                     
QRDQN        | 16.91            | 0.46            | 55557.67   | 11419.19            | 92.53      | 17.65         | 70.88             | 22.14                     
ARS          | 2.06             | 0.03            | 61521.00   | 6492.29             | 102.42     | 7.12          | 69.05             | 12.71                     
A2C          | 4.90             | 0.18            | 61767.67   | 5898.08             | 102.83     | 5.61          | 81.95             | 6.15                      
TRPO         | 5.96             | 0.12            | 63782.67   | 5207.74             | 106.28     | 4.92          | 76.79             | 8.81                      
PPO          | 10.75            | 0.76            | 64353.33   | 5422.63             | 107.14     | 3.52          | 73.51             | 8.32                      
DP_MNL       | 0.35             | 0.00            | 60017.00   | 3982.69             | 100.00     | 0.00          | 85.91             | 5.21                      
DP_MMNL_5PT  | 0.36             | 0.00            | 57268.33   | 3968.66             | 95.41      | 1.46          | 90.05             | 5.60                      
DP_MMNL_2PT  | 0.35             | 0.00            | 60017.00   | 3982.69             | 100.00     | 0.00          | 85.91             | 5.21                      
DP_MMNL_CONT | 0.36             | 0.00            | 62608.33   | 4213.11             | 104.32     | 1.47          | 81.08             | 4.77                      

=== 100,000 training timesteps ===
Method       | TrainTimeMean(s) | TrainTimeStd(s) | RewardMean | RewardStdAcrossRuns | PctOfDP(%) | PctOfDPStd(%) | LoadFactorMean(%) | LoadFactorStdAcrossRuns(%)
-------------+------------------+-----------------+------------+---------------------+------------+---------------+-------------------+---------------------------
DQN          | 15.80            | 0.17            | 58152.00   | 3712.32             | 96.93      | 2.14          | 88.83             | 6.23                      
QRDQN        | 86.35            | 2.92            | 55557.67   | 11419.19            | 92.53      | 17.65         | 70.88             | 22.14                     
ARS          | 10.23            | 0.08            | 62499.33   | 5785.81             | 104.05     | 4.96          | 69.84             | 9.97                      
A2C          | 24.39            | 0.89            | 63884.33   | 6137.47             | 106.32     | 5.38          | 78.70             | 5.86                      
TRPO         | 26.78            | 0.58            | 64994.00   | 5042.20             | 108.28     | 3.90          | 73.30             | 5.63                      
PPO          | 46.31            | 3.21            | 64876.33   | 5576.60             | 108.03     | 4.44          | 75.24             | 4.08                      
DP_MNL       | 0.35             | 0.00            | 60017.00   | 3982.69             | 100.00     | 0.00          | 85.91             | 5.21                      
DP_MMNL_5PT  | 0.36             | 0.00            | 57268.33   | 3968.66             | 95.41      | 1.46          | 90.05             | 5.60                      
DP_MMNL_2PT  | 0.35             | 0.00            | 60017.00   | 3982.69             | 100.00     | 0.00          | 85.91             | 5.21                      
DP_MMNL_CONT | 0.36             | 0.00            | 62608.33   | 4213.11             | 104.32     | 1.47          | 81.08             | 4.77                      

=== 500,000 training timesteps ===
Method       | TrainTimeMean(s) | TrainTimeStd(s) | RewardMean | RewardStdAcrossRuns | PctOfDP(%) | PctOfDPStd(%) | LoadFactorMean(%) | LoadFactorStdAcrossRuns(%)
-------------+------------------+-----------------+------------+---------------------+------------+---------------+-------------------+---------------------------
DQN          | 79.02            | 0.73            | 57522.00   | 4005.09             | 95.84      | 1.65          | 89.05             | 5.45                      
QRDQN        | 445.21           | 13.17           | 55557.67   | 11419.19            | 92.53      | 17.65         | 70.88             | 22.14                     
ARS          | 42.99            | 0.28            | 64565.00   | 5181.91             | 107.57     | 4.46          | 71.14             | 6.45                      
A2C          | 124.13           | 4.84            | 63884.33   | 6137.47             | 106.32     | 5.38          | 78.70             | 5.86                      
TRPO         | 130.81           | 2.39            | 64826.67   | 4743.75             | 108.01     | 3.42          | 73.87             | 5.84                      
PPO          | 214.73           | 6.98            | 65283.33   | 5124.62             | 108.74     | 3.78          | 73.19             | 5.48                      
DP_MNL       | 0.35             | 0.00            | 60017.00   | 3982.69             | 100.00     | 0.00          | 85.91             | 5.21                      
DP_MMNL_5PT  | 0.36             | 0.00            | 57268.33   | 3968.66             | 95.41      | 1.46          | 90.05             | 5.60                      
DP_MMNL_2PT  | 0.35             | 0.00            | 60017.00   | 3982.69             | 100.00     | 0.00          | 85.91             | 5.21                      
DP_MMNL_CONT | 0.36             | 0.00            | 62608.33   | 4213.11             | 104.32     | 1.47          | 81.08             | 4.77                      
Execution completed successfully!
