
============================================================
TASK_ID: 12
LARGE_PRODUCT_SET: False
TRAIN_ON_ALL_SETS: False
HIGH_SENSITIVITY: False
GT_MODEL: Probit
============================================================
RL Training Seeds: 15, RL Training Steps: [20000, 100000, 500000], Estimation Episodes: 50

Observation sampling time: 2.2060 seconds
Estimation_MNL  time: 0.0126s | beta: -0.002632, lambda: 0.497366
  LL: -16803.090961, AIC: 33608.182, BIC: 33615.412

Estimation_MMNL_5PT time: 0.4562s | lambda: 0.497366
  LL: -16800.585558, AIC: 33619.171, BIC: 33684.239
Betas: ['-0.006655', '-0.002467', '-0.002382', '-0.001903', '-0.001884']
Weights: ['0.102989', '0.355055', '0.261676', '0.144473', '0.135808']

Estimation_MMNL_2PT time: 0.3578s | lambda: 0.497366
  LL: -16800.784848, AIC: 33607.570, BIC: 33629.259
Betas: ['-0.005248', '-0.002074']
Weights: ['0.200001', '0.799999']

MNL  efficient sets time: 0.0108s | sets: (0, 1, 3, 7, 15, 31, 63)
MMNL 5PT efficient sets time: 0.0549s | sets: (0, 1, 3, 7, 15, 31, 63)
MMNL 2PT efficient sets time: 0.0370s | sets: (0, 1, 3, 7, 15, 31, 63)
DP_MNL  time: 0.3553s | V(0,C): 54130.06 | avg reward: 52011.56
DP_MMNL_5PT time: 0.3519s | V(0,C): 53782.66 | avg reward: 52011.56
DP_MMNL_2PT time: 0.3609s | V(0,C): 53626.28 | avg reward: 52011.56
ADP_MNL  time: 0.5171s | V(0,C): 54257.82 | avg reward: 51992.36
ADP_MMNL_5PT time: 0.5158s | V(0,C): 54314.96 | avg reward: 52333.50
ADP_MMNL_2PT time: 0.5293s | V(0,C): 54088.78 | avg reward: 52251.25
ADP_ENV time: 0.7505s | V(0,C): 33820.85 | avg reward: 52860.15

=== 20,000 training timesteps ===
Method       | TrainTimeMean(s) | TrainTimeStd(s) | RewardMean | RewardStdAcrossRuns | PctOfDP(%) | PctOfDPStd(%) | LoadFactorMean(%) | LoadFactorStdAcrossRuns(%)
-------------+------------------+-----------------+------------+---------------------+------------+---------------+-------------------+---------------------------
DQN          | 5.59             | 0.45            | 53605.33   | 3757.36             | 102.22     | 3.03          | 62.85             | 9.03                      
QRDQN        | 21.95            | 2.81            | 50174.00   | 7838.26             | 95.42      | 12.29         | 57.73             | 14.48                     
ARS          | 4.13             | 0.24            | 51331.00   | 6564.47             | 97.67      | 9.69          | 59.03             | 13.21                     
A2C          | 6.52             | 0.79            | 48204.67   | 3357.67             | 92.05      | 5.41          | 80.86             | 3.14                      
TRPO         | 7.87             | 0.51            | 49025.33   | 3177.45             | 93.57      | 4.26          | 80.14             | 3.92                      
PPO          | 13.05            | 1.36            | 48753.33   | 2893.35             | 93.08      | 4.02          | 80.83             | 6.29                      
DP_MNL       | 0.36             | 0.00            | 52435.67   | 3168.06             | 100.00     | 0.00          | 73.62             | 4.14                      
DP_MMNL_5PT  | 0.35             | 0.00            | 52435.67   | 3168.06             | 100.00     | 0.00          | 73.62             | 4.14                      
DP_MMNL_2PT  | 0.36             | 0.00            | 52435.67   | 3168.06             | 100.00     | 0.00          | 73.62             | 4.14                      
ADP_MNL      | 0.52             | 0.00            | 55018.33   | 4109.90             | 104.87     | 3.09          | 65.26             | 3.83                      
ADP_MMNL_5PT | 0.52             | 0.00            | 55112.67   | 4190.38             | 105.04     | 3.10          | 63.03             | 4.15                      
ADP_MMNL_2PT | 0.53             | 0.00            | 54958.00   | 4112.18             | 104.75     | 2.95          | 63.60             | 3.99                      
ADP_ENV      | 0.75             | 0.00            | 55356.67   | 3809.95             | 105.57     | 3.16          | 60.47             | 4.03                      

=== 100,000 training timesteps ===
Method       | TrainTimeMean(s) | TrainTimeStd(s) | RewardMean | RewardStdAcrossRuns | PctOfDP(%) | PctOfDPStd(%) | LoadFactorMean(%) | LoadFactorStdAcrossRuns(%)
-------------+------------------+-----------------+------------+---------------------+------------+---------------+-------------------+---------------------------
DQN          | 28.23            | 2.34            | 52450.00   | 3142.79             | 100.03     | 0.10          | 73.62             | 4.14                      
QRDQN        | 109.39           | 12.94           | 50174.00   | 7838.26             | 95.42      | 12.29         | 57.73             | 14.48                     
ARS          | 22.05            | 0.61            | 54505.33   | 3723.38             | 103.94     | 3.08          | 61.26             | 6.27                      
A2C          | 32.79            | 3.98            | 50684.67   | 3300.31             | 96.69      | 3.38          | 78.27             | 5.22                      
TRPO         | 34.29            | 1.86            | 51059.00   | 3276.32             | 97.37      | 1.82          | 77.84             | 4.30                      
PPO          | 56.20            | 5.55            | 49903.67   | 2984.33             | 95.20      | 2.31          | 80.18             | 3.99                      
DP_MNL       | 0.36             | 0.00            | 52435.67   | 3168.06             | 100.00     | 0.00          | 73.62             | 4.14                      
DP_MMNL_5PT  | 0.35             | 0.00            | 52435.67   | 3168.06             | 100.00     | 0.00          | 73.62             | 4.14                      
DP_MMNL_2PT  | 0.36             | 0.00            | 52435.67   | 3168.06             | 100.00     | 0.00          | 73.62             | 4.14                      
ADP_MNL      | 0.52             | 0.00            | 55018.33   | 4109.90             | 104.87     | 3.09          | 65.26             | 3.83                      
ADP_MMNL_5PT | 0.52             | 0.00            | 55112.67   | 4190.38             | 105.04     | 3.10          | 63.03             | 4.15                      
ADP_MMNL_2PT | 0.53             | 0.00            | 54958.00   | 4112.18             | 104.75     | 2.95          | 63.60             | 3.99                      
ADP_ENV      | 0.75             | 0.00            | 55356.67   | 3809.95             | 105.57     | 3.16          | 60.47             | 4.03                      

=== 500,000 training timesteps ===
Method       | TrainTimeMean(s) | TrainTimeStd(s) | RewardMean | RewardStdAcrossRuns | PctOfDP(%) | PctOfDPStd(%) | LoadFactorMean(%) | LoadFactorStdAcrossRuns(%)
-------------+------------------+-----------------+------------+---------------------+------------+---------------+-------------------+---------------------------
DQN          | 142.45           | 13.65           | 52607.00   | 2872.69             | 100.37     | 1.42          | 72.29             | 4.42                      
QRDQN        | 539.04           | 45.30           | 50174.00   | 7838.26             | 95.42      | 12.29         | 57.73             | 14.48                     
ARS          | 95.26            | 1.93            | 54818.33   | 4116.80             | 104.54     | 4.43          | 61.15             | 5.66                      
A2C          | 167.63           | 18.83           | 51809.00   | 3710.51             | 98.79      | 3.25          | 74.59             | 5.24                      
TRPO         | 170.98           | 8.92            | 52646.33   | 3886.82             | 100.35     | 2.57          | 70.05             | 6.00                      
PPO          | 262.78           | 19.09           | 50459.00   | 3226.66             | 96.22      | 1.66          | 79.35             | 3.37                      
DP_MNL       | 0.36             | 0.00            | 52435.67   | 3168.06             | 100.00     | 0.00          | 73.62             | 4.14                      
DP_MMNL_5PT  | 0.35             | 0.00            | 52435.67   | 3168.06             | 100.00     | 0.00          | 73.62             | 4.14                      
DP_MMNL_2PT  | 0.36             | 0.00            | 52435.67   | 3168.06             | 100.00     | 0.00          | 73.62             | 4.14                      
ADP_MNL      | 0.52             | 0.00            | 55018.33   | 4109.90             | 104.87     | 3.09          | 65.26             | 3.83                      
ADP_MMNL_5PT | 0.52             | 0.00            | 55112.67   | 4190.38             | 105.04     | 3.10          | 63.03             | 4.15                      
ADP_MMNL_2PT | 0.53             | 0.00            | 54958.00   | 4112.18             | 104.75     | 2.95          | 63.60             | 3.99                      
ADP_ENV      | 0.75             | 0.00            | 55356.67   | 3809.95             | 105.57     | 3.16          | 60.47             | 4.03                      
