Using Gurobi license file: /scratch/slurm_tmpdir/job_4199207/gurobi_4199207_43/gurobi.lic (LICENSEID=2817305)
Gurobi preflight: GRB_LICENSE_FILE=/scratch/slurm_tmpdir/job_4199207/gurobi_4199207_43/gurobi.lic, exists=True, WLSACCESSID=9f1b...dedb, LICENSEID=2817305
Running task_id=43 with HIGH_SENSITIVITY=True, GT_MODEL=MMNL_5PT, TRAIN_ON_ALL_SETS=True, LARGE_PRODUCT_SET=True
xlogit long data: obs=10055, alts=101, rows=1015555, memory=23.24 MiB
[dp] Yielding to 18 active efficient-set task(s); waiting 60s
[dp] Yielding to 18 active efficient-set task(s); waiting 60s
[dp] Yielding to 18 active efficient-set task(s); waiting 60s
[dp] Yielding to 16 active efficient-set task(s); waiting 60s
[dp] Yielding to 15 active efficient-set task(s); waiting 60s
[dp] Yielding to 14 active efficient-set task(s); waiting 60s
[dp] Yielding to 13 active efficient-set task(s); waiting 60s
[dp] Yielding to 12 active efficient-set task(s); waiting 60s
[dp] Yielding to 12 active efficient-set task(s); waiting 60s
[dp] Yielding to 12 active efficient-set task(s); waiting 60s
[dp] Yielding to 12 active efficient-set task(s); waiting 60s
[dp] Yielding to 12 active efficient-set task(s); waiting 60s
[dp] Yielding to 12 active efficient-set task(s); waiting 60s
[dp] Yielding to 12 active efficient-set task(s); waiting 60s
[dp] Yielding to 12 active efficient-set task(s); waiting 60s
[dp] Yielding to 12 active efficient-set task(s); waiting 60s
[dp] Yielding to 11 active efficient-set task(s); waiting 60s
[dp] Yielding to 11 active efficient-set task(s); waiting 60s
[dp] Yielding to 10 active efficient-set task(s); waiting 60s
[dp] Yielding to 10 active efficient-set task(s); waiting 60s
[dp] Yielding to 10 active efficient-set task(s); waiting 60s
[dp] Yielding to 10 active efficient-set task(s); waiting 60s
[dp] Yielding to 10 active efficient-set task(s); waiting 60s
[dp] Yielding to 10 active efficient-set task(s); waiting 60s
[dp] Yielding to 10 active efficient-set task(s); waiting 60s
[dp] Yielding to 10 active efficient-set task(s); waiting 60s
[dp] Yielding to 10 active efficient-set task(s); waiting 60s
[dp] Yielding to 10 active efficient-set task(s); waiting 60s
[dp] Yielding to 10 active efficient-set task(s); waiting 60s
[dp] Yielding to 10 active efficient-set task(s); waiting 60s
[dp] Yielding to 10 active efficient-set task(s); waiting 60s
[dp] Yielding to 10 active efficient-set task(s); waiting 60s
[dp] Yielding to 10 active efficient-set task(s); waiting 60s
[dp] Yielding to 10 active efficient-set task(s); waiting 60s
[dp] Yielding to 10 active efficient-set task(s); waiting 60s
[dp] Yielding to 10 active efficient-set task(s); waiting 60s
[dp] Yielding to 10 active efficient-set task(s); waiting 60s
[dp] Yielding to 10 active efficient-set task(s); waiting 60s
[dp] Yielding to 10 active efficient-set task(s); waiting 60s
[dp] Yielding to 10 active efficient-set task(s); waiting 60s
[dp] Yielding to 10 active efficient-set task(s); waiting 60s
[dp] Yielding to 10 active efficient-set task(s); waiting 60s
[dp] Yielding to 10 active efficient-set task(s); waiting 60s
[dp] Yielding to 10 active efficient-set task(s); waiting 60s
[dp] Yielding to 10 active efficient-set task(s); waiting 60s
[dp] Yielding to 10 active efficient-set task(s); waiting 60s
[dp] Yielding to 10 active efficient-set task(s); waiting 60s
[dp] Yielding to 10 active efficient-set task(s); waiting 60s
[dp] Yielding to 10 active efficient-set task(s); waiting 60s
[dp] Yielding to 10 active efficient-set task(s); waiting 60s
[dp] Yielding to 9 active efficient-set task(s); waiting 60s
[dp] Yielding to 8 active efficient-set task(s); waiting 60s
[dp] Yielding to 7 active efficient-set task(s); waiting 60s
[dp] Yielding to 7 active efficient-set task(s); waiting 60s
[dp] Yielding to 7 active efficient-set task(s); waiting 60s
[dp] Yielding to 7 active efficient-set task(s); waiting 60s
[dp] Yielding to 7 active efficient-set task(s); waiting 60s
[dp] Yielding to 7 active efficient-set task(s); waiting 60s
[dp] Yielding to 7 active efficient-set task(s); waiting 60s
[dp] Yielding to 7 active efficient-set task(s); waiting 60s
[dp] Yielding to 7 active efficient-set task(s); waiting 60s
[dp] Yielding to 7 active efficient-set task(s); waiting 60s
[dp] Yielding to 7 active efficient-set task(s); waiting 60s
[dp] Yielding to 7 active efficient-set task(s); waiting 60s
[dp] Yielding to 7 active efficient-set task(s); waiting 60s
[dp] Yielding to 7 active efficient-set task(s); waiting 60s
[dp] Yielding to 7 active efficient-set task(s); waiting 60s
[dp] Yielding to 7 active efficient-set task(s); waiting 60s
[dp] Yielding to 7 active efficient-set task(s); waiting 60s
[dp] Yielding to 7 active efficient-set task(s); waiting 60s
[dp] Yielding to 7 active efficient-set task(s); waiting 60s
[dp] Yielding to 7 active efficient-set task(s); waiting 60s
[dp] Yielding to 7 active efficient-set task(s); waiting 60s
[dp] Yielding to 7 active efficient-set task(s); waiting 60s
[dp] Yielding to 7 active efficient-set task(s); waiting 60s
[dp] Yielding to 7 active efficient-set task(s); waiting 60s
[dp] Yielding to 7 active efficient-set task(s); waiting 60s
[dp] Yielding to 7 active efficient-set task(s); waiting 60s
[dp] Yielding to 7 active efficient-set task(s); waiting 60s
[dp] Yielding to 7 active efficient-set task(s); waiting 60s
[dp] Yielding to 7 active efficient-set task(s); waiting 60s
[dp] Yielding to 7 active efficient-set task(s); waiting 60s
[dp] Yielding to 7 active efficient-set task(s); waiting 60s
[dp] Yielding to 7 active efficient-set task(s); waiting 60s
[dp] Yielding to 7 active efficient-set task(s); waiting 60s
[dp] Yielding to 7 active efficient-set task(s); waiting 60s
[dp] Yielding to 6 active efficient-set task(s); waiting 60s
[dp] Yielding to 6 active efficient-set task(s); waiting 60s
[dp] Yielding to 6 active efficient-set task(s); waiting 60s
[dp] Yielding to 5 active efficient-set task(s); waiting 60s
[dp] Yielding to 5 active efficient-set task(s); waiting 60s
[dp] Yielding to 5 active efficient-set task(s); waiting 60s
[dp] Yielding to 5 active efficient-set task(s); waiting 60s
[dp] Yielding to 5 active efficient-set task(s); waiting 60s
[dp] Yielding to 5 active efficient-set task(s); waiting 60s
[dp] Yielding to 5 active efficient-set task(s); waiting 60s
[dp] Yielding to 5 active efficient-set task(s); waiting 60s
[dp] Yielding to 5 active efficient-set task(s); waiting 60s
[dp] Yielding to 5 active efficient-set task(s); waiting 60s
[dp] Yielding to 5 active efficient-set task(s); waiting 60s
[dp] Yielding to 5 active efficient-set task(s); waiting 60s
[dp] Yielding to 5 active efficient-set task(s); waiting 60s
[dp] Yielding to 5 active efficient-set task(s); waiting 60s
[dp] Yielding to 5 active efficient-set task(s); waiting 60s
[dp] Yielding to 5 active efficient-set task(s); waiting 60s
[dp] Yielding to 5 active efficient-set task(s); waiting 60s
[dp] Yielding to 5 active efficient-set task(s); waiting 60s
[dp] Yielding to 5 active efficient-set task(s); waiting 60s
[dp] Yielding to 5 active efficient-set task(s); waiting 60s
[dp] Yielding to 5 active efficient-set task(s); waiting 60s
[dp] Yielding to 5 active efficient-set task(s); waiting 60s
[dp] Yielding to 5 active efficient-set task(s); waiting 60s
[dp] Yielding to 5 active efficient-set task(s); waiting 60s
[dp] Yielding to 5 active efficient-set task(s); waiting 60s
[dp] Yielding to 5 active efficient-set task(s); waiting 60s
[dp] Yielding to 5 active efficient-set task(s); waiting 60s
[dp] Yielding to 5 active efficient-set task(s); waiting 60s
[dp] Yielding to 5 active efficient-set task(s); waiting 60s
[dp] Yielding to 5 active efficient-set task(s); waiting 60s
[dp] Yielding to 5 active efficient-set task(s); waiting 60s
[dp] Yielding to 5 active efficient-set task(s); waiting 60s
[dp] Yielding to 5 active efficient-set task(s); waiting 60s
[dp] Yielding to 5 active efficient-set task(s); waiting 60s
[dp] Yielding to 5 active efficient-set task(s); waiting 60s
[dp] Yielding to 5 active efficient-set task(s); waiting 60s
[dp] Yielding to 5 active efficient-set task(s); waiting 60s
[dp] Yielding to 5 active efficient-set task(s); waiting 60s
[dp] Yielding to 5 active efficient-set task(s); waiting 60s
[dp] Yielding to 4 active efficient-set task(s); waiting 60s
[dp] Yielding to 3 active efficient-set task(s); waiting 60s
[dp] Yielding to 3 active efficient-set task(s); waiting 60s
[dp] Yielding to 3 active efficient-set task(s); waiting 60s
[dp] Yielding to 3 active efficient-set task(s); waiting 60s
[dp] Yielding to 3 active efficient-set task(s); waiting 60s
[dp] Yielding to 3 active efficient-set task(s); waiting 60s
[dp] Yielding to 3 active efficient-set task(s); waiting 60s
[dp] Yielding to 3 active efficient-set task(s); waiting 60s
[dp] Yielding to 3 active efficient-set task(s); waiting 60s
[dp] Yielding to 3 active efficient-set task(s); waiting 60s
[dp] Yielding to 3 active efficient-set task(s); waiting 60s
[dp] Yielding to 3 active efficient-set task(s); waiting 60s
[dp] Yielding to 3 active efficient-set task(s); waiting 60s
[dp] Yielding to 3 active efficient-set task(s); waiting 60s
[dp] Yielding to 3 active efficient-set task(s); waiting 60s
[dp] Yielding to 3 active efficient-set task(s); waiting 60s
[dp] Yielding to 3 active efficient-set task(s); waiting 60s
[dp] Yielding to 3 active efficient-set task(s); waiting 60s
[dp] Yielding to 3 active efficient-set task(s); waiting 60s
[dp] Yielding to 3 active efficient-set task(s); waiting 60s
[dp] Yielding to 3 active efficient-set task(s); waiting 60s
[dp] Yielding to 3 active efficient-set task(s); waiting 60s
[dp] Yielding to 3 active efficient-set task(s); waiting 60s
[dp] Yielding to 3 active efficient-set task(s); waiting 60s
[dp] Yielding to 3 active efficient-set task(s); waiting 60s
[dp] Yielding to 3 active efficient-set task(s); waiting 60s
[dp] Yielding to 3 active efficient-set task(s); waiting 60s
[dp] Yielding to 3 active efficient-set task(s); waiting 60s
[dp] Yielding to 3 active efficient-set task(s); waiting 60s
[dp] Yielding to 3 active efficient-set task(s); waiting 60s
[dp] Yielding to 3 active efficient-set task(s); waiting 60s
[dp] Yielding to 3 active efficient-set task(s); waiting 60s
[dp] Yielding to 3 active efficient-set task(s); waiting 60s
[dp] Yielding to 3 active efficient-set task(s); waiting 60s
[dp] Yielding to 3 active efficient-set task(s); waiting 60s
[dp] Yielding to 3 active efficient-set task(s); waiting 60s
[dp] Yielding to 3 active efficient-set task(s); waiting 60s
[dp] Yielding to 3 active efficient-set task(s); waiting 60s
[dp] Yielding to 3 active efficient-set task(s); waiting 60s
[dp] Yielding to 3 active efficient-set task(s); waiting 60s
[dp] Yielding to 3 active efficient-set task(s); waiting 60s
[dp] Yielding to 3 active efficient-set task(s); waiting 60s
[dp] Yielding to 3 active efficient-set task(s); waiting 60s
[dp] Yielding to 3 active efficient-set task(s); waiting 60s
[dp] Yielding to 3 active efficient-set task(s); waiting 60s
[dp] Yielding to 3 active efficient-set task(s); waiting 60s
[dp] Yielding to 3 active efficient-set task(s); waiting 60s
[dp] Yielding to 3 active efficient-set task(s); waiting 60s
[dp] Yielding to 3 active efficient-set task(s); waiting 60s
[dp] Yielding to 3 active efficient-set task(s); waiting 60s
[dp] Yielding to 3 active efficient-set task(s); waiting 60s
[dp] Yielding to 3 active efficient-set task(s); waiting 60s
[dp] Yielding to 3 active efficient-set task(s); waiting 60s
[dp] Yielding to 3 active efficient-set task(s); waiting 60s
[dp] Yielding to 3 active efficient-set task(s); waiting 60s
[dp] Yielding to 3 active efficient-set task(s); waiting 60s
[dp] Yielding to 3 active efficient-set task(s); waiting 60s
[dp] Yielding to 3 active efficient-set task(s); waiting 60s
[dp] Yielding to 3 active efficient-set task(s); waiting 60s
[dp] Yielding to 3 active efficient-set task(s); waiting 60s
[dp] Yielding to 3 active efficient-set task(s); waiting 60s
[dp] Yielding to 3 active efficient-set task(s); waiting 60s
[dp] Yielding to 3 active efficient-set task(s); waiting 60s
[dp] Yielding to 3 active efficient-set task(s); waiting 60s
[dp] Yielding to 3 active efficient-set task(s); waiting 60s
[dp] Yielding to 3 active efficient-set task(s); waiting 60s
[dp] Yielding to 3 active efficient-set task(s); waiting 60s
[dp] Yielding to 3 active efficient-set task(s); waiting 60s
[dp] Yielding to 3 active efficient-set task(s); waiting 60s
[dp] Yielding to 3 active efficient-set task(s); waiting 60s
[dp] Yielding to 3 active efficient-set task(s); waiting 60s
[dp] Yielding to 3 active efficient-set task(s); waiting 60s
[dp] Yielding to 3 active efficient-set task(s); waiting 60s
[dp] Yielding to 3 active efficient-set task(s); waiting 60s
[dp] Yielding to 3 active efficient-set task(s); waiting 60s
[dp] Yielding to 3 active efficient-set task(s); waiting 60s
[dp] Yielding to 3 active efficient-set task(s); waiting 60s
[dp] Yielding to 3 active efficient-set task(s); waiting 60s
[dp] Yielding to 3 active efficient-set task(s); waiting 60s
[dp] Yielding to 3 active efficient-set task(s); waiting 60s
[dp] Yielding to 3 active efficient-set task(s); waiting 60s
[dp] Yielding to 3 active efficient-set task(s); waiting 60s
[dp] Yielding to 3 active efficient-set task(s); waiting 60s
[dp] Yielding to 3 active efficient-set task(s); waiting 60s
[dp] Yielding to 3 active efficient-set task(s); waiting 60s
[dp] Yielding to 3 active efficient-set task(s); waiting 60s
[dp] Yielding to 3 active efficient-set task(s); waiting 60s
[dp] Yielding to 3 active efficient-set task(s); waiting 60s
[dp] Yielding to 3 active efficient-set task(s); waiting 60s
[dp] Yielding to 3 active efficient-set task(s); waiting 60s
[dp] Yielding to 3 active efficient-set task(s); waiting 60s
[dp] Yielding to 3 active efficient-set task(s); waiting 60s
[dp] Yielding to 3 active efficient-set task(s); waiting 60s
[dp] Yielding to 3 active efficient-set task(s); waiting 60s
[dp] Yielding to 3 active efficient-set task(s); waiting 60s
[dp] Yielding to 3 active efficient-set task(s); waiting 60s
[dp] Yielding to 3 active efficient-set task(s); waiting 60s
[dp] Yielding to 3 active efficient-set task(s); waiting 60s
[dp] Yielding to 3 active efficient-set task(s); waiting 60s
[dp] Yielding to 3 active efficient-set task(s); waiting 60s
[dp] Yielding to 3 active efficient-set task(s); waiting 60s
[dp] Yielding to 3 active efficient-set task(s); waiting 60s
[dp] Yielding to 3 active efficient-set task(s); waiting 60s
[dp] Yielding to 3 active efficient-set task(s); waiting 60s
[dp] Yielding to 3 active efficient-set task(s); waiting 60s
[dp] Yielding to 3 active efficient-set task(s); waiting 60s
[dp] Yielding to 3 active efficient-set task(s); waiting 60s
[dp] Yielding to 3 active efficient-set task(s); waiting 60s
[dp] Yielding to 3 active efficient-set task(s); waiting 60s
[dp] Yielding to 3 active efficient-set task(s); waiting 60s
[dp] Yielding to 3 active efficient-set task(s); waiting 60s
[dp] Yielding to 3 active efficient-set task(s); waiting 60s
[dp] Yielding to 3 active efficient-set task(s); waiting 60s
[dp] Yielding to 3 active efficient-set task(s); waiting 60s
[dp] Yielding to 3 active efficient-set task(s); waiting 60s
[dp] Yielding to 3 active efficient-set task(s); waiting 60s
[dp] Yielding to 3 active efficient-set task(s); waiting 60s
[dp] Yielding to 3 active efficient-set task(s); waiting 60s
[dp] Yielding to 3 active efficient-set task(s); waiting 60s
[dp] Yielding to 3 active efficient-set task(s); waiting 60s
[dp] Yielding to 3 active efficient-set task(s); waiting 60s
[dp] Yielding to 2 active efficient-set task(s); waiting 60s
[dp] Yielding to 1 active efficient-set task(s); waiting 60s
[dp] Yielding to 1 active efficient-set task(s); waiting 60s
[dp] Yielding to 1 active efficient-set task(s); waiting 60s
[dp] Yielding to 1 active efficient-set task(s); waiting 60s
[dp] Yielding to 1 active efficient-set task(s); waiting 60s
[dp] Yielding to 1 active efficient-set task(s); waiting 60s
[dp] Yielding to 1 active efficient-set task(s); waiting 60s
[dp] Yielding to 1 active efficient-set task(s); waiting 60s
[dp] Yielding to 1 active efficient-set task(s); waiting 60s
[dp] Yielding to 1 active efficient-set task(s); waiting 60s
[dp] Yielding to 1 active efficient-set task(s); waiting 60s
[dp] Yielding to 1 active efficient-set task(s); waiting 60s
[dp] Yielding to 1 active efficient-set task(s); waiting 60s
[dp] Yielding to 1 active efficient-set task(s); waiting 60s
[dp] Yielding to 1 active efficient-set task(s); waiting 60s
[dp] Yielding to 1 active efficient-set task(s); waiting 60s
[dp] Yielding to 1 active efficient-set task(s); waiting 60s
[dp] Yielding to 1 active efficient-set task(s); waiting 60s
[dp] Yielding to 1 active efficient-set task(s); waiting 60s
[dp] Yielding to 1 active efficient-set task(s); waiting 60s
[dp] Yielding to 1 active efficient-set task(s); waiting 60s
[dp] Yielding to 1 active efficient-set task(s); waiting 60s
[dp] Yielding to 1 active efficient-set task(s); waiting 60s
[dp] Yielding to 1 active efficient-set task(s); waiting 60s
[dp] Yielding to 1 active efficient-set task(s); waiting 60s
[dp] Yielding to 1 active efficient-set task(s); waiting 60s
[dp] Yielding to 1 active efficient-set task(s); waiting 60s
[dp] Yielding to 1 active efficient-set task(s); waiting 60s
[dp] Yielding to 1 active efficient-set task(s); waiting 60s
[dp] Yielding to 1 active efficient-set task(s); waiting 60s
[dp] Yielding to 1 active efficient-set task(s); waiting 60s
[dp] Yielding to 1 active efficient-set task(s); waiting 60s
[dp] Yielding to 1 active efficient-set task(s); waiting 60s
[dp] Yielding to 1 active efficient-set task(s); waiting 60s
[dp] Yielding to 1 active efficient-set task(s); waiting 60s
[dp] Yielding to 1 active efficient-set task(s); waiting 60s
[dp] Yielding to 1 active efficient-set task(s); waiting 60s
[dp] Yielding to 1 active efficient-set task(s); waiting 60s
[dp] Yielding to 1 active efficient-set task(s); waiting 60s
[dp] Yielding to 1 active efficient-set task(s); waiting 60s
[dp] Yielding to 1 active efficient-set task(s); waiting 60s
[dp] Yielding to 1 active efficient-set task(s); waiting 60s
[dp] Yielding to 1 active efficient-set task(s); waiting 60s
[dp] Yielding to 1 active efficient-set task(s); waiting 60s
[dp] Yielding to 1 active efficient-set task(s); waiting 60s
[dp] Yielding to 1 active efficient-set task(s); waiting 60s
[dp] Yielding to 1 active efficient-set task(s); waiting 60s
[dp] Yielding to 1 active efficient-set task(s); waiting 60s
[dp] Yielding to 1 active efficient-set task(s); waiting 60s
[dp] Yielding to 1 active efficient-set task(s); waiting 60s
[dp] Yielding to 1 active efficient-set task(s); waiting 60s
[dp] Yielding to 1 active efficient-set task(s); waiting 60s
[dp] Yielding to 1 active efficient-set task(s); waiting 60s
[dp] Yielding to 1 active efficient-set task(s); waiting 60s
[dp] Yielding to 1 active efficient-set task(s); waiting 60s
[dp] Yielding to 1 active efficient-set task(s); waiting 60s
[dp] Yielding to 1 active efficient-set task(s); waiting 60s
[dp] Yielding to 1 active efficient-set task(s); waiting 60s
[dp] Yielding to 1 active efficient-set task(s); waiting 60s
[dp] Yielding to 1 active efficient-set task(s); waiting 60s
[dp] Yielding to 1 active efficient-set task(s); waiting 60s
[dp] Yielding to 1 active efficient-set task(s); waiting 60s
[dp] Yielding to 1 active efficient-set task(s); waiting 60s
[dp] Yielding to 1 active efficient-set task(s); waiting 60s
[dp] Yielding to 1 active efficient-set task(s); waiting 60s
[dp] Yielding to 1 active efficient-set task(s); waiting 60s
[dp] Yielding to 1 active efficient-set task(s); waiting 60s
[dp] Yielding to 1 active efficient-set task(s); waiting 60s
[dp] Yielding to 1 active efficient-set task(s); waiting 60s
[dp] Yielding to 1 active efficient-set task(s); waiting 60s
[dp] Yielding to 1 active efficient-set task(s); waiting 60s
[dp] Yielding to 1 active efficient-set task(s); waiting 60s
[dp] Yielding to 1 active efficient-set task(s); waiting 60s
[dp] Yielding to 1 active efficient-set task(s); waiting 60s
[dp] Yielding to 1 active efficient-set task(s); waiting 60s
[dp] Yielding to 1 active efficient-set task(s); waiting 60s
[dp] Yielding to 1 active efficient-set task(s); waiting 60s
[dp] Yielding to 1 active efficient-set task(s); waiting 60s
[dp] Yielding to 1 active efficient-set task(s); waiting 60s
[dp] Yielding to 1 active efficient-set task(s); waiting 60s
[dp] Yielding to 1 active efficient-set task(s); waiting 60s
[dp] Yielding to 1 active efficient-set task(s); waiting 60s
[dp] Yielding to 1 active efficient-set task(s); waiting 60s
[dp] Yielding to 1 active efficient-set task(s); waiting 60s
[dp] Yielding to 1 active efficient-set task(s); waiting 60s
[dp] Yielding to 1 active efficient-set task(s); waiting 60s
[dp] Yielding to 1 active efficient-set task(s); waiting 60s
[dp] Yielding to 1 active efficient-set task(s); waiting 60s
[dp] Yielding to 1 active efficient-set task(s); waiting 60s
[dp] Waiting for Gurobi slot (max concurrent: 2)

============================= JOB FEEDBACK =============================

NodeName=uc3n006
Job ID: 4199207
Array Job ID: 4199185_43
Cluster: uc3
User/Group: ma_fablange/ma_ma
State: CANCELLED (exit code 0)
Nodes: 1
Cores per node: 2
CPU Utilized: 00:00:00
CPU Efficiency: 0.00% of 18:43:46 core-walltime
Job Wall-clock time: 09:21:53
Memory Utilized: 4.30 GB
Memory Efficiency: 42.96% of 10.00 GB (10.00 GB/node)
