Running task_id=26 with HIGH_SENSITIVITY=True, GT_MODEL=Probit, TRAIN_ON_ALL_SETS=False
Training DQN (seed 1/15)
 100% ━━━━━━━━━━━━━━━━━━━━━━━━ 20,000/20,000  [ 0:00:03 < 0:00:00 , 5,681 it/s ]
 100% ━━━━━━━━━━━━━━━━━━━━━━━━ 80,000/80,000  [ 0:00:14 < 0:00:00 , 5,672 it/s ]
 100% ━━━━━━━━━━━━━━━━━━━━━━ 400,000/400,000  [ 0:01:10 < 0:00:00 , 5,657 it/s ]
Training QRDQN (seed 1/15)
 100% ━━━━━━━━━━━━━━━━━━━━━━━━ 20,000/20,000  [ 0:00:18 < 0:00:00 , 1,083 it/s ]
 100% ━━━━━━━━━━━━━━━━━━━━━━━━ 80,000/80,000  [ 0:01:15 < 0:00:00 , 1,082 it/s ]
 100% ━━━━━━━━━━━━━━━━━━━━━━ 400,000/400,000  [ 0:06:16 < 0:00:00 , 1,063 it/s ]
Training ARS (seed 1/15)
 100% ━━━━━━━━━━━━━━━━━━━━━━━ 26,240/20,000  [ 0:00:01 < 0:00:00 , 11,253 it/s ]
 100% ━━━━━━━━━━━━━━━━━━━━━━ 104,960/53,760  [ 0:00:04 < 0:00:00 , 10,956 it/s ]
 100% ━━━━━━━━━━━━━━━━━━━━━ 419,840/268,800  [ 0:00:24 < 0:00:00 , 10,809 it/s ]
Training A2C (seed 1/15)
 100% ━━━━━━━━━━━━━━━━━━━━━━━━ 20,000/20,000  [ 0:00:04 < 0:00:00 , 4,217 it/s ]
 100% ━━━━━━━━━━━━━━━━━━━━━━━━ 80,000/80,000  [ 0:00:19 < 0:00:00 , 4,205 it/s ]
 100% ━━━━━━━━━━━━━━━━━━━━━━ 400,000/400,000  [ 0:01:38 < 0:00:00 , 3,946 it/s ]
Training TRPO (seed 1/15)
 100% ━━━━━━━━━━━━━━━━━━━━━━━━ 24,576/20,000  [ 0:00:04 < 0:00:00 , 3,865 it/s ]
 100% ━━━━━━━━━━━━━━━━━━━━━━━━ 81,920/80,000  [ 0:00:20 < 0:00:00 , 3,691 it/s ]
 100% ━━━━━━━━━━━━━━━━━━━━━━ 401,408/400,000  [ 0:01:50 < 0:00:00 , 3,600 it/s ]
Training PPO (seed 1/15)
 100% ━━━━━━━━━━━━━━━━━━━━━━━━ 24,576/20,000  [ 0:00:07 < 0:00:00 , 2,280 it/s ]
 100% ━━━━━━━━━━━━━━━━━━━━━━━━ 81,920/80,000  [ 0:00:32 < 0:00:00 , 2,323 it/s ]
 100% ━━━━━━━━━━━━━━━━━━━━━━ 401,408/400,000  [ 0:02:48 < 0:00:00 , 2,352 it/s ]
Training DQN (seed 2/15)
 100% ━━━━━━━━━━━━━━━━━━━━━━━━ 20,000/20,000  [ 0:00:03 < 0:00:00 , 5,671 it/s ]
 100% ━━━━━━━━━━━━━━━━━━━━━━━━ 80,000/80,000  [ 0:00:14 < 0:00:00 , 5,691 it/s ]
 100% ━━━━━━━━━━━━━━━━━━━━━━ 400,000/400,000  [ 0:01:10 < 0:00:00 , 5,696 it/s ]
Training QRDQN (seed 2/15)
 100% ━━━━━━━━━━━━━━━━━━━━━━━━ 20,000/20,000  [ 0:00:18 < 0:00:00 , 1,099 it/s ]
 100% ━━━━━━━━━━━━━━━━━━━━━━━━ 80,000/80,000  [ 0:01:14 < 0:00:00 , 1,075 it/s ]
 100% ━━━━━━━━━━━━━━━━━━━━━━ 400,000/400,000  [ 0:06:12 < 0:00:00 , 1,071 it/s ]
Training ARS (seed 2/15)
 100% ━━━━━━━━━━━━━━━━━━━━━━━ 26,240/20,000  [ 0:00:01 < 0:00:00 , 10,803 it/s ]
 100% ━━━━━━━━━━━━━━━━━━━━━━ 104,960/53,760  [ 0:00:04 < 0:00:00 , 10,965 it/s ]
 100% ━━━━━━━━━━━━━━━━━━━━━ 419,840/268,800  [ 0:00:24 < 0:00:00 , 10,802 it/s ]
Training A2C (seed 2/15)
 100% ━━━━━━━━━━━━━━━━━━━━━━━━ 20,000/20,000  [ 0:00:04 < 0:00:00 , 4,225 it/s ]
 100% ━━━━━━━━━━━━━━━━━━━━━━━━ 80,000/80,000  [ 0:00:18 < 0:00:00 , 4,235 it/s ]
 100% ━━━━━━━━━━━━━━━━━━━━━━ 400,000/400,000  [ 0:01:37 < 0:00:00 , 4,024 it/s ]
Training TRPO (seed 2/15)
 100% ━━━━━━━━━━━━━━━━━━━━━━━━ 24,576/20,000  [ 0:00:04 < 0:00:00 , 3,887 it/s ]
 100% ━━━━━━━━━━━━━━━━━━━━━━━━ 81,920/80,000  [ 0:00:20 < 0:00:00 , 3,685 it/s ]
 100% ━━━━━━━━━━━━━━━━━━━━━━ 401,408/400,000  [ 0:01:50 < 0:00:00 , 3,629 it/s ]
Training PPO (seed 2/15)
 100% ━━━━━━━━━━━━━━━━━━━━━━━━ 24,576/20,000  [ 0:00:07 < 0:00:00 , 2,302 it/s ]
 100% ━━━━━━━━━━━━━━━━━━━━━━━━ 81,920/80,000  [ 0:00:32 < 0:00:00 , 2,334 it/s ]
 100% ━━━━━━━━━━━━━━━━━━━━━━ 401,408/400,000  [ 0:02:51 < 0:00:00 , 2,303 it/s ]
Training DQN (seed 3/15)
 100% ━━━━━━━━━━━━━━━━━━━━━━━━ 20,000/20,000  [ 0:00:03 < 0:00:00 , 5,592 it/s ]
 100% ━━━━━━━━━━━━━━━━━━━━━━━━ 80,000/80,000  [ 0:00:14 < 0:00:00 , 5,502 it/s ]
 100% ━━━━━━━━━━━━━━━━━━━━━━ 400,000/400,000  [ 0:01:12 < 0:00:00 , 5,536 it/s ]
Training QRDQN (seed 3/15)
 100% ━━━━━━━━━━━━━━━━━━━━━━━━━━ 20,000/20,000  [ 0:00:20 < 0:00:00 , 979 it/s ]
 100% ━━━━━━━━━━━━━━━━━━━━━━━━ 80,000/80,000  [ 0:01:14 < 0:00:00 , 1,079 it/s ]
 100% ━━━━━━━━━━━━━━━━━━━━━━ 400,000/400,000  [ 0:06:12 < 0:00:00 , 1,078 it/s ]
Training ARS (seed 3/15)
 100% ━━━━━━━━━━━━━━━━━━━━━━━ 26,240/20,000  [ 0:00:01 < 0:00:00 , 11,065 it/s ]
 100% ━━━━━━━━━━━━━━━━━━━━━━ 104,960/53,760  [ 0:00:05 < 0:00:00 , 10,928 it/s ]
 100% ━━━━━━━━━━━━━━━━━━━━━ 419,840/268,800  [ 0:00:24 < 0:00:00 , 10,850 it/s ]
Training A2C (seed 3/15)
 100% ━━━━━━━━━━━━━━━━━━━━━━━━ 20,000/20,000  [ 0:00:04 < 0:00:00 , 4,226 it/s ]
 100% ━━━━━━━━━━━━━━━━━━━━━━━━ 80,000/80,000  [ 0:00:18 < 0:00:00 , 4,253 it/s ]
 100% ━━━━━━━━━━━━━━━━━━━━━━ 400,000/400,000  [ 0:01:38 < 0:00:00 , 3,937 it/s ]
Training TRPO (seed 3/15)
 100% ━━━━━━━━━━━━━━━━━━━━━━━━ 24,576/20,000  [ 0:00:04 < 0:00:00 , 3,895 it/s ]
 100% ━━━━━━━━━━━━━━━━━━━━━━━━ 81,920/80,000  [ 0:00:20 < 0:00:00 , 3,696 it/s ]
 100% ━━━━━━━━━━━━━━━━━━━━━━ 401,408/400,000  [ 0:01:51 < 0:00:00 , 3,613 it/s ]
Training PPO (seed 3/15)
 100% ━━━━━━━━━━━━━━━━━━━━━━━━ 24,576/20,000  [ 0:00:07 < 0:00:00 , 2,308 it/s ]
 100% ━━━━━━━━━━━━━━━━━━━━━━━━ 81,920/80,000  [ 0:00:32 < 0:00:00 , 2,323 it/s ]
 100% ━━━━━━━━━━━━━━━━━━━━━━ 401,408/400,000  [ 0:02:49 < 0:00:00 , 2,338 it/s ]
Training DQN (seed 4/15)
 100% ━━━━━━━━━━━━━━━━━━━━━━━━ 20,000/20,000  [ 0:00:03 < 0:00:00 , 5,684 it/s ]
 100% ━━━━━━━━━━━━━━━━━━━━━━━━ 80,000/80,000  [ 0:00:14 < 0:00:00 , 5,680 it/s ]
 100% ━━━━━━━━━━━━━━━━━━━━━━ 400,000/400,000  [ 0:01:10 < 0:00:00 , 5,714 it/s ]
Training QRDQN (seed 4/15)
 100% ━━━━━━━━━━━━━━━━━━━━━━━━ 20,000/20,000  [ 0:00:19 < 0:00:00 , 1,040 it/s ]
 100% ━━━━━━━━━━━━━━━━━━━━━━━━ 80,000/80,000  [ 0:01:16 < 0:00:00 , 1,045 it/s ]
 100% ━━━━━━━━━━━━━━━━━━━━━━ 400,000/400,000  [ 0:06:14 < 0:00:00 , 1,087 it/s ]
Training ARS (seed 4/15)
 100% ━━━━━━━━━━━━━━━━━━━━━━━ 26,240/20,000  [ 0:00:01 < 0:00:00 , 11,188 it/s ]
 100% ━━━━━━━━━━━━━━━━━━━━━━ 104,960/53,760  [ 0:00:04 < 0:00:00 , 11,054 it/s ]
 100% ━━━━━━━━━━━━━━━━━━━━━ 419,840/268,800  [ 0:00:24 < 0:00:00 , 10,874 it/s ]
Training A2C (seed 4/15)
 100% ━━━━━━━━━━━━━━━━━━━━━━━━ 20,000/20,000  [ 0:00:04 < 0:00:00 , 4,284 it/s ]
 100% ━━━━━━━━━━━━━━━━━━━━━━━━ 80,000/80,000  [ 0:00:18 < 0:00:00 , 4,264 it/s ]
 100% ━━━━━━━━━━━━━━━━━━━━━━ 400,000/400,000  [ 0:01:35 < 0:00:00 , 4,108 it/s ]
Training TRPO (seed 4/15)
 100% ━━━━━━━━━━━━━━━━━━━━━━━━ 24,576/20,000  [ 0:00:04 < 0:00:00 , 3,922 it/s ]
 100% ━━━━━━━━━━━━━━━━━━━━━━━━ 81,920/80,000  [ 0:00:20 < 0:00:00 , 3,697 it/s ]
 100% ━━━━━━━━━━━━━━━━━━━━━━ 401,408/400,000  [ 0:01:50 < 0:00:00 , 3,589 it/s ]
Training PPO (seed 4/15)
 100% ━━━━━━━━━━━━━━━━━━━━━━━━ 24,576/20,000  [ 0:00:07 < 0:00:00 , 2,297 it/s ]
 100% ━━━━━━━━━━━━━━━━━━━━━━━━ 81,920/80,000  [ 0:00:32 < 0:00:00 , 2,322 it/s ]
 100% ━━━━━━━━━━━━━━━━━━━━━━ 401,408/400,000  [ 0:02:48 < 0:00:00 , 2,355 it/s ]
Training DQN (seed 5/15)
 100% ━━━━━━━━━━━━━━━━━━━━━━━━ 20,000/20,000  [ 0:00:03 < 0:00:00 , 5,711 it/s ]
 100% ━━━━━━━━━━━━━━━━━━━━━━━━ 80,000/80,000  [ 0:00:14 < 0:00:00 , 5,707 it/s ]
 100% ━━━━━━━━━━━━━━━━━━━━━━ 400,000/400,000  [ 0:01:10 < 0:00:00 , 5,702 it/s ]
Training QRDQN (seed 5/15)
 100% ━━━━━━━━━━━━━━━━━━━━━━━━ 20,000/20,000  [ 0:00:18 < 0:00:00 , 1,090 it/s ]
 100% ━━━━━━━━━━━━━━━━━━━━━━━━ 80,000/80,000  [ 0:01:13 < 0:00:00 , 1,097 it/s ]
 100% ━━━━━━━━━━━━━━━━━━━━━━ 400,000/400,000  [ 0:06:14 < 0:00:00 , 1,066 it/s ]
Training ARS (seed 5/15)
 100% ━━━━━━━━━━━━━━━━━━━━━━━ 26,240/20,000  [ 0:00:01 < 0:00:00 , 10,750 it/s ]
 100% ━━━━━━━━━━━━━━━━━━━━━━ 104,960/53,760  [ 0:00:04 < 0:00:00 , 10,894 it/s ]
 100% ━━━━━━━━━━━━━━━━━━━━━ 419,840/268,800  [ 0:00:24 < 0:00:00 , 10,807 it/s ]
Training A2C (seed 5/15)
 100% ━━━━━━━━━━━━━━━━━━━━━━━━ 20,000/20,000  [ 0:00:04 < 0:00:00 , 4,196 it/s ]
 100% ━━━━━━━━━━━━━━━━━━━━━━━━ 80,000/80,000  [ 0:00:19 < 0:00:00 , 4,183 it/s ]
 100% ━━━━━━━━━━━━━━━━━━━━━━ 400,000/400,000  [ 0:01:36 < 0:00:00 , 4,061 it/s ]
Training TRPO (seed 5/15)
 100% ━━━━━━━━━━━━━━━━━━━━━━━━ 24,576/20,000  [ 0:00:04 < 0:00:00 , 3,909 it/s ]
 100% ━━━━━━━━━━━━━━━━━━━━━━━━ 81,920/80,000  [ 0:00:20 < 0:00:00 , 3,682 it/s ]
 100% ━━━━━━━━━━━━━━━━━━━━━━ 401,408/400,000  [ 0:01:50 < 0:00:00 , 3,612 it/s ]
Training PPO (seed 5/15)
 100% ━━━━━━━━━━━━━━━━━━━━━━━━ 24,576/20,000  [ 0:00:07 < 0:00:00 , 2,303 it/s ]
 100% ━━━━━━━━━━━━━━━━━━━━━━━━ 81,920/80,000  [ 0:00:32 < 0:00:00 , 2,333 it/s ]
 100% ━━━━━━━━━━━━━━━━━━━━━━ 401,408/400,000  [ 0:02:48 < 0:00:00 , 2,341 it/s ]
Training DQN (seed 6/15)
 100% ━━━━━━━━━━━━━━━━━━━━━━━━ 20,000/20,000  [ 0:00:03 < 0:00:00 , 5,693 it/s ]
 100% ━━━━━━━━━━━━━━━━━━━━━━━━ 80,000/80,000  [ 0:00:14 < 0:00:00 , 5,696 it/s ]
 100% ━━━━━━━━━━━━━━━━━━━━━━ 400,000/400,000  [ 0:01:10 < 0:00:00 , 5,695 it/s ]
Training QRDQN (seed 6/15)
 100% ━━━━━━━━━━━━━━━━━━━━━━━━ 20,000/20,000  [ 0:00:19 < 0:00:00 , 1,025 it/s ]
 100% ━━━━━━━━━━━━━━━━━━━━━━━━━━ 80,000/80,000  [ 0:01:19 < 0:00:00 , 965 it/s ]
 100% ━━━━━━━━━━━━━━━━━━━━━━ 400,000/400,000  [ 0:06:19 < 0:00:00 , 1,007 it/s ]
Training ARS (seed 6/15)
 100% ━━━━━━━━━━━━━━━━━━━━━━━ 26,240/20,000  [ 0:00:01 < 0:00:00 , 11,315 it/s ]
 100% ━━━━━━━━━━━━━━━━━━━━━━ 104,960/53,760  [ 0:00:04 < 0:00:00 , 10,993 it/s ]
 100% ━━━━━━━━━━━━━━━━━━━━━ 419,840/268,800  [ 0:00:24 < 0:00:00 , 10,832 it/s ]
Training A2C (seed 6/15)
 100% ━━━━━━━━━━━━━━━━━━━━━━━━ 20,000/20,000  [ 0:00:04 < 0:00:00 , 4,163 it/s ]
 100% ━━━━━━━━━━━━━━━━━━━━━━━━ 80,000/80,000  [ 0:00:19 < 0:00:00 , 4,131 it/s ]
 100% ━━━━━━━━━━━━━━━━━━━━━━ 400,000/400,000  [ 0:01:40 < 0:00:00 , 3,875 it/s ]
Training TRPO (seed 6/15)
 100% ━━━━━━━━━━━━━━━━━━━━━━━━ 24,576/20,000  [ 0:00:04 < 0:00:00 , 3,859 it/s ]
 100% ━━━━━━━━━━━━━━━━━━━━━━━━ 81,920/80,000  [ 0:00:20 < 0:00:00 , 3,680 it/s ]
 100% ━━━━━━━━━━━━━━━━━━━━━━ 401,408/400,000  [ 0:01:51 < 0:00:00 , 3,583 it/s ]
Training PPO (seed 6/15)
 100% ━━━━━━━━━━━━━━━━━━━━━━━━ 24,576/20,000  [ 0:00:07 < 0:00:00 , 2,247 it/s ]
 100% ━━━━━━━━━━━━━━━━━━━━━━━━ 81,920/80,000  [ 0:00:32 < 0:00:00 , 2,316 it/s ]
 100% ━━━━━━━━━━━━━━━━━━━━━━ 401,408/400,000  [ 0:02:49 < 0:00:00 , 2,303 it/s ]
Training DQN (seed 7/15)
 100% ━━━━━━━━━━━━━━━━━━━━━━━━ 20,000/20,000  [ 0:00:03 < 0:00:00 , 5,678 it/s ]
 100% ━━━━━━━━━━━━━━━━━━━━━━━━ 80,000/80,000  [ 0:00:14 < 0:00:00 , 5,687 it/s ]
 100% ━━━━━━━━━━━━━━━━━━━━━━ 400,000/400,000  [ 0:01:10 < 0:00:00 , 5,672 it/s ]
Training QRDQN (seed 7/15)
 100% ━━━━━━━━━━━━━━━━━━━━━━━━ 20,000/20,000  [ 0:00:18 < 0:00:00 , 1,102 it/s ]
 100% ━━━━━━━━━━━━━━━━━━━━━━━━ 80,000/80,000  [ 0:01:13 < 0:00:00 , 1,080 it/s ]
 100% ━━━━━━━━━━━━━━━━━━━━━━ 400,000/400,000  [ 0:06:05 < 0:00:00 , 1,102 it/s ]
Training ARS (seed 7/15)
 100% ━━━━━━━━━━━━━━━━━━━━━━━ 26,240/20,000  [ 0:00:01 < 0:00:00 , 11,023 it/s ]
 100% ━━━━━━━━━━━━━━━━━━━━━━ 104,960/53,760  [ 0:00:04 < 0:00:00 , 10,941 it/s ]
 100% ━━━━━━━━━━━━━━━━━━━━━ 419,840/268,800  [ 0:00:24 < 0:00:00 , 10,827 it/s ]
Training A2C (seed 7/15)
 100% ━━━━━━━━━━━━━━━━━━━━━━━━ 20,000/20,000  [ 0:00:04 < 0:00:00 , 4,267 it/s ]
 100% ━━━━━━━━━━━━━━━━━━━━━━━━ 80,000/80,000  [ 0:00:18 < 0:00:00 , 4,265 it/s ]
 100% ━━━━━━━━━━━━━━━━━━━━━━ 400,000/400,000  [ 0:01:36 < 0:00:00 , 4,011 it/s ]
Training TRPO (seed 7/15)
 100% ━━━━━━━━━━━━━━━━━━━━━━━━ 24,576/20,000  [ 0:00:04 < 0:00:00 , 3,894 it/s ]
 100% ━━━━━━━━━━━━━━━━━━━━━━━━ 81,920/80,000  [ 0:00:20 < 0:00:00 , 3,722 it/s ]
 100% ━━━━━━━━━━━━━━━━━━━━━━ 401,408/400,000  [ 0:01:50 < 0:00:00 , 3,665 it/s ]
Training PPO (seed 7/15)
 100% ━━━━━━━━━━━━━━━━━━━━━━━━ 24,576/20,000  [ 0:00:07 < 0:00:00 , 2,255 it/s ]
 100% ━━━━━━━━━━━━━━━━━━━━━━━━ 81,920/80,000  [ 0:00:33 < 0:00:00 , 2,277 it/s ]
 100% ━━━━━━━━━━━━━━━━━━━━━━ 401,408/400,000  [ 0:02:53 < 0:00:00 , 2,277 it/s ]
Training DQN (seed 8/15)
 100% ━━━━━━━━━━━━━━━━━━━━━━━━ 20,000/20,000  [ 0:00:03 < 0:00:00 , 5,526 it/s ]
 100% ━━━━━━━━━━━━━━━━━━━━━━━━ 80,000/80,000  [ 0:00:14 < 0:00:00 , 5,562 it/s ]
 100% ━━━━━━━━━━━━━━━━━━━━━━ 400,000/400,000  [ 0:01:11 < 0:00:00 , 5,621 it/s ]
Training QRDQN (seed 8/15)
 100% ━━━━━━━━━━━━━━━━━━━━━━━━━━ 20,000/20,000  [ 0:00:20 < 0:00:00 , 986 it/s ]
 100% ━━━━━━━━━━━━━━━━━━━━━━━━ 80,000/80,000  [ 0:01:17 < 0:00:00 , 1,034 it/s ]
 100% ━━━━━━━━━━━━━━━━━━━━━━ 400,000/400,000  [ 0:06:24 < 0:00:00 , 1,043 it/s ]
Training ARS (seed 8/15)
 100% ━━━━━━━━━━━━━━━━━━━━━━━ 26,240/20,000  [ 0:00:01 < 0:00:00 , 11,086 it/s ]
 100% ━━━━━━━━━━━━━━━━━━━━━━ 104,960/53,760  [ 0:00:04 < 0:00:00 , 11,080 it/s ]
 100% ━━━━━━━━━━━━━━━━━━━━━ 419,840/268,800  [ 0:00:24 < 0:00:00 , 10,837 it/s ]
Training A2C (seed 8/15)
 100% ━━━━━━━━━━━━━━━━━━━━━━━━ 20,000/20,000  [ 0:00:04 < 0:00:00 , 4,171 it/s ]
 100% ━━━━━━━━━━━━━━━━━━━━━━━━ 80,000/80,000  [ 0:00:19 < 0:00:00 , 4,189 it/s ]
 100% ━━━━━━━━━━━━━━━━━━━━━━ 400,000/400,000  [ 0:01:38 < 0:00:00 , 3,951 it/s ]
Training TRPO (seed 8/15)
 100% ━━━━━━━━━━━━━━━━━━━━━━━━ 24,576/20,000  [ 0:00:04 < 0:00:00 , 3,856 it/s ]
 100% ━━━━━━━━━━━━━━━━━━━━━━━━ 81,920/80,000  [ 0:00:20 < 0:00:00 , 3,673 it/s ]
 100% ━━━━━━━━━━━━━━━━━━━━━━ 401,408/400,000  [ 0:01:51 < 0:00:00 , 3,636 it/s ]
Training PPO (seed 8/15)
 100% ━━━━━━━━━━━━━━━━━━━━━━━━ 24,576/20,000  [ 0:00:07 < 0:00:00 , 2,266 it/s ]
 100% ━━━━━━━━━━━━━━━━━━━━━━━━ 81,920/80,000  [ 0:00:32 < 0:00:00 , 2,308 it/s ]
 100% ━━━━━━━━━━━━━━━━━━━━━━ 401,408/400,000  [ 0:02:49 < 0:00:00 , 2,327 it/s ]
Training DQN (seed 9/15)
 100% ━━━━━━━━━━━━━━━━━━━━━━━━ 20,000/20,000  [ 0:00:03 < 0:00:00 , 5,603 it/s ]
 100% ━━━━━━━━━━━━━━━━━━━━━━━━ 80,000/80,000  [ 0:00:14 < 0:00:00 , 5,519 it/s ]
 100% ━━━━━━━━━━━━━━━━━━━━━━ 400,000/400,000  [ 0:01:12 < 0:00:00 , 5,502 it/s ]
Training QRDQN (seed 9/15)
 100% ━━━━━━━━━━━━━━━━━━━━━━━━ 20,000/20,000  [ 0:00:18 < 0:00:00 , 1,070 it/s ]
 100% ━━━━━━━━━━━━━━━━━━━━━━━━ 80,000/80,000  [ 0:01:15 < 0:00:00 , 1,072 it/s ]
 100% ━━━━━━━━━━━━━━━━━━━━━━ 400,000/400,000  [ 0:06:11 < 0:00:00 , 1,088 it/s ]
Training ARS (seed 9/15)
 100% ━━━━━━━━━━━━━━━━━━━━━━━ 26,240/20,000  [ 0:00:01 < 0:00:00 , 10,771 it/s ]
 100% ━━━━━━━━━━━━━━━━━━━━━━ 104,960/53,760  [ 0:00:04 < 0:00:00 , 10,940 it/s ]
 100% ━━━━━━━━━━━━━━━━━━━━━ 419,840/268,800  [ 0:00:24 < 0:00:00 , 10,823 it/s ]
Training A2C (seed 9/15)
 100% ━━━━━━━━━━━━━━━━━━━━━━━━ 20,000/20,000  [ 0:00:04 < 0:00:00 , 4,152 it/s ]
 100% ━━━━━━━━━━━━━━━━━━━━━━━━ 80,000/80,000  [ 0:00:18 < 0:00:00 , 4,239 it/s ]
 100% ━━━━━━━━━━━━━━━━━━━━━━ 400,000/400,000  [ 0:01:36 < 0:00:00 , 4,052 it/s ]
Training TRPO (seed 9/15)
 100% ━━━━━━━━━━━━━━━━━━━━━━━━ 24,576/20,000  [ 0:00:04 < 0:00:00 , 3,884 it/s ]
 100% ━━━━━━━━━━━━━━━━━━━━━━━━ 81,920/80,000  [ 0:00:20 < 0:00:00 , 3,701 it/s ]
 100% ━━━━━━━━━━━━━━━━━━━━━━ 401,408/400,000  [ 0:01:51 < 0:00:00 , 3,594 it/s ]
Training PPO (seed 9/15)
 100% ━━━━━━━━━━━━━━━━━━━━━━━━ 24,576/20,000  [ 0:00:07 < 0:00:00 , 2,284 it/s ]
 100% ━━━━━━━━━━━━━━━━━━━━━━━━ 81,920/80,000  [ 0:00:32 < 0:00:00 , 2,322 it/s ]
 100% ━━━━━━━━━━━━━━━━━━━━━━ 401,408/400,000  [ 0:02:49 < 0:00:00 , 2,331 it/s ]
Training DQN (seed 10/15)
 100% ━━━━━━━━━━━━━━━━━━━━━━━━ 20,000/20,000  [ 0:00:03 < 0:00:00 , 5,614 it/s ]
 100% ━━━━━━━━━━━━━━━━━━━━━━━━ 80,000/80,000  [ 0:00:14 < 0:00:00 , 5,615 it/s ]
 100% ━━━━━━━━━━━━━━━━━━━━━━ 400,000/400,000  [ 0:01:11 < 0:00:00 , 5,604 it/s ]
Training QRDQN (seed 10/15)
 100% ━━━━━━━━━━━━━━━━━━━━━━━━━━ 20,000/20,000  [ 0:00:20 < 0:00:00 , 993 it/s ]
 100% ━━━━━━━━━━━━━━━━━━━━━━━━ 80,000/80,000  [ 0:01:19 < 0:00:00 , 1,002 it/s ]
 100% ━━━━━━━━━━━━━━━━━━━━━━ 400,000/400,000  [ 0:06:04 < 0:00:00 , 1,105 it/s ]
Training ARS (seed 10/15)
 100% ━━━━━━━━━━━━━━━━━━━━━━━ 26,240/20,000  [ 0:00:01 < 0:00:00 , 10,979 it/s ]
 100% ━━━━━━━━━━━━━━━━━━━━━━ 104,960/53,760  [ 0:00:04 < 0:00:00 , 11,076 it/s ]
 100% ━━━━━━━━━━━━━━━━━━━━━ 419,840/268,800  [ 0:00:24 < 0:00:00 , 10,820 it/s ]
Training A2C (seed 10/15)
 100% ━━━━━━━━━━━━━━━━━━━━━━━━ 20,000/20,000  [ 0:00:04 < 0:00:00 , 4,232 it/s ]
 100% ━━━━━━━━━━━━━━━━━━━━━━━━ 80,000/80,000  [ 0:00:18 < 0:00:00 , 4,219 it/s ]
 100% ━━━━━━━━━━━━━━━━━━━━━━ 400,000/400,000  [ 0:01:37 < 0:00:00 , 3,993 it/s ]
Training TRPO (seed 10/15)
 100% ━━━━━━━━━━━━━━━━━━━━━━━━ 24,576/20,000  [ 0:00:04 < 0:00:00 , 3,908 it/s ]
 100% ━━━━━━━━━━━━━━━━━━━━━━━━ 81,920/80,000  [ 0:00:20 < 0:00:00 , 3,699 it/s ]
 100% ━━━━━━━━━━━━━━━━━━━━━━ 401,408/400,000  [ 0:01:51 < 0:00:00 , 3,604 it/s ]
Training PPO (seed 10/15)
 100% ━━━━━━━━━━━━━━━━━━━━━━━━ 24,576/20,000  [ 0:00:07 < 0:00:00 , 2,271 it/s ]
 100% ━━━━━━━━━━━━━━━━━━━━━━━━ 81,920/80,000  [ 0:00:32 < 0:00:00 , 2,310 it/s ]
 100% ━━━━━━━━━━━━━━━━━━━━━━ 401,408/400,000  [ 0:02:50 < 0:00:00 , 2,305 it/s ]
Training DQN (seed 11/15)
 100% ━━━━━━━━━━━━━━━━━━━━━━━━ 20,000/20,000  [ 0:00:03 < 0:00:00 , 5,559 it/s ]
 100% ━━━━━━━━━━━━━━━━━━━━━━━━ 80,000/80,000  [ 0:00:14 < 0:00:00 , 5,634 it/s ]
 100% ━━━━━━━━━━━━━━━━━━━━━━ 400,000/400,000  [ 0:01:11 < 0:00:00 , 5,625 it/s ]
Training QRDQN (seed 11/15)
 100% ━━━━━━━━━━━━━━━━━━━━━━━━ 20,000/20,000  [ 0:00:19 < 0:00:00 , 1,012 it/s ]
 100% ━━━━━━━━━━━━━━━━━━━━━━━━ 80,000/80,000  [ 0:01:09 < 0:00:00 , 1,144 it/s ]
 100% ━━━━━━━━━━━━━━━━━━━━━━ 400,000/400,000  [ 0:05:53 < 0:00:00 , 1,128 it/s ]
Training ARS (seed 11/15)
 100% ━━━━━━━━━━━━━━━━━━━━━━━ 26,240/20,000  [ 0:00:01 < 0:00:00 , 10,975 it/s ]
 100% ━━━━━━━━━━━━━━━━━━━━━━ 104,960/53,760  [ 0:00:04 < 0:00:00 , 10,896 it/s ]
 100% ━━━━━━━━━━━━━━━━━━━━━ 419,840/268,800  [ 0:00:24 < 0:00:00 , 10,826 it/s ]
Training A2C (seed 11/15)
 100% ━━━━━━━━━━━━━━━━━━━━━━━━ 20,000/20,000  [ 0:00:04 < 0:00:00 , 4,107 it/s ]
 100% ━━━━━━━━━━━━━━━━━━━━━━━━ 80,000/80,000  [ 0:00:19 < 0:00:00 , 4,138 it/s ]
 100% ━━━━━━━━━━━━━━━━━━━━━━ 400,000/400,000  [ 0:01:39 < 0:00:00 , 3,885 it/s ]
Training TRPO (seed 11/15)
 100% ━━━━━━━━━━━━━━━━━━━━━━━━ 24,576/20,000  [ 0:00:04 < 0:00:00 , 3,912 it/s ]
 100% ━━━━━━━━━━━━━━━━━━━━━━━━ 81,920/80,000  [ 0:00:20 < 0:00:00 , 3,690 it/s ]
 100% ━━━━━━━━━━━━━━━━━━━━━━ 401,408/400,000  [ 0:01:50 < 0:00:00 , 3,634 it/s ]
Training PPO (seed 11/15)
 100% ━━━━━━━━━━━━━━━━━━━━━━━━ 24,576/20,000  [ 0:00:07 < 0:00:00 , 2,292 it/s ]
 100% ━━━━━━━━━━━━━━━━━━━━━━━━ 81,920/80,000  [ 0:00:32 < 0:00:00 , 2,326 it/s ]
 100% ━━━━━━━━━━━━━━━━━━━━━━ 401,408/400,000  [ 0:02:48 < 0:00:00 , 2,341 it/s ]
Training DQN (seed 12/15)
 100% ━━━━━━━━━━━━━━━━━━━━━━━━ 20,000/20,000  [ 0:00:03 < 0:00:00 , 5,749 it/s ]
 100% ━━━━━━━━━━━━━━━━━━━━━━━━ 80,000/80,000  [ 0:00:14 < 0:00:00 , 5,647 it/s ]
 100% ━━━━━━━━━━━━━━━━━━━━━━ 400,000/400,000  [ 0:01:11 < 0:00:00 , 5,635 it/s ]
Training QRDQN (seed 12/15)
 100% ━━━━━━━━━━━━━━━━━━━━━━━━ 20,000/20,000  [ 0:00:17 < 0:00:00 , 1,169 it/s ]
 100% ━━━━━━━━━━━━━━━━━━━━━━━━ 80,000/80,000  [ 0:01:10 < 0:00:00 , 1,138 it/s ]
 100% ━━━━━━━━━━━━━━━━━━━━━━ 400,000/400,000  [ 0:05:43 < 0:00:00 , 1,183 it/s ]
Training ARS (seed 12/15)
 100% ━━━━━━━━━━━━━━━━━━━━━━━ 26,240/20,000  [ 0:00:01 < 0:00:00 , 11,071 it/s ]
 100% ━━━━━━━━━━━━━━━━━━━━━━ 104,960/53,760  [ 0:00:04 < 0:00:00 , 10,947 it/s ]
 100% ━━━━━━━━━━━━━━━━━━━━━ 419,840/268,800  [ 0:00:24 < 0:00:00 , 10,872 it/s ]
Training A2C (seed 12/15)
 100% ━━━━━━━━━━━━━━━━━━━━━━━━ 20,000/20,000  [ 0:00:04 < 0:00:00 , 4,213 it/s ]
 100% ━━━━━━━━━━━━━━━━━━━━━━━━ 80,000/80,000  [ 0:00:18 < 0:00:00 , 4,246 it/s ]
 100% ━━━━━━━━━━━━━━━━━━━━━━ 400,000/400,000  [ 0:01:37 < 0:00:00 , 3,991 it/s ]
Training TRPO (seed 12/15)
 100% ━━━━━━━━━━━━━━━━━━━━━━━━ 24,576/20,000  [ 0:00:04 < 0:00:00 , 3,903 it/s ]
 100% ━━━━━━━━━━━━━━━━━━━━━━━━ 81,920/80,000  [ 0:00:20 < 0:00:00 , 3,711 it/s ]
 100% ━━━━━━━━━━━━━━━━━━━━━━ 401,408/400,000  [ 0:01:51 < 0:00:00 , 3,513 it/s ]
Training PPO (seed 12/15)
 100% ━━━━━━━━━━━━━━━━━━━━━━━━ 24,576/20,000  [ 0:00:07 < 0:00:00 , 2,242 it/s ]
 100% ━━━━━━━━━━━━━━━━━━━━━━━━ 81,920/80,000  [ 0:00:33 < 0:00:00 , 2,276 it/s ]
 100% ━━━━━━━━━━━━━━━━━━━━━━ 401,408/400,000  [ 0:02:52 < 0:00:00 , 2,334 it/s ]
Training DQN (seed 13/15)
 100% ━━━━━━━━━━━━━━━━━━━━━━━━ 20,000/20,000  [ 0:00:03 < 0:00:00 , 5,572 it/s ]
 100% ━━━━━━━━━━━━━━━━━━━━━━━━ 80,000/80,000  [ 0:00:14 < 0:00:00 , 5,582 it/s ]
 100% ━━━━━━━━━━━━━━━━━━━━━━ 400,000/400,000  [ 0:01:11 < 0:00:00 , 5,625 it/s ]
Training QRDQN (seed 13/15)
 100% ━━━━━━━━━━━━━━━━━━━━━━━━ 20,000/20,000  [ 0:00:18 < 0:00:00 , 1,068 it/s ]
 100% ━━━━━━━━━━━━━━━━━━━━━━━━ 80,000/80,000  [ 0:01:14 < 0:00:00 , 1,073 it/s ]
 100% ━━━━━━━━━━━━━━━━━━━━━━ 400,000/400,000  [ 0:06:06 < 0:00:00 , 1,097 it/s ]
Training ARS (seed 13/15)
 100% ━━━━━━━━━━━━━━━━━━━━━━━ 26,240/20,000  [ 0:00:01 < 0:00:00 , 11,061 it/s ]
 100% ━━━━━━━━━━━━━━━━━━━━━━ 104,960/53,760  [ 0:00:04 < 0:00:00 , 10,936 it/s ]
 100% ━━━━━━━━━━━━━━━━━━━━━ 419,840/268,800  [ 0:00:24 < 0:00:00 , 10,876 it/s ]
Training A2C (seed 13/15)
 100% ━━━━━━━━━━━━━━━━━━━━━━━━ 20,000/20,000  [ 0:00:04 < 0:00:00 , 4,241 it/s ]
 100% ━━━━━━━━━━━━━━━━━━━━━━━━ 80,000/80,000  [ 0:00:18 < 0:00:00 , 4,225 it/s ]
 100% ━━━━━━━━━━━━━━━━━━━━━━ 400,000/400,000  [ 0:01:37 < 0:00:00 , 3,957 it/s ]
Training TRPO (seed 13/15)
 100% ━━━━━━━━━━━━━━━━━━━━━━━━ 24,576/20,000  [ 0:00:04 < 0:00:00 , 3,933 it/s ]
 100% ━━━━━━━━━━━━━━━━━━━━━━━━ 81,920/80,000  [ 0:00:20 < 0:00:00 , 3,730 it/s ]
 100% ━━━━━━━━━━━━━━━━━━━━━━ 401,408/400,000  [ 0:01:49 < 0:00:00 , 3,600 it/s ]
Training PPO (seed 13/15)
 100% ━━━━━━━━━━━━━━━━━━━━━━━━ 24,576/20,000  [ 0:00:07 < 0:00:00 , 2,288 it/s ]
 100% ━━━━━━━━━━━━━━━━━━━━━━━━ 81,920/80,000  [ 0:00:32 < 0:00:00 , 2,323 it/s ]
 100% ━━━━━━━━━━━━━━━━━━━━━━ 401,408/400,000  [ 0:02:49 < 0:00:00 , 2,310 it/s ]
Training DQN (seed 14/15)
 100% ━━━━━━━━━━━━━━━━━━━━━━━━ 20,000/20,000  [ 0:00:03 < 0:00:00 , 5,564 it/s ]
 100% ━━━━━━━━━━━━━━━━━━━━━━━━ 80,000/80,000  [ 0:00:14 < 0:00:00 , 5,588 it/s ]
 100% ━━━━━━━━━━━━━━━━━━━━━━ 400,000/400,000  [ 0:01:11 < 0:00:00 , 5,619 it/s ]
Training QRDQN (seed 14/15)
 100% ━━━━━━━━━━━━━━━━━━━━━━━━ 20,000/20,000  [ 0:00:19 < 0:00:00 , 1,041 it/s ]
 100% ━━━━━━━━━━━━━━━━━━━━━━━━ 80,000/80,000  [ 0:01:13 < 0:00:00 , 1,093 it/s ]
 100% ━━━━━━━━━━━━━━━━━━━━━━ 400,000/400,000  [ 0:06:10 < 0:00:00 , 1,088 it/s ]
Training ARS (seed 14/15)
 100% ━━━━━━━━━━━━━━━━━━━━━━━ 26,240/20,000  [ 0:00:01 < 0:00:00 , 11,535 it/s ]
 100% ━━━━━━━━━━━━━━━━━━━━━━ 104,960/53,760  [ 0:00:05 < 0:00:00 , 10,854 it/s ]
 100% ━━━━━━━━━━━━━━━━━━━━━ 419,840/268,800  [ 0:00:24 < 0:00:00 , 10,789 it/s ]
Training A2C (seed 14/15)
 100% ━━━━━━━━━━━━━━━━━━━━━━━━ 20,000/20,000  [ 0:00:04 < 0:00:00 , 4,248 it/s ]
 100% ━━━━━━━━━━━━━━━━━━━━━━━━ 80,000/80,000  [ 0:00:19 < 0:00:00 , 4,166 it/s ]
 100% ━━━━━━━━━━━━━━━━━━━━━━ 400,000/400,000  [ 0:01:38 < 0:00:00 , 3,953 it/s ]
Training TRPO (seed 14/15)
 100% ━━━━━━━━━━━━━━━━━━━━━━━━ 24,576/20,000  [ 0:00:04 < 0:00:00 , 3,877 it/s ]
 100% ━━━━━━━━━━━━━━━━━━━━━━━━ 81,920/80,000  [ 0:00:20 < 0:00:00 , 3,654 it/s ]
 100% ━━━━━━━━━━━━━━━━━━━━━━ 401,408/400,000  [ 0:01:50 < 0:00:00 , 3,580 it/s ]
Training PPO (seed 14/15)
 100% ━━━━━━━━━━━━━━━━━━━━━━━━ 24,576/20,000  [ 0:00:07 < 0:00:00 , 2,250 it/s ]
 100% ━━━━━━━━━━━━━━━━━━━━━━━━ 81,920/80,000  [ 0:00:33 < 0:00:00 , 2,277 it/s ]
 100% ━━━━━━━━━━━━━━━━━━━━━━ 401,408/400,000  [ 0:02:50 < 0:00:00 , 2,303 it/s ]
Training DQN (seed 15/15)
 100% ━━━━━━━━━━━━━━━━━━━━━━━━ 20,000/20,000  [ 0:00:03 < 0:00:00 , 5,628 it/s ]
 100% ━━━━━━━━━━━━━━━━━━━━━━━━ 80,000/80,000  [ 0:00:14 < 0:00:00 , 5,642 it/s ]
 100% ━━━━━━━━━━━━━━━━━━━━━━ 400,000/400,000  [ 0:01:11 < 0:00:00 , 5,620 it/s ]
Training QRDQN (seed 15/15)
 100% ━━━━━━━━━━━━━━━━━━━━━━━━ 20,000/20,000  [ 0:00:18 < 0:00:00 , 1,105 it/s ]
 100% ━━━━━━━━━━━━━━━━━━━━━━━━ 80,000/80,000  [ 0:01:15 < 0:00:00 , 1,065 it/s ]
 100% ━━━━━━━━━━━━━━━━━━━━━━ 400,000/400,000  [ 0:06:10 < 0:00:00 , 1,106 it/s ]
Training ARS (seed 15/15)
 100% ━━━━━━━━━━━━━━━━━━━━━━━ 26,240/20,000  [ 0:00:01 < 0:00:00 , 11,128 it/s ]
 100% ━━━━━━━━━━━━━━━━━━━━━━ 104,960/53,760  [ 0:00:04 < 0:00:00 , 11,063 it/s ]
 100% ━━━━━━━━━━━━━━━━━━━━━ 419,840/268,800  [ 0:00:24 < 0:00:00 , 10,842 it/s ]
Training A2C (seed 15/15)
 100% ━━━━━━━━━━━━━━━━━━━━━━━━ 20,000/20,000  [ 0:00:05 < 0:00:00 , 3,980 it/s ]
 100% ━━━━━━━━━━━━━━━━━━━━━━━━ 80,000/80,000  [ 0:00:18 < 0:00:00 , 4,218 it/s ]
 100% ━━━━━━━━━━━━━━━━━━━━━━ 400,000/400,000  [ 0:01:38 < 0:00:00 , 3,981 it/s ]
Training TRPO (seed 15/15)
 100% ━━━━━━━━━━━━━━━━━━━━━━━━ 24,576/20,000  [ 0:00:04 < 0:00:00 , 3,886 it/s ]
 100% ━━━━━━━━━━━━━━━━━━━━━━━━ 81,920/80,000  [ 0:00:20 < 0:00:00 , 3,725 it/s ]
 100% ━━━━━━━━━━━━━━━━━━━━━━ 401,408/400,000  [ 0:01:50 < 0:00:00 , 3,596 it/s ]
Training PPO (seed 15/15)
 100% ━━━━━━━━━━━━━━━━━━━━━━━━ 24,576/20,000  [ 0:00:07 < 0:00:00 , 2,300 it/s ]
 100% ━━━━━━━━━━━━━━━━━━━━━━━━ 81,920/80,000  [ 0:00:32 < 0:00:00 , 2,327 it/s ]
 100% ━━━━━━━━━━━━━━━━━━━━━━ 401,408/400,000  [ 0:02:49 < 0:00:00 , 2,329 it/s ]

============================= JOB FEEDBACK =============================

NodeName=uc3n065
Job ID: 4109389
Array Job ID: 4109362_26
Cluster: uc3
User/Group: ma_fablange/ma_ma
State: COMPLETED (exit code 0)
Nodes: 1
Cores per node: 2
CPU Utilized: 04:31:49
CPU Efficiency: 49.72% of 09:06:40 core-walltime
Job Wall-clock time: 04:33:20
Memory Utilized: 3.69 GB
Memory Efficiency: 18.44% of 20.00 GB (20.00 GB/node)
