Using Gurobi license file: /scratch/slurm_tmpdir/job_4199198/gurobi_4199198_25/gurobi.lic (LICENSEID=2817305)
Gurobi preflight: GRB_LICENSE_FILE=/scratch/slurm_tmpdir/job_4199198/gurobi_4199198_25/gurobi.lic, exists=True, WLSACCESSID=9f1b...dedb, LICENSEID=2817305
Running task_id=25 with HIGH_SENSITIVITY=False, GT_MODEL=MNLConsidSet, TRAIN_ON_ALL_SETS=False, LARGE_PRODUCT_SET=True
[efficient_sets] Registered pending marker: /pfs/data6/home/ma/ma_ma/ma_fablange/RL_Dynamic_Choice_RM/example_2/slurm/.gurobi_slots/effsets_pending/task_25
xlogit long data: obs=9545, alts=101, rows=964045, memory=22.07 MiB
[efficient_sets] Waiting for Gurobi slot (max concurrent: 2)
[efficient_sets] Acquired Gurobi slot 1
Set parameter WLSAccessID
Set parameter WLSSecret
Set parameter LicenseID to value 2817305
Academic license 2817305 - for non-commercial use only - registered to fa___@uni-mannheim.de
[efficient_sets] Disposed Gurobi default environment
[efficient_sets] Released Gurobi slot 1
[efficient_sets] Removed pending marker: /pfs/data6/home/ma/ma_ma/ma_fablange/RL_Dynamic_Choice_RM/example_2/slurm/.gurobi_slots/effsets_pending/task_25
Training DQN (seed 1/15)
 100% ━━━━━━━━━━━━━━━━━━━━━━━━ 20,000/20,000  [ 0:00:15 < 0:00:00 , 1,300 it/s ]
 100% ━━━━━━━━━━━━━━━━━━━━━━━━ 80,000/80,000  [ 0:00:35 < 0:00:00 , 2,254 it/s ]
 100% ━━━━━━━━━━━━━━━━━━━━━━━━ 400,000/400,000  [ 1:03:09 < 0:00:00 , 179 it/s ]
Training QRDQN (seed 1/15)
 100% ━━━━━━━━━━━━━━━━━━━━━━━━━━ 20,000/20,000  [ 0:00:36 < 0:00:00 , 561 it/s ]
 100% ━━━━━━━━━━━━━━━━━━━━━━━━━━ 80,000/80,000  [ 0:02:17 < 0:00:00 , 583 it/s ]
 100% ━━━━━━━━━━━━━━━━━━━━━━━━ 400,000/400,000  [ 0:11:23 < 0:00:00 , 580 it/s ]
Training ARS (seed 1/15)
 100% ━━━━━━━━━━━━━━━━━━━━━━━━━━ 26,136/20,000  [ 0:02:05 < 0:00:00 , 670 it/s ]
 100% ━━━━━━━━━━━━━━━━━━━━━━━━━ 103,708/53,864  [ 0:02:08 < 0:00:00 , 550 it/s ]
 100% ━━━━━━━━━━━━━━━━━━━━━━━━ 414,872/270,156  [ 0:16:52 < 0:00:00 , 377 it/s ]
Training A2C (seed 1/15)
 100% ━━━━━━━━━━━━━━━━━━━━━━━━ 20,000/20,000  [ 0:00:04 < 0:00:00 , 4,526 it/s ]
 100% ━━━━━━━━━━━━━━━━━━━━━━━━ 80,000/80,000  [ 0:00:17 < 0:00:00 , 4,529 it/s ]
 100% ━━━━━━━━━━━━━━━━━━━━━━ 400,000/400,000  [ 0:01:31 < 0:00:00 , 4,252 it/s ]
Training TRPO (seed 1/15)
 100% ━━━━━━━━━━━━━━━━━━━━━━━━ 24,576/20,000  [ 0:00:05 < 0:00:00 , 3,396 it/s ]
 100% ━━━━━━━━━━━━━━━━━━━━━━━━ 81,920/80,000  [ 0:00:21 < 0:00:00 , 3,498 it/s ]
 100% ━━━━━━━━━━━━━━━━━━━━━━ 401,408/400,000  [ 0:01:56 < 0:00:00 , 3,327 it/s ]
Training PPO (seed 1/15)
 100% ━━━━━━━━━━━━━━━━━━━━━━━━ 24,576/20,000  [ 0:00:07 < 0:00:00 , 2,298 it/s ]
 100% ━━━━━━━━━━━━━━━━━━━━━━━━ 81,920/80,000  [ 0:00:32 < 0:00:00 , 2,349 it/s ]
 100% ━━━━━━━━━━━━━━━━━━━━━━ 401,408/400,000  [ 0:02:50 < 0:00:00 , 2,192 it/s ]
Training DQN (seed 2/15)
 100% ━━━━━━━━━━━━━━━━━━━━━━━━ 20,000/20,000  [ 0:00:12 < 0:00:00 , 1,579 it/s ]
 100% ━━━━━━━━━━━━━━━━━━━━━━━━ 80,000/80,000  [ 0:00:38 < 0:00:00 , 1,906 it/s ]
 100% ━━━━━━━━━━━━━━━━━━━━━━━━ 400,000/400,000  [ 0:39:02 < 0:00:00 , 256 it/s ]
Training QRDQN (seed 2/15)
 100% ━━━━━━━━━━━━━━━━━━━━━━━━ 20,000/20,000  [ 0:00:19 < 0:00:00 , 1,030 it/s ]
 100% ━━━━━━━━━━━━━━━━━━━━━━━━ 80,000/80,000  [ 0:01:17 < 0:00:00 , 1,045 it/s ]
 100% ━━━━━━━━━━━━━━━━━━━━━━ 400,000/400,000  [ 0:06:29 < 0:00:00 , 1,035 it/s ]
Training ARS (seed 2/15)
 100% ━━━━━━━━━━━━━━━━━━━━━━━━━━ 26,136/20,000  [ 0:00:50 < 0:00:00 , 294 it/s ]
 100% ━━━━━━━━━━━━━━━━━━━━━━━━━ 103,832/53,864  [ 0:04:03 < 0:00:00 , 561 it/s ]
 100% ━━━━━━━━━━━━━━━━━━━━━━━━━ 414,164/270,032  [ 0:57:27 < 0:00:00 , 14 it/s ]
Training A2C (seed 2/15)
 100% ━━━━━━━━━━━━━━━━━━━━━━━━ 20,000/20,000  [ 0:00:04 < 0:00:00 , 4,612 it/s ]
 100% ━━━━━━━━━━━━━━━━━━━━━━━━ 80,000/80,000  [ 0:00:17 < 0:00:00 , 4,616 it/s ]
 100% ━━━━━━━━━━━━━━━━━━━━━━ 400,000/400,000  [ 0:01:29 < 0:00:00 , 4,358 it/s ]
Training TRPO (seed 2/15)
 100% ━━━━━━━━━━━━━━━━━━━━━━━━ 24,576/20,000  [ 0:00:05 < 0:00:00 , 3,437 it/s ]
 100% ━━━━━━━━━━━━━━━━━━━━━━━━ 81,920/80,000  [ 0:00:21 < 0:00:00 , 3,510 it/s ]
 100% ━━━━━━━━━━━━━━━━━━━━━━ 401,408/400,000  [ 0:01:55 < 0:00:00 , 3,410 it/s ]
Training PPO (seed 2/15)
 100% ━━━━━━━━━━━━━━━━━━━━━━━━ 24,576/20,000  [ 0:00:07 < 0:00:00 , 2,323 it/s ]
 100% ━━━━━━━━━━━━━━━━━━━━━━━━ 81,920/80,000  [ 0:00:31 < 0:00:00 , 2,370 it/s ]
 100% ━━━━━━━━━━━━━━━━━━━━━━ 401,408/400,000  [ 0:02:48 < 0:00:00 , 2,209 it/s ]
Training DQN (seed 3/15)
 100% ━━━━━━━━━━━━━━━━━━━━━━━━ 20,000/20,000  [ 0:00:14 < 0:00:00 , 1,394 it/s ]
 100% ━━━━━━━━━━━━━━━━━━━━━━━━━━ 80,000/80,000  [ 0:07:51 < 0:00:00 , 859 it/s ]
 100% ━━━━━━━━━━━━━━━━━━━━━━━━━ 400,000/400,000  [ 1:18:11 < 0:00:00 , 16 it/s ]
Training QRDQN (seed 3/15)
 100% ━━━━━━━━━━━━━━━━━━━━━━━━ 20,000/20,000  [ 0:00:19 < 0:00:00 , 1,055 it/s ]
 100% ━━━━━━━━━━━━━━━━━━━━━━━━ 80,000/80,000  [ 0:01:16 < 0:00:00 , 1,028 it/s ]
 100% ━━━━━━━━━━━━━━━━━━━━━━ 400,000/400,000  [ 0:06:26 < 0:00:00 , 1,019 it/s ]
Training ARS (seed 3/15)
 100% ━━━━━━━━━━━━━━━━━━━━━━━━ 26,168/20,000  [ 0:00:13 < 0:00:00 , 1,613 it/s ]
 100% ━━━━━━━━━━━━━━━━━━━━━━━━━ 103,528/53,832  [ 0:07:00 < 0:00:00 , 126 it/s ]

============================= JOB FEEDBACK =============================

NodeName=uc3n005
Job ID: 4199198
Array Job ID: 4199185_25
Cluster: uc3
User/Group: ma_fablange/ma_ma
State: CANCELLED (exit code 0)
Nodes: 1
Cores per node: 2
CPU Utilized: 00:00:00
CPU Efficiency: 0.00% of 1-07:47:48 core-walltime
Job Wall-clock time: 15:53:54
Memory Utilized: 4.02 GB
Memory Efficiency: 40.20% of 10.00 GB (10.00 GB/node)
