Using Gurobi license file: /scratch/slurm_tmpdir/job_4199210/gurobi_4199210_49/gurobi.lic (LICENSEID=2817305)
Gurobi preflight: GRB_LICENSE_FILE=/scratch/slurm_tmpdir/job_4199210/gurobi_4199210_49/gurobi.lic, exists=True, WLSACCESSID=9f1b...dedb, LICENSEID=2817305
Running task_id=49 with HIGH_SENSITIVITY=True, GT_MODEL=MMNLcont, TRAIN_ON_ALL_SETS=False, LARGE_PRODUCT_SET=True
[efficient_sets] Registered pending marker: /pfs/data6/home/ma/ma_ma/ma_fablange/RL_Dynamic_Choice_RM/example_2/slurm/.gurobi_slots/effsets_pending/task_49
xlogit long data: obs=10136, alts=101, rows=1023736, memory=23.43 MiB
[efficient_sets] Waiting for Gurobi slot (max concurrent: 2)
[efficient_sets] Acquired Gurobi slot 2
Set parameter WLSAccessID
Set parameter WLSSecret
Set parameter LicenseID to value 2817305
Academic license 2817305 - for non-commercial use only - registered to fa___@uni-mannheim.de
[efficient_sets] Disposed Gurobi default environment
[efficient_sets] Released Gurobi slot 2
[efficient_sets] Removed pending marker: /pfs/data6/home/ma/ma_ma/ma_fablange/RL_Dynamic_Choice_RM/example_2/slurm/.gurobi_slots/effsets_pending/task_49
Training DQN (seed 1/15)
 100% ━━━━━━━━━━━━━━━━━━━━━━━━ 20,000/20,000  [ 0:00:03 < 0:00:00 , 5,400 it/s ]
 100% ━━━━━━━━━━━━━━━━━━━━━━━━ 80,000/80,000  [ 0:00:14 < 0:00:00 , 5,373 it/s ]
 100% ━━━━━━━━━━━━━━━━━━━━━━ 400,000/400,000  [ 0:01:14 < 0:00:00 , 5,386 it/s ]
Training QRDQN (seed 1/15)
 100% ━━━━━━━━━━━━━━━━━━━━━━━━━━ 20,000/20,000  [ 0:00:24 < 0:00:00 , 827 it/s ]
 100% ━━━━━━━━━━━━━━━━━━━━━━━━━━ 80,000/80,000  [ 0:01:32 < 0:00:00 , 877 it/s ]
 100% ━━━━━━━━━━━━━━━━━━━━━━━━ 400,000/400,000  [ 0:08:39 < 0:00:00 , 755 it/s ]
Training ARS (seed 1/15)
 100% ━━━━━━━━━━━━━━━━━━━━━━━━ 26,240/20,000  [ 0:00:02 < 0:00:00 , 9,523 it/s ]
 100% ━━━━━━━━━━━━━━━━━━━━━━━ 104,960/53,760  [ 0:00:05 < 0:00:00 , 9,454 it/s ]
 100% ━━━━━━━━━━━━━━━━━━━━━━ 419,768/268,800  [ 0:00:28 < 0:00:00 , 9,411 it/s ]
Training A2C (seed 1/15)
 100% ━━━━━━━━━━━━━━━━━━━━━━━━ 20,000/20,000  [ 0:00:04 < 0:00:00 , 4,112 it/s ]
 100% ━━━━━━━━━━━━━━━━━━━━━━━━ 80,000/80,000  [ 0:00:19 < 0:00:00 , 4,093 it/s ]
 100% ━━━━━━━━━━━━━━━━━━━━━━ 400,000/400,000  [ 0:01:41 < 0:00:00 , 3,826 it/s ]
Training TRPO (seed 1/15)
 100% ━━━━━━━━━━━━━━━━━━━━━━━━ 24,576/20,000  [ 0:00:05 < 0:00:00 , 3,258 it/s ]
 100% ━━━━━━━━━━━━━━━━━━━━━━━━ 81,920/80,000  [ 0:00:22 < 0:00:00 , 3,390 it/s ]
 100% ━━━━━━━━━━━━━━━━━━━━━━ 401,408/400,000  [ 0:01:55 < 0:00:00 , 3,352 it/s ]
Training PPO (seed 1/15)
 100% ━━━━━━━━━━━━━━━━━━━━━━━━ 24,576/20,000  [ 0:00:07 < 0:00:00 , 2,319 it/s ]
 100% ━━━━━━━━━━━━━━━━━━━━━━━━ 81,920/80,000  [ 0:00:32 < 0:00:00 , 2,350 it/s ]
 100% ━━━━━━━━━━━━━━━━━━━━━━ 401,408/400,000  [ 0:02:53 < 0:00:00 , 2,224 it/s ]
Training DQN (seed 2/15)
 100% ━━━━━━━━━━━━━━━━━━━━━━━━ 20,000/20,000  [ 0:00:03 < 0:00:00 , 5,344 it/s ]
 100% ━━━━━━━━━━━━━━━━━━━━━━━━ 80,000/80,000  [ 0:00:15 < 0:00:00 , 5,291 it/s ]
 100% ━━━━━━━━━━━━━━━━━━━━━━ 400,000/400,000  [ 0:01:14 < 0:00:00 , 5,372 it/s ]
Training QRDQN (seed 2/15)
 100% ━━━━━━━━━━━━━━━━━━━━━━━━━━ 20,000/20,000  [ 0:00:22 < 0:00:00 , 903 it/s ]
 100% ━━━━━━━━━━━━━━━━━━━━━━━━━━ 80,000/80,000  [ 0:01:28 < 0:00:00 , 905 it/s ]
 100% ━━━━━━━━━━━━━━━━━━━━━━━━ 400,000/400,000  [ 0:08:03 < 0:00:00 , 810 it/s ]
Training ARS (seed 2/15)
 100% ━━━━━━━━━━━━━━━━━━━━━━━━ 26,240/20,000  [ 0:00:02 < 0:00:00 , 9,495 it/s ]
 100% ━━━━━━━━━━━━━━━━━━━━━━━ 104,960/53,760  [ 0:00:05 < 0:00:00 , 9,542 it/s ]
 100% ━━━━━━━━━━━━━━━━━━━━━━ 419,840/268,800  [ 0:00:28 < 0:00:00 , 9,451 it/s ]
Training A2C (seed 2/15)
 100% ━━━━━━━━━━━━━━━━━━━━━━━━ 20,000/20,000  [ 0:00:04 < 0:00:00 , 4,014 it/s ]
 100% ━━━━━━━━━━━━━━━━━━━━━━━━ 80,000/80,000  [ 0:00:19 < 0:00:00 , 4,017 it/s ]
 100% ━━━━━━━━━━━━━━━━━━━━━━ 400,000/400,000  [ 0:01:39 < 0:00:00 , 3,909 it/s ]
Training TRPO (seed 2/15)
 100% ━━━━━━━━━━━━━━━━━━━━━━━━ 24,576/20,000  [ 0:00:05 < 0:00:00 , 3,309 it/s ]
 100% ━━━━━━━━━━━━━━━━━━━━━━━━ 81,920/80,000  [ 0:00:22 < 0:00:00 , 3,389 it/s ]
 100% ━━━━━━━━━━━━━━━━━━━━━━ 401,408/400,000  [ 0:01:57 < 0:00:00 , 3,387 it/s ]
Training PPO (seed 2/15)
 100% ━━━━━━━━━━━━━━━━━━━━━━━━ 24,576/20,000  [ 0:00:07 < 0:00:00 , 2,319 it/s ]
 100% ━━━━━━━━━━━━━━━━━━━━━━━━ 81,920/80,000  [ 0:00:32 < 0:00:00 , 2,365 it/s ]
 100% ━━━━━━━━━━━━━━━━━━━━━━ 401,408/400,000  [ 0:02:52 < 0:00:00 , 2,039 it/s ]
Training DQN (seed 3/15)
 100% ━━━━━━━━━━━━━━━━━━━━━━━━ 20,000/20,000  [ 0:00:03 < 0:00:00 , 5,184 it/s ]
 100% ━━━━━━━━━━━━━━━━━━━━━━━━ 80,000/80,000  [ 0:00:15 < 0:00:00 , 5,168 it/s ]
 100% ━━━━━━━━━━━━━━━━━━━━━━ 400,000/400,000  [ 0:01:15 < 0:00:00 , 5,371 it/s ]
Training QRDQN (seed 3/15)
 100% ━━━━━━━━━━━━━━━━━━━━━━━━━━ 20,000/20,000  [ 0:00:22 < 0:00:00 , 904 it/s ]
 100% ━━━━━━━━━━━━━━━━━━━━━━━━━━ 80,000/80,000  [ 0:01:26 < 0:00:00 , 941 it/s ]
 100% ━━━━━━━━━━━━━━━━━━━━━━━━ 400,000/400,000  [ 0:07:36 < 0:00:00 , 838 it/s ]
Training ARS (seed 3/15)
 100% ━━━━━━━━━━━━━━━━━━━━━━━━ 26,240/20,000  [ 0:00:02 < 0:00:00 , 9,393 it/s ]
 100% ━━━━━━━━━━━━━━━━━━━━━━━ 104,960/53,760  [ 0:00:05 < 0:00:00 , 9,440 it/s ]
 100% ━━━━━━━━━━━━━━━━━━━━━━ 419,832/268,800  [ 0:00:28 < 0:00:00 , 9,373 it/s ]
Training A2C (seed 3/15)
 100% ━━━━━━━━━━━━━━━━━━━━━━━━ 20,000/20,000  [ 0:00:05 < 0:00:00 , 3,975 it/s ]
 100% ━━━━━━━━━━━━━━━━━━━━━━━━ 80,000/80,000  [ 0:00:20 < 0:00:00 , 3,963 it/s ]
 100% ━━━━━━━━━━━━━━━━━━━━━━ 400,000/400,000  [ 0:01:44 < 0:00:00 , 3,707 it/s ]
Training TRPO (seed 3/15)
 100% ━━━━━━━━━━━━━━━━━━━━━━━━ 24,576/20,000  [ 0:00:05 < 0:00:00 , 3,283 it/s ]
 100% ━━━━━━━━━━━━━━━━━━━━━━━━ 81,920/80,000  [ 0:00:22 < 0:00:00 , 3,339 it/s ]
 100% ━━━━━━━━━━━━━━━━━━━━━━ 401,408/400,000  [ 0:02:02 < 0:00:00 , 3,077 it/s ]
Training PPO (seed 3/15)
 100% ━━━━━━━━━━━━━━━━━━━━━━━━ 24,576/20,000  [ 0:00:08 < 0:00:00 , 2,040 it/s ]
 100% ━━━━━━━━━━━━━━━━━━━━━━━━ 81,920/80,000  [ 0:00:35 < 0:00:00 , 2,187 it/s ]
 100% ━━━━━━━━━━━━━━━━━━━━━━ 401,408/400,000  [ 0:02:50 < 0:00:00 , 2,148 it/s ]
Training DQN (seed 4/15)
 100% ━━━━━━━━━━━━━━━━━━━━━━━━ 20,000/20,000  [ 0:00:03 < 0:00:00 , 5,199 it/s ]
 100% ━━━━━━━━━━━━━━━━━━━━━━━━ 80,000/80,000  [ 0:00:15 < 0:00:00 , 5,174 it/s ]
 100% ━━━━━━━━━━━━━━━━━━━━━━ 400,000/400,000  [ 0:01:17 < 0:00:00 , 5,147 it/s ]
Training QRDQN (seed 4/15)
 100% ━━━━━━━━━━━━━━━━━━━━━━━━━━ 20,000/20,000  [ 0:00:22 < 0:00:00 , 883 it/s ]
 100% ━━━━━━━━━━━━━━━━━━━━━━━━━━ 80,000/80,000  [ 0:01:27 < 0:00:00 , 915 it/s ]
 100% ━━━━━━━━━━━━━━━━━━━━━━━━ 400,000/400,000  [ 0:07:38 < 0:00:00 , 811 it/s ]
Training ARS (seed 4/15)
 100% ━━━━━━━━━━━━━━━━━━━━━━━━ 26,240/20,000  [ 0:00:02 < 0:00:00 , 9,466 it/s ]
 100% ━━━━━━━━━━━━━━━━━━━━━━━ 104,960/53,760  [ 0:00:05 < 0:00:00 , 9,449 it/s ]
 100% ━━━━━━━━━━━━━━━━━━━━━━ 419,840/268,800  [ 0:00:28 < 0:00:00 , 9,428 it/s ]
Training A2C (seed 4/15)
 100% ━━━━━━━━━━━━━━━━━━━━━━━━ 20,000/20,000  [ 0:00:05 < 0:00:00 , 3,894 it/s ]
 100% ━━━━━━━━━━━━━━━━━━━━━━━━ 80,000/80,000  [ 0:00:20 < 0:00:00 , 3,896 it/s ]
 100% ━━━━━━━━━━━━━━━━━━━━━━ 400,000/400,000  [ 0:01:45 < 0:00:00 , 3,699 it/s ]
Training TRPO (seed 4/15)
 100% ━━━━━━━━━━━━━━━━━━━━━━━━ 24,576/20,000  [ 0:00:05 < 0:00:00 , 3,327 it/s ]
 100% ━━━━━━━━━━━━━━━━━━━━━━━━ 81,920/80,000  [ 0:00:22 < 0:00:00 , 3,408 it/s ]
 100% ━━━━━━━━━━━━━━━━━━━━━━ 401,408/400,000  [ 0:02:00 < 0:00:00 , 3,167 it/s ]
Training PPO (seed 4/15)
 100% ━━━━━━━━━━━━━━━━━━━━━━━━ 24,576/20,000  [ 0:00:08 < 0:00:00 , 2,034 it/s ]
 100% ━━━━━━━━━━━━━━━━━━━━━━━━ 81,920/80,000  [ 0:00:36 < 0:00:00 , 2,078 it/s ]
 100% ━━━━━━━━━━━━━━━━━━━━━━ 401,408/400,000  [ 0:02:58 < 0:00:00 , 2,226 it/s ]
Training DQN (seed 5/15)
 100% ━━━━━━━━━━━━━━━━━━━━━━━━ 20,000/20,000  [ 0:00:03 < 0:00:00 , 5,385 it/s ]
 100% ━━━━━━━━━━━━━━━━━━━━━━━━ 80,000/80,000  [ 0:00:14 < 0:00:00 , 5,373 it/s ]
 100% ━━━━━━━━━━━━━━━━━━━━━━ 400,000/400,000  [ 0:01:15 < 0:00:00 , 5,197 it/s ]
Training QRDQN (seed 5/15)
 100% ━━━━━━━━━━━━━━━━━━━━━━━━━━ 20,000/20,000  [ 0:00:23 < 0:00:00 , 839 it/s ]
 100% ━━━━━━━━━━━━━━━━━━━━━━━━━━ 80,000/80,000  [ 0:01:35 < 0:00:00 , 843 it/s ]
 100% ━━━━━━━━━━━━━━━━━━━━━━━━ 400,000/400,000  [ 0:07:49 < 0:00:00 , 779 it/s ]
Training ARS (seed 5/15)
 100% ━━━━━━━━━━━━━━━━━━━━━━━━ 26,240/20,000  [ 0:00:02 < 0:00:00 , 9,369 it/s ]
 100% ━━━━━━━━━━━━━━━━━━━━━━━ 104,960/53,760  [ 0:00:05 < 0:00:00 , 9,453 it/s ]
 100% ━━━━━━━━━━━━━━━━━━━━━━ 419,840/268,800  [ 0:00:28 < 0:00:00 , 9,360 it/s ]
Training A2C (seed 5/15)
 100% ━━━━━━━━━━━━━━━━━━━━━━━━ 20,000/20,000  [ 0:00:05 < 0:00:00 , 3,885 it/s ]
 100% ━━━━━━━━━━━━━━━━━━━━━━━━ 80,000/80,000  [ 0:00:20 < 0:00:00 , 3,879 it/s ]
 100% ━━━━━━━━━━━━━━━━━━━━━━ 400,000/400,000  [ 0:01:45 < 0:00:00 , 3,666 it/s ]
Training TRPO (seed 5/15)
 100% ━━━━━━━━━━━━━━━━━━━━━━━━ 24,576/20,000  [ 0:00:05 < 0:00:00 , 3,259 it/s ]
 100% ━━━━━━━━━━━━━━━━━━━━━━━━ 81,920/80,000  [ 0:00:22 < 0:00:00 , 3,349 it/s ]
 100% ━━━━━━━━━━━━━━━━━━━━━━ 401,408/400,000  [ 0:02:01 < 0:00:00 , 3,141 it/s ]
Training PPO (seed 5/15)
 100% ━━━━━━━━━━━━━━━━━━━━━━━━ 24,576/20,000  [ 0:00:08 < 0:00:00 , 2,032 it/s ]
 100% ━━━━━━━━━━━━━━━━━━━━━━━━ 81,920/80,000  [ 0:00:36 < 0:00:00 , 2,053 it/s ]
 100% ━━━━━━━━━━━━━━━━━━━━━━ 401,408/400,000  [ 0:03:07 < 0:00:00 , 2,224 it/s ]
Training DQN (seed 6/15)
 100% ━━━━━━━━━━━━━━━━━━━━━━━━ 20,000/20,000  [ 0:00:03 < 0:00:00 , 5,362 it/s ]
 100% ━━━━━━━━━━━━━━━━━━━━━━━━ 80,000/80,000  [ 0:00:14 < 0:00:00 , 5,381 it/s ]
 100% ━━━━━━━━━━━━━━━━━━━━━━ 400,000/400,000  [ 0:01:14 < 0:00:00 , 5,383 it/s ]
Training QRDQN (seed 6/15)
 100% ━━━━━━━━━━━━━━━━━━━━━━━━━━ 20,000/20,000  [ 0:00:22 < 0:00:00 , 871 it/s ]
 100% ━━━━━━━━━━━━━━━━━━━━━━━━━━ 80,000/80,000  [ 0:01:35 < 0:00:00 , 833 it/s ]
 100% ━━━━━━━━━━━━━━━━━━━━━━━━ 400,000/400,000  [ 0:07:46 < 0:00:00 , 773 it/s ]
Training ARS (seed 6/15)
 100% ━━━━━━━━━━━━━━━━━━━━━━━━ 26,240/20,000  [ 0:00:02 < 0:00:00 , 9,450 it/s ]
 100% ━━━━━━━━━━━━━━━━━━━━━━━ 104,960/53,760  [ 0:00:05 < 0:00:00 , 9,477 it/s ]
 100% ━━━━━━━━━━━━━━━━━━━━━━ 419,840/268,800  [ 0:00:28 < 0:00:00 , 9,412 it/s ]
Training A2C (seed 6/15)
 100% ━━━━━━━━━━━━━━━━━━━━━━━━ 20,000/20,000  [ 0:00:05 < 0:00:00 , 3,881 it/s ]
 100% ━━━━━━━━━━━━━━━━━━━━━━━━ 80,000/80,000  [ 0:00:20 < 0:00:00 , 3,892 it/s ]
 100% ━━━━━━━━━━━━━━━━━━━━━━ 400,000/400,000  [ 0:01:45 < 0:00:00 , 3,679 it/s ]
Training TRPO (seed 6/15)
 100% ━━━━━━━━━━━━━━━━━━━━━━━━ 24,576/20,000  [ 0:00:05 < 0:00:00 , 3,286 it/s ]
 100% ━━━━━━━━━━━━━━━━━━━━━━━━ 81,920/80,000  [ 0:00:22 < 0:00:00 , 3,417 it/s ]
 100% ━━━━━━━━━━━━━━━━━━━━━━ 401,408/400,000  [ 0:01:57 < 0:00:00 , 3,253 it/s ]
Training PPO (seed 6/15)
 100% ━━━━━━━━━━━━━━━━━━━━━━━━ 24,576/20,000  [ 0:00:08 < 0:00:00 , 2,040 it/s ]
 100% ━━━━━━━━━━━━━━━━━━━━━━━━ 81,920/80,000  [ 0:00:36 < 0:00:00 , 2,092 it/s ]
 100% ━━━━━━━━━━━━━━━━━━━━━━ 401,408/400,000  [ 0:03:11 < 0:00:00 , 1,934 it/s ]
Training DQN (seed 7/15)
 100% ━━━━━━━━━━━━━━━━━━━━━━━━ 20,000/20,000  [ 0:00:04 < 0:00:00 , 4,674 it/s ]
 100% ━━━━━━━━━━━━━━━━━━━━━━━━ 80,000/80,000  [ 0:00:15 < 0:00:00 , 5,140 it/s ]
 100% ━━━━━━━━━━━━━━━━━━━━━━ 400,000/400,000  [ 0:01:14 < 0:00:00 , 5,368 it/s ]
Training QRDQN (seed 7/15)
 100% ━━━━━━━━━━━━━━━━━━━━━━━━━━ 20,000/20,000  [ 0:00:22 < 0:00:00 , 891 it/s ]
 100% ━━━━━━━━━━━━━━━━━━━━━━━━━━ 80,000/80,000  [ 0:01:30 < 0:00:00 , 876 it/s ]
 100% ━━━━━━━━━━━━━━━━━━━━━━━━ 400,000/400,000  [ 0:07:27 < 0:00:00 , 913 it/s ]
Training ARS (seed 7/15)
 100% ━━━━━━━━━━━━━━━━━━━━━━━━ 26,240/20,000  [ 0:00:02 < 0:00:00 , 9,471 it/s ]
 100% ━━━━━━━━━━━━━━━━━━━━━━━ 104,960/53,760  [ 0:00:05 < 0:00:00 , 9,512 it/s ]
 100% ━━━━━━━━━━━━━━━━━━━━━━ 419,788/268,800  [ 0:00:28 < 0:00:00 , 9,424 it/s ]
Training A2C (seed 7/15)
 100% ━━━━━━━━━━━━━━━━━━━━━━━━ 20,000/20,000  [ 0:00:04 < 0:00:00 , 4,089 it/s ]
 100% ━━━━━━━━━━━━━━━━━━━━━━━━ 80,000/80,000  [ 0:00:19 < 0:00:00 , 4,078 it/s ]
 100% ━━━━━━━━━━━━━━━━━━━━━━ 400,000/400,000  [ 0:01:41 < 0:00:00 , 3,836 it/s ]
Training TRPO (seed 7/15)
 100% ━━━━━━━━━━━━━━━━━━━━━━━━ 24,576/20,000  [ 0:00:05 < 0:00:00 , 3,352 it/s ]
 100% ━━━━━━━━━━━━━━━━━━━━━━━━ 81,920/80,000  [ 0:00:22 < 0:00:00 , 3,416 it/s ]
 100% ━━━━━━━━━━━━━━━━━━━━━━ 401,408/400,000  [ 0:01:58 < 0:00:00 , 3,280 it/s ]
Training PPO (seed 7/15)
 100% ━━━━━━━━━━━━━━━━━━━━━━━━ 24,576/20,000  [ 0:00:08 < 0:00:00 , 2,105 it/s ]
 100% ━━━━━━━━━━━━━━━━━━━━━━━━ 81,920/80,000  [ 0:00:35 < 0:00:00 , 1,985 it/s ]
 100% ━━━━━━━━━━━━━━━━━━━━━━ 401,408/400,000  [ 0:03:06 < 0:00:00 , 1,962 it/s ]
Training DQN (seed 8/15)
 100% ━━━━━━━━━━━━━━━━━━━━━━━━ 20,000/20,000  [ 0:00:04 < 0:00:00 , 4,733 it/s ]
 100% ━━━━━━━━━━━━━━━━━━━━━━━━ 80,000/80,000  [ 0:00:17 < 0:00:00 , 4,639 it/s ]
 100% ━━━━━━━━━━━━━━━━━━━━━━ 400,000/400,000  [ 0:01:23 < 0:00:00 , 5,014 it/s ]
Training QRDQN (seed 8/15)
 100% ━━━━━━━━━━━━━━━━━━━━━━━━━━ 20,000/20,000  [ 0:00:22 < 0:00:00 , 904 it/s ]
 100% ━━━━━━━━━━━━━━━━━━━━━━━━━━ 80,000/80,000  [ 0:01:28 < 0:00:00 , 907 it/s ]
 100% ━━━━━━━━━━━━━━━━━━━━━━━━ 400,000/400,000  [ 0:07:27 < 0:00:00 , 904 it/s ]
Training ARS (seed 8/15)
 100% ━━━━━━━━━━━━━━━━━━━━━━━━ 26,240/20,000  [ 0:00:02 < 0:00:00 , 9,527 it/s ]
 100% ━━━━━━━━━━━━━━━━━━━━━━━ 104,960/53,760  [ 0:00:05 < 0:00:00 , 9,587 it/s ]
 100% ━━━━━━━━━━━━━━━━━━━━━━ 419,840/268,800  [ 0:00:28 < 0:00:00 , 9,503 it/s ]
Training A2C (seed 8/15)
 100% ━━━━━━━━━━━━━━━━━━━━━━━━ 20,000/20,000  [ 0:00:04 < 0:00:00 , 4,572 it/s ]
 100% ━━━━━━━━━━━━━━━━━━━━━━━━ 80,000/80,000  [ 0:00:17 < 0:00:00 , 4,567 it/s ]
 100% ━━━━━━━━━━━━━━━━━━━━━━ 400,000/400,000  [ 0:01:44 < 0:00:00 , 3,670 it/s ]
Training TRPO (seed 8/15)
 100% ━━━━━━━━━━━━━━━━━━━━━━━━ 24,576/20,000  [ 0:00:05 < 0:00:00 , 3,362 it/s ]
 100% ━━━━━━━━━━━━━━━━━━━━━━━━ 81,920/80,000  [ 0:00:22 < 0:00:00 , 3,421 it/s ]
 100% ━━━━━━━━━━━━━━━━━━━━━━ 401,408/400,000  [ 0:01:59 < 0:00:00 , 3,278 it/s ]
Training PPO (seed 8/15)
 100% ━━━━━━━━━━━━━━━━━━━━━━━━ 24,576/20,000  [ 0:00:08 < 0:00:00 , 1,981 it/s ]
 100% ━━━━━━━━━━━━━━━━━━━━━━━━ 81,920/80,000  [ 0:00:36 < 0:00:00 , 2,042 it/s ]
 100% ━━━━━━━━━━━━━━━━━━━━━━ 401,408/400,000  [ 0:03:14 < 0:00:00 , 1,897 it/s ]
Training DQN (seed 9/15)
 100% ━━━━━━━━━━━━━━━━━━━━━━━━ 20,000/20,000  [ 0:00:04 < 0:00:00 , 4,658 it/s ]
 100% ━━━━━━━━━━━━━━━━━━━━━━━━ 80,000/80,000  [ 0:00:17 < 0:00:00 , 4,649 it/s ]
 100% ━━━━━━━━━━━━━━━━━━━━━━ 400,000/400,000  [ 0:01:26 < 0:00:00 , 4,638 it/s ]
Training QRDQN (seed 9/15)
 100% ━━━━━━━━━━━━━━━━━━━━━━━━━━ 20,000/20,000  [ 0:00:25 < 0:00:00 , 789 it/s ]
 100% ━━━━━━━━━━━━━━━━━━━━━━━━━━ 80,000/80,000  [ 0:01:32 < 0:00:00 , 900 it/s ]
 100% ━━━━━━━━━━━━━━━━━━━━━━━━ 400,000/400,000  [ 0:07:31 < 0:00:00 , 897 it/s ]
Training ARS (seed 9/15)
 100% ━━━━━━━━━━━━━━━━━━━━━━━━ 26,240/20,000  [ 0:00:02 < 0:00:00 , 9,498 it/s ]
 100% ━━━━━━━━━━━━━━━━━━━━━━━ 104,960/53,760  [ 0:00:05 < 0:00:00 , 9,572 it/s ]
 100% ━━━━━━━━━━━━━━━━━━━━━━ 419,840/268,800  [ 0:00:28 < 0:00:00 , 9,488 it/s ]
Training A2C (seed 9/15)
 100% ━━━━━━━━━━━━━━━━━━━━━━━━ 20,000/20,000  [ 0:00:04 < 0:00:00 , 4,555 it/s ]
 100% ━━━━━━━━━━━━━━━━━━━━━━━━ 80,000/80,000  [ 0:00:17 < 0:00:00 , 4,545 it/s ]
 100% ━━━━━━━━━━━━━━━━━━━━━━ 400,000/400,000  [ 0:01:34 < 0:00:00 , 3,831 it/s ]
Training TRPO (seed 9/15)
 100% ━━━━━━━━━━━━━━━━━━━━━━━━ 24,576/20,000  [ 0:00:05 < 0:00:00 , 3,375 it/s ]
 100% ━━━━━━━━━━━━━━━━━━━━━━━━ 81,920/80,000  [ 0:00:22 < 0:00:00 , 3,419 it/s ]
 100% ━━━━━━━━━━━━━━━━━━━━━━ 401,408/400,000  [ 0:01:58 < 0:00:00 , 3,245 it/s ]
Training PPO (seed 9/15)
 100% ━━━━━━━━━━━━━━━━━━━━━━━━ 24,576/20,000  [ 0:00:08 < 0:00:00 , 2,025 it/s ]
 100% ━━━━━━━━━━━━━━━━━━━━━━━━ 81,920/80,000  [ 0:00:36 < 0:00:00 , 2,073 it/s ]
 100% ━━━━━━━━━━━━━━━━━━━━━━ 401,408/400,000  [ 0:03:12 < 0:00:00 , 1,945 it/s ]
Training DQN (seed 10/15)
 100% ━━━━━━━━━━━━━━━━━━━━━━━━ 20,000/20,000  [ 0:00:04 < 0:00:00 , 4,736 it/s ]
 100% ━━━━━━━━━━━━━━━━━━━━━━━━ 80,000/80,000  [ 0:00:17 < 0:00:00 , 4,691 it/s ]
 100% ━━━━━━━━━━━━━━━━━━━━━━ 400,000/400,000  [ 0:01:24 < 0:00:00 , 4,730 it/s ]
Training QRDQN (seed 10/15)
 100% ━━━━━━━━━━━━━━━━━━━━━━━━━━ 20,000/20,000  [ 0:00:24 < 0:00:00 , 806 it/s ]
 100% ━━━━━━━━━━━━━━━━━━━━━━━━━━ 80,000/80,000  [ 0:01:39 < 0:00:00 , 803 it/s ]
 100% ━━━━━━━━━━━━━━━━━━━━━━━━ 400,000/400,000  [ 0:07:27 < 0:00:00 , 904 it/s ]
Training ARS (seed 10/15)
 100% ━━━━━━━━━━━━━━━━━━━━━━━━ 26,240/20,000  [ 0:00:02 < 0:00:00 , 9,499 it/s ]
 100% ━━━━━━━━━━━━━━━━━━━━━━━ 104,960/53,760  [ 0:00:05 < 0:00:00 , 9,504 it/s ]
 100% ━━━━━━━━━━━━━━━━━━━━━━ 419,828/268,800  [ 0:00:28 < 0:00:00 , 9,462 it/s ]
Training A2C (seed 10/15)
 100% ━━━━━━━━━━━━━━━━━━━━━━━━ 20,000/20,000  [ 0:00:04 < 0:00:00 , 4,537 it/s ]
 100% ━━━━━━━━━━━━━━━━━━━━━━━━ 80,000/80,000  [ 0:00:17 < 0:00:00 , 4,538 it/s ]
 100% ━━━━━━━━━━━━━━━━━━━━━━ 400,000/400,000  [ 0:01:31 < 0:00:00 , 4,250 it/s ]
Training TRPO (seed 10/15)
 100% ━━━━━━━━━━━━━━━━━━━━━━━━ 24,576/20,000  [ 0:00:05 < 0:00:00 , 3,486 it/s ]
 100% ━━━━━━━━━━━━━━━━━━━━━━━━ 81,920/80,000  [ 0:00:21 < 0:00:00 , 3,518 it/s ]
 100% ━━━━━━━━━━━━━━━━━━━━━━ 401,408/400,000  [ 0:02:00 < 0:00:00 , 3,209 it/s ]
Training PPO (seed 10/15)
 100% ━━━━━━━━━━━━━━━━━━━━━━━━ 24,576/20,000  [ 0:00:08 < 0:00:00 , 2,027 it/s ]
 100% ━━━━━━━━━━━━━━━━━━━━━━━━ 81,920/80,000  [ 0:00:36 < 0:00:00 , 2,056 it/s ]
 100% ━━━━━━━━━━━━━━━━━━━━━━ 401,408/400,000  [ 0:03:12 < 0:00:00 , 1,929 it/s ]
Training DQN (seed 11/15)
 100% ━━━━━━━━━━━━━━━━━━━━━━━━ 20,000/20,000  [ 0:00:04 < 0:00:00 , 4,749 it/s ]
 100% ━━━━━━━━━━━━━━━━━━━━━━━━ 80,000/80,000  [ 0:00:17 < 0:00:00 , 4,657 it/s ]
 100% ━━━━━━━━━━━━━━━━━━━━━━ 400,000/400,000  [ 0:01:25 < 0:00:00 , 4,717 it/s ]
Training QRDQN (seed 11/15)
 100% ━━━━━━━━━━━━━━━━━━━━━━━━━━ 20,000/20,000  [ 0:00:24 < 0:00:00 , 815 it/s ]
 100% ━━━━━━━━━━━━━━━━━━━━━━━━━━ 80,000/80,000  [ 0:01:38 < 0:00:00 , 819 it/s ]
 100% ━━━━━━━━━━━━━━━━━━━━━━━━ 400,000/400,000  [ 0:07:22 < 0:00:00 , 931 it/s ]
Training ARS (seed 11/15)
 100% ━━━━━━━━━━━━━━━━━━━━━━━━ 26,240/20,000  [ 0:00:02 < 0:00:00 , 9,603 it/s ]
 100% ━━━━━━━━━━━━━━━━━━━━━━━ 104,960/53,760  [ 0:00:05 < 0:00:00 , 9,667 it/s ]
 100% ━━━━━━━━━━━━━━━━━━━━━━ 419,612/268,800  [ 0:00:28 < 0:00:00 , 9,555 it/s ]
Training A2C (seed 11/15)
 100% ━━━━━━━━━━━━━━━━━━━━━━━━ 20,000/20,000  [ 0:00:04 < 0:00:00 , 4,586 it/s ]
 100% ━━━━━━━━━━━━━━━━━━━━━━━━ 80,000/80,000  [ 0:00:17 < 0:00:00 , 4,583 it/s ]
 100% ━━━━━━━━━━━━━━━━━━━━━━ 400,000/400,000  [ 0:01:29 < 0:00:00 , 4,350 it/s ]
Training TRPO (seed 11/15)
 100% ━━━━━━━━━━━━━━━━━━━━━━━━ 24,576/20,000  [ 0:00:05 < 0:00:00 , 3,481 it/s ]
 100% ━━━━━━━━━━━━━━━━━━━━━━━━ 81,920/80,000  [ 0:00:21 < 0:00:00 , 3,524 it/s ]
 100% ━━━━━━━━━━━━━━━━━━━━━━ 401,408/400,000  [ 0:01:58 < 0:00:00 , 3,140 it/s ]
Training PPO (seed 11/15)
 100% ━━━━━━━━━━━━━━━━━━━━━━━━ 24,576/20,000  [ 0:00:08 < 0:00:00 , 2,065 it/s ]
 100% ━━━━━━━━━━━━━━━━━━━━━━━━ 81,920/80,000  [ 0:00:35 < 0:00:00 , 2,100 it/s ]
 100% ━━━━━━━━━━━━━━━━━━━━━━ 401,408/400,000  [ 0:03:09 < 0:00:00 , 1,951 it/s ]
Training DQN (seed 12/15)
 100% ━━━━━━━━━━━━━━━━━━━━━━━━ 20,000/20,000  [ 0:00:04 < 0:00:00 , 4,748 it/s ]
 100% ━━━━━━━━━━━━━━━━━━━━━━━━ 80,000/80,000  [ 0:00:17 < 0:00:00 , 4,700 it/s ]
 100% ━━━━━━━━━━━━━━━━━━━━━━ 400,000/400,000  [ 0:01:24 < 0:00:00 , 4,775 it/s ]
Training QRDQN (seed 12/15)
 100% ━━━━━━━━━━━━━━━━━━━━━━━━━━ 20,000/20,000  [ 0:00:25 < 0:00:00 , 796 it/s ]
 100% ━━━━━━━━━━━━━━━━━━━━━━━━━━ 80,000/80,000  [ 0:01:41 < 0:00:00 , 793 it/s ]
 100% ━━━━━━━━━━━━━━━━━━━━━━━━ 400,000/400,000  [ 0:07:47 < 0:00:00 , 865 it/s ]
Training ARS (seed 12/15)
 100% ━━━━━━━━━━━━━━━━━━━━━━━━ 26,240/20,000  [ 0:00:02 < 0:00:00 , 9,619 it/s ]
 100% ━━━━━━━━━━━━━━━━━━━━━━━ 104,960/53,760  [ 0:00:05 < 0:00:00 , 9,578 it/s ]
 100% ━━━━━━━━━━━━━━━━━━━━━━ 419,840/268,800  [ 0:00:28 < 0:00:00 , 9,527 it/s ]
Training A2C (seed 12/15)
 100% ━━━━━━━━━━━━━━━━━━━━━━━━ 20,000/20,000  [ 0:00:04 < 0:00:00 , 4,590 it/s ]
 100% ━━━━━━━━━━━━━━━━━━━━━━━━ 80,000/80,000  [ 0:00:17 < 0:00:00 , 4,579 it/s ]
 100% ━━━━━━━━━━━━━━━━━━━━━━ 400,000/400,000  [ 0:01:30 < 0:00:00 , 4,313 it/s ]
Training TRPO (seed 12/15)
 100% ━━━━━━━━━━━━━━━━━━━━━━━━ 24,576/20,000  [ 0:00:05 < 0:00:00 , 3,462 it/s ]
 100% ━━━━━━━━━━━━━━━━━━━━━━━━ 81,920/80,000  [ 0:00:21 < 0:00:00 , 3,491 it/s ]
 100% ━━━━━━━━━━━━━━━━━━━━━━ 401,408/400,000  [ 0:01:56 < 0:00:00 , 3,335 it/s ]
Training PPO (seed 12/15)
 100% ━━━━━━━━━━━━━━━━━━━━━━━━ 24,576/20,000  [ 0:00:07 < 0:00:00 , 2,334 it/s ]
 100% ━━━━━━━━━━━━━━━━━━━━━━━━ 81,920/80,000  [ 0:00:35 < 0:00:00 , 2,103 it/s ]
 100% ━━━━━━━━━━━━━━━━━━━━━━ 401,408/400,000  [ 0:03:09 < 0:00:00 , 1,978 it/s ]
Training DQN (seed 13/15)
 100% ━━━━━━━━━━━━━━━━━━━━━━━━ 20,000/20,000  [ 0:00:04 < 0:00:00 , 4,759 it/s ]
 100% ━━━━━━━━━━━━━━━━━━━━━━━━ 80,000/80,000  [ 0:00:16 < 0:00:00 , 4,732 it/s ]
 100% ━━━━━━━━━━━━━━━━━━━━━━ 400,000/400,000  [ 0:01:24 < 0:00:00 , 4,745 it/s ]
Training QRDQN (seed 13/15)
 100% ━━━━━━━━━━━━━━━━━━━━━━━━━━ 20,000/20,000  [ 0:00:24 < 0:00:00 , 826 it/s ]
 100% ━━━━━━━━━━━━━━━━━━━━━━━━━━ 80,000/80,000  [ 0:01:37 < 0:00:00 , 822 it/s ]
 100% ━━━━━━━━━━━━━━━━━━━━━━━━ 400,000/400,000  [ 0:07:37 < 0:00:00 , 904 it/s ]
Training ARS (seed 13/15)
 100% ━━━━━━━━━━━━━━━━━━━━━━━━ 26,240/20,000  [ 0:00:02 < 0:00:00 , 9,626 it/s ]
 100% ━━━━━━━━━━━━━━━━━━━━━━━ 104,960/53,760  [ 0:00:05 < 0:00:00 , 9,590 it/s ]
 100% ━━━━━━━━━━━━━━━━━━━━━━ 419,840/268,800  [ 0:00:28 < 0:00:00 , 9,592 it/s ]
Training A2C (seed 13/15)
 100% ━━━━━━━━━━━━━━━━━━━━━━━━ 20,000/20,000  [ 0:00:04 < 0:00:00 , 4,458 it/s ]
 100% ━━━━━━━━━━━━━━━━━━━━━━━━ 80,000/80,000  [ 0:00:17 < 0:00:00 , 4,469 it/s ]
 100% ━━━━━━━━━━━━━━━━━━━━━━ 400,000/400,000  [ 0:01:31 < 0:00:00 , 4,290 it/s ]
Training TRPO (seed 13/15)
 100% ━━━━━━━━━━━━━━━━━━━━━━━━ 24,576/20,000  [ 0:00:05 < 0:00:00 , 3,438 it/s ]
 100% ━━━━━━━━━━━━━━━━━━━━━━━━ 81,920/80,000  [ 0:00:21 < 0:00:00 , 3,475 it/s ]
 100% ━━━━━━━━━━━━━━━━━━━━━━ 401,408/400,000  [ 0:01:56 < 0:00:00 , 3,327 it/s ]
Training PPO (seed 13/15)
 100% ━━━━━━━━━━━━━━━━━━━━━━━━ 24,576/20,000  [ 0:00:07 < 0:00:00 , 2,331 it/s ]
 100% ━━━━━━━━━━━━━━━━━━━━━━━━ 81,920/80,000  [ 0:00:31 < 0:00:00 , 2,205 it/s ]
 100% ━━━━━━━━━━━━━━━━━━━━━━ 401,408/400,000  [ 0:02:59 < 0:00:00 , 2,025 it/s ]
Training DQN (seed 14/15)
 100% ━━━━━━━━━━━━━━━━━━━━━━━━ 20,000/20,000  [ 0:00:04 < 0:00:00 , 4,841 it/s ]
 100% ━━━━━━━━━━━━━━━━━━━━━━━━ 80,000/80,000  [ 0:00:16 < 0:00:00 , 4,745 it/s ]
 100% ━━━━━━━━━━━━━━━━━━━━━━ 400,000/400,000  [ 0:01:24 < 0:00:00 , 4,714 it/s ]
Training QRDQN (seed 14/15)
 100% ━━━━━━━━━━━━━━━━━━━━━━━━━━ 20,000/20,000  [ 0:00:24 < 0:00:00 , 826 it/s ]
 100% ━━━━━━━━━━━━━━━━━━━━━━━━━━ 80,000/80,000  [ 0:01:37 < 0:00:00 , 821 it/s ]
 100% ━━━━━━━━━━━━━━━━━━━━━━━━ 400,000/400,000  [ 0:07:46 < 0:00:00 , 937 it/s ]
Training ARS (seed 14/15)
 100% ━━━━━━━━━━━━━━━━━━━━━━━━ 26,240/20,000  [ 0:00:02 < 0:00:00 , 9,644 it/s ]
 100% ━━━━━━━━━━━━━━━━━━━━━━━ 104,960/53,760  [ 0:00:05 < 0:00:00 , 9,602 it/s ]
 100% ━━━━━━━━━━━━━━━━━━━━━━ 419,840/268,800  [ 0:00:28 < 0:00:00 , 9,585 it/s ]
Training A2C (seed 14/15)
 100% ━━━━━━━━━━━━━━━━━━━━━━━━ 20,000/20,000  [ 0:00:04 < 0:00:00 , 4,498 it/s ]
 100% ━━━━━━━━━━━━━━━━━━━━━━━━ 80,000/80,000  [ 0:00:17 < 0:00:00 , 4,491 it/s ]
 100% ━━━━━━━━━━━━━━━━━━━━━━ 400,000/400,000  [ 0:01:32 < 0:00:00 , 4,224 it/s ]
Training TRPO (seed 14/15)
 100% ━━━━━━━━━━━━━━━━━━━━━━━━ 24,576/20,000  [ 0:00:05 < 0:00:00 , 3,445 it/s ]
 100% ━━━━━━━━━━━━━━━━━━━━━━━━ 81,920/80,000  [ 0:00:21 < 0:00:00 , 3,484 it/s ]
 100% ━━━━━━━━━━━━━━━━━━━━━━ 401,408/400,000  [ 0:01:56 < 0:00:00 , 3,340 it/s ]
Training PPO (seed 14/15)
 100% ━━━━━━━━━━━━━━━━━━━━━━━━ 24,576/20,000  [ 0:00:07 < 0:00:00 , 2,342 it/s ]
 100% ━━━━━━━━━━━━━━━━━━━━━━━━ 81,920/80,000  [ 0:00:31 < 0:00:00 , 2,234 it/s ]
 100% ━━━━━━━━━━━━━━━━━━━━━━ 401,408/400,000  [ 0:02:47 < 0:00:00 , 2,245 it/s ]
Training DQN (seed 15/15)
 100% ━━━━━━━━━━━━━━━━━━━━━━━━ 20,000/20,000  [ 0:00:03 < 0:00:00 , 5,444 it/s ]
 100% ━━━━━━━━━━━━━━━━━━━━━━━━ 80,000/80,000  [ 0:00:14 < 0:00:00 , 5,431 it/s ]
 100% ━━━━━━━━━━━━━━━━━━━━━━ 400,000/400,000  [ 0:01:13 < 0:00:00 , 5,431 it/s ]
Training QRDQN (seed 15/15)
 100% ━━━━━━━━━━━━━━━━━━━━━━━━━━ 20,000/20,000  [ 0:00:21 < 0:00:00 , 928 it/s ]
 100% ━━━━━━━━━━━━━━━━━━━━━━━━━━ 80,000/80,000  [ 0:01:26 < 0:00:00 , 931 it/s ]
 100% ━━━━━━━━━━━━━━━━━━━━━━━━ 400,000/400,000  [ 0:07:09 < 0:00:00 , 924 it/s ]
Training ARS (seed 15/15)
 100% ━━━━━━━━━━━━━━━━━━━━━━━━ 26,240/20,000  [ 0:00:02 < 0:00:00 , 9,484 it/s ]
 100% ━━━━━━━━━━━━━━━━━━━━━━━ 104,960/53,760  [ 0:00:05 < 0:00:00 , 9,583 it/s ]
 100% ━━━━━━━━━━━━━━━━━━━━━━ 419,840/268,800  [ 0:00:28 < 0:00:00 , 9,576 it/s ]
Training A2C (seed 15/15)
 100% ━━━━━━━━━━━━━━━━━━━━━━━━ 20,000/20,000  [ 0:00:04 < 0:00:00 , 4,591 it/s ]
 100% ━━━━━━━━━━━━━━━━━━━━━━━━ 80,000/80,000  [ 0:00:17 < 0:00:00 , 4,578 it/s ]
 100% ━━━━━━━━━━━━━━━━━━━━━━ 400,000/400,000  [ 0:01:30 < 0:00:00 , 4,292 it/s ]
Training TRPO (seed 15/15)
 100% ━━━━━━━━━━━━━━━━━━━━━━━━ 24,576/20,000  [ 0:00:05 < 0:00:00 , 3,406 it/s ]
 100% ━━━━━━━━━━━━━━━━━━━━━━━━ 81,920/80,000  [ 0:00:21 < 0:00:00 , 3,523 it/s ]
 100% ━━━━━━━━━━━━━━━━━━━━━━ 401,408/400,000  [ 0:01:55 < 0:00:00 , 3,391 it/s ]
Training PPO (seed 15/15)
 100% ━━━━━━━━━━━━━━━━━━━━━━━━ 24,576/20,000  [ 0:00:07 < 0:00:00 , 2,328 it/s ]
 100% ━━━━━━━━━━━━━━━━━━━━━━━━ 81,920/80,000  [ 0:00:31 < 0:00:00 , 2,375 it/s ]
 100% ━━━━━━━━━━━━━━━━━━━━━━ 401,408/400,000  [ 0:02:48 < 0:00:00 , 2,218 it/s ]

============================= JOB FEEDBACK =============================

NodeName=uc3n007
Job ID: 4199210
Array Job ID: 4199185_49
Cluster: uc3
User/Group: ma_fablange/ma_ma
State: COMPLETED (exit code 0)
Nodes: 1
Cores per node: 2
CPU Utilized: 07:39:32
CPU Efficiency: 52.19% of 14:40:32 core-walltime
Job Wall-clock time: 07:20:16
Memory Utilized: 4.30 GB
Memory Efficiency: 42.98% of 10.00 GB (10.00 GB/node)
