Using Gurobi license file: /scratch/slurm_tmpdir/job_4228105/gurobi_4228105_7/gurobi.lic (LICENSEID=2817305)
Gurobi preflight: GRB_LICENSE_FILE=/scratch/slurm_tmpdir/job_4228105/gurobi_4228105_7/gurobi.lic, exists=True, WLSACCESSID=9f1b...dedb, LICENSEID=2817305
Running task_id=7 with HIGH_SENSITIVITY=False, GT_MODEL=MMNL_5PT, TRAIN_ON_ALL_SETS=True, LARGE_PRODUCT_SET=True
Training A2C (seed 1/15)
 100% ━━━━━━━━━━━━━━━━━━━━━━ 200,000/200,000  [ 0:00:48 < 0:00:00 , 4,172 it/s ]
 100% ━━━━━━━━━━━━━━━━━━━━━━ 800,000/800,000  [ 0:03:20 < 0:00:00 , 4,147 it/s ]
 100% ━━━━━━━━━━━━━━━━━━━ 4,000,000/4,000,000 [ 0:15:32 < 0:00:00 , 4,292 it/s ]
 100% ━━━━━━━━━━━━━━━━━━━ 5,000,000/5,000,000 [ 0:20:42 < 0:00:00 , 3,551 it/s ]
Training TRPO (seed 1/15)
 100% ━━━━━━━━━━━━━━━━━━━━━━ 204,800/200,000  [ 0:01:10 < 0:00:00 , 2,685 it/s ]
 100% ━━━━━━━━━━━━━━━━━━━━━━ 802,816/800,000  [ 0:04:54 < 0:00:00 , 2,546 it/s ]
 100% ━━━━━━━━━━━━━━━━━━━ 4,005,888/4,000,000 [ 0:25:32 < 0:00:00 , 2,728 it/s ]
 100% ━━━━━━━━━━━━━━━━━━━ 5,005,312/5,000,000 [ 0:28:04 < 0:00:00 , 3,116 it/s ]
Training PPO (seed 1/15)
 100% ━━━━━━━━━━━━━━━━━━━━━━ 204,800/200,000  [ 0:01:29 < 0:00:00 , 2,200 it/s ]
 100% ━━━━━━━━━━━━━━━━━━━━━━ 802,816/800,000  [ 0:06:15 < 0:00:00 , 2,189 it/s ]
 100% ━━━━━━━━━━━━━━━━━━━ 4,005,888/4,000,000 [ 0:30:22 < 0:00:00 , 2,176 it/s ]
 100% ━━━━━━━━━━━━━━━━━━━ 5,005,312/5,000,000 [ 0:38:03 < 0:00:00 , 2,178 it/s ]
Training A2C (seed 2/15)
 100% ━━━━━━━━━━━━━━━━━━━━━━ 200,000/200,000  [ 0:00:48 < 0:00:00 , 4,138 it/s ]
 100% ━━━━━━━━━━━━━━━━━━━━━━ 800,000/800,000  [ 0:03:39 < 0:00:00 , 3,747 it/s ]
 100% ━━━━━━━━━━━━━━━━━━━ 4,000,000/4,000,000 [ 0:16:34 < 0:00:00 , 3,779 it/s ]
 100% ━━━━━━━━━━━━━━━━━━━ 5,000,000/5,000,000 [ 0:22:29 < 0:00:00 , 3,770 it/s ]
Training TRPO (seed 2/15)
 100% ━━━━━━━━━━━━━━━━━━━━━━ 204,800/200,000  [ 0:01:04 < 0:00:00 , 3,103 it/s ]
 100% ━━━━━━━━━━━━━━━━━━━━━━ 802,816/800,000  [ 0:04:34 < 0:00:00 , 2,791 it/s ]
 100% ━━━━━━━━━━━━━━━━━━━ 4,005,888/4,000,000 [ 0:24:48 < 0:00:00 , 2,882 it/s ]
 100% ━━━━━━━━━━━━━━━━━━━ 5,005,312/5,000,000 [ 0:27:00 < 0:00:00 , 3,055 it/s ]
Training PPO (seed 2/15)
 100% ━━━━━━━━━━━━━━━━━━━━━━ 204,800/200,000  [ 0:01:29 < 0:00:00 , 2,214 it/s ]
 100% ━━━━━━━━━━━━━━━━━━━━━━ 802,816/800,000  [ 0:06:15 < 0:00:00 , 2,195 it/s ]
 100% ━━━━━━━━━━━━━━━━━━━ 4,005,888/4,000,000 [ 0:30:08 < 0:00:00 , 2,206 it/s ]
 100% ━━━━━━━━━━━━━━━━━━━ 5,005,312/5,000,000 [ 0:53:02 < 0:00:00 , 2,197 it/s ]
Training A2C (seed 3/15)
 100% ━━━━━━━━━━━━━━━━━━━━━━ 200,000/200,000  [ 0:00:48 < 0:00:00 , 4,164 it/s ]
 100% ━━━━━━━━━━━━━━━━━━━━━━ 800,000/800,000  [ 0:03:37 < 0:00:00 , 3,513 it/s ]
 100% ━━━━━━━━━━━━━━━━━━━ 4,000,000/4,000,000 [ 0:17:37 < 0:00:00 , 3,808 it/s ]
 100% ━━━━━━━━━━━━━━━━━━━ 5,000,000/5,000,000 [ 0:21:25 < 0:00:00 , 3,883 it/s ]
Training TRPO (seed 3/15)
 100% ━━━━━━━━━━━━━━━━━━━━━━ 204,800/200,000  [ 0:01:02 < 0:00:00 , 3,069 it/s ]
 100% ━━━━━━━━━━━━━━━━━━━━━━ 802,816/800,000  [ 0:04:30 < 0:00:00 , 2,823 it/s ]
 100% ━━━━━━━━━━━━━━━━━━━ 4,005,888/4,000,000 [ 0:23:27 < 0:00:00 , 2,833 it/s ]
 100% ━━━━━━━━━━━━━━━━━━━ 5,005,312/5,000,000 [ 0:27:32 < 0:00:00 , 3,015 it/s ]
Training PPO (seed 3/15)
 100% ━━━━━━━━━━━━━━━━━━━━━━ 204,800/200,000  [ 0:01:29 < 0:00:00 , 2,178 it/s ]
 100% ━━━━━━━━━━━━━━━━━━━━━━ 802,816/800,000  [ 0:06:19 < 0:00:00 , 2,187 it/s ]
 100% ━━━━━━━━━━━━━━━━━━━ 4,005,888/4,000,000 [ 0:30:48 < 0:00:00 , 2,176 it/s ]
 100% ━━━━━━━━━━━━━━━━━━━ 5,005,312/5,000,000 [ 0:39:25 < 0:00:00 , 1,985 it/s ]
Training A2C (seed 4/15)
 100% ━━━━━━━━━━━━━━━━━━━━━━ 200,000/200,000  [ 0:00:55 < 0:00:00 , 3,580 it/s ]
 100% ━━━━━━━━━━━━━━━━━━━━━━ 800,000/800,000  [ 0:03:50 < 0:00:00 , 3,414 it/s ]
 100% ━━━━━━━━━━━━━━━━━━━ 4,000,000/4,000,000 [ 0:18:11 < 0:00:00 , 3,778 it/s ]
 100% ━━━━━━━━━━━━━━━━━━━ 5,000,000/5,000,000 [ 0:21:17 < 0:00:00 , 4,127 it/s ]
Training TRPO (seed 4/15)
 100% ━━━━━━━━━━━━━━━━━━━━━━ 204,800/200,000  [ 0:01:01 < 0:00:00 , 3,249 it/s ]
 100% ━━━━━━━━━━━━━━━━━━━━━━ 802,816/800,000  [ 0:04:24 < 0:00:00 , 2,865 it/s ]
 100% ━━━━━━━━━━━━━━━━━━━ 4,005,888/4,000,000 [ 0:23:26 < 0:00:00 , 2,864 it/s ]
 100% ━━━━━━━━━━━━━━━━━━━ 5,005,312/5,000,000 [ 0:26:41 < 0:00:00 , 3,314 it/s ]
Training PPO (seed 4/15)
 100% ━━━━━━━━━━━━━━━━━━━━━━ 204,800/200,000  [ 0:01:29 < 0:00:00 , 2,224 it/s ]
 100% ━━━━━━━━━━━━━━━━━━━━━━ 802,816/800,000  [ 0:06:11 < 0:00:00 , 2,192 it/s ]
 100% ━━━━━━━━━━━━━━━━━━━ 4,005,888/4,000,000 [ 0:30:18 < 0:00:00 , 2,111 it/s ]
 100% ━━━━━━━━━━━━━━━━━━━ 5,005,312/5,000,000 [ 0:41:11 < 0:00:00 , 2,014 it/s ]
Training A2C (seed 5/15)
 100% ━━━━━━━━━━━━━━━━━━━━━━ 200,000/200,000  [ 0:00:52 < 0:00:00 , 3,819 it/s ]
 100% ━━━━━━━━━━━━━━━━━━━━━━ 800,000/800,000  [ 0:03:36 < 0:00:00 , 3,840 it/s ]
 100% ━━━━━━━━━━━━━━━━━━━ 4,000,000/4,000,000 [ 0:17:01 < 0:00:00 , 4,122 it/s ]
 100% ━━━━━━━━━━━━━━━━━━━ 5,000,000/5,000,000 [ 0:20:14 < 0:00:00 , 4,115 it/s ]
Training TRPO (seed 5/15)
 100% ━━━━━━━━━━━━━━━━━━━━━━ 204,800/200,000  [ 0:01:02 < 0:00:00 , 3,069 it/s ]
 100% ━━━━━━━━━━━━━━━━━━━━━━ 802,816/800,000  [ 0:04:29 < 0:00:00 , 2,854 it/s ]
 100% ━━━━━━━━━━━━━━━━━━━ 4,005,888/4,000,000 [ 0:24:21 < 0:00:00 , 2,822 it/s ]
 100% ━━━━━━━━━━━━━━━━━━━ 5,005,312/5,000,000 [ 0:26:48 < 0:00:00 , 3,331 it/s ]
Training PPO (seed 5/15)
 100% ━━━━━━━━━━━━━━━━━━━━━━ 204,800/200,000  [ 0:01:28 < 0:00:00 , 2,239 it/s ]
 100% ━━━━━━━━━━━━━━━━━━━━━━ 802,816/800,000  [ 0:06:07 < 0:00:00 , 2,205 it/s ]
 100% ━━━━━━━━━━━━━━━━━━━ 4,005,888/4,000,000 [ 0:30:51 < 0:00:00 , 2,025 it/s ]
 100% ━━━━━━━━━━━━━━━━━━━ 5,005,312/5,000,000 [ 0:41:41 < 0:00:00 , 2,042 it/s ]
Training A2C (seed 6/15)
 100% ━━━━━━━━━━━━━━━━━━━━━━ 200,000/200,000  [ 0:00:48 < 0:00:00 , 4,155 it/s ]
 100% ━━━━━━━━━━━━━━━━━━━━━━ 800,000/800,000  [ 0:03:23 < 0:00:00 , 3,894 it/s ]
 100% ━━━━━━━━━━━━━━━━━━━ 4,000,000/4,000,000 [ 0:16:17 < 0:00:00 , 4,101 it/s ]
 100% ━━━━━━━━━━━━━━━━━━━ 5,000,000/5,000,000 [ 0:20:25 < 0:00:00 , 4,036 it/s ]
Training TRPO (seed 6/15)
 100% ━━━━━━━━━━━━━━━━━━━━━━ 204,800/200,000  [ 0:01:01 < 0:00:00 , 3,121 it/s ]
 100% ━━━━━━━━━━━━━━━━━━━━━━ 802,816/800,000  [ 0:04:24 < 0:00:00 , 2,911 it/s ]
 100% ━━━━━━━━━━━━━━━━━━━ 4,005,888/4,000,000 [ 0:23:52 < 0:00:00 , 2,890 it/s ]
 100% ━━━━━━━━━━━━━━━━━━━ 5,005,312/5,000,000 [ 0:26:56 < 0:00:00 , 3,052 it/s ]
Training PPO (seed 6/15)
 100% ━━━━━━━━━━━━━━━━━━━━━━ 204,800/200,000  [ 0:01:27 < 0:00:00 , 2,266 it/s ]
 100% ━━━━━━━━━━━━━━━━━━━━━━ 802,816/800,000  [ 0:06:06 < 0:00:00 , 2,267 it/s ]
 100% ━━━━━━━━━━━━━━━━━━━ 4,005,888/4,000,000 [ 0:31:46 < 0:00:00 , 2,082 it/s ]
 100% ━━━━━━━━━━━━━━━━━━━ 5,005,312/5,000,000 [ 0:38:28 < 0:00:00 , 2,250 it/s ]
Training A2C (seed 7/15)
 100% ━━━━━━━━━━━━━━━━━━━━━━ 200,000/200,000  [ 0:00:46 < 0:00:00 , 4,303 it/s ]
 100% ━━━━━━━━━━━━━━━━━━━━━━ 800,000/800,000  [ 0:03:19 < 0:00:00 , 3,935 it/s ]
 100% ━━━━━━━━━━━━━━━━━━━ 4,000,000/4,000,000 [ 0:15:51 < 0:00:00 , 4,312 it/s ]
 100% ━━━━━━━━━━━━━━━━━━━ 5,000,000/5,000,000 [ 0:19:19 < 0:00:00 , 4,322 it/s ]
Training TRPO (seed 7/15)
 100% ━━━━━━━━━━━━━━━━━━━━━━ 204,800/200,000  [ 0:01:00 < 0:00:00 , 3,295 it/s ]
 100% ━━━━━━━━━━━━━━━━━━━━━━ 802,816/800,000  [ 0:04:20 < 0:00:00 , 2,863 it/s ]
 100% ━━━━━━━━━━━━━━━━━━━ 4,005,888/4,000,000 [ 0:23:31 < 0:00:00 , 2,941 it/s ]
 100% ━━━━━━━━━━━━━━━━━━━ 5,005,312/5,000,000 [ 0:26:48 < 0:00:00 , 3,099 it/s ]
Training PPO (seed 7/15)
 100% ━━━━━━━━━━━━━━━━━━━━━━ 204,800/200,000  [ 0:01:34 < 0:00:00 , 2,100 it/s ]
 100% ━━━━━━━━━━━━━━━━━━━━━━ 802,816/800,000  [ 0:06:33 < 0:00:00 , 2,071 it/s ]
 100% ━━━━━━━━━━━━━━━━━━━ 4,005,888/4,000,000 [ 0:31:40 < 0:00:00 , 2,022 it/s ]
 100% ━━━━━━━━━━━━━━━━━━━ 5,005,312/5,000,000 [ 0:36:46 < 0:00:00 , 2,281 it/s ]
Training A2C (seed 8/15)
 100% ━━━━━━━━━━━━━━━━━━━━━━ 200,000/200,000  [ 0:00:46 < 0:00:00 , 4,306 it/s ]
 100% ━━━━━━━━━━━━━━━━━━━━━━ 800,000/800,000  [ 0:03:19 < 0:00:00 , 3,921 it/s ]
 100% ━━━━━━━━━━━━━━━━━━━ 4,000,000/4,000,000 [ 0:16:16 < 0:00:00 , 4,298 it/s ]
 100% ━━━━━━━━━━━━━━━━━━━ 5,000,000/5,000,000 [ 0:19:25 < 0:00:00 , 4,309 it/s ]
Training TRPO (seed 8/15)
 100% ━━━━━━━━━━━━━━━━━━━━━━ 204,800/200,000  [ 0:01:00 < 0:00:00 , 3,282 it/s ]
 100% ━━━━━━━━━━━━━━━━━━━━━━ 802,816/800,000  [ 0:04:22 < 0:00:00 , 2,865 it/s ]
 100% ━━━━━━━━━━━━━━━━━━━ 4,005,888/4,000,000 [ 0:23:30 < 0:00:00 , 2,875 it/s ]
 100% ━━━━━━━━━━━━━━━━━━━ 5,005,312/5,000,000 [ 0:28:12 < 0:00:00 , 3,076 it/s ]
Training PPO (seed 8/15)
 100% ━━━━━━━━━━━━━━━━━━━━━━ 204,800/200,000  [ 0:01:35 < 0:00:00 , 2,067 it/s ]
 100% ━━━━━━━━━━━━━━━━━━━━━━ 802,816/800,000  [ 0:06:37 < 0:00:00 , 1,991 it/s ]
 100% ━━━━━━━━━━━━━━━━━━━ 4,005,888/4,000,000 [ 0:30:21 < 0:00:00 , 2,276 it/s ]
 100% ━━━━━━━━━━━━━━━━━━━ 5,005,312/5,000,000 [ 0:36:26 < 0:00:00 , 2,287 it/s ]
Training A2C (seed 9/15)
 100% ━━━━━━━━━━━━━━━━━━━━━━ 200,000/200,000  [ 0:00:46 < 0:00:00 , 4,297 it/s ]
 100% ━━━━━━━━━━━━━━━━━━━━━━ 800,000/800,000  [ 0:03:18 < 0:00:00 , 3,974 it/s ]
 100% ━━━━━━━━━━━━━━━━━━━ 4,000,000/4,000,000 [ 0:15:32 < 0:00:00 , 4,325 it/s ]
 100% ━━━━━━━━━━━━━━━━━━━ 5,000,000/5,000,000 [ 0:19:17 < 0:00:00 , 4,323 it/s ]
Training TRPO (seed 9/15)
 100% ━━━━━━━━━━━━━━━━━━━━━━ 204,800/200,000  [ 0:00:59 < 0:00:00 , 3,299 it/s ]
 100% ━━━━━━━━━━━━━━━━━━━━━━ 802,816/800,000  [ 0:04:15 < 0:00:00 , 3,023 it/s ]
 100% ━━━━━━━━━━━━━━━━━━━ 4,005,888/4,000,000 [ 0:23:30 < 0:00:00 , 2,765 it/s ]
 100% ━━━━━━━━━━━━━━━━━━━ 5,005,312/5,000,000 [ 0:28:14 < 0:00:00 , 2,734 it/s ]
Training PPO (seed 9/15)
 100% ━━━━━━━━━━━━━━━━━━━━━━ 204,800/200,000  [ 0:01:32 < 0:00:00 , 1,967 it/s ]
 100% ━━━━━━━━━━━━━━━━━━━━━━ 802,816/800,000  [ 0:06:24 < 0:00:00 , 2,030 it/s ]
 100% ━━━━━━━━━━━━━━━━━━━ 4,005,888/4,000,000 [ 0:29:08 < 0:00:00 , 2,295 it/s ]
 100% ━━━━━━━━━━━━━━━━━━━ 5,005,312/5,000,000 [ 0:35:57 < 0:00:00 , 2,309 it/s ]
Training A2C (seed 10/15)
 100% ━━━━━━━━━━━━━━━━━━━━━━ 200,000/200,000  [ 0:00:45 < 0:00:00 , 4,379 it/s ]
 100% ━━━━━━━━━━━━━━━━━━━━━━ 800,000/800,000  [ 0:03:14 < 0:00:00 , 4,051 it/s ]
 100% ━━━━━━━━━━━━━━━━━━━ 4,000,000/4,000,000 [ 0:15:26 < 0:00:00 , 4,393 it/s ]
 100% ━━━━━━━━━━━━━━━━━━━ 5,000,000/5,000,000 [ 0:19:18 < 0:00:00 , 4,028 it/s ]
Training TRPO (seed 10/15)
 100% ━━━━━━━━━━━━━━━━━━━━━━ 204,800/200,000  [ 0:01:00 < 0:00:00 , 3,235 it/s ]
 100% ━━━━━━━━━━━━━━━━━━━━━━ 802,816/800,000  [ 0:04:27 < 0:00:00 , 2,771 it/s ]
 100% ━━━━━━━━━━━━━━━━━━━ 4,005,888/4,000,000 [ 0:24:26 < 0:00:00 , 2,710 it/s ]
 100% ━━━━━━━━━━━━━━━━━━━ 5,005,312/5,000,000 [ 0:27:14 < 0:00:00 , 3,221 it/s ]
Training PPO (seed 10/15)
 100% ━━━━━━━━━━━━━━━━━━━━━━ 204,800/200,000  [ 0:01:25 < 0:00:00 , 2,314 it/s ]
 100% ━━━━━━━━━━━━━━━━━━━━━━ 802,816/800,000  [ 0:05:55 < 0:00:00 , 2,303 it/s ]
 100% ━━━━━━━━━━━━━━━━━━━ 4,005,888/4,000,000 [ 0:28:46 < 0:00:00 , 2,306 it/s ]
 100% ━━━━━━━━━━━━━━━━━━━ 5,005,312/5,000,000 [ 0:36:01 < 0:00:00 , 2,298 it/s ]
Training A2C (seed 11/15)
 100% ━━━━━━━━━━━━━━━━━━━━━━ 200,000/200,000  [ 0:00:45 < 0:00:00 , 4,363 it/s ]
 100% ━━━━━━━━━━━━━━━━━━━━━━ 800,000/800,000  [ 0:03:12 < 0:00:00 , 4,254 it/s ]
 100% ━━━━━━━━━━━━━━━━━━━ 4,000,000/4,000,000 [ 0:15:12 < 0:00:00 , 4,149 it/s ]
 100% ━━━━━━━━━━━━━━━━━━━ 5,000,000/5,000,000 [ 0:20:45 < 0:00:00 , 4,071 it/s ]
Training TRPO (seed 11/15)
 100% ━━━━━━━━━━━━━━━━━━━━━━ 204,800/200,000  [ 0:01:01 < 0:00:00 , 3,040 it/s ]
 100% ━━━━━━━━━━━━━━━━━━━━━━ 802,816/800,000  [ 0:04:28 < 0:00:00 , 2,807 it/s ]
 100% ━━━━━━━━━━━━━━━━━━━ 4,005,888/4,000,000 [ 0:24:01 < 0:00:00 , 2,866 it/s ]
 100% ━━━━━━━━━━━━━━━━━━━ 5,005,312/5,000,000 [ 0:27:17 < 0:00:00 , 3,147 it/s ]
Training PPO (seed 11/15)
 100% ━━━━━━━━━━━━━━━━━━━━━━ 204,800/200,000  [ 0:01:25 < 0:00:00 , 2,300 it/s ]
 100% ━━━━━━━━━━━━━━━━━━━━━━ 802,816/800,000  [ 0:05:56 < 0:00:00 , 2,318 it/s ]
 100% ━━━━━━━━━━━━━━━━━━━ 4,005,888/4,000,000 [ 0:28:46 < 0:00:00 , 2,310 it/s ]
 100% ━━━━━━━━━━━━━━━━━━━ 5,005,312/5,000,000 [ 0:35:59 < 0:00:00 , 2,314 it/s ]
Training A2C (seed 12/15)
 100% ━━━━━━━━━━━━━━━━━━━━━━ 200,000/200,000  [ 0:00:45 < 0:00:00 , 4,381 it/s ]
 100% ━━━━━━━━━━━━━━━━━━━━━━ 800,000/800,000  [ 0:03:30 < 0:00:00 , 3,708 it/s ]
 100% ━━━━━━━━━━━━━━━━━━━ 4,000,000/4,000,000 [ 0:17:09 < 0:00:00 , 4,019 it/s ]
 100% ━━━━━━━━━━━━━━━━━━━ 5,000,000/5,000,000 [ 0:20:41 < 0:00:00 , 4,086 it/s ]
Training TRPO (seed 12/15)
 100% ━━━━━━━━━━━━━━━━━━━━━━ 204,800/200,000  [ 0:01:00 < 0:00:00 , 3,287 it/s ]
 100% ━━━━━━━━━━━━━━━━━━━━━━ 802,816/800,000  [ 0:04:22 < 0:00:00 , 2,944 it/s ]
 100% ━━━━━━━━━━━━━━━━━━━ 4,005,888/4,000,000 [ 0:23:18 < 0:00:00 , 2,764 it/s ]
 100% ━━━━━━━━━━━━━━━━━━━ 5,005,312/5,000,000 [ 0:26:15 < 0:00:00 , 3,056 it/s ]
Training PPO (seed 12/15)
 100% ━━━━━━━━━━━━━━━━━━━━━━ 204,800/200,000  [ 0:01:25 < 0:00:00 , 2,293 it/s ]
 100% ━━━━━━━━━━━━━━━━━━━━━━ 802,816/800,000  [ 0:05:56 < 0:00:00 , 2,296 it/s ]
 100% ━━━━━━━━━━━━━━━━━━━ 4,005,888/4,000,000 [ 0:28:51 < 0:00:00 , 2,312 it/s ]
 100% ━━━━━━━━━━━━━━━━━━━ 5,005,312/5,000,000 [ 0:37:11 < 0:00:00 , 1,962 it/s ]
Training A2C (seed 13/15)
 100% ━━━━━━━━━━━━━━━━━━━━━━ 200,000/200,000  [ 0:00:50 < 0:00:00 , 3,975 it/s ]
 100% ━━━━━━━━━━━━━━━━━━━━━━ 800,000/800,000  [ 0:03:28 < 0:00:00 , 3,993 it/s ]
 100% ━━━━━━━━━━━━━━━━━━━ 4,000,000/4,000,000 [ 0:16:32 < 0:00:00 , 4,048 it/s ]
 100% ━━━━━━━━━━━━━━━━━━━ 5,000,000/5,000,000 [ 0:19:53 < 0:00:00 , 4,388 it/s ]
Training TRPO (seed 13/15)
 100% ━━━━━━━━━━━━━━━━━━━━━━ 204,800/200,000  [ 0:01:00 < 0:00:00 , 3,242 it/s ]
 100% ━━━━━━━━━━━━━━━━━━━━━━ 802,816/800,000  [ 0:04:18 < 0:00:00 , 3,029 it/s ]
 100% ━━━━━━━━━━━━━━━━━━━ 4,005,888/4,000,000 [ 0:23:25 < 0:00:00 , 2,871 it/s ]
 100% ━━━━━━━━━━━━━━━━━━━ 5,005,312/5,000,000 [ 0:27:14 < 0:00:00 , 3,045 it/s ]
Training PPO (seed 13/15)
 100% ━━━━━━━━━━━━━━━━━━━━━━ 204,800/200,000  [ 0:01:25 < 0:00:00 , 2,310 it/s ]
 100% ━━━━━━━━━━━━━━━━━━━━━━ 802,816/800,000  [ 0:05:55 < 0:00:00 , 2,301 it/s ]
 100% ━━━━━━━━━━━━━━━━━━━ 4,005,888/4,000,000 [ 0:28:43 < 0:00:00 , 2,314 it/s ]
 100% ━━━━━━━━━━━━━━━━━━━ 5,005,312/5,000,000 [ 0:38:38 < 0:00:00 , 2,021 it/s ]
Training A2C (seed 14/15)
 100% ━━━━━━━━━━━━━━━━━━━━━━ 200,000/200,000  [ 0:00:50 < 0:00:00 , 4,006 it/s ]
 100% ━━━━━━━━━━━━━━━━━━━━━━ 800,000/800,000  [ 0:03:33 < 0:00:00 , 3,701 it/s ]
 100% ━━━━━━━━━━━━━━━━━━━ 4,000,000/4,000,000 [ 0:16:13 < 0:00:00 , 4,398 it/s ]
 100% ━━━━━━━━━━━━━━━━━━━ 5,000,000/5,000,000 [ 0:18:57 < 0:00:00 , 4,397 it/s ]
Training TRPO (seed 14/15)
 100% ━━━━━━━━━━━━━━━━━━━━━━ 204,800/200,000  [ 0:00:59 < 0:00:00 , 3,307 it/s ]
 100% ━━━━━━━━━━━━━━━━━━━━━━ 802,816/800,000  [ 0:04:19 < 0:00:00 , 3,031 it/s ]
 100% ━━━━━━━━━━━━━━━━━━━ 4,005,888/4,000,000 [ 0:23:06 < 0:00:00 , 2,837 it/s ]
 100% ━━━━━━━━━━━━━━━━━━━ 5,005,312/5,000,000 [ 0:27:18 < 0:00:00 , 3,343 it/s ]
Training PPO (seed 14/15)
 100% ━━━━━━━━━━━━━━━━━━━━━━ 204,800/200,000  [ 0:01:25 < 0:00:00 , 2,296 it/s ]
 100% ━━━━━━━━━━━━━━━━━━━━━━ 802,816/800,000  [ 0:05:55 < 0:00:00 , 2,308 it/s ]
 100% ━━━━━━━━━━━━━━━━━━━ 4,005,888/4,000,000 [ 0:28:50 < 0:00:00 , 2,308 it/s ]
 100% ━━━━━━━━━━━━━━━━━━━ 5,005,312/5,000,000 [ 0:36:03 < 0:00:00 , 2,311 it/s ]
Training A2C (seed 15/15)
 100% ━━━━━━━━━━━━━━━━━━━━━━ 200,000/200,000  [ 0:00:45 < 0:00:00 , 4,366 it/s ]
 100% ━━━━━━━━━━━━━━━━━━━━━━ 800,000/800,000  [ 0:03:13 < 0:00:00 , 4,325 it/s ]
 100% ━━━━━━━━━━━━━━━━━━━ 4,000,000/4,000,000 [ 0:15:12 < 0:00:00 , 4,379 it/s ]
 100% ━━━━━━━━━━━━━━━━━━━ 5,000,000/5,000,000 [ 0:19:05 < 0:00:00 , 4,375 it/s ]
Training TRPO (seed 15/15)
 100% ━━━━━━━━━━━━━━━━━━━━━━ 204,800/200,000  [ 0:00:59 < 0:00:00 , 3,327 it/s ]
 100% ━━━━━━━━━━━━━━━━━━━━━━ 802,816/800,000  [ 0:04:16 < 0:00:00 , 3,039 it/s ]
 100% ━━━━━━━━━━━━━━━━━━━ 4,005,888/4,000,000 [ 0:23:07 < 0:00:00 , 2,843 it/s ]
 100% ━━━━━━━━━━━━━━━━━━━ 5,005,312/5,000,000 [ 0:27:08 < 0:00:00 , 3,038 it/s ]
Training PPO (seed 15/15)
 100% ━━━━━━━━━━━━━━━━━━━━━━ 204,800/200,000  [ 0:01:25 < 0:00:00 , 2,293 it/s ]
 100% ━━━━━━━━━━━━━━━━━━━━━━ 802,816/800,000  [ 0:05:55 < 0:00:00 , 2,300 it/s ]
 100% ━━━━━━━━━━━━━━━━━━━ 4,005,888/4,000,000 [ 0:28:53 < 0:00:00 , 2,297 it/s ]
 100% ━━━━━━━━━━━━━━━━━━━ 5,005,312/5,000,000 [ 0:36:04 < 0:00:00 , 2,304 it/s ]

============================= JOB FEEDBACK =============================

NodeName=uc3n048
Job ID: 4228105
Array Job ID: 4228105_7
Cluster: uc3
User/Group: ma_fablange/ma_ma
State: COMPLETED (exit code 0)
Nodes: 1
Cores per node: 2
CPU Utilized: 1-19:02:23
CPU Efficiency: 49.47% of 3-15:00:28 core-walltime
Job Wall-clock time: 1-19:30:14
Memory Utilized: 902.88 MB
Memory Efficiency: 8.82% of 10.00 GB (10.00 GB/node)
