Using Gurobi license file: /scratch/slurm_tmpdir/job_4199215/gurobi_4199215_59/gurobi.lic (LICENSEID=2817305)
Gurobi preflight: GRB_LICENSE_FILE=/scratch/slurm_tmpdir/job_4199215/gurobi_4199215_59/gurobi.lic, exists=True, WLSACCESSID=9f1b...dedb, LICENSEID=2817305
Running task_id=59 with HIGH_SENSITIVITY=True, GT_MODEL=MNLrefPrice, TRAIN_ON_ALL_SETS=True, LARGE_PRODUCT_SET=True
xlogit long data: obs=9993, alts=101, rows=1009293, memory=23.10 MiB
[dp] Yielding to 18 active efficient-set task(s); waiting 60s
[dp] Yielding to 18 active efficient-set task(s); waiting 60s
[dp] Yielding to 18 active efficient-set task(s); waiting 60s
[dp] Yielding to 16 active efficient-set task(s); waiting 60s
[dp] Yielding to 15 active efficient-set task(s); waiting 60s
[dp] Yielding to 14 active efficient-set task(s); waiting 60s
[dp] Yielding to 13 active efficient-set task(s); waiting 60s
[dp] Yielding to 12 active efficient-set task(s); waiting 60s
[dp] Yielding to 12 active efficient-set task(s); waiting 60s
[dp] Yielding to 12 active efficient-set task(s); waiting 60s
[dp] Yielding to 12 active efficient-set task(s); waiting 60s
[dp] Yielding to 12 active efficient-set task(s); waiting 60s
[dp] Yielding to 12 active efficient-set task(s); waiting 60s
[dp] Yielding to 12 active efficient-set task(s); waiting 60s
[dp] Yielding to 12 active efficient-set task(s); waiting 60s
[dp] Yielding to 12 active efficient-set task(s); waiting 60s
[dp] Yielding to 11 active efficient-set task(s); waiting 60s
[dp] Yielding to 11 active efficient-set task(s); waiting 60s
[dp] Yielding to 10 active efficient-set task(s); waiting 60s
[dp] Yielding to 10 active efficient-set task(s); waiting 60s
[dp] Yielding to 10 active efficient-set task(s); waiting 60s
[dp] Yielding to 10 active efficient-set task(s); waiting 60s
[dp] Yielding to 10 active efficient-set task(s); waiting 60s
[dp] Yielding to 10 active efficient-set task(s); waiting 60s
[dp] Yielding to 10 active efficient-set task(s); waiting 60s
[dp] Yielding to 10 active efficient-set task(s); waiting 60s
[dp] Yielding to 10 active efficient-set task(s); waiting 60s
[dp] Yielding to 10 active efficient-set task(s); waiting 60s
[dp] Yielding to 10 active efficient-set task(s); waiting 60s
[dp] Yielding to 10 active efficient-set task(s); waiting 60s
[dp] Yielding to 10 active efficient-set task(s); waiting 60s
[dp] Yielding to 10 active efficient-set task(s); waiting 60s
[dp] Yielding to 10 active efficient-set task(s); waiting 60s
[dp] Yielding to 10 active efficient-set task(s); waiting 60s
[dp] Yielding to 10 active efficient-set task(s); waiting 60s
[dp] Yielding to 10 active efficient-set task(s); waiting 60s
[dp] Yielding to 10 active efficient-set task(s); waiting 60s
[dp] Yielding to 10 active efficient-set task(s); waiting 60s
[dp] Yielding to 10 active efficient-set task(s); waiting 60s
[dp] Yielding to 10 active efficient-set task(s); waiting 60s
[dp] Yielding to 10 active efficient-set task(s); waiting 60s
[dp] Yielding to 10 active efficient-set task(s); waiting 60s
[dp] Yielding to 10 active efficient-set task(s); waiting 60s
[dp] Yielding to 10 active efficient-set task(s); waiting 60s
[dp] Yielding to 10 active efficient-set task(s); waiting 60s
[dp] Yielding to 10 active efficient-set task(s); waiting 60s
[dp] Yielding to 10 active efficient-set task(s); waiting 60s
[dp] Yielding to 10 active efficient-set task(s); waiting 60s
[dp] Yielding to 10 active efficient-set task(s); waiting 60s
[dp] Yielding to 10 active efficient-set task(s); waiting 60s
[dp] Yielding to 9 active efficient-set task(s); waiting 60s
[dp] Yielding to 8 active efficient-set task(s); waiting 60s
[dp] Yielding to 7 active efficient-set task(s); waiting 60s
[dp] Yielding to 7 active efficient-set task(s); waiting 60s
[dp] Yielding to 7 active efficient-set task(s); waiting 60s
[dp] Yielding to 7 active efficient-set task(s); waiting 60s
[dp] Yielding to 7 active efficient-set task(s); waiting 60s
[dp] Yielding to 7 active efficient-set task(s); waiting 60s
[dp] Yielding to 7 active efficient-set task(s); waiting 60s
[dp] Yielding to 7 active efficient-set task(s); waiting 60s
[dp] Yielding to 7 active efficient-set task(s); waiting 60s
[dp] Yielding to 7 active efficient-set task(s); waiting 60s
[dp] Yielding to 7 active efficient-set task(s); waiting 60s
[dp] Yielding to 7 active efficient-set task(s); waiting 60s
[dp] Yielding to 7 active efficient-set task(s); waiting 60s
[dp] Yielding to 7 active efficient-set task(s); waiting 60s
[dp] Yielding to 7 active efficient-set task(s); waiting 60s
[dp] Yielding to 7 active efficient-set task(s); waiting 60s
[dp] Yielding to 7 active efficient-set task(s); waiting 60s
[dp] Yielding to 7 active efficient-set task(s); waiting 60s
[dp] Yielding to 7 active efficient-set task(s); waiting 60s
[dp] Yielding to 7 active efficient-set task(s); waiting 60s
[dp] Yielding to 7 active efficient-set task(s); waiting 60s
[dp] Yielding to 7 active efficient-set task(s); waiting 60s
[dp] Yielding to 7 active efficient-set task(s); waiting 60s
[dp] Yielding to 7 active efficient-set task(s); waiting 60s
[dp] Yielding to 7 active efficient-set task(s); waiting 60s
[dp] Yielding to 7 active efficient-set task(s); waiting 60s
[dp] Yielding to 7 active efficient-set task(s); waiting 60s
[dp] Yielding to 7 active efficient-set task(s); waiting 60s
[dp] Yielding to 7 active efficient-set task(s); waiting 60s
[dp] Yielding to 7 active efficient-set task(s); waiting 60s
[dp] Yielding to 7 active efficient-set task(s); waiting 60s
[dp] Yielding to 7 active efficient-set task(s); waiting 60s
[dp] Yielding to 7 active efficient-set task(s); waiting 60s
[dp] Yielding to 7 active efficient-set task(s); waiting 60s
[dp] Yielding to 6 active efficient-set task(s); waiting 60s
[dp] Yielding to 6 active efficient-set task(s); waiting 60s
[dp] Yielding to 5 active efficient-set task(s); waiting 60s
[dp] Yielding to 5 active efficient-set task(s); waiting 60s
[dp] Yielding to 5 active efficient-set task(s); waiting 60s
[dp] Yielding to 5 active efficient-set task(s); waiting 60s
[dp] Yielding to 5 active efficient-set task(s); waiting 60s
[dp] Yielding to 5 active efficient-set task(s); waiting 60s
[dp] Yielding to 5 active efficient-set task(s); waiting 60s
[dp] Yielding to 5 active efficient-set task(s); waiting 60s
[dp] Yielding to 5 active efficient-set task(s); waiting 60s
[dp] Yielding to 5 active efficient-set task(s); waiting 60s
[dp] Yielding to 5 active efficient-set task(s); waiting 60s
[dp] Yielding to 5 active efficient-set task(s); waiting 60s
[dp] Yielding to 5 active efficient-set task(s); waiting 60s
[dp] Yielding to 5 active efficient-set task(s); waiting 60s
[dp] Yielding to 5 active efficient-set task(s); waiting 60s
[dp] Yielding to 5 active efficient-set task(s); waiting 60s
[dp] Yielding to 5 active efficient-set task(s); waiting 60s
[dp] Yielding to 5 active efficient-set task(s); waiting 60s
[dp] Yielding to 5 active efficient-set task(s); waiting 60s
[dp] Yielding to 5 active efficient-set task(s); waiting 60s
[dp] Yielding to 5 active efficient-set task(s); waiting 60s
[dp] Yielding to 5 active efficient-set task(s); waiting 60s
[dp] Yielding to 5 active efficient-set task(s); waiting 60s
[dp] Yielding to 5 active efficient-set task(s); waiting 60s
[dp] Yielding to 5 active efficient-set task(s); waiting 60s
[dp] Yielding to 5 active efficient-set task(s); waiting 60s
[dp] Yielding to 5 active efficient-set task(s); waiting 60s
[dp] Yielding to 5 active efficient-set task(s); waiting 60s
[dp] Yielding to 5 active efficient-set task(s); waiting 60s
[dp] Yielding to 5 active efficient-set task(s); waiting 60s
[dp] Yielding to 5 active efficient-set task(s); waiting 60s
[dp] Yielding to 5 active efficient-set task(s); waiting 60s
[dp] Yielding to 5 active efficient-set task(s); waiting 60s
[dp] Yielding to 5 active efficient-set task(s); waiting 60s
[dp] Yielding to 5 active efficient-set task(s); waiting 60s
[dp] Yielding to 5 active efficient-set task(s); waiting 60s
[dp] Yielding to 5 active efficient-set task(s); waiting 60s
[dp] Yielding to 5 active efficient-set task(s); waiting 60s
[dp] Yielding to 5 active efficient-set task(s); waiting 60s
[dp] Yielding to 5 active efficient-set task(s); waiting 60s
[dp] Yielding to 4 active efficient-set task(s); waiting 60s
[dp] Yielding to 3 active efficient-set task(s); waiting 60s
[dp] Yielding to 3 active efficient-set task(s); waiting 60s
[dp] Yielding to 3 active efficient-set task(s); waiting 60s
[dp] Yielding to 3 active efficient-set task(s); waiting 60s
[dp] Yielding to 3 active efficient-set task(s); waiting 60s
[dp] Yielding to 3 active efficient-set task(s); waiting 60s
[dp] Yielding to 3 active efficient-set task(s); waiting 60s
[dp] Yielding to 3 active efficient-set task(s); waiting 60s
[dp] Yielding to 3 active efficient-set task(s); waiting 60s
[dp] Yielding to 3 active efficient-set task(s); waiting 60s
[dp] Yielding to 3 active efficient-set task(s); waiting 60s
[dp] Yielding to 3 active efficient-set task(s); waiting 60s
[dp] Yielding to 3 active efficient-set task(s); waiting 60s
[dp] Yielding to 3 active efficient-set task(s); waiting 60s
[dp] Yielding to 3 active efficient-set task(s); waiting 60s
[dp] Yielding to 3 active efficient-set task(s); waiting 60s
[dp] Yielding to 3 active efficient-set task(s); waiting 60s
[dp] Yielding to 3 active efficient-set task(s); waiting 60s
[dp] Yielding to 3 active efficient-set task(s); waiting 60s
[dp] Yielding to 3 active efficient-set task(s); waiting 60s
[dp] Yielding to 3 active efficient-set task(s); waiting 60s
[dp] Yielding to 3 active efficient-set task(s); waiting 60s
[dp] Yielding to 3 active efficient-set task(s); waiting 60s
[dp] Yielding to 3 active efficient-set task(s); waiting 60s
[dp] Yielding to 3 active efficient-set task(s); waiting 60s
[dp] Yielding to 3 active efficient-set task(s); waiting 60s
[dp] Yielding to 3 active efficient-set task(s); waiting 60s
[dp] Yielding to 3 active efficient-set task(s); waiting 60s
[dp] Yielding to 3 active efficient-set task(s); waiting 60s
[dp] Yielding to 3 active efficient-set task(s); waiting 60s
[dp] Yielding to 3 active efficient-set task(s); waiting 60s
[dp] Yielding to 3 active efficient-set task(s); waiting 60s
[dp] Yielding to 3 active efficient-set task(s); waiting 60s
[dp] Yielding to 3 active efficient-set task(s); waiting 60s
[dp] Yielding to 3 active efficient-set task(s); waiting 60s
[dp] Yielding to 3 active efficient-set task(s); waiting 60s
[dp] Yielding to 3 active efficient-set task(s); waiting 60s
[dp] Yielding to 3 active efficient-set task(s); waiting 60s
[dp] Yielding to 3 active efficient-set task(s); waiting 60s
[dp] Yielding to 3 active efficient-set task(s); waiting 60s
[dp] Yielding to 3 active efficient-set task(s); waiting 60s
[dp] Yielding to 3 active efficient-set task(s); waiting 60s
[dp] Yielding to 3 active efficient-set task(s); waiting 60s
[dp] Yielding to 3 active efficient-set task(s); waiting 60s
[dp] Yielding to 3 active efficient-set task(s); waiting 60s
[dp] Yielding to 3 active efficient-set task(s); waiting 60s
[dp] Yielding to 3 active efficient-set task(s); waiting 60s
[dp] Yielding to 3 active efficient-set task(s); waiting 60s
[dp] Yielding to 3 active efficient-set task(s); waiting 60s
[dp] Yielding to 3 active efficient-set task(s); waiting 60s
[dp] Yielding to 3 active efficient-set task(s); waiting 60s
[dp] Yielding to 3 active efficient-set task(s); waiting 60s
[dp] Yielding to 3 active efficient-set task(s); waiting 60s
[dp] Yielding to 3 active efficient-set task(s); waiting 60s
[dp] Yielding to 3 active efficient-set task(s); waiting 60s
[dp] Yielding to 3 active efficient-set task(s); waiting 60s
[dp] Yielding to 3 active efficient-set task(s); waiting 60s
[dp] Yielding to 3 active efficient-set task(s); waiting 60s
[dp] Yielding to 3 active efficient-set task(s); waiting 60s
[dp] Yielding to 3 active efficient-set task(s); waiting 60s
[dp] Yielding to 3 active efficient-set task(s); waiting 60s
[dp] Yielding to 3 active efficient-set task(s); waiting 60s
[dp] Yielding to 3 active efficient-set task(s); waiting 60s
[dp] Yielding to 3 active efficient-set task(s); waiting 60s
[dp] Yielding to 3 active efficient-set task(s); waiting 60s
[dp] Yielding to 3 active efficient-set task(s); waiting 60s
[dp] Yielding to 3 active efficient-set task(s); waiting 60s
[dp] Yielding to 3 active efficient-set task(s); waiting 60s
[dp] Yielding to 3 active efficient-set task(s); waiting 60s
[dp] Yielding to 3 active efficient-set task(s); waiting 60s
[dp] Yielding to 3 active efficient-set task(s); waiting 60s
[dp] Yielding to 3 active efficient-set task(s); waiting 60s
[dp] Yielding to 3 active efficient-set task(s); waiting 60s
[dp] Yielding to 3 active efficient-set task(s); waiting 60s
[dp] Yielding to 3 active efficient-set task(s); waiting 60s
[dp] Yielding to 3 active efficient-set task(s); waiting 60s
[dp] Yielding to 3 active efficient-set task(s); waiting 60s
[dp] Yielding to 3 active efficient-set task(s); waiting 60s
[dp] Yielding to 3 active efficient-set task(s); waiting 60s
[dp] Yielding to 3 active efficient-set task(s); waiting 60s
[dp] Yielding to 3 active efficient-set task(s); waiting 60s
[dp] Yielding to 3 active efficient-set task(s); waiting 60s
[dp] Yielding to 3 active efficient-set task(s); waiting 60s
[dp] Yielding to 3 active efficient-set task(s); waiting 60s
[dp] Yielding to 3 active efficient-set task(s); waiting 60s
[dp] Yielding to 3 active efficient-set task(s); waiting 60s
[dp] Yielding to 3 active efficient-set task(s); waiting 60s
[dp] Yielding to 3 active efficient-set task(s); waiting 60s
[dp] Yielding to 3 active efficient-set task(s); waiting 60s
[dp] Yielding to 3 active efficient-set task(s); waiting 60s
[dp] Yielding to 3 active efficient-set task(s); waiting 60s
[dp] Yielding to 3 active efficient-set task(s); waiting 60s
[dp] Yielding to 3 active efficient-set task(s); waiting 60s
[dp] Yielding to 3 active efficient-set task(s); waiting 60s
[dp] Yielding to 3 active efficient-set task(s); waiting 60s
[dp] Yielding to 3 active efficient-set task(s); waiting 60s
[dp] Yielding to 3 active efficient-set task(s); waiting 60s
[dp] Yielding to 3 active efficient-set task(s); waiting 60s
[dp] Yielding to 3 active efficient-set task(s); waiting 60s
[dp] Yielding to 3 active efficient-set task(s); waiting 60s
[dp] Yielding to 3 active efficient-set task(s); waiting 60s
[dp] Yielding to 3 active efficient-set task(s); waiting 60s
[dp] Yielding to 3 active efficient-set task(s); waiting 60s
[dp] Yielding to 3 active efficient-set task(s); waiting 60s
[dp] Yielding to 3 active efficient-set task(s); waiting 60s
[dp] Yielding to 3 active efficient-set task(s); waiting 60s
[dp] Yielding to 3 active efficient-set task(s); waiting 60s
[dp] Yielding to 3 active efficient-set task(s); waiting 60s
[dp] Yielding to 3 active efficient-set task(s); waiting 60s
[dp] Yielding to 3 active efficient-set task(s); waiting 60s
[dp] Yielding to 3 active efficient-set task(s); waiting 60s
[dp] Yielding to 3 active efficient-set task(s); waiting 60s
[dp] Yielding to 3 active efficient-set task(s); waiting 60s
[dp] Yielding to 3 active efficient-set task(s); waiting 60s
[dp] Yielding to 3 active efficient-set task(s); waiting 60s
[dp] Yielding to 3 active efficient-set task(s); waiting 60s
[dp] Yielding to 3 active efficient-set task(s); waiting 60s
[dp] Yielding to 3 active efficient-set task(s); waiting 60s
[dp] Yielding to 3 active efficient-set task(s); waiting 60s
[dp] Yielding to 3 active efficient-set task(s); waiting 60s
[dp] Yielding to 2 active efficient-set task(s); waiting 60s
[dp] Yielding to 2 active efficient-set task(s); waiting 60s
[dp] Yielding to 1 active efficient-set task(s); waiting 60s
[dp] Yielding to 1 active efficient-set task(s); waiting 60s
[dp] Yielding to 1 active efficient-set task(s); waiting 60s
[dp] Yielding to 1 active efficient-set task(s); waiting 60s
[dp] Yielding to 1 active efficient-set task(s); waiting 60s
[dp] Yielding to 1 active efficient-set task(s); waiting 60s
[dp] Yielding to 1 active efficient-set task(s); waiting 60s
[dp] Yielding to 1 active efficient-set task(s); waiting 60s
[dp] Yielding to 1 active efficient-set task(s); waiting 60s
[dp] Yielding to 1 active efficient-set task(s); waiting 60s
[dp] Yielding to 1 active efficient-set task(s); waiting 60s
[dp] Yielding to 1 active efficient-set task(s); waiting 60s
[dp] Yielding to 1 active efficient-set task(s); waiting 60s
[dp] Yielding to 1 active efficient-set task(s); waiting 60s
[dp] Yielding to 1 active efficient-set task(s); waiting 60s
[dp] Yielding to 1 active efficient-set task(s); waiting 60s
[dp] Yielding to 1 active efficient-set task(s); waiting 60s
[dp] Yielding to 1 active efficient-set task(s); waiting 60s
[dp] Yielding to 1 active efficient-set task(s); waiting 60s
[dp] Yielding to 1 active efficient-set task(s); waiting 60s
[dp] Yielding to 1 active efficient-set task(s); waiting 60s
[dp] Yielding to 1 active efficient-set task(s); waiting 60s
[dp] Yielding to 1 active efficient-set task(s); waiting 60s
[dp] Yielding to 1 active efficient-set task(s); waiting 60s
[dp] Yielding to 1 active efficient-set task(s); waiting 60s
[dp] Yielding to 1 active efficient-set task(s); waiting 60s
[dp] Yielding to 1 active efficient-set task(s); waiting 60s
[dp] Yielding to 1 active efficient-set task(s); waiting 60s
[dp] Yielding to 1 active efficient-set task(s); waiting 60s
[dp] Yielding to 1 active efficient-set task(s); waiting 60s
[dp] Yielding to 1 active efficient-set task(s); waiting 60s
[dp] Yielding to 1 active efficient-set task(s); waiting 60s
[dp] Yielding to 1 active efficient-set task(s); waiting 60s
[dp] Yielding to 1 active efficient-set task(s); waiting 60s
[dp] Yielding to 1 active efficient-set task(s); waiting 60s
[dp] Yielding to 1 active efficient-set task(s); waiting 60s
[dp] Yielding to 1 active efficient-set task(s); waiting 60s
[dp] Yielding to 1 active efficient-set task(s); waiting 60s
[dp] Yielding to 1 active efficient-set task(s); waiting 60s
[dp] Yielding to 1 active efficient-set task(s); waiting 60s
[dp] Yielding to 1 active efficient-set task(s); waiting 60s
[dp] Yielding to 1 active efficient-set task(s); waiting 60s
[dp] Yielding to 1 active efficient-set task(s); waiting 60s
[dp] Yielding to 1 active efficient-set task(s); waiting 60s
[dp] Yielding to 1 active efficient-set task(s); waiting 60s
[dp] Yielding to 1 active efficient-set task(s); waiting 60s
[dp] Yielding to 1 active efficient-set task(s); waiting 60s
[dp] Yielding to 1 active efficient-set task(s); waiting 60s
[dp] Yielding to 1 active efficient-set task(s); waiting 60s
[dp] Yielding to 1 active efficient-set task(s); waiting 60s
[dp] Yielding to 1 active efficient-set task(s); waiting 60s
[dp] Yielding to 1 active efficient-set task(s); waiting 60s
[dp] Yielding to 1 active efficient-set task(s); waiting 60s
[dp] Yielding to 1 active efficient-set task(s); waiting 60s
[dp] Yielding to 1 active efficient-set task(s); waiting 60s
[dp] Yielding to 1 active efficient-set task(s); waiting 60s
[dp] Yielding to 1 active efficient-set task(s); waiting 60s
[dp] Yielding to 1 active efficient-set task(s); waiting 60s
[dp] Yielding to 1 active efficient-set task(s); waiting 60s
[dp] Yielding to 1 active efficient-set task(s); waiting 60s
[dp] Yielding to 1 active efficient-set task(s); waiting 60s
[dp] Yielding to 1 active efficient-set task(s); waiting 60s
[dp] Yielding to 1 active efficient-set task(s); waiting 60s
[dp] Yielding to 1 active efficient-set task(s); waiting 60s
[dp] Yielding to 1 active efficient-set task(s); waiting 60s
[dp] Yielding to 1 active efficient-set task(s); waiting 60s
[dp] Yielding to 1 active efficient-set task(s); waiting 60s
[dp] Yielding to 1 active efficient-set task(s); waiting 60s
[dp] Yielding to 1 active efficient-set task(s); waiting 60s
[dp] Yielding to 1 active efficient-set task(s); waiting 60s
[dp] Yielding to 1 active efficient-set task(s); waiting 60s
[dp] Yielding to 1 active efficient-set task(s); waiting 60s
[dp] Yielding to 1 active efficient-set task(s); waiting 60s
[dp] Yielding to 1 active efficient-set task(s); waiting 60s
[dp] Yielding to 1 active efficient-set task(s); waiting 60s
[dp] Yielding to 1 active efficient-set task(s); waiting 60s
[dp] Yielding to 1 active efficient-set task(s); waiting 60s
[dp] Yielding to 1 active efficient-set task(s); waiting 60s
[dp] Yielding to 1 active efficient-set task(s); waiting 60s
[dp] Yielding to 1 active efficient-set task(s); waiting 60s
[dp] Yielding to 1 active efficient-set task(s); waiting 60s
[dp] Yielding to 1 active efficient-set task(s); waiting 60s
[dp] Yielding to 1 active efficient-set task(s); waiting 60s
[dp] Yielding to 1 active efficient-set task(s); waiting 60s
[dp] Yielding to 1 active efficient-set task(s); waiting 60s
[dp] Yielding to 1 active efficient-set task(s); waiting 60s
[dp] Yielding to 1 active efficient-set task(s); waiting 60s
[dp] Yielding to 1 active efficient-set task(s); waiting 60s
[dp] Yielding to 1 active efficient-set task(s); waiting 60s
[dp] Waiting for Gurobi slot (max concurrent: 2)

============================= JOB FEEDBACK =============================

NodeName=uc3n007
Job ID: 4199215
Array Job ID: 4199185_59
Cluster: uc3
User/Group: ma_fablange/ma_ma
State: CANCELLED (exit code 0)
Nodes: 1
Cores per node: 2
CPU Utilized: 00:00:00
CPU Efficiency: 0.00% of 18:42:46 core-walltime
Job Wall-clock time: 09:21:23
Memory Utilized: 2.26 GB
Memory Efficiency: 22.57% of 10.00 GB (10.00 GB/node)
