Using Gurobi license file: /scratch/slurm_tmpdir/job_4199219/gurobi_4199219_67/gurobi.lic (LICENSEID=2817305)
Gurobi preflight: GRB_LICENSE_FILE=/scratch/slurm_tmpdir/job_4199219/gurobi_4199219_67/gurobi.lic, exists=True, WLSACCESSID=9f1b...dedb, LICENSEID=2817305
Running task_id=67 with HIGH_SENSITIVITY=True, GT_MODEL=TMNL, TRAIN_ON_ALL_SETS=True, LARGE_PRODUCT_SET=True
xlogit long data: obs=9946, alts=101, rows=1004546, memory=22.99 MiB
[dp] Yielding to 18 active efficient-set task(s); waiting 60s
[dp] Yielding to 18 active efficient-set task(s); waiting 60s
[dp] Yielding to 17 active efficient-set task(s); waiting 60s
[dp] Yielding to 16 active efficient-set task(s); waiting 60s
[dp] Yielding to 14 active efficient-set task(s); waiting 60s
[dp] Yielding to 14 active efficient-set task(s); waiting 60s
[dp] Yielding to 13 active efficient-set task(s); waiting 60s
[dp] Yielding to 12 active efficient-set task(s); waiting 60s
[dp] Yielding to 12 active efficient-set task(s); waiting 60s
[dp] Yielding to 12 active efficient-set task(s); waiting 60s
[dp] Yielding to 12 active efficient-set task(s); waiting 60s
[dp] Yielding to 12 active efficient-set task(s); waiting 60s
[dp] Yielding to 12 active efficient-set task(s); waiting 60s
[dp] Yielding to 12 active efficient-set task(s); waiting 60s
[dp] Yielding to 12 active efficient-set task(s); waiting 60s
[dp] Yielding to 12 active efficient-set task(s); waiting 60s
[dp] Yielding to 11 active efficient-set task(s); waiting 60s
[dp] Yielding to 10 active efficient-set task(s); waiting 60s
[dp] Yielding to 10 active efficient-set task(s); waiting 60s
[dp] Yielding to 10 active efficient-set task(s); waiting 60s
[dp] Yielding to 10 active efficient-set task(s); waiting 60s
[dp] Yielding to 10 active efficient-set task(s); waiting 60s
[dp] Yielding to 10 active efficient-set task(s); waiting 60s
[dp] Yielding to 10 active efficient-set task(s); waiting 60s
[dp] Yielding to 10 active efficient-set task(s); waiting 60s
[dp] Yielding to 10 active efficient-set task(s); waiting 60s
[dp] Yielding to 10 active efficient-set task(s); waiting 60s
[dp] Yielding to 10 active efficient-set task(s); waiting 60s
[dp] Yielding to 10 active efficient-set task(s); waiting 60s
[dp] Yielding to 10 active efficient-set task(s); waiting 60s
[dp] Yielding to 10 active efficient-set task(s); waiting 60s
[dp] Yielding to 10 active efficient-set task(s); waiting 60s
[dp] Yielding to 10 active efficient-set task(s); waiting 60s
[dp] Yielding to 10 active efficient-set task(s); waiting 60s
[dp] Yielding to 10 active efficient-set task(s); waiting 60s
[dp] Yielding to 10 active efficient-set task(s); waiting 60s
[dp] Yielding to 10 active efficient-set task(s); waiting 60s
[dp] Yielding to 10 active efficient-set task(s); waiting 60s
[dp] Yielding to 10 active efficient-set task(s); waiting 60s
[dp] Yielding to 10 active efficient-set task(s); waiting 60s
[dp] Yielding to 10 active efficient-set task(s); waiting 60s
[dp] Yielding to 10 active efficient-set task(s); waiting 60s
[dp] Yielding to 10 active efficient-set task(s); waiting 60s
[dp] Yielding to 10 active efficient-set task(s); waiting 60s
[dp] Yielding to 10 active efficient-set task(s); waiting 60s
[dp] Yielding to 10 active efficient-set task(s); waiting 60s
[dp] Yielding to 10 active efficient-set task(s); waiting 60s
[dp] Yielding to 10 active efficient-set task(s); waiting 60s
[dp] Yielding to 10 active efficient-set task(s); waiting 60s
[dp] Yielding to 10 active efficient-set task(s); waiting 60s
[dp] Yielding to 9 active efficient-set task(s); waiting 60s
[dp] Yielding to 8 active efficient-set task(s); waiting 60s
[dp] Yielding to 7 active efficient-set task(s); waiting 60s
[dp] Yielding to 7 active efficient-set task(s); waiting 60s
[dp] Yielding to 7 active efficient-set task(s); waiting 60s
[dp] Yielding to 7 active efficient-set task(s); waiting 60s
[dp] Yielding to 7 active efficient-set task(s); waiting 60s
[dp] Yielding to 7 active efficient-set task(s); waiting 60s
[dp] Yielding to 7 active efficient-set task(s); waiting 60s
[dp] Yielding to 7 active efficient-set task(s); waiting 60s
[dp] Yielding to 7 active efficient-set task(s); waiting 60s
[dp] Yielding to 7 active efficient-set task(s); waiting 60s
[dp] Yielding to 7 active efficient-set task(s); waiting 60s
[dp] Yielding to 7 active efficient-set task(s); waiting 60s
[dp] Yielding to 7 active efficient-set task(s); waiting 60s
[dp] Yielding to 7 active efficient-set task(s); waiting 60s
[dp] Yielding to 7 active efficient-set task(s); waiting 60s
[dp] Yielding to 7 active efficient-set task(s); waiting 60s
[dp] Yielding to 7 active efficient-set task(s); waiting 60s
[dp] Yielding to 7 active efficient-set task(s); waiting 60s
[dp] Yielding to 7 active efficient-set task(s); waiting 60s
[dp] Yielding to 7 active efficient-set task(s); waiting 60s
[dp] Yielding to 7 active efficient-set task(s); waiting 60s
[dp] Yielding to 7 active efficient-set task(s); waiting 60s
[dp] Yielding to 7 active efficient-set task(s); waiting 60s
[dp] Yielding to 7 active efficient-set task(s); waiting 60s
[dp] Yielding to 7 active efficient-set task(s); waiting 60s
[dp] Yielding to 7 active efficient-set task(s); waiting 60s
[dp] Yielding to 7 active efficient-set task(s); waiting 60s
[dp] Yielding to 7 active efficient-set task(s); waiting 60s
[dp] Yielding to 7 active efficient-set task(s); waiting 60s
[dp] Yielding to 7 active efficient-set task(s); waiting 60s
[dp] Yielding to 7 active efficient-set task(s); waiting 60s
[dp] Yielding to 7 active efficient-set task(s); waiting 60s
[dp] Yielding to 7 active efficient-set task(s); waiting 60s
[dp] Yielding to 7 active efficient-set task(s); waiting 60s
[dp] Yielding to 6 active efficient-set task(s); waiting 60s
[dp] Yielding to 6 active efficient-set task(s); waiting 60s
[dp] Yielding to 5 active efficient-set task(s); waiting 60s
[dp] Yielding to 5 active efficient-set task(s); waiting 60s
[dp] Yielding to 5 active efficient-set task(s); waiting 60s
[dp] Yielding to 5 active efficient-set task(s); waiting 60s
[dp] Yielding to 5 active efficient-set task(s); waiting 60s
[dp] Yielding to 5 active efficient-set task(s); waiting 60s
[dp] Yielding to 5 active efficient-set task(s); waiting 60s
[dp] Yielding to 5 active efficient-set task(s); waiting 60s
[dp] Yielding to 5 active efficient-set task(s); waiting 60s
[dp] Yielding to 5 active efficient-set task(s); waiting 60s
[dp] Yielding to 5 active efficient-set task(s); waiting 60s
[dp] Yielding to 5 active efficient-set task(s); waiting 60s
[dp] Yielding to 5 active efficient-set task(s); waiting 60s
[dp] Yielding to 5 active efficient-set task(s); waiting 60s
[dp] Yielding to 5 active efficient-set task(s); waiting 60s
[dp] Yielding to 5 active efficient-set task(s); waiting 60s
[dp] Yielding to 5 active efficient-set task(s); waiting 60s
[dp] Yielding to 5 active efficient-set task(s); waiting 60s
[dp] Yielding to 5 active efficient-set task(s); waiting 60s
[dp] Yielding to 5 active efficient-set task(s); waiting 60s
[dp] Yielding to 5 active efficient-set task(s); waiting 60s
[dp] Yielding to 5 active efficient-set task(s); waiting 60s
[dp] Yielding to 5 active efficient-set task(s); waiting 60s
[dp] Yielding to 5 active efficient-set task(s); waiting 60s
[dp] Yielding to 5 active efficient-set task(s); waiting 60s
[dp] Yielding to 5 active efficient-set task(s); waiting 60s
[dp] Yielding to 5 active efficient-set task(s); waiting 60s
[dp] Yielding to 5 active efficient-set task(s); waiting 60s
[dp] Yielding to 5 active efficient-set task(s); waiting 60s
[dp] Yielding to 5 active efficient-set task(s); waiting 60s
[dp] Yielding to 5 active efficient-set task(s); waiting 60s
[dp] Yielding to 5 active efficient-set task(s); waiting 60s
[dp] Yielding to 5 active efficient-set task(s); waiting 60s
[dp] Yielding to 5 active efficient-set task(s); waiting 60s
[dp] Yielding to 5 active efficient-set task(s); waiting 60s
[dp] Yielding to 5 active efficient-set task(s); waiting 60s
[dp] Yielding to 5 active efficient-set task(s); waiting 60s
[dp] Yielding to 5 active efficient-set task(s); waiting 60s
[dp] Yielding to 5 active efficient-set task(s); waiting 60s
[dp] Yielding to 5 active efficient-set task(s); waiting 60s
[dp] Yielding to 4 active efficient-set task(s); waiting 60s
[dp] Yielding to 3 active efficient-set task(s); waiting 60s
[dp] Yielding to 3 active efficient-set task(s); waiting 60s
[dp] Yielding to 3 active efficient-set task(s); waiting 60s
[dp] Yielding to 3 active efficient-set task(s); waiting 60s
[dp] Yielding to 3 active efficient-set task(s); waiting 60s
[dp] Yielding to 3 active efficient-set task(s); waiting 60s
[dp] Yielding to 3 active efficient-set task(s); waiting 60s
[dp] Yielding to 3 active efficient-set task(s); waiting 60s
[dp] Yielding to 3 active efficient-set task(s); waiting 60s
[dp] Yielding to 3 active efficient-set task(s); waiting 60s
[dp] Yielding to 3 active efficient-set task(s); waiting 60s
[dp] Yielding to 3 active efficient-set task(s); waiting 60s
[dp] Yielding to 3 active efficient-set task(s); waiting 60s
[dp] Yielding to 3 active efficient-set task(s); waiting 60s
[dp] Yielding to 3 active efficient-set task(s); waiting 60s
[dp] Yielding to 3 active efficient-set task(s); waiting 60s
[dp] Yielding to 3 active efficient-set task(s); waiting 60s
[dp] Yielding to 3 active efficient-set task(s); waiting 60s
[dp] Yielding to 3 active efficient-set task(s); waiting 60s
[dp] Yielding to 3 active efficient-set task(s); waiting 60s
[dp] Yielding to 3 active efficient-set task(s); waiting 60s
[dp] Yielding to 3 active efficient-set task(s); waiting 60s
[dp] Yielding to 3 active efficient-set task(s); waiting 60s
[dp] Yielding to 3 active efficient-set task(s); waiting 60s
[dp] Yielding to 3 active efficient-set task(s); waiting 60s
[dp] Yielding to 3 active efficient-set task(s); waiting 60s
[dp] Yielding to 3 active efficient-set task(s); waiting 60s
[dp] Yielding to 3 active efficient-set task(s); waiting 60s
[dp] Yielding to 3 active efficient-set task(s); waiting 60s
[dp] Yielding to 3 active efficient-set task(s); waiting 60s
[dp] Yielding to 3 active efficient-set task(s); waiting 60s
[dp] Yielding to 3 active efficient-set task(s); waiting 60s
[dp] Yielding to 3 active efficient-set task(s); waiting 60s
[dp] Yielding to 3 active efficient-set task(s); waiting 60s
[dp] Yielding to 3 active efficient-set task(s); waiting 60s
[dp] Yielding to 3 active efficient-set task(s); waiting 60s
[dp] Yielding to 3 active efficient-set task(s); waiting 60s
[dp] Yielding to 3 active efficient-set task(s); waiting 60s
[dp] Yielding to 3 active efficient-set task(s); waiting 60s
[dp] Yielding to 3 active efficient-set task(s); waiting 60s
[dp] Yielding to 3 active efficient-set task(s); waiting 60s
[dp] Yielding to 3 active efficient-set task(s); waiting 60s
[dp] Yielding to 3 active efficient-set task(s); waiting 60s
[dp] Yielding to 3 active efficient-set task(s); waiting 60s
[dp] Yielding to 3 active efficient-set task(s); waiting 60s
[dp] Yielding to 3 active efficient-set task(s); waiting 60s
[dp] Yielding to 3 active efficient-set task(s); waiting 60s
[dp] Yielding to 3 active efficient-set task(s); waiting 60s
[dp] Yielding to 3 active efficient-set task(s); waiting 60s
[dp] Yielding to 3 active efficient-set task(s); waiting 60s
[dp] Yielding to 3 active efficient-set task(s); waiting 60s
[dp] Yielding to 3 active efficient-set task(s); waiting 60s
[dp] Yielding to 3 active efficient-set task(s); waiting 60s
[dp] Yielding to 3 active efficient-set task(s); waiting 60s
[dp] Yielding to 3 active efficient-set task(s); waiting 60s
[dp] Yielding to 3 active efficient-set task(s); waiting 60s
[dp] Yielding to 3 active efficient-set task(s); waiting 60s
[dp] Yielding to 3 active efficient-set task(s); waiting 60s
[dp] Yielding to 3 active efficient-set task(s); waiting 60s
[dp] Yielding to 3 active efficient-set task(s); waiting 60s
[dp] Yielding to 3 active efficient-set task(s); waiting 60s
[dp] Yielding to 3 active efficient-set task(s); waiting 60s
[dp] Yielding to 3 active efficient-set task(s); waiting 60s
[dp] Yielding to 3 active efficient-set task(s); waiting 60s
[dp] Yielding to 3 active efficient-set task(s); waiting 60s
[dp] Yielding to 3 active efficient-set task(s); waiting 60s
[dp] Yielding to 3 active efficient-set task(s); waiting 60s
[dp] Yielding to 3 active efficient-set task(s); waiting 60s
[dp] Yielding to 3 active efficient-set task(s); waiting 60s
[dp] Yielding to 3 active efficient-set task(s); waiting 60s
[dp] Yielding to 3 active efficient-set task(s); waiting 60s
[dp] Yielding to 3 active efficient-set task(s); waiting 60s
[dp] Yielding to 3 active efficient-set task(s); waiting 60s
[dp] Yielding to 3 active efficient-set task(s); waiting 60s
[dp] Yielding to 3 active efficient-set task(s); waiting 60s
[dp] Yielding to 3 active efficient-set task(s); waiting 60s
[dp] Yielding to 3 active efficient-set task(s); waiting 60s
[dp] Yielding to 3 active efficient-set task(s); waiting 60s
[dp] Yielding to 3 active efficient-set task(s); waiting 60s
[dp] Yielding to 3 active efficient-set task(s); waiting 60s
[dp] Yielding to 3 active efficient-set task(s); waiting 60s
[dp] Yielding to 3 active efficient-set task(s); waiting 60s
[dp] Yielding to 3 active efficient-set task(s); waiting 60s
[dp] Yielding to 3 active efficient-set task(s); waiting 60s
[dp] Yielding to 3 active efficient-set task(s); waiting 60s
[dp] Yielding to 3 active efficient-set task(s); waiting 60s
[dp] Yielding to 3 active efficient-set task(s); waiting 60s
[dp] Yielding to 3 active efficient-set task(s); waiting 60s
[dp] Yielding to 3 active efficient-set task(s); waiting 60s
[dp] Yielding to 3 active efficient-set task(s); waiting 60s
[dp] Yielding to 3 active efficient-set task(s); waiting 60s
[dp] Yielding to 3 active efficient-set task(s); waiting 60s
[dp] Yielding to 3 active efficient-set task(s); waiting 60s
[dp] Yielding to 3 active efficient-set task(s); waiting 60s
[dp] Yielding to 3 active efficient-set task(s); waiting 60s
[dp] Yielding to 3 active efficient-set task(s); waiting 60s
[dp] Yielding to 3 active efficient-set task(s); waiting 60s
[dp] Yielding to 3 active efficient-set task(s); waiting 60s
[dp] Yielding to 3 active efficient-set task(s); waiting 60s
[dp] Yielding to 3 active efficient-set task(s); waiting 60s
[dp] Yielding to 3 active efficient-set task(s); waiting 60s
[dp] Yielding to 3 active efficient-set task(s); waiting 60s
[dp] Yielding to 3 active efficient-set task(s); waiting 60s
[dp] Yielding to 3 active efficient-set task(s); waiting 60s
[dp] Yielding to 3 active efficient-set task(s); waiting 60s
[dp] Yielding to 3 active efficient-set task(s); waiting 60s
[dp] Yielding to 3 active efficient-set task(s); waiting 60s
[dp] Yielding to 3 active efficient-set task(s); waiting 60s
[dp] Yielding to 3 active efficient-set task(s); waiting 60s
[dp] Yielding to 3 active efficient-set task(s); waiting 60s
[dp] Yielding to 3 active efficient-set task(s); waiting 60s
[dp] Yielding to 3 active efficient-set task(s); waiting 60s
[dp] Yielding to 3 active efficient-set task(s); waiting 60s
[dp] Yielding to 3 active efficient-set task(s); waiting 60s
[dp] Yielding to 3 active efficient-set task(s); waiting 60s
[dp] Yielding to 3 active efficient-set task(s); waiting 60s
[dp] Yielding to 3 active efficient-set task(s); waiting 60s
[dp] Yielding to 3 active efficient-set task(s); waiting 60s
[dp] Yielding to 3 active efficient-set task(s); waiting 60s
[dp] Yielding to 3 active efficient-set task(s); waiting 60s
[dp] Yielding to 2 active efficient-set task(s); waiting 60s
[dp] Yielding to 2 active efficient-set task(s); waiting 60s
[dp] Yielding to 1 active efficient-set task(s); waiting 60s
[dp] Yielding to 1 active efficient-set task(s); waiting 60s
[dp] Yielding to 1 active efficient-set task(s); waiting 60s
[dp] Yielding to 1 active efficient-set task(s); waiting 60s
[dp] Yielding to 1 active efficient-set task(s); waiting 60s
[dp] Yielding to 1 active efficient-set task(s); waiting 60s
[dp] Yielding to 1 active efficient-set task(s); waiting 60s
[dp] Yielding to 1 active efficient-set task(s); waiting 60s
[dp] Yielding to 1 active efficient-set task(s); waiting 60s
[dp] Yielding to 1 active efficient-set task(s); waiting 60s
[dp] Yielding to 1 active efficient-set task(s); waiting 60s
[dp] Yielding to 1 active efficient-set task(s); waiting 60s
[dp] Yielding to 1 active efficient-set task(s); waiting 60s
[dp] Yielding to 1 active efficient-set task(s); waiting 60s
[dp] Yielding to 1 active efficient-set task(s); waiting 60s
[dp] Yielding to 1 active efficient-set task(s); waiting 60s
[dp] Yielding to 1 active efficient-set task(s); waiting 60s
[dp] Yielding to 1 active efficient-set task(s); waiting 60s
[dp] Yielding to 1 active efficient-set task(s); waiting 60s
[dp] Yielding to 1 active efficient-set task(s); waiting 60s
[dp] Yielding to 1 active efficient-set task(s); waiting 60s
[dp] Yielding to 1 active efficient-set task(s); waiting 60s
[dp] Yielding to 1 active efficient-set task(s); waiting 60s
[dp] Yielding to 1 active efficient-set task(s); waiting 60s
[dp] Yielding to 1 active efficient-set task(s); waiting 60s
[dp] Yielding to 1 active efficient-set task(s); waiting 60s
[dp] Yielding to 1 active efficient-set task(s); waiting 60s
[dp] Yielding to 1 active efficient-set task(s); waiting 60s
[dp] Yielding to 1 active efficient-set task(s); waiting 60s
[dp] Yielding to 1 active efficient-set task(s); waiting 60s
[dp] Yielding to 1 active efficient-set task(s); waiting 60s
[dp] Yielding to 1 active efficient-set task(s); waiting 60s
[dp] Yielding to 1 active efficient-set task(s); waiting 60s
[dp] Yielding to 1 active efficient-set task(s); waiting 60s
[dp] Yielding to 1 active efficient-set task(s); waiting 60s
[dp] Yielding to 1 active efficient-set task(s); waiting 60s
[dp] Yielding to 1 active efficient-set task(s); waiting 60s
[dp] Yielding to 1 active efficient-set task(s); waiting 60s
[dp] Yielding to 1 active efficient-set task(s); waiting 60s
[dp] Yielding to 1 active efficient-set task(s); waiting 60s
[dp] Yielding to 1 active efficient-set task(s); waiting 60s
[dp] Yielding to 1 active efficient-set task(s); waiting 60s
[dp] Yielding to 1 active efficient-set task(s); waiting 60s
[dp] Yielding to 1 active efficient-set task(s); waiting 60s
[dp] Yielding to 1 active efficient-set task(s); waiting 60s
[dp] Yielding to 1 active efficient-set task(s); waiting 60s
[dp] Yielding to 1 active efficient-set task(s); waiting 60s
[dp] Yielding to 1 active efficient-set task(s); waiting 60s
[dp] Yielding to 1 active efficient-set task(s); waiting 60s
[dp] Yielding to 1 active efficient-set task(s); waiting 60s
[dp] Yielding to 1 active efficient-set task(s); waiting 60s
[dp] Yielding to 1 active efficient-set task(s); waiting 60s
[dp] Yielding to 1 active efficient-set task(s); waiting 60s
[dp] Yielding to 1 active efficient-set task(s); waiting 60s
[dp] Yielding to 1 active efficient-set task(s); waiting 60s
[dp] Yielding to 1 active efficient-set task(s); waiting 60s
[dp] Yielding to 1 active efficient-set task(s); waiting 60s
[dp] Yielding to 1 active efficient-set task(s); waiting 60s
[dp] Yielding to 1 active efficient-set task(s); waiting 60s
[dp] Yielding to 1 active efficient-set task(s); waiting 60s
[dp] Yielding to 1 active efficient-set task(s); waiting 60s
[dp] Yielding to 1 active efficient-set task(s); waiting 60s
[dp] Yielding to 1 active efficient-set task(s); waiting 60s
[dp] Yielding to 1 active efficient-set task(s); waiting 60s
[dp] Yielding to 1 active efficient-set task(s); waiting 60s
[dp] Yielding to 1 active efficient-set task(s); waiting 60s
[dp] Yielding to 1 active efficient-set task(s); waiting 60s
[dp] Yielding to 1 active efficient-set task(s); waiting 60s
[dp] Yielding to 1 active efficient-set task(s); waiting 60s
[dp] Yielding to 1 active efficient-set task(s); waiting 60s
[dp] Yielding to 1 active efficient-set task(s); waiting 60s
[dp] Yielding to 1 active efficient-set task(s); waiting 60s
[dp] Yielding to 1 active efficient-set task(s); waiting 60s
[dp] Yielding to 1 active efficient-set task(s); waiting 60s
[dp] Yielding to 1 active efficient-set task(s); waiting 60s
[dp] Yielding to 1 active efficient-set task(s); waiting 60s
[dp] Yielding to 1 active efficient-set task(s); waiting 60s
[dp] Yielding to 1 active efficient-set task(s); waiting 60s
[dp] Yielding to 1 active efficient-set task(s); waiting 60s
[dp] Yielding to 1 active efficient-set task(s); waiting 60s
[dp] Yielding to 1 active efficient-set task(s); waiting 60s
[dp] Yielding to 1 active efficient-set task(s); waiting 60s
[dp] Yielding to 1 active efficient-set task(s); waiting 60s
[dp] Yielding to 1 active efficient-set task(s); waiting 60s
[dp] Yielding to 1 active efficient-set task(s); waiting 60s
[dp] Yielding to 1 active efficient-set task(s); waiting 60s
[dp] Yielding to 1 active efficient-set task(s); waiting 60s
[dp] Yielding to 1 active efficient-set task(s); waiting 60s
[dp] Yielding to 1 active efficient-set task(s); waiting 60s
[dp] Waiting for Gurobi slot (max concurrent: 2)

============================= JOB FEEDBACK =============================

NodeName=uc3n008
Job ID: 4199219
Array Job ID: 4199185_67
Cluster: uc3
User/Group: ma_fablange/ma_ma
State: CANCELLED (exit code 0)
Nodes: 1
Cores per node: 2
CPU Utilized: 00:00:00
CPU Efficiency: 0.00% of 18:42:00 core-walltime
Job Wall-clock time: 09:21:00
Memory Utilized: 4.28 GB
Memory Efficiency: 42.80% of 10.00 GB (10.00 GB/node)
