Traceback (most recent call last):
  File "/pfs/data6/home/ma/ma_ma/ma_fablange/RL_Dynamic_Choice_RM/example_2/slurm/run_experiment_grid.py", line 53, in <module>
    run_single(args.task_id)
  File "/pfs/data6/home/ma/ma_ma/ma_fablange/RL_Dynamic_Choice_RM/example_2/slurm/run_experiment_grid.py", line 45, in run_single
    runpy.run_path(str(exec_path), run_name="__main__")
  File "<frozen runpy>", line 287, in run_path
  File "<frozen runpy>", line 98, in _run_module_code
  File "<frozen runpy>", line 88, in _run_code
  File "/pfs/data6/home/ma/ma_ma/ma_fablange/RL_Dynamic_Choice_RM/example_2/exec.py", line 329, in <module>
    main()
  File "/pfs/data6/home/ma/ma_ma/ma_fablange/RL_Dynamic_Choice_RM/example_2/exec.py", line 59, in main
    observations = collect_transaction_data(_env)
                   ^^^^^^^^^^^^^^^^^^^^^^^^^^^^^^
  File "/pfs/data6/home/ma/ma_ma/ma_fablange/RL_Dynamic_Choice_RM/example_2/estimation_biogeme.py", line 34, in collect_transaction_data
    _, reward, done, truncated, _ = env.step(sampled_action)
                                    ^^^^^^^^^^^^^^^^^^^^^^^^
  File "/pfs/data6/home/ma/ma_ma/ma_fablange/RL_Dynamic_Choice_RM/example_2/env_example_2.py", line 61, in step
    buying_probabilities = get_buying_probabilities_by_model(
                           ^^^^^^^^^^^^^^^^^^^^^^^^^^^^^^^^^^
  File "/pfs/data6/home/ma/ma_ma/ma_fablange/RL_Dynamic_Choice_RM/example_2/buying_probabilities.py", line 326, in get_buying_probabilities_by_model
    probabilities = _mnl_consideration_probabilities(action_binary, beta=beta)
                    ^^^^^^^^^^^^^^^^^^^^^^^^^^^^^^^^^^^^^^^^^^^^^^^^^^^^^^^^^^
  File "/pfs/data6/home/ma/ma_ma/ma_fablange/RL_Dynamic_Choice_RM/example_2/buying_probabilities.py", line 182, in _mnl_consideration_probabilities
    subset_matrix = _subset_membership_matrix(k)
                    ^^^^^^^^^^^^^^^^^^^^^^^^^^^^
  File "/pfs/data6/home/ma/ma_ma/ma_fablange/RL_Dynamic_Choice_RM/example_2/buying_probabilities.py", line 14, in _subset_membership_matrix
    masks = np.arange(1 << k, dtype=np.uint32)
            ^^^^^^^^^^^^^^^^^^^^^^^^^^^^^^^^^^
numpy._core._exceptions._ArrayMemoryError: Unable to allocate 8.00 TiB for an array with shape (2199023255552,) and data type uint32
