Using Gurobi license file: /scratch/slurm_tmpdir/job_4198991/gurobi_4198991_45/gurobi.lic (LICENSEID=2817305)
Gurobi preflight: GRB_LICENSE_FILE=/scratch/slurm_tmpdir/job_4198991/gurobi_4198991_45/gurobi.lic, exists=True, WLSACCESSID=9f1b...dedb, LICENSEID=2817305
Running task_id=45 with HIGH_SENSITIVITY=True, GT_MODEL=MMNL_2PT, TRAIN_ON_ALL_SETS=False, LARGE_PRODUCT_SET=True
[efficient_sets] Registered pending marker: /pfs/data6/home/ma/ma_ma/ma_fablange/RL_Dynamic_Choice_RM/example_2/slurm/.gurobi_slots/effsets_pending/task_45
xlogit long data: obs=10145, alts=101, rows=1024645, memory=23.45 MiB
[efficient_sets] Waiting for Gurobi slot (max concurrent: 2)
[efficient_sets] Acquired Gurobi slot 2
Set parameter WLSAccessID
Set parameter WLSSecret
Set parameter LicenseID to value 2817305
[efficient_sets] Released Gurobi slot 2
Max traced memory: 4752.50 MiB

============================= JOB FEEDBACK =============================

NodeName=uc3n008
Job ID: 4198991
Array Job ID: 4198967_45
Cluster: uc3
User/Group: ma_fablange/ma_ma
State: FAILED (exit code 1)
Nodes: 1
Cores per node: 2
CPU Utilized: 00:00:39
CPU Efficiency: 0.51% of 02:06:16 core-walltime
Job Wall-clock time: 01:03:08
Memory Utilized: 3.53 GB
Memory Efficiency: 35.25% of 10.00 GB (10.00 GB/node)
