Using Gurobi license file: /scratch/slurm_tmpdir/job_4198995/gurobi_4198995_53/gurobi.lic (LICENSEID=2817305)
Gurobi preflight: GRB_LICENSE_FILE=/scratch/slurm_tmpdir/job_4198995/gurobi_4198995_53/gurobi.lic, exists=True, WLSACCESSID=9f1b...dedb, LICENSEID=2817305
Running task_id=53 with HIGH_SENSITIVITY=True, GT_MODEL=Probit, TRAIN_ON_ALL_SETS=False, LARGE_PRODUCT_SET=True
[efficient_sets] Registered pending marker: /pfs/data6/home/ma/ma_ma/ma_fablange/RL_Dynamic_Choice_RM/example_2/slurm/.gurobi_slots/effsets_pending/task_53
xlogit long data: obs=10164, alts=101, rows=1026564, memory=23.50 MiB
[efficient_sets] Waiting for Gurobi slot (max concurrent: 2)
[efficient_sets] Acquired Gurobi slot 2
Set parameter WLSAccessID
Set parameter WLSSecret
Set parameter LicenseID to value 2817305
[efficient_sets] Released Gurobi slot 2
Max traced memory: 4761.41 MiB

============================= JOB FEEDBACK =============================

NodeName=uc3n009
Job ID: 4198995
Array Job ID: 4198967_53
Cluster: uc3
User/Group: ma_fablange/ma_ma
State: FAILED (exit code 1)
Nodes: 1
Cores per node: 2
CPU Utilized: 00:00:41
CPU Efficiency: 0.56% of 02:02:20 core-walltime
Job Wall-clock time: 01:01:10
Memory Utilized: 4.95 GB
Memory Efficiency: 49.50% of 10.00 GB (10.00 GB/node)
