
============================================================
TASK_ID: 16
GT_MODEL: NLogit
HIGH_SENSITIVITY: False
TRAIN_ON_ALL_SETS: False
============================================================
RL Training Seeds: 15, RL Training Steps: [20000, 100000, 500000], Estimation Episodes: 50

Observation sampling time: 0.5709 seconds
Estimation_MNL  time: 4.8359s | beta: -0.001999, lambda: 0.496488
  LL: -17174.580000, AIC: 34351.150, BIC: 34358.380

Estimation_MMNL_5PT time: 24.6725s | lambda: 0.496488
  LL: -17162.690000, AIC: 34349.380, BIC: 34436.110
Betas: ['-0.050000', '-0.002495', '-0.002485', '-0.002489', '-0.000001']
Weights: ['0.075299', '0.094867', '0.113426', '0.533139', '0.183269']

Estimation_MMNL_2PT time: 7.8234s | lambda: 0.496488
  LL: -17167.090000, AIC: 34340.170, BIC: 34361.860
Betas: ['-0.001746', '-0.050000']
Weights: ['0.965040', '0.034960']

Estimation_MMNL_CONT time: 41.4191s | mu: -6.414894, sigma: 0.717436, lambda: 0.496488
  LL: -17168.440000, AIC: 34340.870, BIC: 34355.330

MNL  efficient sets time: 0.0107s | sets: (0, 1, 3, 7, 15, 31)
MMNL 5PT efficient sets time: 0.0543s | sets: (0, 1, 3, 7, 15, 31)
MMNL 2PT efficient sets time: 0.0363s | sets: (0, 1, 3, 7, 15)
MMNL Cont efficient sets time: 0.0324s | sets: (0, 1, 3, 11, 271)

DP_MNL  time: 0.3490s | V(0,C): 60146.08
DP_MMNL_5PT time: 0.3520s | V(0,C): 55226.48
DP_MMNL_2PT time: 0.3493s | V(0,C): 60922.95
DP_MMNL_CONT time: 0.3519s | V(0,C): 66182.56

Average MNL reward over 1000 episodes: 55173.78

=== 20,000 training timesteps ===
Method       | TrainTimeMean(s) | TrainTimeStd(s) | RewardMean | RewardStdAcrossRuns | PctOfDP(%) | PctOfDPStd(%) | LoadFactorMean(%) | LoadFactorStdAcrossRuns(%)
-------------+------------------+-----------------+------------+---------------------+------------+---------------+-------------------+---------------------------
DQN          | 3.29             | 0.05            | 52479.00   | 4862.94             | 95.70      | 5.51          | 61.77             | 10.94                     
QRDQN        | 18.38            | 0.66            | 52288.67   | 6564.57             | 95.41      | 10.33         | 58.02             | 10.64                     
ARS          | 2.10             | 0.02            | 48272.67   | 14476.19            | 88.22      | 25.57         | 56.65             | 19.13                     
A2C          | 4.53             | 0.05            | 54296.67   | 5013.77             | 98.93      | 3.75          | 64.72             | 9.22                      
TRPO         | 5.97             | 0.03            | 54600.67   | 5089.51             | 99.48      | 3.67          | 63.10             | 7.19                      
PPO          | 10.24            | 0.08            | 54331.67   | 3946.82             | 99.14      | 3.48          | 63.35             | 7.06                      
DP_MNL       | 0.35             | 0.00            | 54870.00   | 4441.38             | 100.00     | 0.00          | 67.78             | 5.11                      
DP_MMNL_5PT  | 0.35             | 0.00            | 54870.00   | 4441.38             | 100.00     | 0.00          | 67.78             | 5.11                      
DP_MMNL_2PT  | 0.35             | 0.00            | 56128.33   | 4720.19             | 102.29     | 2.21          | 61.84             | 4.95                      
DP_MMNL_CONT | 0.35             | 0.00            | 51590.00   | 4398.42             | 94.03      | 2.86          | 56.25             | 4.52                      

=== 100,000 training timesteps ===
Method       | TrainTimeMean(s) | TrainTimeStd(s) | RewardMean | RewardStdAcrossRuns | PctOfDP(%) | PctOfDPStd(%) | LoadFactorMean(%) | LoadFactorStdAcrossRuns(%)
-------------+------------------+-----------------+------------+---------------------+------------+---------------+-------------------+---------------------------
DQN          | 16.63            | 0.17            | 52034.67   | 5394.68             | 94.70      | 3.03          | 73.23             | 5.10                      
QRDQN        | 92.71            | 2.76            | 52288.67   | 6564.57             | 95.41      | 10.33         | 58.02             | 10.64                     
ARS          | 10.45            | 0.04            | 54217.67   | 5185.44             | 98.77      | 4.25          | 62.31             | 7.91                      
A2C          | 22.46            | 0.28            | 54965.67   | 4580.79             | 100.20     | 3.10          | 67.03             | 7.36                      
TRPO         | 26.66            | 0.13            | 55240.00   | 5148.57             | 100.60     | 2.56          | 63.71             | 5.24                      
PPO          | 44.41            | 0.30            | 54876.00   | 4223.59             | 100.09     | 3.34          | 61.26             | 5.28                      
DP_MNL       | 0.35             | 0.00            | 54870.00   | 4441.38             | 100.00     | 0.00          | 67.78             | 5.11                      
DP_MMNL_5PT  | 0.35             | 0.00            | 54870.00   | 4441.38             | 100.00     | 0.00          | 67.78             | 5.11                      
DP_MMNL_2PT  | 0.35             | 0.00            | 56128.33   | 4720.19             | 102.29     | 2.21          | 61.84             | 4.95                      
DP_MMNL_CONT | 0.35             | 0.00            | 51590.00   | 4398.42             | 94.03      | 2.86          | 56.25             | 4.52                      

=== 500,000 training timesteps ===
Method       | TrainTimeMean(s) | TrainTimeStd(s) | RewardMean | RewardStdAcrossRuns | PctOfDP(%) | PctOfDPStd(%) | LoadFactorMean(%) | LoadFactorStdAcrossRuns(%)
-------------+------------------+-----------------+------------+---------------------+------------+---------------+-------------------+---------------------------
DQN          | 83.42            | 0.78            | 52246.33   | 4507.00             | 95.22      | 3.03          | 69.91             | 6.18                      
QRDQN        | 458.21           | 9.73            | 52288.67   | 6564.57             | 95.41      | 10.33         | 58.02             | 10.64                     
ARS          | 43.86            | 0.15            | 55446.67   | 4320.98             | 101.09     | 2.11          | 63.64             | 6.55                      
A2C          | 115.70           | 1.82            | 54953.33   | 4586.54             | 100.18     | 3.14          | 66.99             | 7.31                      
TRPO         | 131.61           | 0.64            | 55821.67   | 4917.93             | 101.70     | 2.24          | 62.67             | 5.08                      
PPO          | 213.71           | 1.59            | 55635.00   | 4756.73             | 101.39     | 2.76          | 61.12             | 6.10                      
DP_MNL       | 0.35             | 0.00            | 54870.00   | 4441.38             | 100.00     | 0.00          | 67.78             | 5.11                      
DP_MMNL_5PT  | 0.35             | 0.00            | 54870.00   | 4441.38             | 100.00     | 0.00          | 67.78             | 5.11                      
DP_MMNL_2PT  | 0.35             | 0.00            | 56128.33   | 4720.19             | 102.29     | 2.21          | 61.84             | 4.95                      
DP_MMNL_CONT | 0.35             | 0.00            | 51590.00   | 4398.42             | 94.03      | 2.86          | 56.25             | 4.52                      
Execution completed successfully!
