
============================================================
TASK_ID: 15
GT_MODEL: TMNL
HIGH_SENSITIVITY: False
TRAIN_ON_ALL_SETS: True
============================================================
RL Training Seeds: 15, RL Training Steps: [20000, 100000, 500000, 1000000], Estimation Episodes: 50

Observation sampling time: 0.5123 seconds
Estimation_MNL  time: 4.6044s | beta: -0.000107, lambda: 0.499946
  LL: -16273.730000, AIC: 32549.470, BIC: 32556.600

Estimation_MMNL_5PT time: 14.6104s | lambda: 0.499946
  LL: -13452.190000, AIC: 26928.380, BIC: 27014.020
Betas: ['-0.050000', '-0.000001', '-0.006669', '-0.003878', '-0.036049']
Weights: ['0.000000', '0.000000', '0.000000', '0.970514', '0.029486']

Estimation_MMNL_2PT time: 7.3733s | lambda: 0.499946
  LL: -16273.730000, AIC: 32553.470, BIC: 32574.870
Betas: ['-0.000107', '-0.000108']
Weights: ['1.000000', '0.000000']

Estimation_MMNL_CONT time: 36.5316s | mu: -9.141335, sigma: 0.000000, lambda: 0.499946
  LL: -16273.730000, AIC: 32551.470, BIC: 32565.740

DP_MNL  time: 0.4483s | V(0,C): 82003.00
DP_MMNL_5PT time: 0.4936s | V(0,C): 42849.78
DP_MMNL_2PT time: 0.4784s | V(0,C): 82003.00
DP_MMNL_CONT time: 0.4770s | V(0,C): 82003.00

Average MNL reward over 1000 episodes: 86690.32

=== 20,000 training timesteps ===
Method       | TrainTimeMean(s) | TrainTimeStd(s) | RewardMean | RewardStdAcrossRuns | PctOfDP(%) | PctOfDPStd(%) | LoadFactorMean(%) | LoadFactorStdAcrossRuns(%)
-------------+------------------+-----------------+------------+---------------------+------------+---------------+-------------------+---------------------------
DQN          | 4.00             | 0.34            | 50502.00   | 6319.09             | 58.46      | 6.79          | 100.00            | 0.00                      
ARS          | 2.01             | 0.05            | 51177.67   | 12181.34            | 59.21      | 13.22         | 100.00            | 0.00                      
A2C          | 4.05             | 0.33            | 67673.67   | 8594.21             | 78.48      | 10.34         | 98.56             | 5.39                      
TRPO         | 5.23             | 0.11            | 75117.33   | 5405.41             | 87.14      | 7.73          | 99.46             | 2.02                      
PPO          | 9.72             | 0.75            | 71639.67   | 7012.94             | 83.09      | 8.80          | 100.00            | 0.00                      
DP_MNL       | 0.45             | 0.00            | 86461.67   | 5195.41             | 100.00     | 0.00          | 86.88             | 5.24                      
DP_MMNL_5PT  | 0.49             | 0.00            | 69508.33   | 2391.44             | 80.54      | 2.89          | 100.00            | 0.00                      
DP_MMNL_2PT  | 0.48             | 0.00            | 86461.67   | 5195.41             | 100.00     | 0.00          | 86.88             | 5.24                      
DP_MMNL_CONT | 0.48             | 0.00            | 86461.67   | 5195.41             | 100.00     | 0.00          | 86.88             | 5.24                      

=== 100,000 training timesteps ===
Method       | TrainTimeMean(s) | TrainTimeStd(s) | RewardMean | RewardStdAcrossRuns | PctOfDP(%) | PctOfDPStd(%) | LoadFactorMean(%) | LoadFactorStdAcrossRuns(%)
-------------+------------------+-----------------+------------+---------------------+------------+---------------+-------------------+---------------------------
DQN          | 19.91            | 1.71            | 50502.00   | 6319.09             | 58.46      | 6.79          | 100.00            | 0.00                      
ARS          | 9.94             | 0.12            | 60036.33   | 17189.91            | 69.86      | 20.71         | 96.29             | 10.01                     
A2C          | 20.29            | 1.55            | 81260.67   | 3098.92             | 94.32      | 6.63          | 100.00            | 0.00                      
TRPO         | 23.10            | 0.53            | 80268.00   | 3357.91             | 93.13      | 6.28          | 100.00            | 0.00                      
PPO          | 42.14            | 3.25            | 74220.00   | 3462.34             | 86.17      | 6.76          | 100.00            | 0.00                      
DP_MNL       | 0.45             | 0.00            | 86461.67   | 5195.41             | 100.00     | 0.00          | 86.88             | 5.24                      
DP_MMNL_5PT  | 0.49             | 0.00            | 69508.33   | 2391.44             | 80.54      | 2.89          | 100.00            | 0.00                      
DP_MMNL_2PT  | 0.48             | 0.00            | 86461.67   | 5195.41             | 100.00     | 0.00          | 86.88             | 5.24                      
DP_MMNL_CONT | 0.48             | 0.00            | 86461.67   | 5195.41             | 100.00     | 0.00          | 86.88             | 5.24                      

=== 500,000 training timesteps ===
Method       | TrainTimeMean(s) | TrainTimeStd(s) | RewardMean | RewardStdAcrossRuns | PctOfDP(%) | PctOfDPStd(%) | LoadFactorMean(%) | LoadFactorStdAcrossRuns(%)
-------------+------------------+-----------------+------------+---------------------+------------+---------------+-------------------+---------------------------
DQN          | 100.42           | 8.71            | 50502.00   | 6319.09             | 58.46      | 6.79          | 100.00            | 0.00                      
ARS          | 43.68            | 0.40            | 75304.33   | 6943.24             | 87.30      | 8.66          | 97.44             | 6.52                      
A2C          | 105.03           | 7.35            | 82399.33   | 3277.90             | 95.64      | 6.81          | 100.00            | 0.00                      
TRPO         | 114.34           | 2.31            | 85047.00   | 2076.11             | 98.68      | 5.71          | 100.00            | 0.00                      
PPO          | 202.56           | 13.95           | 77133.33   | 2977.66             | 89.50      | 5.78          | 100.00            | 0.00                      
DP_MNL       | 0.45             | 0.00            | 86461.67   | 5195.41             | 100.00     | 0.00          | 86.88             | 5.24                      
DP_MMNL_5PT  | 0.49             | 0.00            | 69508.33   | 2391.44             | 80.54      | 2.89          | 100.00            | 0.00                      
DP_MMNL_2PT  | 0.48             | 0.00            | 86461.67   | 5195.41             | 100.00     | 0.00          | 86.88             | 5.24                      
DP_MMNL_CONT | 0.48             | 0.00            | 86461.67   | 5195.41             | 100.00     | 0.00          | 86.88             | 5.24                      

=== 1,000,000 training timesteps ===
Method       | TrainTimeMean(s) | TrainTimeStd(s) | RewardMean | RewardStdAcrossRuns | PctOfDP(%) | PctOfDPStd(%) | LoadFactorMean(%) | LoadFactorStdAcrossRuns(%)
-------------+------------------+-----------------+------------+---------------------+------------+---------------+-------------------+---------------------------
DQN          | 201.26           | 15.84           | 52592.67   | 7189.69             | 60.75      | 6.74          | 100.00            | 0.00                      
ARS          | 87.02            | 0.92            | 77666.67   | 4551.51             | 90.12      | 7.08          | 96.86             | 6.65                      
A2C          | 215.27           | 14.22           | 82399.33   | 3277.90             | 95.64      | 6.81          | 100.00            | 0.00                      
TRPO         | 224.02           | 4.35            | 84823.67   | 2194.06             | 98.41      | 5.56          | 100.00            | 0.00                      
PPO          | 407.48           | 22.00           | 78473.00   | 2988.15             | 91.10      | 6.54          | 99.17             | 3.10                      
DP_MNL       | 0.45             | 0.00            | 86461.67   | 5195.41             | 100.00     | 0.00          | 86.88             | 5.24                      
DP_MMNL_5PT  | 0.49             | 0.00            | 69508.33   | 2391.44             | 80.54      | 2.89          | 100.00            | 0.00                      
DP_MMNL_2PT  | 0.48             | 0.00            | 86461.67   | 5195.41             | 100.00     | 0.00          | 86.88             | 5.24                      
DP_MMNL_CONT | 0.48             | 0.00            | 86461.67   | 5195.41             | 100.00     | 0.00          | 86.88             | 5.24                      
Execution completed successfully!
