
============================================================
TASK_ID: 54
LARGE_PRODUCT_SET: False
TRAIN_ON_ALL_SETS: True
HIGH_SENSITIVITY: True
GT_MODEL: MProbit
============================================================
RL Training Seeds: 15, RL Training Steps: [100000, 500000, 1000000], Estimation Episodes: 50

Observation sampling time: 0.8917 seconds
Estimation_MNL  time: 0.0274s | beta: -0.007794, lambda: 0.506195
  LL: -11343.581250, AIC: 22689.163, BIC: 22696.410

Estimation_MMNL_5PT time: 0.5795s | lambda: 0.506195
  LL: -11343.581250, AIC: 22705.163, BIC: 22770.389
Betas: ['-0.007794', '-0.007794', '-0.007794', '-0.007793', '-0.007793']
Weights: ['0.124306', '0.124342', '0.502854', '0.124230', '0.124268']

Estimation_MMNL_2PT time: 0.3099s | lambda: 0.506195
  LL: -11343.581250, AIC: 22693.163, BIC: 22714.905
Betas: ['-0.007794', '-0.007794']
Weights: ['0.501841', '0.498159']

DP_MNL  time: 0.6351s | V(0,C): 26031.49 | avg reward: 21913.16
DP_MMNL_5PT time: 0.7090s | V(0,C): 26031.34 | avg reward: 21913.16
DP_MMNL_2PT time: 0.6767s | V(0,C): 26031.52 | avg reward: 21913.16
ADP_MNL  time: 0.9265s | V(0,C): 26664.42 | avg reward: 21913.16
ADP_MMNL_5PT time: 1.0058s | V(0,C): 26664.29 | avg reward: 21913.16
ADP_MMNL_2PT time: 0.9739s | V(0,C): 26664.44 | avg reward: 21913.16
ADP_ENV time: 29.3864s | V(0,C): 16401.68 | avg reward: 20901.29

=== 100,000 training timesteps ===
Method       | TrainTimeMean(s) | TrainTimeStd(s) | RewardMean | RewardStdAcrossRuns | PctOfDP(%) | PctOfDPStd(%) | LoadFactorMean(%) | LoadFactorStdAcrossRuns(%)
-------------+------------------+-----------------+------------+---------------------+------------+---------------+-------------------+---------------------------
DQN          | 33.67            | 6.16            | 17630.33   | 2646.40             | 80.19      | 10.04         | 42.45             | 6.85                      
ARS          | 12.90            | 0.27            | 17937.33   | 3353.71             | 81.73      | 14.21         | 42.63             | 9.03                      
A2C          | 32.61            | 3.90            | 21601.33   | 1622.01             | 98.31      | 2.08          | 52.54             | 3.62                      
TRPO         | 33.42            | 2.43            | 21887.33   | 1603.56             | 99.60      | 0.89          | 52.58             | 3.60                      
PPO          | 66.40            | 8.74            | 21858.33   | 1534.63             | 99.49      | 1.03          | 52.65             | 3.65                      
DP_MNL       | 0.64             | 0.00            | 21975.00   | 1585.43             | 100.00     | 0.00          | 52.65             | 3.65                      
DP_MMNL_5PT  | 0.71             | 0.00            | 21975.00   | 1585.43             | 100.00     | 0.00          | 52.65             | 3.65                      
DP_MMNL_2PT  | 0.68             | 0.00            | 21975.00   | 1585.43             | 100.00     | 0.00          | 52.65             | 3.65                      
ADP_MNL      | 0.93             | 0.00            | 21975.00   | 1585.43             | 100.00     | 0.00          | 52.65             | 3.65                      
ADP_MMNL_5PT | 1.01             | 0.00            | 21975.00   | 1585.43             | 100.00     | 0.00          | 52.65             | 3.65                      
ADP_MMNL_2PT | 0.97             | 0.00            | 21975.00   | 1585.43             | 100.00     | 0.00          | 52.65             | 3.65                      
ADP_ENV      | 29.39            | 0.00            | 21283.67   | 1760.25             | 96.81      | 2.58          | 47.93             | 3.67                      

=== 500,000 training timesteps ===
Method       | TrainTimeMean(s) | TrainTimeStd(s) | RewardMean | RewardStdAcrossRuns | PctOfDP(%) | PctOfDPStd(%) | LoadFactorMean(%) | LoadFactorStdAcrossRuns(%)
-------------+------------------+-----------------+------------+---------------------+------------+---------------+-------------------+---------------------------
DQN          | 168.61           | 32.99           | 17313.00   | 2254.07             | 78.80      | 8.35          | 41.98             | 4.35                      
ARS          | 64.62            | 1.40            | 20111.00   | 2160.16             | 91.46      | 6.23          | 47.71             | 4.63                      
A2C          | 169.27           | 19.55           | 21676.67   | 1604.99             | 98.65      | 1.61          | 52.50             | 3.63                      
TRPO         | 166.16           | 12.32           | 21844.33   | 1578.43             | 99.41      | 0.95          | 52.18             | 3.73                      
PPO          | 327.14           | 43.98           | 21940.00   | 1552.30             | 99.85      | 0.55          | 52.65             | 3.65                      
DP_MNL       | 0.64             | 0.00            | 21975.00   | 1585.43             | 100.00     | 0.00          | 52.65             | 3.65                      
DP_MMNL_5PT  | 0.71             | 0.00            | 21975.00   | 1585.43             | 100.00     | 0.00          | 52.65             | 3.65                      
DP_MMNL_2PT  | 0.68             | 0.00            | 21975.00   | 1585.43             | 100.00     | 0.00          | 52.65             | 3.65                      
ADP_MNL      | 0.93             | 0.00            | 21975.00   | 1585.43             | 100.00     | 0.00          | 52.65             | 3.65                      
ADP_MMNL_5PT | 1.01             | 0.00            | 21975.00   | 1585.43             | 100.00     | 0.00          | 52.65             | 3.65                      
ADP_MMNL_2PT | 0.97             | 0.00            | 21975.00   | 1585.43             | 100.00     | 0.00          | 52.65             | 3.65                      
ADP_ENV      | 29.39            | 0.00            | 21283.67   | 1760.25             | 96.81      | 2.58          | 47.93             | 3.67                      

=== 1,000,000 training timesteps ===
Method       | TrainTimeMean(s) | TrainTimeStd(s) | RewardMean | RewardStdAcrossRuns | PctOfDP(%) | PctOfDPStd(%) | LoadFactorMean(%) | LoadFactorStdAcrossRuns(%)
-------------+------------------+-----------------+------------+---------------------+------------+---------------+-------------------+---------------------------
DQN          | 337.47           | 63.34           | 16676.33   | 4382.94             | 75.15      | 16.57         | 38.92             | 10.51                     
ARS          | 128.88           | 1.85            | 20922.00   | 1848.55             | 95.17      | 3.70          | 48.61             | 4.42                      
A2C          | 343.66           | 30.37           | 21690.00   | 1609.24             | 98.71      | 1.59          | 52.54             | 3.65                      
TRPO         | 333.94           | 25.57           | 21883.00   | 1564.86             | 99.59      | 0.86          | 52.11             | 3.55                      
PPO          | 657.70           | 78.64           | 21945.00   | 1542.17             | 99.88      | 0.46          | 52.65             | 3.65                      
DP_MNL       | 0.64             | 0.00            | 21975.00   | 1585.43             | 100.00     | 0.00          | 52.65             | 3.65                      
DP_MMNL_5PT  | 0.71             | 0.00            | 21975.00   | 1585.43             | 100.00     | 0.00          | 52.65             | 3.65                      
DP_MMNL_2PT  | 0.68             | 0.00            | 21975.00   | 1585.43             | 100.00     | 0.00          | 52.65             | 3.65                      
ADP_MNL      | 0.93             | 0.00            | 21975.00   | 1585.43             | 100.00     | 0.00          | 52.65             | 3.65                      
ADP_MMNL_5PT | 1.01             | 0.00            | 21975.00   | 1585.43             | 100.00     | 0.00          | 52.65             | 3.65                      
ADP_MMNL_2PT | 0.97             | 0.00            | 21975.00   | 1585.43             | 100.00     | 0.00          | 52.65             | 3.65                      
ADP_ENV      | 29.39            | 0.00            | 21283.67   | 1760.25             | 96.81      | 2.58          | 47.93             | 3.67                      
