
============================================================
TASK_ID: 2
LARGE_PRODUCT_SET: False
TRAIN_ON_ALL_SETS: True
HIGH_SENSITIVITY: False
GT_MODEL: MNL
============================================================
RL Training Seeds: 15, RL Training Steps: [100000, 500000, 1000000], Estimation Episodes: 50

Observation sampling time: 0.4920 seconds
Estimation_MNL  time: 0.0199s | beta: -0.001517, lambda: 0.504488
  LL: -17760.501259, AIC: 35523.003, BIC: 35530.246

Estimation_MMNL_5PT time: 0.2475s | lambda: 0.504488
  LL: -17757.338927, AIC: 35532.678, BIC: 35597.874
Betas: ['-0.002544', '-0.000106', '-0.000059', '-0.000055', '-0.000053']
Weights: ['0.598778', '0.100559', '0.100648', '0.100008', '0.100008']

Estimation_MMNL_2PT time: 0.2687s | lambda: 0.504488
  LL: -17757.065147, AIC: 35520.130, BIC: 35541.862
Betas: ['-0.004219', '-0.000916']
Weights: ['0.200000', '0.800000']

DP_MNL  time: 0.4681s | V(0,C): 67026.65 | avg reward: 66787.98
DP_MMNL_5PT time: 0.5110s | V(0,C): 65565.17 | avg reward: 66787.98
DP_MMNL_2PT time: 0.4979s | V(0,C): 65981.46 | avg reward: 66787.98
ADP_MNL  time: 0.6733s | V(0,C): 65383.15 | avg reward: 66787.98
ADP_MMNL_5PT time: 0.7156s | V(0,C): 64425.57 | avg reward: 66787.98
ADP_MMNL_2PT time: 0.7007s | V(0,C): 64789.04 | avg reward: 66787.73
ADP_ENV time: 13.5507s | V(0,C): 40066.66 | avg reward: 65088.73

=== 100,000 training timesteps ===
Method       | TrainTimeMean(s) | TrainTimeStd(s) | RewardMean | RewardStdAcrossRuns | PctOfDP(%) | PctOfDPStd(%) | LoadFactorMean(%) | LoadFactorStdAcrossRuns(%)
-------------+------------------+-----------------+------------+---------------------+------------+---------------+-------------------+---------------------------
DQN          | 18.44            | 0.08            | 49403.33   | 5968.86             | 74.47      | 7.32          | 85.19             | 8.22                      
ARS          | 8.55             | 0.04            | 50131.33   | 6003.43             | 75.66      | 8.60          | 83.21             | 8.75                      
A2C          | 19.32            | 0.14            | 62378.67   | 5583.05             | 93.97      | 4.45          | 83.46             | 8.20                      
TRPO         | 22.56            | 0.07            | 63188.00   | 4470.44             | 95.28      | 3.37          | 84.22             | 6.60                      
PPO          | 39.91            | 0.06            | 60573.67   | 5173.72             | 91.24      | 3.56          | 88.43             | 5.56                      
DP_MNL       | 0.47             | 0.00            | 66388.33   | 5033.42             | 100.00     | 0.00          | 72.29             | 5.35                      
DP_MMNL_5PT  | 0.51             | 0.00            | 66388.33   | 5033.42             | 100.00     | 0.00          | 72.29             | 5.35                      
DP_MMNL_2PT  | 0.50             | 0.00            | 66388.33   | 5033.42             | 100.00     | 0.00          | 72.29             | 5.35                      
ADP_MNL      | 0.67             | 0.00            | 66388.33   | 5033.42             | 100.00     | 0.00          | 72.29             | 5.35                      
ADP_MMNL_5PT | 0.72             | 0.00            | 66388.33   | 5033.42             | 100.00     | 0.00          | 72.29             | 5.35                      
ADP_MMNL_2PT | 0.70             | 0.00            | 66388.33   | 5033.42             | 100.00     | 0.00          | 72.29             | 5.35                      
ADP_ENV      | 13.55            | 0.00            | 64755.67   | 4678.51             | 97.58      | 1.64          | 79.57             | 5.19                      

=== 500,000 training timesteps ===
Method       | TrainTimeMean(s) | TrainTimeStd(s) | RewardMean | RewardStdAcrossRuns | PctOfDP(%) | PctOfDPStd(%) | LoadFactorMean(%) | LoadFactorStdAcrossRuns(%)
-------------+------------------+-----------------+------------+---------------------+------------+---------------+-------------------+---------------------------
DQN          | 93.03            | 0.35            | 46390.67   | 7132.93             | 69.86      | 9.13          | 86.85             | 8.32                      
ARS          | 42.69            | 0.14            | 55675.33   | 5802.99             | 83.75      | 3.96          | 85.48             | 7.69                      
A2C          | 99.08            | 0.45            | 64472.67   | 4487.94             | 97.20      | 2.53          | 80.94             | 7.39                      
TRPO         | 112.80           | 0.56            | 65389.00   | 4182.02             | 98.59      | 1.93          | 77.51             | 7.63                      
PPO          | 191.99           | 0.82            | 62816.33   | 4773.76             | 94.68      | 3.16          | 86.45             | 5.58                      
DP_MNL       | 0.47             | 0.00            | 66388.33   | 5033.42             | 100.00     | 0.00          | 72.29             | 5.35                      
DP_MMNL_5PT  | 0.51             | 0.00            | 66388.33   | 5033.42             | 100.00     | 0.00          | 72.29             | 5.35                      
DP_MMNL_2PT  | 0.50             | 0.00            | 66388.33   | 5033.42             | 100.00     | 0.00          | 72.29             | 5.35                      
ADP_MNL      | 0.67             | 0.00            | 66388.33   | 5033.42             | 100.00     | 0.00          | 72.29             | 5.35                      
ADP_MMNL_5PT | 0.72             | 0.00            | 66388.33   | 5033.42             | 100.00     | 0.00          | 72.29             | 5.35                      
ADP_MMNL_2PT | 0.70             | 0.00            | 66388.33   | 5033.42             | 100.00     | 0.00          | 72.29             | 5.35                      
ADP_ENV      | 13.55            | 0.00            | 64755.67   | 4678.51             | 97.58      | 1.64          | 79.57             | 5.19                      

=== 1,000,000 training timesteps ===
Method       | TrainTimeMean(s) | TrainTimeStd(s) | RewardMean | RewardStdAcrossRuns | PctOfDP(%) | PctOfDPStd(%) | LoadFactorMean(%) | LoadFactorStdAcrossRuns(%)
-------------+------------------+-----------------+------------+---------------------+------------+---------------+-------------------+---------------------------
DQN          | 186.84           | 1.35            | 47503.00   | 8345.99             | 71.29      | 10.23         | 81.80             | 10.53                     
ARS          | 85.45            | 0.50            | 58369.33   | 4898.32             | 87.98      | 4.53          | 82.52             | 10.42                     
A2C          | 200.34           | 3.44            | 64415.33   | 4490.51             | 97.11      | 2.41          | 80.94             | 7.39                      
TRPO         | 222.82           | 1.69            | 66241.67   | 5128.39             | 99.77      | 0.90          | 74.85             | 5.94                      
PPO          | 383.10           | 1.46            | 63269.33   | 4993.33             | 95.32      | 2.72          | 86.05             | 5.11                      
DP_MNL       | 0.47             | 0.00            | 66388.33   | 5033.42             | 100.00     | 0.00          | 72.29             | 5.35                      
DP_MMNL_5PT  | 0.51             | 0.00            | 66388.33   | 5033.42             | 100.00     | 0.00          | 72.29             | 5.35                      
DP_MMNL_2PT  | 0.50             | 0.00            | 66388.33   | 5033.42             | 100.00     | 0.00          | 72.29             | 5.35                      
ADP_MNL      | 0.67             | 0.00            | 66388.33   | 5033.42             | 100.00     | 0.00          | 72.29             | 5.35                      
ADP_MMNL_5PT | 0.72             | 0.00            | 66388.33   | 5033.42             | 100.00     | 0.00          | 72.29             | 5.35                      
ADP_MMNL_2PT | 0.70             | 0.00            | 66388.33   | 5033.42             | 100.00     | 0.00          | 72.29             | 5.35                      
ADP_ENV      | 13.55            | 0.00            | 64755.67   | 4678.51             | 97.58      | 1.64          | 79.57             | 5.19                      
