
============================================================
TASK_ID: 56
LARGE_PRODUCT_SET: False
TRAIN_ON_ALL_SETS: False
HIGH_SENSITIVITY: True
GT_MODEL: TMNL
============================================================
RL Training Seeds: 15, RL Training Steps: [100000, 500000, 1000000], Estimation Episodes: 50

Observation sampling time: 0.5194 seconds
Estimation_MNL  time: 0.0217s | beta: -0.004841, lambda: 0.498634
  LL: -14654.728876, AIC: 29311.458, BIC: 29318.690

Estimation_MMNL_5PT time: 0.2600s | lambda: 0.498634
  LL: -14654.728876, AIC: 29327.458, BIC: 29392.548
Betas: ['-0.004841', '-0.004841', '-0.004841', '-0.004841', '-0.004841']
Weights: ['0.114838', '0.114828', '0.540668', '0.114828', '0.114838']

Estimation_MMNL_2PT time: 0.1152s | lambda: 0.498634
  LL: -14654.728876, AIC: 29315.458, BIC: 29337.155
Betas: ['-0.004841', '-0.004841']
Weights: ['0.800000', '0.200000']

MNL  efficient sets time: 0.0118s | sets: (0, 1, 3, 7, 15, 31, 63, 127, 255, 511)
MMNL 5PT efficient sets time: 0.0601s | sets: (0, 1, 3, 7, 15, 31, 63, 127, 255, 511)
MMNL 2PT efficient sets time: 0.0358s | sets: (0, 1, 3, 7, 15, 31, 63, 127, 255, 511)
DP_MNL  time: 0.3544s | V(0,C): 37658.46 | avg reward: 35289.86
DP_MMNL_5PT time: 0.3542s | V(0,C): 37658.46 | avg reward: 35289.82
DP_MMNL_2PT time: 0.3553s | V(0,C): 37658.46 | avg reward: 35289.82
ADP_MNL  time: 0.5258s | V(0,C): 38183.73 | avg reward: 37691.85
ADP_MMNL_5PT time: 0.5203s | V(0,C): 38183.75 | avg reward: 37692.45
ADP_MMNL_2PT time: 0.5146s | V(0,C): 38183.73 | avg reward: 37692.77
ADP_ENV time: 0.6567s | V(0,C): 22120.37 | avg reward: 38466.80

=== 100,000 training timesteps ===
Method       | TrainTimeMean(s) | TrainTimeStd(s) | RewardMean | RewardStdAcrossRuns | PctOfDP(%) | PctOfDPStd(%) | LoadFactorMean(%) | LoadFactorStdAcrossRuns(%)
-------------+------------------+-----------------+------------+---------------------+------------+---------------+-------------------+---------------------------
DQN          | 17.40            | 1.48            | 35653.00   | 2613.86             | 101.87     | 3.09          | 85.73             | 5.40                      
QRDQN        | 96.97            | 6.99            | 34494.67   | 5508.21             | 98.61      | 14.42         | 71.89             | 15.67                     
ARS          | 8.48             | 0.09            | 36011.33   | 3066.07             | 102.95     | 6.17          | 77.12             | 10.78                     
A2C          | 24.85            | 2.61            | 36500.33   | 2874.28             | 104.31     | 4.67          | 85.19             | 5.38                      
TRPO         | 25.06            | 1.62            | 36174.67   | 2951.90             | 103.34     | 4.34          | 85.15             | 5.40                      
PPO          | 47.05            | 4.64            | 34990.67   | 2267.53             | 99.99      | 0.03          | 86.41             | 5.37                      
DP_MNL       | 0.35             | 0.00            | 34993.33   | 2271.14             | 100.00     | 0.00          | 86.41             | 5.37                      
DP_MMNL_5PT  | 0.35             | 0.00            | 34993.33   | 2271.14             | 100.00     | 0.00          | 86.41             | 5.37                      
DP_MMNL_2PT  | 0.36             | 0.00            | 34993.33   | 2271.14             | 100.00     | 0.00          | 86.41             | 5.37                      
ADP_MNL      | 0.53             | 0.00            | 37685.00   | 2808.15             | 107.67     | 3.44          | 77.01             | 5.53                      
ADP_MMNL_5PT | 0.52             | 0.00            | 37685.00   | 2808.15             | 107.67     | 3.44          | 77.01             | 5.53                      
ADP_MMNL_2PT | 0.51             | 0.00            | 37685.00   | 2808.15             | 107.67     | 3.44          | 77.01             | 5.53                      
ADP_ENV      | 0.66             | 0.00            | 38310.67   | 2507.21             | 109.48     | 1.17          | 83.82             | 5.22                      

=== 500,000 training timesteps ===
Method       | TrainTimeMean(s) | TrainTimeStd(s) | RewardMean | RewardStdAcrossRuns | PctOfDP(%) | PctOfDPStd(%) | LoadFactorMean(%) | LoadFactorStdAcrossRuns(%)
-------------+------------------+-----------------+------------+---------------------+------------+---------------+-------------------+---------------------------
DQN          | 88.02            | 7.08            | 35715.67   | 2865.09             | 102.04     | 4.16          | 83.46             | 7.15                      
QRDQN        | 500.85           | 47.19           | 34494.67   | 5508.21             | 98.61      | 14.42         | 71.89             | 15.67                     
ARS          | 42.67            | 0.45            | 37969.67   | 2885.50             | 108.46     | 3.22          | 82.88             | 7.22                      
A2C          | 126.41           | 13.26           | 37622.00   | 2918.94             | 107.49     | 3.95          | 84.43             | 5.50                      
TRPO         | 125.51           | 7.74            | 38245.33   | 2531.28             | 109.29     | 1.27          | 83.24             | 5.65                      
PPO          | 221.81           | 21.03           | 35194.33   | 2639.42             | 100.53     | 1.97          | 86.16             | 5.11                      
DP_MNL       | 0.35             | 0.00            | 34993.33   | 2271.14             | 100.00     | 0.00          | 86.41             | 5.37                      
DP_MMNL_5PT  | 0.35             | 0.00            | 34993.33   | 2271.14             | 100.00     | 0.00          | 86.41             | 5.37                      
DP_MMNL_2PT  | 0.36             | 0.00            | 34993.33   | 2271.14             | 100.00     | 0.00          | 86.41             | 5.37                      
ADP_MNL      | 0.53             | 0.00            | 37685.00   | 2808.15             | 107.67     | 3.44          | 77.01             | 5.53                      
ADP_MMNL_5PT | 0.52             | 0.00            | 37685.00   | 2808.15             | 107.67     | 3.44          | 77.01             | 5.53                      
ADP_MMNL_2PT | 0.51             | 0.00            | 37685.00   | 2808.15             | 107.67     | 3.44          | 77.01             | 5.53                      
ADP_ENV      | 0.66             | 0.00            | 38310.67   | 2507.21             | 109.48     | 1.17          | 83.82             | 5.22                      

=== 1,000,000 training timesteps ===
Method       | TrainTimeMean(s) | TrainTimeStd(s) | RewardMean | RewardStdAcrossRuns | PctOfDP(%) | PctOfDPStd(%) | LoadFactorMean(%) | LoadFactorStdAcrossRuns(%)
-------------+------------------+-----------------+------------+---------------------+------------+---------------+-------------------+---------------------------
DQN          | 176.13           | 12.66           | 36591.33   | 2147.21             | 104.71     | 4.60          | 82.13             | 7.33                      
QRDQN        | 1029.87          | 93.89           | 34494.67   | 5508.21             | 98.61      | 14.42         | 71.89             | 15.67                     
ARS          | 85.29            | 0.91            | 38135.00   | 2542.37             | 109.00     | 2.64          | 83.71             | 5.23                      
A2C          | 251.56           | 26.58           | 37620.67   | 2906.42             | 107.49     | 3.93          | 84.43             | 5.50                      
TRPO         | 249.14           | 15.68           | 38361.33   | 2543.81             | 109.62     | 1.49          | 83.42             | 5.22                      
PPO          | 432.54           | 33.18           | 38310.67   | 2507.21             | 109.48     | 1.17          | 83.82             | 5.22                      
DP_MNL       | 0.35             | 0.00            | 34993.33   | 2271.14             | 100.00     | 0.00          | 86.41             | 5.37                      
DP_MMNL_5PT  | 0.35             | 0.00            | 34993.33   | 2271.14             | 100.00     | 0.00          | 86.41             | 5.37                      
DP_MMNL_2PT  | 0.36             | 0.00            | 34993.33   | 2271.14             | 100.00     | 0.00          | 86.41             | 5.37                      
ADP_MNL      | 0.53             | 0.00            | 37685.00   | 2808.15             | 107.67     | 3.44          | 77.01             | 5.53                      
ADP_MMNL_5PT | 0.52             | 0.00            | 37685.00   | 2808.15             | 107.67     | 3.44          | 77.01             | 5.53                      
ADP_MMNL_2PT | 0.51             | 0.00            | 37685.00   | 2808.15             | 107.67     | 3.44          | 77.01             | 5.53                      
ADP_ENV      | 0.66             | 0.00            | 38310.67   | 2507.21             | 109.48     | 1.17          | 83.82             | 5.22                      
