
============================================================
TASK_ID: 61
LARGE_PRODUCT_SET: True
TRAIN_ON_ALL_SETS: False
HIGH_SENSITIVITY: True
GT_MODEL: MNLConsidSet
============================================================
RL Training Seeds: 15, RL Training Steps: [20000, 100000, 500000], Estimation Episodes: 50

Observation sampling time: 0.8757 seconds
Estimation_MNL  time: 0.1308s | beta: -0.004907, lambda: 0.498833
  LL: -37064.917122, AIC: 74131.834, BIC: 74139.049

Estimation_MMNL_5PT time: 24.4996s | lambda: 0.498833
  LL: -37064.657210, AIC: 74133.314, BIC: 74147.743
Betas: ['-0.006918', '-0.005859', '-0.004902', '-0.003946', '-0.002887']
Weights: ['0.011257', '0.222076', '0.533333', '0.222076', '0.011257']

Estimation_MMNL_2PT time: 0.0001s | lambda: 0.498833
  LL: -37064.657210, AIC: 74133.314, BIC: 74147.743
Betas: ['-0.005608', '-0.004197']
Weights: ['0.500000', '0.500000']

MNL  efficient sets time: 11.7988s | sets: (0, 1, 3, 7, 15, 31, 63, 127, 255, 511, 1023, 2047, 4095, 8191, 16383, 32767, 65535, 131071, 262143, 524287, 1048575, 2097151, 4194303, 8388607, 16777215, 33554431, 67108863, 134217727, 268435455, 536870911, 1073741823, 2147483647, 4294967295, 8589934591, 17179869183, 34359738367, 68719476735, 137438953471, 274877906943, 549755813887, 1099511627775, 2199023255551, 4398046511103, 8796093022207, 17592186044415, 35184372088831, 70368744177663, 140737488355327, 281474976710655, 562949953421311)
MMNL 5PT efficient sets time: 418.5494s | sets: (0, 1, 3, 7, 15, 31, 63, 127, 255, 511, 1023, 2047, 4095, 8191, 16383, 32767, 65535, 131071, 262143, 524287, 1048575, 2097151, 4194303, 8388607, 16777215, 33554431, 67108863, 134217727, 268435455, 536870911, 1073741823, 2147483647, 4294967295, 8589934591, 17179869183, 34359738367, 68719476735, 137438953471, 274877906943, 549755813887, 1099511627775, 2199023255551, 4398046511103, 8796093022207, 17592186044415, 35184372088831, 70368744177663, 140737488355327, 281474976710655, 562949953421311, 1125899906842623)
MMNL 2PT efficient sets time: 85.7322s | sets: (0, 1, 3, 7, 15, 31, 63, 127, 255, 511, 1023, 2047, 4095, 8191, 16383, 32767, 65535, 131071, 262143, 524287, 1048575, 2097151, 4194303, 8388607, 16777215, 33554431, 67108863, 134217727, 268435455, 536870911, 1073741823, 2147483647, 4294967295, 8589934591, 17179869183, 34359738367, 68719476735, 137438953471, 274877906943, 549755813887, 1099511627775, 2199023255551, 4398046511103, 8796093022207, 17592186044415, 35184372088831, 70368744177663, 140737488355327, 281474976710655, 562949953421311, 1125899906842623)
DP_MNL  time: 0.3644s | V(0,C): 80048.24 | avg reward: 79707.73
DP_MMNL_5PT time: 0.3597s | V(0,C): 79613.38 | avg reward: 79711.27
DP_MMNL_2PT time: 0.3645s | V(0,C): 79605.75 | avg reward: 79707.03

=== 20,000 training timesteps ===
Method      | TrainTimeMean(s) | TrainTimeStd(s) | RewardMean | RewardStdAcrossRuns | PctOfDP(%) | PctOfDPStd(%) | LoadFactorMean(%) | LoadFactorStdAcrossRuns(%)
------------+------------------+-----------------+------------+---------------------+------------+---------------+-------------------+---------------------------
DQN         | 11.20            | 7.57            | 69190.52   | 14625.58            | 87.64      | 18.38         | 71.86             | 17.64                     
QRDQN       | 51.22            | 83.93           | 62624.09   | 16434.21            | 79.02      | 20.10         | 62.95             | 18.35                     
ARS         | 86.68            | 69.52           | 76820.66   | 5762.54             | 96.94      | 3.69          | 81.87             | 7.75                      
A2C         | 4.39             | 0.08            | 58831.92   | 3244.15             | 74.35      | 3.07          | 97.15             | 3.07                      
TRPO        | 6.97             | 0.10            | 59276.63   | 3259.87             | 74.91      | 3.09          | 97.48             | 2.60                      
PPO         | 10.29            | 0.07            | 58379.88   | 3435.47             | 73.79      | 3.63          | 96.61             | 3.49                      
DP_MNL      | 0.36             | 0.00            | 79227.64   | 4901.21             | 100.00     | 0.00          | 89.33             | 5.23                      
DP_MMNL_5PT | 0.36             | 0.00            | 79323.99   | 4981.69             | 100.12     | 0.31          | 89.69             | 5.33                      
DP_MMNL_2PT | 0.36             | 0.00            | 79317.34   | 4944.96             | 100.11     | 0.25          | 89.73             | 5.27                      

=== 100,000 training timesteps ===
Method      | TrainTimeMean(s) | TrainTimeStd(s) | RewardMean | RewardStdAcrossRuns | PctOfDP(%) | PctOfDPStd(%) | LoadFactorMean(%) | LoadFactorStdAcrossRuns(%)
------------+------------------+-----------------+------------+---------------------+------------+---------------+-------------------+---------------------------
DQN         | 62.27            | 56.67           | 78394.38   | 4972.08             | 98.97      | 2.36          | 86.20             | 6.25                      
QRDQN       | 244.26           | 377.07          | 62624.09   | 16434.21            | 79.02      | 20.10         | 62.95             | 18.35                     
ARS         | 376.43           | 179.62          | 77192.79   | 5485.62             | 97.44      | 3.68          | 82.59             | 6.98                      
A2C         | 21.68            | 0.20            | 59911.01   | 3641.49             | 75.72      | 3.81          | 97.08             | 3.33                      
TRPO        | 29.91            | 0.31            | 59851.03   | 3261.16             | 75.67      | 3.66          | 97.48             | 3.08                      
PPO         | 44.62            | 0.32            | 61064.71   | 3513.26             | 77.18      | 3.59          | 96.90             | 3.15                      
DP_MNL      | 0.36             | 0.00            | 79227.64   | 4901.21             | 100.00     | 0.00          | 89.33             | 5.23                      
DP_MMNL_5PT | 0.36             | 0.00            | 79323.99   | 4981.69             | 100.12     | 0.31          | 89.69             | 5.33                      
DP_MMNL_2PT | 0.36             | 0.00            | 79317.34   | 4944.96             | 100.11     | 0.25          | 89.73             | 5.27                      

=== 500,000 training timesteps ===
Method      | TrainTimeMean(s) | TrainTimeStd(s) | RewardMean | RewardStdAcrossRuns | PctOfDP(%) | PctOfDPStd(%) | LoadFactorMean(%) | LoadFactorStdAcrossRuns(%)
------------+------------------+-----------------+------------+---------------------+------------+---------------+-------------------+---------------------------
DQN         | 353.80           | 86.13           | 75651.06   | 9684.68             | 95.35      | 9.76          | 81.37             | 12.44                     
QRDQN       | 1206.67          | 1850.72         | 62624.09   | 16434.21            | 79.02      | 20.10         | 62.95             | 18.35                     
ARS         | 932.10           | 363.30          | 78324.63   | 5267.60             | 98.86      | 2.32          | 85.69             | 6.68                      
A2C         | 111.31           | 0.93            | 62405.57   | 4110.12             | 78.86      | 4.02          | 97.19             | 2.99                      
TRPO        | 145.66           | 1.44            | 64154.09   | 3448.90             | 81.05      | 2.61          | 97.26             | 2.90                      
PPO         | 215.03           | 1.53            | 63345.52   | 2776.90             | 80.08      | 2.88          | 96.68             | 3.64                      
DP_MNL      | 0.36             | 0.00            | 79227.64   | 4901.21             | 100.00     | 0.00          | 89.33             | 5.23                      
DP_MMNL_5PT | 0.36             | 0.00            | 79323.99   | 4981.69             | 100.12     | 0.31          | 89.69             | 5.33                      
DP_MMNL_2PT | 0.36             | 0.00            | 79317.34   | 4944.96             | 100.11     | 0.25          | 89.73             | 5.27                      
