
============================================================
TASK_ID: 49
LARGE_PRODUCT_SET: True
TRAIN_ON_ALL_SETS: False
HIGH_SENSITIVITY: True
GT_MODEL: MNLrefPrice
============================================================
RL Training Seeds: 15, RL Training Steps: [20000, 100000, 500000], Estimation Episodes: 50

Observation sampling time: 0.6205 seconds
Estimation_MNL  time: 0.0116s | beta: -0.006107, lambda: 0.497840
  LL: -35211.434258, AIC: 70424.869, BIC: 70432.070

Estimation_MMNL_5PT time: 0.7370s | lambda: 0.497840
  LL: -35211.434258, AIC: 70440.869, BIC: 70505.681
Betas: ['-0.006107', '-0.006107', '-0.006107', '-0.006107', '-0.006107']
Weights: ['0.599999', '0.100000', '0.100000', '0.100000', '0.100000']

Estimation_MMNL_2PT time: 0.2726s | lambda: 0.497840
  LL: -35211.434258, AIC: 70428.869, BIC: 70450.473
Betas: ['-0.006107', '-0.006107']
Weights: ['0.790548', '0.209452']

MNL  efficient sets time: 12.0275s | sets: (0, 1, 3, 7, 15, 31, 63, 127, 255, 511, 1023, 2047, 4095, 8191, 16383, 32767, 65535, 131071, 262143, 524287, 1048575, 2097151, 4194303, 8388607, 16777215, 33554431, 67108863, 134217727, 268435455, 536870911, 1073741823, 2147483647, 4294967295, 8589934591, 17179869183, 34359738367, 68719476735, 137438953471, 274877906943, 549755813887, 1099511627775, 2199023255551, 4398046511103, 8796093022207, 17592186044415, 35184372088831, 70368744177663, 140737488355327, 281474976710655, 562949953421311, 1125899906842623, 2251799813685247, 4503599627370495, 9007199254740991, 18014398509481983, 36028797018963967, 72057594037927935, 144115188075855871, 288230376151711743, 576460752303423487)
MMNL 5PT efficient sets time: 32.7523s | sets: (0, 1, 3, 7, 15, 31, 63, 127, 255, 511, 1023, 2047, 4095, 8191, 16383, 32767, 65535, 131071, 262143, 524287, 1048575, 2097151, 4194303, 8388607, 16777215, 33554431, 67108863, 134217727, 268435455, 536870911, 1073741823, 2147483647, 4294967295, 8589934591, 17179869183, 34359738367, 68719476735, 137438953471, 274877906943, 549755813887, 1099511627775, 2199023255551, 4398046511103, 8796093022207, 17592186044415, 35184372088831, 70368744177663, 140737488355327, 281474976710655, 562949953421311, 1125899906842623, 2251799813685247, 4503599627370495, 9007199254740991, 18014398509481983, 36028797018963967, 72057594037927935, 144115188075855871, 288230376151711743, 576460752303423487)
MMNL 2PT efficient sets time: 15.4045s | sets: (0, 1, 3, 7, 15, 31, 63, 127, 255, 511, 1023, 2047, 4095, 8191, 16383, 32767, 65535, 131071, 262143, 524287, 1048575, 2097151, 4194303, 8388607, 16777215, 33554431, 67108863, 134217727, 268435455, 536870911, 1073741823, 2147483647, 4294967295, 8589934591, 17179869183, 34359738367, 68719476735, 137438953471, 274877906943, 549755813887, 1099511627775, 2199023255551, 4398046511103, 8796093022207, 17592186044415, 35184372088831, 70368744177663, 140737488355327, 281474976710655, 562949953421311, 1125899906842623, 2251799813685247, 4503599627370495, 9007199254740991, 18014398509481983, 36028797018963967, 72057594037927935, 144115188075855871, 288230376151711743, 576460752303423487)
DP_MNL  time: 0.3694s | V(0,C): 70787.44 | avg reward: 77065.01
DP_MMNL_5PT time: 0.3729s | V(0,C): 70787.44 | avg reward: 77065.03
DP_MMNL_2PT time: 0.3694s | V(0,C): 70787.44 | avg reward: 77065.34
ADP_MNL  time: 0.5424s | V(0,C): 65989.94 | avg reward: 78415.09
ADP_MMNL_5PT time: 0.5436s | V(0,C): 65989.96 | avg reward: 78411.97
ADP_MMNL_2PT time: 0.5395s | V(0,C): 65989.93 | avg reward: 78412.33
ADP_ENV time: 1.3530s | V(0,C): 43157.96 | avg reward: 78724.63

=== 20,000 training timesteps ===
Method       | TrainTimeMean(s) | TrainTimeStd(s) | RewardMean | RewardStdAcrossRuns | PctOfDP(%) | PctOfDPStd(%) | LoadFactorMean(%) | LoadFactorStdAcrossRuns(%)
-------------+------------------+-----------------+------------+---------------------+------------+---------------+-------------------+---------------------------
DQN          | 3.90             | 0.47            | 65122.26   | 15578.10            | 84.16      | 18.98         | 68.79             | 21.21                     
QRDQN        | 27.80            | 4.19            | 67349.51   | 20418.33            | 86.90      | 25.13         | 72.58             | 25.13                     
ARS          | 2.28             | 0.04            | 67736.03   | 10762.34            | 87.83      | 13.13         | 72.04             | 16.65                     
A2C          | 4.71             | 0.58            | 52857.04   | 2262.06             | 68.65      | 3.81          | 98.52             | 2.04                      
TRPO         | 7.26             | 0.63            | 53722.81   | 2423.18             | 69.74      | 3.45          | 98.20             | 2.58                      
PPO          | 12.07            | 0.95            | 54408.37   | 2156.96             | 70.67      | 3.88          | 97.98             | 2.27                      
DP_MNL       | 0.37             | 0.00            | 77190.10   | 4695.01             | 100.00     | 0.00          | 95.06             | 4.59                      
DP_MMNL_5PT  | 0.37             | 0.00            | 77190.10   | 4694.41             | 100.00     | 0.00          | 95.06             | 4.59                      
DP_MMNL_2PT  | 0.37             | 0.00            | 77189.81   | 4694.24             | 100.00     | 0.00          | 95.06             | 4.59                      
ADP_MNL      | 0.54             | 0.00            | 78080.81   | 4763.10             | 101.16     | 1.04          | 91.35             | 5.06                      
ADP_MMNL_5PT | 0.54             | 0.00            | 78021.13   | 4805.96             | 101.08     | 1.06          | 91.28             | 5.11                      
ADP_MMNL_2PT | 0.54             | 0.00            | 78077.37   | 4768.00             | 101.16     | 1.04          | 91.35             | 5.06                      
ADP_ENV      | 1.35             | 0.00            | 78367.83   | 4816.34             | 101.53     | 1.05          | 89.23             | 5.36                      

=== 100,000 training timesteps ===
Method       | TrainTimeMean(s) | TrainTimeStd(s) | RewardMean | RewardStdAcrossRuns | PctOfDP(%) | PctOfDPStd(%) | LoadFactorMean(%) | LoadFactorStdAcrossRuns(%)
-------------+------------------+-----------------+------------+---------------------+------------+---------------+-------------------+---------------------------
DQN          | 19.95            | 2.61            | 77603.52   | 4660.66             | 100.54     | 0.87          | 92.68             | 6.40                      
QRDQN        | 139.22           | 21.30           | 67349.51   | 20418.33            | 86.90      | 25.13         | 72.58             | 25.13                     
ARS          | 11.39            | 0.20            | 76518.86   | 5913.51             | 99.12      | 4.53          | 86.70             | 8.88                      
A2C          | 23.57            | 2.95            | 54528.28   | 2934.97             | 70.73      | 2.79          | 98.59             | 1.88                      
TRPO         | 31.48            | 2.82            | 55669.80   | 1578.90             | 72.33      | 3.94          | 98.20             | 2.63                      
PPO          | 52.16            | 4.28            | 55530.98   | 2277.34             | 72.10      | 3.60          | 98.05             | 2.60                      
DP_MNL       | 0.37             | 0.00            | 77190.10   | 4695.01             | 100.00     | 0.00          | 95.06             | 4.59                      
DP_MMNL_5PT  | 0.37             | 0.00            | 77190.10   | 4694.41             | 100.00     | 0.00          | 95.06             | 4.59                      
DP_MMNL_2PT  | 0.37             | 0.00            | 77189.81   | 4694.24             | 100.00     | 0.00          | 95.06             | 4.59                      
ADP_MNL      | 0.54             | 0.00            | 78080.81   | 4763.10             | 101.16     | 1.04          | 91.35             | 5.06                      
ADP_MMNL_5PT | 0.54             | 0.00            | 78021.13   | 4805.96             | 101.08     | 1.06          | 91.28             | 5.11                      
ADP_MMNL_2PT | 0.54             | 0.00            | 78077.37   | 4768.00             | 101.16     | 1.04          | 91.35             | 5.06                      
ADP_ENV      | 1.35             | 0.00            | 78367.83   | 4816.34             | 101.53     | 1.05          | 89.23             | 5.36                      

=== 500,000 training timesteps ===
Method       | TrainTimeMean(s) | TrainTimeStd(s) | RewardMean | RewardStdAcrossRuns | PctOfDP(%) | PctOfDPStd(%) | LoadFactorMean(%) | LoadFactorStdAcrossRuns(%)
-------------+------------------+-----------------+------------+---------------------+------------+---------------+-------------------+---------------------------
DQN          | 98.65            | 11.06           | 77027.24   | 5861.68             | 99.80      | 4.82          | 87.57             | 9.38                      
QRDQN        | 703.48           | 66.40           | 67349.51   | 20418.33            | 86.90      | 25.13         | 72.58             | 25.13                     
ARS          | 47.96            | 0.80            | 77458.77   | 4317.05             | 100.39     | 1.68          | 88.36             | 4.20                      
A2C          | 120.56           | 13.65           | 58846.68   | 2584.57             | 76.44      | 4.41          | 97.37             | 3.62                      
TRPO         | 154.52           | 12.86           | 59176.08   | 2826.45             | 76.82      | 3.96          | 97.84             | 3.13                      
PPO          | 252.36           | 26.95           | 59116.80   | 3204.73             | 76.75      | 4.45          | 98.16             | 2.28                      
DP_MNL       | 0.37             | 0.00            | 77190.10   | 4695.01             | 100.00     | 0.00          | 95.06             | 4.59                      
DP_MMNL_5PT  | 0.37             | 0.00            | 77190.10   | 4694.41             | 100.00     | 0.00          | 95.06             | 4.59                      
DP_MMNL_2PT  | 0.37             | 0.00            | 77189.81   | 4694.24             | 100.00     | 0.00          | 95.06             | 4.59                      
ADP_MNL      | 0.54             | 0.00            | 78080.81   | 4763.10             | 101.16     | 1.04          | 91.35             | 5.06                      
ADP_MMNL_5PT | 0.54             | 0.00            | 78021.13   | 4805.96             | 101.08     | 1.06          | 91.28             | 5.11                      
ADP_MMNL_2PT | 0.54             | 0.00            | 78077.37   | 4768.00             | 101.16     | 1.04          | 91.35             | 5.06                      
ADP_ENV      | 1.35             | 0.00            | 78367.83   | 4816.34             | 101.53     | 1.05          | 89.23             | 5.36                      
