
============================================================
TASK_ID: 32
GT_MODEL: TMNL
HIGH_SENSITIVITY: True
TRAIN_ON_ALL_SETS: False
============================================================
RL Training Seeds: 15, RL Training Steps: [20000, 100000, 500000], Estimation Episodes: 50

Observation sampling time: 0.5501 seconds
Estimation_MNL  time: 4.6179s | beta: -0.004790, lambda: 0.500488
  LL: -14750.750000, AIC: 29503.510, BIC: 29510.740

Estimation_MMNL_5PT time: 15.9630s | lambda: 0.500488
  LL: -12761.310000, AIC: 25546.620, BIC: 25633.450
Betas: ['-0.050000', '-0.050000', '-0.016010', '-0.017480', '-0.050000']
Weights: ['0.000000', '0.000000', '0.458647', '0.541353', '0.000000']

Estimation_MMNL_2PT time: 7.3413s | lambda: 0.500488
  LL: -14750.750000, AIC: 29507.510, BIC: 29529.220
Betas: ['-0.004790', '-0.049995']
Weights: ['1.000000', '0.000000']

Estimation_MMNL_CONT time: 27.2443s | mu: -5.341255, sigma: 0.000000, lambda: 0.500488
  LL: -14750.750000, AIC: 29505.510, BIC: 29519.980

MNL  efficient sets time: 0.0116s | sets: (0, 1, 3, 7, 15, 31, 63, 127, 255)
MMNL 5PT efficient sets time: 0.0561s | sets: (0, 1, 3, 7, 15, 31, 63, 127, 255, 511, 1023)
MMNL 2PT efficient sets time: 0.0379s | sets: (0, 1, 3, 7, 15, 31, 63, 127, 255)
MMNL Cont efficient sets time: 0.0334s | sets: (0, 1, 3, 7, 15, 31, 63, 127, 255)

DP_MNL  time: 0.3621s | V(0,C): 38076.55
DP_MMNL_5PT time: 0.3605s | V(0,C): 6007.01
DP_MMNL_2PT time: 0.3542s | V(0,C): 38076.55
DP_MMNL_CONT time: 0.3672s | V(0,C): 38076.55

Average MNL reward over 1000 episodes: 38467.42

=== 20,000 training timesteps ===
Method       | TrainTimeMean(s) | TrainTimeStd(s) | RewardMean | RewardStdAcrossRuns | PctOfDP(%) | PctOfDPStd(%) | LoadFactorMean(%) | LoadFactorStdAcrossRuns(%)
-------------+------------------+-----------------+------------+---------------------+------------+---------------+-------------------+---------------------------
DQN          | 3.24             | 0.07            | 33703.00   | 3214.66             | 88.25      | 9.13          | 75.03             | 15.59                     
QRDQN        | 17.26            | 0.53            | 34183.67   | 4752.37             | 89.23      | 11.04         | 78.16             | 14.61                     
ARS          | 2.12             | 0.03            | 31062.67   | 9361.64             | 81.28      | 23.83         | 71.71             | 24.20                     
A2C          | 4.40             | 0.04            | 37546.33   | 2626.21             | 98.06      | 3.96          | 81.33             | 6.69                      
TRPO         | 5.83             | 0.04            | 37076.00   | 3137.97             | 96.74      | 4.62          | 78.67             | 6.47                      
PPO          | 10.06            | 0.06            | 36596.00   | 2804.94             | 95.55      | 4.79          | 78.05             | 7.88                      
DP_MNL       | 0.36             | 0.00            | 38310.67   | 2507.21             | 100.00     | 0.00          | 83.82             | 5.22                      
DP_MMNL_5PT  | 0.36             | 0.00            | 32279.00   | 1986.39             | 84.29      | 1.45          | 88.61             | 5.36                      
DP_MMNL_2PT  | 0.35             | 0.00            | 38310.67   | 2507.21             | 100.00     | 0.00          | 83.82             | 5.22                      
DP_MMNL_CONT | 0.37             | 0.00            | 38310.67   | 2507.21             | 100.00     | 0.00          | 83.82             | 5.22                      

=== 100,000 training timesteps ===
Method       | TrainTimeMean(s) | TrainTimeStd(s) | RewardMean | RewardStdAcrossRuns | PctOfDP(%) | PctOfDPStd(%) | LoadFactorMean(%) | LoadFactorStdAcrossRuns(%)
-------------+------------------+-----------------+------------+---------------------+------------+---------------+-------------------+---------------------------
DQN          | 16.22            | 0.17            | 34294.00   | 2373.29             | 89.68      | 6.04          | 86.77             | 6.59                      
QRDQN        | 87.84            | 2.24            | 34183.67   | 4752.37             | 89.23      | 11.04         | 78.16             | 14.61                     
ARS          | 10.53            | 0.06            | 36124.67   | 3356.28             | 94.34      | 6.75          | 80.00             | 9.13                      
A2C          | 21.82            | 0.16            | 38188.00   | 2388.11             | 99.71      | 1.75          | 82.59             | 5.44                      
TRPO         | 26.44            | 0.16            | 37871.33   | 2655.36             | 98.85      | 2.72          | 79.28             | 6.44                      
PPO          | 43.55            | 0.27            | 37928.33   | 2462.30             | 99.04      | 2.38          | 79.89             | 4.37                      
DP_MNL       | 0.36             | 0.00            | 38310.67   | 2507.21             | 100.00     | 0.00          | 83.82             | 5.22                      
DP_MMNL_5PT  | 0.36             | 0.00            | 32279.00   | 1986.39             | 84.29      | 1.45          | 88.61             | 5.36                      
DP_MMNL_2PT  | 0.35             | 0.00            | 38310.67   | 2507.21             | 100.00     | 0.00          | 83.82             | 5.22                      
DP_MMNL_CONT | 0.37             | 0.00            | 38310.67   | 2507.21             | 100.00     | 0.00          | 83.82             | 5.22                      

=== 500,000 training timesteps ===
Method       | TrainTimeMean(s) | TrainTimeStd(s) | RewardMean | RewardStdAcrossRuns | PctOfDP(%) | PctOfDPStd(%) | LoadFactorMean(%) | LoadFactorStdAcrossRuns(%)
-------------+------------------+-----------------+------------+---------------------+------------+---------------+-------------------+---------------------------
DQN          | 81.04            | 0.73            | 34349.67   | 3338.73             | 89.67      | 6.35          | 86.41             | 5.96                      
QRDQN        | 435.96           | 12.17           | 34183.67   | 4752.37             | 89.23      | 11.04         | 78.16             | 14.61                     
ARS          | 44.40            | 0.22            | 37869.33   | 2563.34             | 98.87      | 2.39          | 80.50             | 6.63                      
A2C          | 111.47           | 1.43            | 38133.33   | 2401.14             | 99.57      | 1.62          | 82.92             | 5.19                      
TRPO         | 129.56           | 0.97            | 38037.33   | 2792.54             | 99.24      | 1.98          | 81.73             | 7.08                      
PPO          | 206.94           | 1.25            | 38018.67   | 2387.44             | 99.27      | 1.86          | 81.69             | 5.78                      
DP_MNL       | 0.36             | 0.00            | 38310.67   | 2507.21             | 100.00     | 0.00          | 83.82             | 5.22                      
DP_MMNL_5PT  | 0.36             | 0.00            | 32279.00   | 1986.39             | 84.29      | 1.45          | 88.61             | 5.36                      
DP_MMNL_2PT  | 0.35             | 0.00            | 38310.67   | 2507.21             | 100.00     | 0.00          | 83.82             | 5.22                      
DP_MMNL_CONT | 0.37             | 0.00            | 38310.67   | 2507.21             | 100.00     | 0.00          | 83.82             | 5.22                      
Execution completed successfully!
