
============================================================
TASK_ID: 17
LARGE_PRODUCT_SET: True
TRAIN_ON_ALL_SETS: False
HIGH_SENSITIVITY: False
GT_MODEL: MNLrefPrice
============================================================
RL Training Seeds: 15, RL Training Steps: [100000, 500000, 1000000], Estimation Episodes: 50

Observation sampling time: 0.6104 seconds
Estimation_MNL  time: 0.0109s | beta: -0.003450, lambda: 0.497361
  LL: -36287.396122, AIC: 72576.792, BIC: 72583.953

Estimation_MMNL_5PT time: 0.6489s | lambda: 0.497361
  LL: -36287.396122, AIC: 72592.792, BIC: 72657.241
Betas: ['-0.003450', '-0.003450', '-0.003450', '-0.003450', '-0.003450']
Weights: ['0.599999', '0.100000', '0.100001', '0.100000', '0.100001']

Estimation_MMNL_2PT time: 0.2621s | lambda: 0.497361
  LL: -36287.396122, AIC: 72580.792, BIC: 72602.275
Betas: ['-0.003450', '-0.003450']
Weights: ['0.800000', '0.200000']

MNL  efficient sets time: 10.2404s | sets: (0, 1, 3, 7, 15, 31, 63, 127, 255, 511, 1023, 2047, 4095, 8191, 16383, 32767, 65535, 131071, 262143, 524287, 1048575, 2097151, 4194303, 8388607, 16777215, 33554431, 67108863, 134217727, 268435455, 536870911, 1073741823, 2147483647, 4294967295, 8589934591, 17179869183, 34359738367, 68719476735, 137438953471)
MMNL 5PT efficient sets time: 19.8187s | sets: (0, 1, 3, 7, 15, 31, 63, 127, 255, 511, 1023, 2047, 4095, 8191, 16383, 32767, 65535, 131071, 262143, 524287, 1048575, 2097151, 4194303, 8388607, 16777215, 33554431, 67108863, 134217727, 268435455, 536870911, 1073741823, 2147483647, 4294967295, 8589934591, 17179869183, 34359738367, 68719476735, 137438953471)
MMNL 2PT efficient sets time: 9.6490s | sets: (0, 1, 3, 7, 15, 31, 63, 127, 255, 511, 1023, 2047, 4095, 8191, 16383, 32767, 65535, 131071, 262143, 524287, 1048575, 2097151, 4194303, 8388607, 16777215, 33554431, 67108863, 134217727, 268435455, 536870911, 1073741823, 2147483647, 4294967295, 8589934591, 17179869183, 34359738367, 68719476735, 137438953471)
DP_MNL  time: 0.3814s | V(0,C): 90203.88 | avg reward: 97484.19
DP_MMNL_5PT time: 0.3833s | V(0,C): 90203.88 | avg reward: 97484.45
DP_MMNL_2PT time: 0.3853s | V(0,C): 90203.88 | avg reward: 97484.97
ADP_MNL  time: 0.5553s | V(0,C): 80389.22 | avg reward: 98026.87
ADP_MMNL_5PT time: 0.5568s | V(0,C): 80389.25 | avg reward: 98025.64
ADP_MMNL_2PT time: 0.5588s | V(0,C): 80389.27 | avg reward: 98028.38
ADP_ENV time: 1.0808s | V(0,C): 54564.04 | avg reward: 99969.91

=== 100,000 training timesteps ===
Method       | TrainTimeMean(s) | TrainTimeStd(s) | RewardMean | RewardStdAcrossRuns | PctOfDP(%) | PctOfDPStd(%) | LoadFactorMean(%) | LoadFactorStdAcrossRuns(%)
-------------+------------------+-----------------+------------+---------------------+------------+---------------+-------------------+---------------------------
DQN          | 17.70            | 1.47            | 96648.65   | 2504.10             | 98.96      | 2.72          | 99.28             | 1.21                      
QRDQN        | 110.20           | 10.42           | 91310.96   | 15868.52            | 93.47      | 16.13         | 88.79             | 17.36                     
ARS          | 9.02             | 0.18            | 97401.85   | 5142.48             | 99.65      | 3.60          | 95.03             | 6.60                      
A2C          | 22.15            | 2.01            | 63559.97   | 3552.59             | 65.10      | 4.11          | 99.86             | 0.54                      
TRPO         | 29.88            | 1.01            | 65397.85   | 2789.92             | 66.96      | 3.05          | 99.89             | 0.40                      
PPO          | 47.62            | 4.06            | 64085.13   | 2806.58             | 65.62      | 2.95          | 99.86             | 0.42                      
DP_MNL       | 0.38             | 0.00            | 97706.95   | 2654.94             | 100.00     | 0.00          | 99.46             | 1.04                      
DP_MMNL_5PT  | 0.38             | 0.00            | 97706.67   | 2654.70             | 100.00     | 0.01          | 99.46             | 1.04                      
DP_MMNL_2PT  | 0.39             | 0.00            | 97707.24   | 2655.44             | 100.00     | 0.01          | 99.46             | 1.04                      
ADP_MNL      | 0.56             | 0.00            | 98117.61   | 1706.96             | 100.45     | 1.22          | 99.17             | 1.37                      
ADP_MMNL_5PT | 0.56             | 0.00            | 98121.62   | 1707.53             | 100.45     | 1.22          | 99.17             | 1.37                      
ADP_MMNL_2PT | 0.56             | 0.00            | 98120.19   | 1707.13             | 100.45     | 1.22          | 99.17             | 1.37                      
ADP_ENV      | 1.08             | 0.00            | 99894.14   | 3212.81             | 102.23     | 1.17          | 97.12             | 2.82                      

=== 500,000 training timesteps ===
Method       | TrainTimeMean(s) | TrainTimeStd(s) | RewardMean | RewardStdAcrossRuns | PctOfDP(%) | PctOfDPStd(%) | LoadFactorMean(%) | LoadFactorStdAcrossRuns(%)
-------------+------------------+-----------------+------------+---------------------+------------+---------------+-------------------+---------------------------
DQN          | 89.48            | 7.64            | 96672.26   | 2719.23             | 98.97      | 2.57          | 97.37             | 4.67                      
QRDQN        | 542.50           | 45.76           | 91310.96   | 15868.52            | 93.47      | 16.13         | 88.79             | 17.36                     
ARS          | 44.78            | 0.77            | 99212.58   | 4678.05             | 101.52     | 3.19          | 95.35             | 5.02                      
A2C          | 114.35           | 10.76           | 69646.20   | 3224.79             | 71.31      | 3.34          | 99.86             | 0.54                      
TRPO         | 146.71           | 4.87            | 70029.12   | 2374.01             | 71.71      | 2.73          | 99.86             | 0.42                      
PPO          | 228.48           | 18.96           | 69995.86   | 1983.63             | 71.67      | 2.12          | 99.89             | 0.40                      
DP_MNL       | 0.38             | 0.00            | 97706.95   | 2654.94             | 100.00     | 0.00          | 99.46             | 1.04                      
DP_MMNL_5PT  | 0.38             | 0.00            | 97706.67   | 2654.70             | 100.00     | 0.01          | 99.46             | 1.04                      
DP_MMNL_2PT  | 0.39             | 0.00            | 97707.24   | 2655.44             | 100.00     | 0.01          | 99.46             | 1.04                      
ADP_MNL      | 0.56             | 0.00            | 98117.61   | 1706.96             | 100.45     | 1.22          | 99.17             | 1.37                      
ADP_MMNL_5PT | 0.56             | 0.00            | 98121.62   | 1707.53             | 100.45     | 1.22          | 99.17             | 1.37                      
ADP_MMNL_2PT | 0.56             | 0.00            | 98120.19   | 1707.13             | 100.45     | 1.22          | 99.17             | 1.37                      
ADP_ENV      | 1.08             | 0.00            | 99894.14   | 3212.81             | 102.23     | 1.17          | 97.12             | 2.82                      

=== 1,000,000 training timesteps ===
Method       | TrainTimeMean(s) | TrainTimeStd(s) | RewardMean | RewardStdAcrossRuns | PctOfDP(%) | PctOfDPStd(%) | LoadFactorMean(%) | LoadFactorStdAcrossRuns(%)
-------------+------------------+-----------------+------------+---------------------+------------+---------------+-------------------+---------------------------
DQN          | 181.15           | 14.97           | 97562.53   | 3321.36             | 99.89      | 3.32          | 99.10             | 1.29                      
QRDQN        | 1091.05          | 84.85           | 91310.96   | 15868.52            | 93.47      | 16.13         | 88.79             | 17.36                     
ARS          | 89.70            | 1.58            | 100539.02  | 3860.79             | 102.88     | 1.95          | 96.61             | 3.49                      
A2C          | 234.46           | 20.61           | 70084.36   | 2873.09             | 71.75      | 2.87          | 99.86             | 0.54                      
TRPO         | 304.45           | 9.52            | 74327.21   | 2735.39             | 76.08      | 2.06          | 99.86             | 0.42                      
PPO          | 462.76           | 33.69           | 72578.77   | 2037.25             | 74.32      | 2.34          | 99.89             | 0.40                      
DP_MNL       | 0.38             | 0.00            | 97706.95   | 2654.94             | 100.00     | 0.00          | 99.46             | 1.04                      
DP_MMNL_5PT  | 0.38             | 0.00            | 97706.67   | 2654.70             | 100.00     | 0.01          | 99.46             | 1.04                      
DP_MMNL_2PT  | 0.39             | 0.00            | 97707.24   | 2655.44             | 100.00     | 0.01          | 99.46             | 1.04                      
ADP_MNL      | 0.56             | 0.00            | 98117.61   | 1706.96             | 100.45     | 1.22          | 99.17             | 1.37                      
ADP_MMNL_5PT | 0.56             | 0.00            | 98121.62   | 1707.53             | 100.45     | 1.22          | 99.17             | 1.37                      
ADP_MMNL_2PT | 0.56             | 0.00            | 98120.19   | 1707.13             | 100.45     | 1.22          | 99.17             | 1.37                      
ADP_ENV      | 1.08             | 0.00            | 99894.14   | 3212.81             | 102.23     | 1.17          | 97.12             | 2.82                      
