
============================================================
TASK_ID: 45
LARGE_PRODUCT_SET: True
TRAIN_ON_ALL_SETS: False
HIGH_SENSITIVITY: True
GT_MODEL: Probit
============================================================
RL Training Seeds: 15, RL Training Steps: [100000, 500000, 1000000], Estimation Episodes: 50

Observation sampling time: 13.1092 seconds
Estimation_MNL  time: 0.0131s | beta: -0.011148, lambda: 0.501610
  LL: -27191.578518, AIC: 54385.157, BIC: 54392.395

Estimation_MMNL_5PT time: 0.9240s | lambda: 0.501610
  LL: -27191.578518, AIC: 54401.157, BIC: 54466.301
Betas: ['-0.011148', '-0.011148', '-0.011148', '-0.011147', '-0.011147']
Weights: ['0.134860', '0.134918', '0.134947', '0.460351', '0.134924']

Estimation_MMNL_2PT time: 0.3607s | lambda: 0.501610
  LL: -27191.578518, AIC: 54389.157, BIC: 54410.872
Betas: ['-0.011148', '-0.011147']
Weights: ['0.547739', '0.452261']

MNL  efficient sets time: 40.8930s | sets: (0, 1, 3, 7, 15, 31, 63, 127, 255, 511, 1023, 2047, 4095, 8191, 16383, 32767, 65535, 131071, 262143, 524287, 1048575, 2097151, 4194303, 8388607, 16777215, 33554431, 67108863, 134217727, 268435455, 536870911, 1073741823, 2147483647, 4294967295, 8589934591, 17179869183, 34359738367, 68719476735, 137438953471, 274877906943, 549755813887, 1099511627775, 2199023255551, 4398046511103, 8796093022207, 17592186044415, 35184372088831, 70368744177663, 140737488355327, 281474976710655, 562949953421311, 1125899906842623, 2251799813685247, 4503599627370495, 9007199254740991, 18014398509481983, 36028797018963967, 72057594037927935, 144115188075855871, 288230376151711743, 576460752303423487, 1152921504606846975, 2305843009213693951, 4611686018427387903, 9223372036854775807, 18446744073709551615, 36893488147419103231, 73786976294838206463, 147573952589676412927, 295147905179352825855, 590295810358705651711, 1180591620717411303423, 2361183241434822606847, 4722366482869645213695, 9444732965739290427391, 18889465931478580854783, 37778931862957161709567, 75557863725914323419135, 151115727451828646838271, 302231454903657293676543, 604462909807314587353087, 1208925819614629174706175, 2417851639229258349412351, 4835703278458516698824703, 9671406556917033397649407, 19342813113834066795298815, 38685626227668133590597631, 77371252455336267181195263, 154742504910672534362390527, 309485009821345068724781055, 618970019642690137449562111, 1237940039285380274899124223, 2475880078570760549798248447, 4951760157141521099596496895, 9903520314283042199192993791, 19807040628566084398385987583)
MMNL 5PT efficient sets time: 59.8935s | sets: (0, 1, 3, 7, 15, 31, 63, 127, 255, 511, 1023, 2047, 4095, 8191, 16383, 32767, 65535, 131071, 262143, 524287, 1048575, 2097151, 4194303, 8388607, 16777215, 33554431, 67108863, 134217727, 268435455, 536870911, 1073741823, 2147483647, 4294967295, 8589934591, 17179869183, 34359738367, 68719476735, 137438953471, 274877906943, 549755813887, 1099511627775, 2199023255551, 4398046511103, 8796093022207, 17592186044415, 35184372088831, 70368744177663, 140737488355327, 281474976710655, 562949953421311, 1125899906842623, 2251799813685247, 4503599627370495, 9007199254740991, 18014398509481983, 36028797018963967, 72057594037927935, 144115188075855871, 288230376151711743, 576460752303423487, 1152921504606846975, 2305843009213693951, 4611686018427387903, 9223372036854775807, 18446744073709551615, 36893488147419103231, 73786976294838206463, 147573952589676412927, 295147905179352825855, 590295810358705651711, 1180591620717411303423, 2361183241434822606847, 4722366482869645213695, 9444732965739290427391, 18889465931478580854783, 37778931862957161709567, 75557863725914323419135, 151115727451828646838271, 302231454903657293676543, 604462909807314587353087, 1208925819614629174706175, 2417851639229258349412351, 4835703278458516698824703, 9671406556917033397649407, 19342813113834066795298815, 38685626227668133590597631, 77371252455336267181195263, 154742504910672534362390527, 309485009821345068724781055, 618970019642690137449562111, 1237940039285380274899124223, 2475880078570760549798248447, 4951760157141521099596496895, 9903520314283042199192993791, 19807040628566084398385987583)
MMNL 2PT efficient sets time: 30.9468s | sets: (0, 1, 3, 7, 15, 31, 63, 127, 255, 511, 1023, 2047, 4095, 8191, 16383, 32767, 65535, 131071, 262143, 524287, 1048575, 2097151, 4194303, 8388607, 16777215, 33554431, 67108863, 134217727, 268435455, 536870911, 1073741823, 2147483647, 4294967295, 8589934591, 17179869183, 34359738367, 68719476735, 137438953471, 274877906943, 549755813887, 1099511627775, 2199023255551, 4398046511103, 8796093022207, 17592186044415, 35184372088831, 70368744177663, 140737488355327, 281474976710655, 562949953421311, 1125899906842623, 2251799813685247, 4503599627370495, 9007199254740991, 18014398509481983, 36028797018963967, 72057594037927935, 144115188075855871, 288230376151711743, 576460752303423487, 1152921504606846975, 2305843009213693951, 4611686018427387903, 9223372036854775807, 18446744073709551615, 36893488147419103231, 73786976294838206463, 147573952589676412927, 295147905179352825855, 590295810358705651711, 1180591620717411303423, 2361183241434822606847, 4722366482869645213695, 9444732965739290427391, 18889465931478580854783, 37778931862957161709567, 75557863725914323419135, 151115727451828646838271, 302231454903657293676543, 604462909807314587353087, 1208925819614629174706175, 2417851639229258349412351, 4835703278458516698824703, 9671406556917033397649407, 19342813113834066795298815, 38685626227668133590597631, 77371252455336267181195263, 154742504910672534362390527, 309485009821345068724781055, 618970019642690137449562111, 1237940039285380274899124223, 2475880078570760549798248447, 4951760157141521099596496895, 9903520314283042199192993791, 19807040628566084398385987583)
DP_MNL  time: 0.3734s | V(0,C): 40447.96 | avg reward: 38627.79
DP_MMNL_5PT time: 0.3720s | V(0,C): 40448.22 | avg reward: 38627.79
DP_MMNL_2PT time: 0.3682s | V(0,C): 40447.97 | avg reward: 38627.79
ADP_MNL  time: 0.5439s | V(0,C): 39515.44 | avg reward: 40180.25
ADP_MMNL_5PT time: 0.5427s | V(0,C): 39515.57 | avg reward: 40179.20
ADP_MMNL_2PT time: 0.5558s | V(0,C): 39515.46 | avg reward: 40180.51
ADP_ENV time: 16.4333s | V(0,C): 27070.28 | avg reward: 40084.26

=== 100,000 training timesteps ===
Method       | TrainTimeMean(s) | TrainTimeStd(s) | RewardMean | RewardStdAcrossRuns | PctOfDP(%) | PctOfDPStd(%) | LoadFactorMean(%) | LoadFactorStdAcrossRuns(%)
-------------+------------------+-----------------+------------+---------------------+------------+---------------+-------------------+---------------------------
DQN          | 77.62            | 1.75            | 38576.23   | 2473.31             | 105.51     | 3.27          | 67.71             | 5.58                      
QRDQN        | 207.55           | 18.72           | 28744.56   | 11427.11            | 78.17      | 29.57         | 37.69             | 20.17                     
ARS          | 72.56            | 2.11            | 35803.50   | 5996.95             | 98.22      | 16.63         | 54.27             | 14.49                     
A2C          | 82.52            | 3.23            | 33636.38   | 2191.22             | 92.03      | 3.88          | 69.77             | 4.93                      
TRPO         | 96.04            | 5.32            | 33234.34   | 2194.82             | 90.88      | 2.55          | 69.12             | 4.50                      
PPO          | 110.03           | 4.70            | 33628.92   | 2469.22             | 91.94      | 3.41          | 69.62             | 4.67                      
DP_MNL       | 0.37             | 0.00            | 36566.94   | 2115.85             | 100.00     | 0.00          | 73.33             | 4.30                      
DP_MMNL_5PT  | 0.37             | 0.00            | 36566.94   | 2115.85             | 100.00     | 0.00          | 73.33             | 4.30                      
DP_MMNL_2PT  | 0.37             | 0.00            | 36566.94   | 2115.85             | 100.00     | 0.00          | 73.33             | 4.30                      
ADP_MNL      | 0.54             | 0.00            | 38359.06   | 2106.60             | 104.93     | 1.63          | 70.59             | 3.95                      
ADP_MMNL_5PT | 0.54             | 0.00            | 38380.52   | 2111.93             | 104.99     | 1.58          | 70.59             | 3.95                      
ADP_MMNL_2PT | 0.56             | 0.00            | 38378.52   | 2119.98             | 104.98     | 1.57          | 70.59             | 3.95                      
ADP_ENV      | 16.43            | 0.00            | 38815.49   | 2593.29             | 106.15     | 3.52          | 57.30             | 3.74                      

=== 500,000 training timesteps ===
Method       | TrainTimeMean(s) | TrainTimeStd(s) | RewardMean | RewardStdAcrossRuns | PctOfDP(%) | PctOfDPStd(%) | LoadFactorMean(%) | LoadFactorStdAcrossRuns(%)
-------------+------------------+-----------------+------------+---------------------+------------+---------------+-------------------+---------------------------
DQN          | 392.26           | 10.77           | 36673.30   | 5213.62             | 100.14     | 12.56         | 62.67             | 14.26                     
QRDQN        | 1020.05          | 56.45           | 28744.56   | 11427.11            | 78.17      | 29.57         | 37.69             | 20.17                     
ARS          | 366.51           | 11.39           | 38782.41   | 2377.74             | 106.11     | 3.92          | 63.21             | 8.29                      
A2C          | 409.40           | 6.21            | 33852.46   | 2239.86             | 92.59      | 3.32          | 70.38             | 4.87                      
TRPO         | 460.41           | 23.72           | 33934.92   | 2202.89             | 92.85      | 4.01          | 68.83             | 4.50                      
PPO          | 526.44           | 24.00           | 34842.46   | 2450.21             | 95.25      | 2.91          | 68.97             | 4.29                      
DP_MNL       | 0.37             | 0.00            | 36566.94   | 2115.85             | 100.00     | 0.00          | 73.33             | 4.30                      
DP_MMNL_5PT  | 0.37             | 0.00            | 36566.94   | 2115.85             | 100.00     | 0.00          | 73.33             | 4.30                      
DP_MMNL_2PT  | 0.37             | 0.00            | 36566.94   | 2115.85             | 100.00     | 0.00          | 73.33             | 4.30                      
ADP_MNL      | 0.54             | 0.00            | 38359.06   | 2106.60             | 104.93     | 1.63          | 70.59             | 3.95                      
ADP_MMNL_5PT | 0.54             | 0.00            | 38380.52   | 2111.93             | 104.99     | 1.58          | 70.59             | 3.95                      
ADP_MMNL_2PT | 0.56             | 0.00            | 38378.52   | 2119.98             | 104.98     | 1.57          | 70.59             | 3.95                      
ADP_ENV      | 16.43            | 0.00            | 38815.49   | 2593.29             | 106.15     | 3.52          | 57.30             | 3.74                      

=== 1,000,000 training timesteps ===
Method       | TrainTimeMean(s) | TrainTimeStd(s) | RewardMean | RewardStdAcrossRuns | PctOfDP(%) | PctOfDPStd(%) | LoadFactorMean(%) | LoadFactorStdAcrossRuns(%)
-------------+------------------+-----------------+------------+---------------------+------------+---------------+-------------------+---------------------------
DQN          | 790.56           | 30.37           | 36531.41   | 4625.74             | 100.22     | 13.01         | 59.57             | 13.48                     
QRDQN        | 2057.69          | 130.28          | 28744.56   | 11427.11            | 78.17      | 29.57         | 37.69             | 20.17                     
ARS          | 733.63           | 20.96           | 38666.04   | 2386.43             | 105.80     | 4.02          | 62.99             | 7.96                      
A2C          | 835.13           | 23.96           | 33814.53   | 2592.37             | 92.43      | 3.68          | 70.31             | 5.37                      
TRPO         | 919.71           | 28.79           | 34764.31   | 2017.21             | 95.13      | 3.39          | 69.44             | 4.16                      
PPO          | 1049.24          | 41.10           | 34879.49   | 2527.47             | 95.39      | 4.04          | 69.37             | 4.43                      
DP_MNL       | 0.37             | 0.00            | 36566.94   | 2115.85             | 100.00     | 0.00          | 73.33             | 4.30                      
DP_MMNL_5PT  | 0.37             | 0.00            | 36566.94   | 2115.85             | 100.00     | 0.00          | 73.33             | 4.30                      
DP_MMNL_2PT  | 0.37             | 0.00            | 36566.94   | 2115.85             | 100.00     | 0.00          | 73.33             | 4.30                      
ADP_MNL      | 0.54             | 0.00            | 38359.06   | 2106.60             | 104.93     | 1.63          | 70.59             | 3.95                      
ADP_MMNL_5PT | 0.54             | 0.00            | 38380.52   | 2111.93             | 104.99     | 1.58          | 70.59             | 3.95                      
ADP_MMNL_2PT | 0.56             | 0.00            | 38378.52   | 2119.98             | 104.98     | 1.57          | 70.59             | 3.95                      
ADP_ENV      | 16.43            | 0.00            | 38815.49   | 2593.29             | 106.15     | 3.52          | 57.30             | 3.74                      
