
============================================================
TASK_ID: 5
GT_MODEL: MMNL_2PT
HIGH_SENSITIVITY: False
TRAIN_ON_ALL_SETS: True
============================================================
RL Training Seeds: 15, RL Training Steps: [20000, 100000, 500000, 1000000], Estimation Episodes: 50

Observation sampling time: 0.7780 seconds
Estimation_MNL  time: 4.1927s | beta: -0.001456, lambda: 0.504195
  LL: -17787.460000, AIC: 35576.920, BIC: 35584.170

Estimation_MMNL_5PT time: 15.9781s | lambda: 0.504195
  LL: -17787.020000, AIC: 35598.040, BIC: 35684.960
Betas: ['-0.050000', '-0.050000', '-0.050000', '-0.001309', '-0.003120']
Weights: ['0.000000', '0.000000', '0.000000', '0.924873', '0.075127']

Estimation_MMNL_2PT time: 6.6169s | lambda: 0.504195
  LL: -17787.450000, AIC: 35580.910, BIC: 35602.640
Betas: ['-0.001449', '-0.050000']
Weights: ['0.999025', '0.000975']

Estimation_MMNL_CONT time: 34.1675s | mu: -6.543192, sigma: 0.156384, lambda: 0.504195
  LL: -17787.410000, AIC: 35578.820, BIC: 35593.300

DP_MNL  time: 0.4465s | V(0,C): 67730.44
DP_MMNL_5PT time: 0.4879s | V(0,C): 67780.31
DP_MMNL_2PT time: 0.4673s | V(0,C): 67752.12
DP_MMNL_CONT time: 0.4659s | V(0,C): 69569.03

Average MNL reward over 1000 episodes: 66430.65

=== 20,000 training timesteps ===
Method       | TrainTimeMean(s) | TrainTimeStd(s) | RewardMean | RewardStdAcrossRuns | PctOfDP(%) | PctOfDPStd(%) | LoadFactorMean(%) | LoadFactorStdAcrossRuns(%)
-------------+------------------+-----------------+------------+---------------------+------------+---------------+-------------------+---------------------------
DQN          | 4.25             | 0.05            | 47173.33   | 8520.33             | 71.25      | 9.69          | 81.55             | 8.42                      
ARS          | 2.69             | 0.01            | 51246.00   | 7403.57             | 77.41      | 7.14          | 84.86             | 9.68                      
A2C          | 4.31             | 0.03            | 59941.67   | 4690.77             | 90.88      | 3.69          | 86.49             | 5.95                      
TRPO         | 5.64             | 0.02            | 60354.33   | 4949.16             | 91.53      | 4.78          | 87.24             | 4.70                      
PPO          | 9.70             | 0.02            | 58641.67   | 4022.09             | 89.02      | 4.60          | 87.78             | 7.96                      
DP_MNL       | 0.45             | 0.00            | 66003.33   | 5059.08             | 100.00     | 0.00          | 71.78             | 5.42                      
DP_MMNL_5PT  | 0.49             | 0.00            | 66003.33   | 5059.08             | 100.00     | 0.00          | 71.78             | 5.42                      
DP_MMNL_2PT  | 0.47             | 0.00            | 66003.33   | 5059.08             | 100.00     | 0.00          | 71.78             | 5.42                      
DP_MMNL_CONT | 0.47             | 0.00            | 66003.33   | 5059.08             | 100.00     | 0.00          | 71.78             | 5.42                      

=== 100,000 training timesteps ===
Method       | TrainTimeMean(s) | TrainTimeStd(s) | RewardMean | RewardStdAcrossRuns | PctOfDP(%) | PctOfDPStd(%) | LoadFactorMean(%) | LoadFactorStdAcrossRuns(%)
-------------+------------------+-----------------+------------+---------------------+------------+---------------+-------------------+---------------------------
DQN          | 21.06            | 0.09            | 46506.00   | 6963.11             | 70.38      | 8.35          | 81.98             | 8.71                      
ARS          | 13.31            | 0.07            | 52002.67   | 7873.02             | 78.87      | 10.81         | 85.30             | 6.84                      
A2C          | 21.39            | 0.04            | 63449.33   | 4978.93             | 96.18      | 3.53          | 83.39             | 5.41                      
TRPO         | 24.62            | 0.07            | 62792.00   | 4262.63             | 95.29      | 4.20          | 81.73             | 8.22                      
PPO          | 42.01            | 0.17            | 60908.00   | 3763.68             | 92.45      | 3.76          | 87.50             | 6.68                      
DP_MNL       | 0.45             | 0.00            | 66003.33   | 5059.08             | 100.00     | 0.00          | 71.78             | 5.42                      
DP_MMNL_5PT  | 0.49             | 0.00            | 66003.33   | 5059.08             | 100.00     | 0.00          | 71.78             | 5.42                      
DP_MMNL_2PT  | 0.47             | 0.00            | 66003.33   | 5059.08             | 100.00     | 0.00          | 71.78             | 5.42                      
DP_MMNL_CONT | 0.47             | 0.00            | 66003.33   | 5059.08             | 100.00     | 0.00          | 71.78             | 5.42                      

=== 500,000 training timesteps ===
Method       | TrainTimeMean(s) | TrainTimeStd(s) | RewardMean | RewardStdAcrossRuns | PctOfDP(%) | PctOfDPStd(%) | LoadFactorMean(%) | LoadFactorStdAcrossRuns(%)
-------------+------------------+-----------------+------------+---------------------+------------+---------------+-------------------+---------------------------
DQN          | 104.60           | 0.44            | 48592.33   | 6728.27             | 73.74      | 9.24          | 85.48             | 6.83                      
ARS          | 55.72            | 0.22            | 57525.00   | 5751.93             | 87.16      | 5.81          | 85.19             | 6.57                      
A2C          | 109.76           | 0.58            | 64511.00   | 5176.34             | 97.75      | 2.88          | 81.23             | 4.86                      
TRPO         | 122.17           | 0.74            | 65350.00   | 5033.03             | 99.01      | 1.27          | 76.00             | 6.31                      
PPO          | 201.84           | 0.64            | 61811.67   | 4715.57             | 93.73      | 3.84          | 86.45             | 5.64                      
DP_MNL       | 0.45             | 0.00            | 66003.33   | 5059.08             | 100.00     | 0.00          | 71.78             | 5.42                      
DP_MMNL_5PT  | 0.49             | 0.00            | 66003.33   | 5059.08             | 100.00     | 0.00          | 71.78             | 5.42                      
DP_MMNL_2PT  | 0.47             | 0.00            | 66003.33   | 5059.08             | 100.00     | 0.00          | 71.78             | 5.42                      
DP_MMNL_CONT | 0.47             | 0.00            | 66003.33   | 5059.08             | 100.00     | 0.00          | 71.78             | 5.42                      

=== 1,000,000 training timesteps ===
Method       | TrainTimeMean(s) | TrainTimeStd(s) | RewardMean | RewardStdAcrossRuns | PctOfDP(%) | PctOfDPStd(%) | LoadFactorMean(%) | LoadFactorStdAcrossRuns(%)
-------------+------------------+-----------------+------------+---------------------+------------+---------------+-------------------+---------------------------
DQN          | 209.40           | 0.98            | 47175.67   | 6761.18             | 71.49      | 8.65          | 85.66             | 6.21                      
ARS          | 108.67           | 0.35            | 57906.67   | 5490.98             | 87.78      | 5.71          | 84.04             | 7.58                      
A2C          | 222.28           | 3.30            | 64516.33   | 5167.16             | 97.76      | 2.84          | 81.23             | 4.86                      
TRPO         | 241.86           | 2.07            | 65660.00   | 5416.25             | 99.44      | 1.16          | 76.79             | 5.26                      
PPO          | 402.90           | 1.23            | 62929.33   | 4170.28             | 95.51      | 4.35          | 84.94             | 5.62                      
DP_MNL       | 0.45             | 0.00            | 66003.33   | 5059.08             | 100.00     | 0.00          | 71.78             | 5.42                      
DP_MMNL_5PT  | 0.49             | 0.00            | 66003.33   | 5059.08             | 100.00     | 0.00          | 71.78             | 5.42                      
DP_MMNL_2PT  | 0.47             | 0.00            | 66003.33   | 5059.08             | 100.00     | 0.00          | 71.78             | 5.42                      
DP_MMNL_CONT | 0.47             | 0.00            | 66003.33   | 5059.08             | 100.00     | 0.00          | 71.78             | 5.42                      
Execution completed successfully!
