
============================================================
TASK_ID: 44
LARGE_PRODUCT_SET: False
TRAIN_ON_ALL_SETS: False
HIGH_SENSITIVITY: True
GT_MODEL: MMNL_2PT
============================================================
RL Training Seeds: 15, RL Training Steps: [20000, 100000, 500000], Estimation Episodes: 50

Observation sampling time: 0.7333 seconds
Estimation_MNL  time: 4.5081s | beta: -0.004545, lambda: 0.493610
  LL: -14849.590000, AIC: 29701.170, BIC: 29708.390

Estimation_MMNL_5PT time: 16.5920s | lambda: 0.493610
  LL: -14814.790000, AIC: 29647.580, BIC: 29712.580
Betas: ['-0.050000', '-0.007831', '-0.002553', '-0.002553', '-0.002553']
Weights: ['0.230193', '0.230166', '0.230172', '0.133761', '0.175708']

Estimation_MMNL_2PT time: 7.7411s | lambda: 0.493610
  LL: -14814.790000, AIC: 29635.580, BIC: 29657.250
Betas: ['-0.050000', '-0.007831']
Weights: ['0.539641', '0.460359']

Estimation_MMNL_CONT time: 48.1814s | mu: -5.450756, sigma: 0.600923, lambda: 0.493610
  LL: -14815.740000, AIC: 29635.480, BIC: 29649.930

MNL  efficient sets time: 0.0119s | sets: (0, 1, 3, 7, 15, 31, 63, 127, 255)
MMNL 5PT efficient sets time: 0.0556s | sets: (0, 1, 3, 7, 15, 31, 63, 127)
MMNL 2PT efficient sets time: 0.0386s | sets: (0, 1, 3, 7, 15, 31, 63, 127, 255, 511, 1023)
MMNL Cont efficient sets time: 0.0328s | sets: (0, 1, 11, 111)

DP_MNL  time: 0.3498s | V(0,C): 39015.23 | avg reward: 38299.85
DP_MMNL_5PT time: 0.3593s | V(0,C): 33343.85 | avg reward: 37955.26
DP_MMNL_2PT time: 0.3587s | V(0,C): 11633.00 | avg reward: 37996.59
DP_MMNL_CONT time: 0.3603s | V(0,C): 40160.07 | avg reward: 26775.25


=== 20,000 training timesteps ===
Method       | TrainTimeMean(s) | TrainTimeStd(s) | RewardMean | RewardStdAcrossRuns | PctOfDP(%) | PctOfDPStd(%) | LoadFactorMean(%) | LoadFactorStdAcrossRuns(%)
-------------+------------------+-----------------+------------+---------------------+------------+---------------+-------------------+---------------------------
DQN          | 3.56             | 0.04            | 33886.67   | 5582.98             | 89.17      | 11.76         | 49.19             | 16.08                     
QRDQN        | 18.32            | 0.94            | 30257.67   | 4777.82             | 80.06      | 12.42         | 37.37             | 10.70                     
ARS          | 2.55             | 0.02            | 35298.33   | 5324.10             | 92.94      | 10.42         | 54.41             | 15.49                     
A2C          | 4.79             | 0.28            | 35685.33   | 3470.87             | 94.17      | 5.23          | 74.09             | 6.92                      
TRPO         | 5.61             | 0.03            | 36749.67   | 2758.26             | 97.06      | 2.74          | 70.05             | 7.72                      
PPO          | 9.77             | 0.12            | 36058.00   | 4039.28             | 95.07      | 5.90          | 71.50             | 6.81                      
DP_MNL       | 0.35             | 0.00            | 37907.67   | 3254.99             | 100.00     | 0.00          | 65.84             | 4.62                      
DP_MMNL_5PT  | 0.36             | 0.00            | 37697.00   | 3752.59             | 99.36      | 2.55          | 59.24             | 4.89                      
DP_MMNL_2PT  | 0.36             | 0.00            | 37451.67   | 3355.71             | 98.78      | 1.67          | 76.29             | 5.72                      
DP_MMNL_CONT | 0.36             | 0.00            | 25683.33   | 3740.13             | 67.51      | 5.38          | 28.36             | 3.91                      

=== 100,000 training timesteps ===
Method       | TrainTimeMean(s) | TrainTimeStd(s) | RewardMean | RewardStdAcrossRuns | PctOfDP(%) | PctOfDPStd(%) | LoadFactorMean(%) | LoadFactorStdAcrossRuns(%)
-------------+------------------+-----------------+------------+---------------------+------------+---------------+-------------------+---------------------------
DQN          | 17.93            | 0.20            | 37425.00   | 3413.27             | 98.69      | 1.44          | 74.45             | 6.38                      
QRDQN        | 94.15            | 4.73            | 30257.67   | 4777.82             | 80.06      | 12.42         | 37.37             | 10.70                     
ARS          | 12.75            | 0.09            | 36160.00   | 5073.30             | 95.24      | 9.56          | 58.34             | 12.28                     
A2C          | 23.69            | 1.36            | 36832.33   | 3336.95             | 97.16      | 2.35          | 74.81             | 6.09                      
TRPO         | 24.61            | 0.12            | 37468.33   | 3350.06             | 98.83      | 1.76          | 73.08             | 5.46                      
PPO          | 42.36            | 0.44            | 37529.00   | 3454.52             | 98.96      | 1.53          | 75.03             | 6.01                      
DP_MNL       | 0.35             | 0.00            | 37907.67   | 3254.99             | 100.00     | 0.00          | 65.84             | 4.62                      
DP_MMNL_5PT  | 0.36             | 0.00            | 37697.00   | 3752.59             | 99.36      | 2.55          | 59.24             | 4.89                      
DP_MMNL_2PT  | 0.36             | 0.00            | 37451.67   | 3355.71             | 98.78      | 1.67          | 76.29             | 5.72                      
DP_MMNL_CONT | 0.36             | 0.00            | 25683.33   | 3740.13             | 67.51      | 5.38          | 28.36             | 3.91                      

=== 500,000 training timesteps ===
Method       | TrainTimeMean(s) | TrainTimeStd(s) | RewardMean | RewardStdAcrossRuns | PctOfDP(%) | PctOfDPStd(%) | LoadFactorMean(%) | LoadFactorStdAcrossRuns(%)
-------------+------------------+-----------------+------------+---------------------+------------+---------------+-------------------+---------------------------
DQN          | 407.80           | 1191.60         | 37282.33   | 3272.00             | 98.34      | 1.39          | 73.59             | 5.18                      
QRDQN        | 509.82           | 14.12           | 30257.67   | 4777.82             | 80.06      | 12.42         | 37.37             | 10.70                     
ARS          | 53.53            | 0.37            | 37573.33   | 3679.59             | 99.03      | 2.09          | 69.98             | 6.64                      
A2C          | 117.29           | 3.49            | 37011.00   | 3400.00             | 97.62      | 2.33          | 75.06             | 6.01                      
TRPO         | 122.61           | 0.85            | 37462.00   | 3189.20             | 98.85      | 1.67          | 72.50             | 6.68                      
PPO          | 201.29           | 1.48            | 37451.67   | 3355.71             | 98.78      | 1.67          | 76.29             | 5.72                      
DP_MNL       | 0.35             | 0.00            | 37907.67   | 3254.99             | 100.00     | 0.00          | 65.84             | 4.62                      
DP_MMNL_5PT  | 0.36             | 0.00            | 37697.00   | 3752.59             | 99.36      | 2.55          | 59.24             | 4.89                      
DP_MMNL_2PT  | 0.36             | 0.00            | 37451.67   | 3355.71             | 98.78      | 1.67          | 76.29             | 5.72                      
DP_MMNL_CONT | 0.36             | 0.00            | 25683.33   | 3740.13             | 67.51      | 5.38          | 28.36             | 3.91                      
