
============================================================
TASK_ID: 58
LARGE_PRODUCT_SET: False
TRAIN_ON_ALL_SETS: True
HIGH_SENSITIVITY: True
GT_MODEL: MNLrefPrice
============================================================
RL Training Seeds: 15, RL Training Steps: [20000, 100000, 500000, 1000000], Estimation Episodes: 50

Observation sampling time: 0.5012 seconds
Estimation_MNL  time: 4.9069s | beta: -0.004954, lambda: 0.501122
  LL: -14554.670000, AIC: 29111.350, BIC: 29118.580

Estimation_MMNL_5PT time: 14.9606s | lambda: 0.501122
  LL: -14554.670000, AIC: 29127.350, BIC: 29192.480
Betas: ['-0.050000', '-0.004954', '-0.004954', '-0.004954', '-0.004954']
Weights: ['0.031406', '0.031406', '0.031406', '0.754818', '0.150964']

Estimation_MMNL_2PT time: 7.8407s | lambda: 0.501122
  LL: -14554.670000, AIC: 29115.350, BIC: 29137.060
Betas: ['-0.050000', '-0.004954']
Weights: ['0.351694', '0.648306']

Estimation_MMNL_CONT time: 49.6472s | mu: -5.307519, sigma: 0.000000, lambda: 0.501122
  LL: -14554.670000, AIC: 29113.350, BIC: 29127.820

DP_MNL  time: 0.4537s | V(0,C): 37261.63 | avg reward: 36557.82
DP_MMNL_5PT time: 0.5031s | V(0,C): 36091.50 | avg reward: 36557.82
DP_MMNL_2PT time: 0.4842s | V(0,C): 24159.20 | avg reward: 36557.82
DP_MMNL_CONT time: 0.4785s | V(0,C): 37261.63 | avg reward: 36557.82

