
============================================================
TASK_ID: 7
GT_MODEL: MMNLcont
HIGH_SENSITIVITY: False
TRAIN_ON_ALL_SETS: True
============================================================
RL Training Seeds: 15, RL Training Steps: [20000, 100000, 500000, 1000000], Estimation Episodes: 50

Observation sampling time: 0.8313 seconds
Estimation_MNL  time: 4.7101s | beta: -0.001565, lambda: 0.502146
  LL: -17645.480000, AIC: 35292.960, BIC: 35300.200

Estimation_MMNL_5PT time: 26.7126s | lambda: 0.502146
  LL: -17644.130000, AIC: 35312.250, BIC: 35399.130
Betas: ['-0.050000', '-0.004752', '-0.001146', '-0.005991', '-0.001257']
Weights: ['0.021162', '0.062820', '0.121070', '0.052333', '0.742615']

Estimation_MMNL_2PT time: 7.4025s | lambda: 0.502146
  LL: -17644.810000, AIC: 35295.610, BIC: 35317.330
Betas: ['-0.001417', '-0.006726']
Weights: ['0.964727', '0.035273']

Estimation_MMNL_CONT time: 41.6061s | mu: -6.547380, sigma: 0.443682, lambda: 0.502146
  LL: -17645.160000, AIC: 35294.320, BIC: 35308.800

DP_MNL  time: 0.4572s | V(0,C): 66117.61
DP_MMNL_5PT time: 0.5011s | V(0,C): 63127.84
DP_MMNL_2PT time: 0.4829s | V(0,C): 65987.75
DP_MMNL_CONT time: 0.4802s | V(0,C): 71184.78

Average MNL reward over 1000 episodes: 65681.23

=== 20,000 training timesteps ===
Method       | TrainTimeMean(s) | TrainTimeStd(s) | RewardMean | RewardStdAcrossRuns | PctOfDP(%) | PctOfDPStd(%) | LoadFactorMean(%) | LoadFactorStdAcrossRuns(%)
-------------+------------------+-----------------+------------+---------------------+------------+---------------+-------------------+---------------------------
DQN          | 4.27             | 0.04            | 47634.00   | 9534.63             | 72.83      | 12.05         | 81.30             | 9.68                      
ARS          | 2.79             | 0.02            | 48805.67   | 11393.76            | 74.43      | 16.25         | 79.06             | 12.54                     
A2C          | 4.36             | 0.04            | 57446.33   | 4325.64             | 88.31      | 5.11          | 88.76             | 5.88                      
TRPO         | 5.68             | 0.03            | 60481.67   | 6042.78             | 92.73      | 4.60          | 85.37             | 6.19                      
PPO          | 9.73             | 0.02            | 59349.67   | 4577.14             | 91.15      | 3.97          | 86.95             | 5.78                      
DP_MNL       | 0.46             | 0.00            | 65175.00   | 5014.95             | 100.00     | 0.00          | 70.99             | 5.33                      
DP_MMNL_5PT  | 0.50             | 0.00            | 65175.00   | 5014.95             | 100.00     | 0.00          | 70.99             | 5.33                      
DP_MMNL_2PT  | 0.48             | 0.00            | 65175.00   | 5014.95             | 100.00     | 0.00          | 70.99             | 5.33                      
DP_MMNL_CONT | 0.48             | 0.00            | 62065.33   | 4376.75             | 95.31      | 2.47          | 83.60             | 5.01                      

=== 100,000 training timesteps ===
Method       | TrainTimeMean(s) | TrainTimeStd(s) | RewardMean | RewardStdAcrossRuns | PctOfDP(%) | PctOfDPStd(%) | LoadFactorMean(%) | LoadFactorStdAcrossRuns(%)
-------------+------------------+-----------------+------------+---------------------+------------+---------------+-------------------+---------------------------
DQN          | 21.23            | 0.07            | 48397.33   | 8904.93             | 74.05      | 11.11         | 82.02             | 9.23                      
ARS          | 13.83            | 0.06            | 50667.67   | 6762.48             | 77.79      | 8.81          | 84.29             | 7.68                      
A2C          | 21.60            | 0.07            | 62098.67   | 4928.70             | 95.37      | 4.15          | 82.92             | 7.31                      
TRPO         | 24.85            | 0.08            | 62371.33   | 4752.85             | 95.78      | 3.54          | 84.14             | 8.14                      
PPO          | 42.26            | 0.19            | 61625.33   | 4411.14             | 94.70      | 4.36          | 85.19             | 6.47                      
DP_MNL       | 0.46             | 0.00            | 65175.00   | 5014.95             | 100.00     | 0.00          | 70.99             | 5.33                      
DP_MMNL_5PT  | 0.50             | 0.00            | 65175.00   | 5014.95             | 100.00     | 0.00          | 70.99             | 5.33                      
DP_MMNL_2PT  | 0.48             | 0.00            | 65175.00   | 5014.95             | 100.00     | 0.00          | 70.99             | 5.33                      
DP_MMNL_CONT | 0.48             | 0.00            | 62065.33   | 4376.75             | 95.31      | 2.47          | 83.60             | 5.01                      

=== 500,000 training timesteps ===
Method       | TrainTimeMean(s) | TrainTimeStd(s) | RewardMean | RewardStdAcrossRuns | PctOfDP(%) | PctOfDPStd(%) | LoadFactorMean(%) | LoadFactorStdAcrossRuns(%)
-------------+------------------+-----------------+------------+---------------------+------------+---------------+-------------------+---------------------------
DQN          | 105.52           | 0.38            | 46352.00   | 7954.46             | 71.35      | 12.35         | 81.62             | 6.12                      
ARS          | 57.94            | 0.23            | 58764.00   | 4691.06             | 90.32      | 5.61          | 82.99             | 3.82                      
A2C          | 110.31           | 0.83            | 63010.33   | 4631.49             | 96.80      | 4.07          | 82.02             | 6.62                      
TRPO         | 123.63           | 0.54            | 64316.00   | 4838.14             | 98.72      | 2.23          | 78.16             | 7.72                      
PPO          | 202.96           | 0.63            | 62146.67   | 4169.79             | 95.49      | 3.42          | 85.19             | 5.69                      
DP_MNL       | 0.46             | 0.00            | 65175.00   | 5014.95             | 100.00     | 0.00          | 70.99             | 5.33                      
DP_MMNL_5PT  | 0.50             | 0.00            | 65175.00   | 5014.95             | 100.00     | 0.00          | 70.99             | 5.33                      
DP_MMNL_2PT  | 0.48             | 0.00            | 65175.00   | 5014.95             | 100.00     | 0.00          | 70.99             | 5.33                      
DP_MMNL_CONT | 0.48             | 0.00            | 62065.33   | 4376.75             | 95.31      | 2.47          | 83.60             | 5.01                      

=== 1,000,000 training timesteps ===
Method       | TrainTimeMean(s) | TrainTimeStd(s) | RewardMean | RewardStdAcrossRuns | PctOfDP(%) | PctOfDPStd(%) | LoadFactorMean(%) | LoadFactorStdAcrossRuns(%)
-------------+------------------+-----------------+------------+---------------------+------------+---------------+-------------------+---------------------------
DQN          | 211.38           | 0.84            | 46619.33   | 4783.23             | 71.76      | 7.28          | 84.32             | 8.26                      
ARS          | 113.02           | 0.35            | 59368.33   | 4314.51             | 91.30      | 5.67          | 82.74             | 3.96                      
A2C          | 223.37           | 4.10            | 63237.33   | 4518.64             | 97.14      | 3.49          | 81.98             | 6.63                      
TRPO         | 244.80           | 1.62            | 64233.67   | 4440.63             | 98.64      | 1.97          | 75.21             | 6.90                      
PPO          | 404.81           | 1.46            | 63017.67   | 4320.43             | 96.80      | 2.85          | 84.18             | 5.44                      
DP_MNL       | 0.46             | 0.00            | 65175.00   | 5014.95             | 100.00     | 0.00          | 70.99             | 5.33                      
DP_MMNL_5PT  | 0.50             | 0.00            | 65175.00   | 5014.95             | 100.00     | 0.00          | 70.99             | 5.33                      
DP_MMNL_2PT  | 0.48             | 0.00            | 65175.00   | 5014.95             | 100.00     | 0.00          | 70.99             | 5.33                      
DP_MMNL_CONT | 0.48             | 0.00            | 62065.33   | 4376.75             | 95.31      | 2.47          | 83.60             | 5.01                      
Execution completed successfully!
