
============================================================
TASK_ID: 48
LARGE_PRODUCT_SET: False
TRAIN_ON_ALL_SETS: False
HIGH_SENSITIVITY: True
GT_MODEL: Probit
============================================================
RL Training Seeds: 15, RL Training Steps: [100000, 500000, 1000000], Estimation Episodes: 50

Observation sampling time: 0.7422 seconds
Estimation_MNL  time: 0.0229s | beta: -0.007005, lambda: 0.499659
  LL: -12128.443744, AIC: 24258.887, BIC: 24266.122

Estimation_MMNL_5PT time: 0.3441s | lambda: 0.499659
  LL: -12128.443744, AIC: 24274.887, BIC: 24339.997
Betas: ['-0.007005', '-0.007005', '-0.007005', '-0.007004', '-0.007004']
Weights: ['0.121211', '0.515205', '0.121243', '0.121155', '0.121185']

Estimation_MMNL_2PT time: 0.1534s | lambda: 0.499659
  LL: -12128.443744, AIC: 24262.887, BIC: 24284.591
Betas: ['-0.007005', '-0.007005']
Weights: ['0.323468', '0.676532']

MNL  efficient sets time: 0.0131s | sets: (0, 1, 3, 7, 15, 31, 63, 127, 255, 511, 1023)
MMNL 5PT efficient sets time: 0.0602s | sets: (0, 1, 3, 7, 15, 31, 63, 127, 255, 511, 1023)
MMNL 2PT efficient sets time: 0.0416s | sets: (0, 1, 3, 7, 15, 31, 63, 127, 255, 511, 1023)
DP_MNL  time: 0.3927s | V(0,C): 28563.68 | avg reward: 25135.15
DP_MMNL_5PT time: 0.3857s | V(0,C): 28563.67 | avg reward: 25135.15
DP_MMNL_2PT time: 0.3954s | V(0,C): 28563.68 | avg reward: 25135.15
ADP_MNL  time: 0.5558s | V(0,C): 28893.13 | avg reward: 25135.15
ADP_MMNL_5PT time: 0.5546s | V(0,C): 28893.10 | avg reward: 25135.15
ADP_MMNL_2PT time: 0.5582s | V(0,C): 28893.14 | avg reward: 25135.15
ADP_ENV time: 0.7215s | V(0,C): 15482.23 | avg reward: 24548.58

=== 100,000 training timesteps ===
Method       | TrainTimeMean(s) | TrainTimeStd(s) | RewardMean | RewardStdAcrossRuns | PctOfDP(%) | PctOfDPStd(%) | LoadFactorMean(%) | LoadFactorStdAcrossRuns(%)
-------------+------------------+-----------------+------------+---------------------+------------+---------------+-------------------+---------------------------
DQN          | 20.88            | 2.41            | 25169.00   | 1080.14             | 99.78      | 0.38          | 60.86             | 3.46                      
QRDQN        | 104.11           | 7.02            | 19570.67   | 7973.84             | 77.08      | 30.40         | 41.73             | 22.59                     
ARS          | 10.29            | 0.12            | 23474.00   | 1979.65             | 93.04      | 6.49          | 51.71             | 8.51                      
A2C          | 26.08            | 3.05            | 24622.33   | 1594.35             | 97.60      | 4.47          | 60.40             | 3.26                      
TRPO         | 27.29            | 1.37            | 25144.33   | 1459.84             | 99.67      | 3.42          | 61.48             | 3.20                      
PPO          | 52.06            | 6.20            | 25172.00   | 1347.56             | 99.78      | 3.11          | 61.48             | 3.28                      
DP_MNL       | 0.39             | 0.00            | 25227.00   | 1125.83             | 100.00     | 0.00          | 61.51             | 3.19                      
DP_MMNL_5PT  | 0.39             | 0.00            | 25227.00   | 1125.83             | 100.00     | 0.00          | 61.51             | 3.19                      
DP_MMNL_2PT  | 0.40             | 0.00            | 25227.00   | 1125.83             | 100.00     | 0.00          | 61.51             | 3.19                      
ADP_MNL      | 0.56             | 0.00            | 25227.00   | 1125.83             | 100.00     | 0.00          | 61.51             | 3.19                      
ADP_MMNL_5PT | 0.55             | 0.00            | 25227.00   | 1125.83             | 100.00     | 0.00          | 61.51             | 3.19                      
ADP_MMNL_2PT | 0.56             | 0.00            | 25227.00   | 1125.83             | 100.00     | 0.00          | 61.51             | 3.19                      
ADP_ENV      | 0.72             | 0.00            | 24514.00   | 777.48              | 97.24      | 1.97          | 56.36             | 1.88                      

=== 500,000 training timesteps ===
Method       | TrainTimeMean(s) | TrainTimeStd(s) | RewardMean | RewardStdAcrossRuns | PctOfDP(%) | PctOfDPStd(%) | LoadFactorMean(%) | LoadFactorStdAcrossRuns(%)
-------------+------------------+-----------------+------------+---------------------+------------+---------------+-------------------+---------------------------
DQN          | 116.91           | 50.10           | 24769.33   | 1032.17             | 98.21      | 1.35          | 59.32             | 3.27                      
QRDQN        | 534.45           | 61.69           | 19570.67   | 7973.84             | 77.08      | 30.40         | 41.73             | 22.59                     
ARS          | 52.06            | 0.59            | 24782.33   | 1262.29             | 98.27      | 3.48          | 58.81             | 5.52                      
A2C          | 135.91           | 16.80           | 25022.00   | 1956.01             | 99.14      | 5.41          | 61.05             | 3.41                      
TRPO         | 137.19           | 6.08            | 24941.33   | 1248.95             | 98.89      | 2.97          | 60.97             | 2.97                      
PPO          | 250.96           | 27.29           | 25209.00   | 1299.57             | 99.94      | 2.97          | 61.26             | 3.33                      
DP_MNL       | 0.39             | 0.00            | 25227.00   | 1125.83             | 100.00     | 0.00          | 61.51             | 3.19                      
DP_MMNL_5PT  | 0.39             | 0.00            | 25227.00   | 1125.83             | 100.00     | 0.00          | 61.51             | 3.19                      
DP_MMNL_2PT  | 0.40             | 0.00            | 25227.00   | 1125.83             | 100.00     | 0.00          | 61.51             | 3.19                      
ADP_MNL      | 0.56             | 0.00            | 25227.00   | 1125.83             | 100.00     | 0.00          | 61.51             | 3.19                      
ADP_MMNL_5PT | 0.55             | 0.00            | 25227.00   | 1125.83             | 100.00     | 0.00          | 61.51             | 3.19                      
ADP_MMNL_2PT | 0.56             | 0.00            | 25227.00   | 1125.83             | 100.00     | 0.00          | 61.51             | 3.19                      
ADP_ENV      | 0.72             | 0.00            | 24514.00   | 777.48              | 97.24      | 1.97          | 56.36             | 1.88                      

=== 1,000,000 training timesteps ===
Method       | TrainTimeMean(s) | TrainTimeStd(s) | RewardMean | RewardStdAcrossRuns | PctOfDP(%) | PctOfDPStd(%) | LoadFactorMean(%) | LoadFactorStdAcrossRuns(%)
-------------+------------------+-----------------+------------+---------------------+------------+---------------+-------------------+---------------------------
DQN          | 221.69           | 59.79           | 24893.00   | 1182.00             | 98.71      | 2.87          | 59.03             | 5.41                      
QRDQN        | 1057.26          | 67.22           | 19570.67   | 7973.84             | 77.08      | 30.40         | 41.73             | 22.59                     
ARS          | 104.50           | 1.21            | 25097.67   | 1086.31             | 99.50      | 1.04          | 60.50             | 3.67                      
A2C          | 278.31           | 30.24           | 24979.33   | 1962.47             | 98.97      | 5.47          | 60.94             | 3.41                      
TRPO         | 274.19           | 13.62           | 24858.00   | 1239.31             | 98.54      | 2.22          | 60.86             | 2.98                      
PPO          | 493.81           | 43.65           | 25279.67   | 1180.70             | 100.22     | 1.82          | 61.15             | 2.80                      
DP_MNL       | 0.39             | 0.00            | 25227.00   | 1125.83             | 100.00     | 0.00          | 61.51             | 3.19                      
DP_MMNL_5PT  | 0.39             | 0.00            | 25227.00   | 1125.83             | 100.00     | 0.00          | 61.51             | 3.19                      
DP_MMNL_2PT  | 0.40             | 0.00            | 25227.00   | 1125.83             | 100.00     | 0.00          | 61.51             | 3.19                      
ADP_MNL      | 0.56             | 0.00            | 25227.00   | 1125.83             | 100.00     | 0.00          | 61.51             | 3.19                      
ADP_MMNL_5PT | 0.55             | 0.00            | 25227.00   | 1125.83             | 100.00     | 0.00          | 61.51             | 3.19                      
ADP_MMNL_2PT | 0.56             | 0.00            | 25227.00   | 1125.83             | 100.00     | 0.00          | 61.51             | 3.19                      
ADP_ENV      | 0.72             | 0.00            | 24514.00   | 777.48              | 97.24      | 1.97          | 56.36             | 1.88                      
