
============================================================
TASK_ID: 70
LARGE_PRODUCT_SET: False
TRAIN_ON_ALL_SETS: True
HIGH_SENSITIVITY: True
GT_MODEL: NLogit
============================================================
RL Training Seeds: 15, RL Training Steps: [100000, 500000, 1000000], Estimation Episodes: 50

Observation sampling time: 0.9728 seconds
Estimation_MNL  time: 0.0286s | beta: -0.005729, lambda: 0.499610
  LL: -13650.596220, AIC: 27303.192, BIC: 27310.427

Estimation_MMNL_5PT time: 0.9384s | lambda: 0.499610
  LL: -13650.459487, AIC: 27318.919, BIC: 27384.027
Betas: ['-0.008308', '-0.005503', '-0.005495', '-0.005493', '-0.005489']
Weights: ['0.100000', '0.178212', '0.509037', '0.100000', '0.112750']

Estimation_MMNL_2PT time: 0.3154s | lambda: 0.499610
  LL: -13650.507474, AIC: 27307.015, BIC: 27328.718
Betas: ['-0.007072', '-0.005431']
Weights: ['0.200000', '0.800000']

DP_MNL  time: 0.6371s | V(0,C): 33632.20 | avg reward: 31556.17
DP_MMNL_5PT time: 0.7180s | V(0,C): 33551.67 | avg reward: 31556.17
DP_MMNL_2PT time: 0.6818s | V(0,C): 33579.48 | avg reward: 31556.17
ADP_MNL  time: 0.9363s | V(0,C): 33748.51 | avg reward: 31137.83
ADP_MMNL_5PT time: 1.0158s | V(0,C): 33726.72 | avg reward: 31128.64
ADP_MMNL_2PT time: 0.9941s | V(0,C): 33730.14 | avg reward: 31137.10
ADP_ENV time: 27.3263s | V(0,C): 22054.44 | avg reward: 30704.97

=== 100,000 training timesteps ===
Method       | TrainTimeMean(s) | TrainTimeStd(s) | RewardMean | RewardStdAcrossRuns | PctOfDP(%) | PctOfDPStd(%) | LoadFactorMean(%) | LoadFactorStdAcrossRuns(%)
-------------+------------------+-----------------+------------+---------------------+------------+---------------+-------------------+---------------------------
DQN          | 26.36            | 0.48            | 25967.67   | 3037.50             | 83.59      | 8.88          | 55.96             | 7.74                      
ARS          | 13.58            | 0.23            | 24506.33   | 3345.78             | 79.09      | 11.60         | 52.36             | 7.49                      
A2C          | 28.01            | 0.50            | 30814.67   | 2746.19             | 98.93      | 1.43          | 67.39             | 4.85                      
TRPO         | 32.44            | 0.55            | 30647.00   | 2758.45             | 98.38      | 1.64          | 67.78             | 5.81                      
PPO          | 56.63            | 0.86            | 31000.67   | 2726.92             | 99.53      | 1.22          | 68.61             | 5.31                      
DP_MNL       | 0.64             | 0.00            | 31148.00   | 2724.51             | 100.00     | 0.00          | 68.68             | 5.30                      
DP_MMNL_5PT  | 0.72             | 0.00            | 31148.00   | 2724.51             | 100.00     | 0.00          | 68.68             | 5.30                      
DP_MMNL_2PT  | 0.68             | 0.00            | 31148.00   | 2724.51             | 100.00     | 0.00          | 68.68             | 5.30                      
ADP_MNL      | 0.94             | 0.00            | 30893.33   | 2818.94             | 99.16      | 1.65          | 63.35             | 4.70                      
ADP_MMNL_5PT | 1.02             | 0.00            | 30923.00   | 2848.62             | 99.25      | 1.75          | 63.32             | 4.75                      
ADP_MMNL_2PT | 0.99             | 0.00            | 30917.00   | 2856.83             | 99.23      | 1.82          | 63.39             | 4.80                      
ADP_ENV      | 27.33            | 0.00            | 30261.00   | 2664.09             | 97.16      | 1.72          | 64.97             | 4.72                      

=== 500,000 training timesteps ===
Method       | TrainTimeMean(s) | TrainTimeStd(s) | RewardMean | RewardStdAcrossRuns | PctOfDP(%) | PctOfDPStd(%) | LoadFactorMean(%) | LoadFactorStdAcrossRuns(%)
-------------+------------------+-----------------+------------+---------------------+------------+---------------+-------------------+---------------------------
DQN          | 132.87           | 2.33            | 23398.67   | 2717.06             | 75.55      | 9.66          | 50.34             | 8.40                      
ARS          | 67.94            | 1.13            | 27872.67   | 2507.79             | 89.68      | 6.16          | 62.56             | 4.75                      
A2C          | 145.22           | 2.15            | 30667.00   | 2796.26             | 98.45      | 2.00          | 67.10             | 5.39                      
TRPO         | 159.73           | 3.12            | 30851.67   | 2776.70             | 99.05      | 1.68          | 66.99             | 6.06                      
PPO          | 270.04           | 3.98            | 31139.33   | 2732.48             | 99.97      | 0.11          | 68.68             | 5.30                      
DP_MNL       | 0.64             | 0.00            | 31148.00   | 2724.51             | 100.00     | 0.00          | 68.68             | 5.30                      
DP_MMNL_5PT  | 0.72             | 0.00            | 31148.00   | 2724.51             | 100.00     | 0.00          | 68.68             | 5.30                      
DP_MMNL_2PT  | 0.68             | 0.00            | 31148.00   | 2724.51             | 100.00     | 0.00          | 68.68             | 5.30                      
ADP_MNL      | 0.94             | 0.00            | 30893.33   | 2818.94             | 99.16      | 1.65          | 63.35             | 4.70                      
ADP_MMNL_5PT | 1.02             | 0.00            | 30923.00   | 2848.62             | 99.25      | 1.75          | 63.32             | 4.75                      
ADP_MMNL_2PT | 0.99             | 0.00            | 30917.00   | 2856.83             | 99.23      | 1.82          | 63.39             | 4.80                      
ADP_ENV      | 27.33            | 0.00            | 30261.00   | 2664.09             | 97.16      | 1.72          | 64.97             | 4.72                      

=== 1,000,000 training timesteps ===
Method       | TrainTimeMean(s) | TrainTimeStd(s) | RewardMean | RewardStdAcrossRuns | PctOfDP(%) | PctOfDPStd(%) | LoadFactorMean(%) | LoadFactorStdAcrossRuns(%)
-------------+------------------+-----------------+------------+---------------------+------------+---------------+-------------------+---------------------------
DQN          | 266.07           | 4.64            | 23883.33   | 5321.89             | 76.65      | 16.34         | 51.06             | 13.47                     
ARS          | 135.92           | 2.10            | 28681.33   | 2780.28             | 92.11      | 4.58          | 63.75             | 5.48                      
A2C          | 297.75           | 4.29            | 30636.67   | 2740.65             | 98.37      | 1.96          | 67.03             | 5.23                      
TRPO         | 319.53           | 7.03            | 30972.00   | 2837.07             | 99.41      | 1.27          | 67.06             | 5.82                      
PPO          | 540.09           | 6.89            | 31148.00   | 2724.51             | 100.00     | 0.00          | 68.68             | 5.30                      
DP_MNL       | 0.64             | 0.00            | 31148.00   | 2724.51             | 100.00     | 0.00          | 68.68             | 5.30                      
DP_MMNL_5PT  | 0.72             | 0.00            | 31148.00   | 2724.51             | 100.00     | 0.00          | 68.68             | 5.30                      
DP_MMNL_2PT  | 0.68             | 0.00            | 31148.00   | 2724.51             | 100.00     | 0.00          | 68.68             | 5.30                      
ADP_MNL      | 0.94             | 0.00            | 30893.33   | 2818.94             | 99.16      | 1.65          | 63.35             | 4.70                      
ADP_MMNL_5PT | 1.02             | 0.00            | 30923.00   | 2848.62             | 99.25      | 1.75          | 63.32             | 4.75                      
ADP_MMNL_2PT | 0.99             | 0.00            | 30917.00   | 2856.83             | 99.23      | 1.82          | 63.39             | 4.80                      
ADP_ENV      | 27.33            | 0.00            | 30261.00   | 2664.09             | 97.16      | 1.72          | 64.97             | 4.72                      
