
============================================================
TASK_ID: 16
LARGE_PRODUCT_SET: False
TRAIN_ON_ALL_SETS: False
HIGH_SENSITIVITY: False
GT_MODEL: MProbit
============================================================
RL Training Seeds: 15, RL Training Steps: [100000, 500000, 1000000], Estimation Episodes: 50

Observation sampling time: 0.6218 seconds
Estimation_MNL  time: 0.0225s | beta: -0.002717, lambda: 0.499610
  LL: -16763.910161, AIC: 33529.820, BIC: 33537.055

Estimation_MMNL_5PT time: 0.6899s | lambda: 0.499610
  LL: -16759.791631, AIC: 33537.583, BIC: 33602.692
Betas: ['-0.006193', '-0.002433', '-0.002181', '-0.002127', '-0.002040']
Weights: ['0.162329', '0.120061', '0.312059', '0.119964', '0.285587']

Estimation_MMNL_2PT time: 0.2957s | lambda: 0.499610
  LL: -16759.925387, AIC: 33525.851, BIC: 33547.554
Betas: ['-0.005812', '-0.002082']
Weights: ['0.200002', '0.799998']

MNL  efficient sets time: 0.0127s | sets: (0, 1, 3, 7, 15, 31, 63)
MMNL 5PT efficient sets time: 0.0634s | sets: (0, 1, 3, 7, 15, 31, 63)
MMNL 2PT efficient sets time: 0.0437s | sets: (0, 1, 3, 7, 15, 31, 63)
DP_MNL  time: 0.4047s | V(0,C): 53617.41 | avg reward: 51734.89
DP_MMNL_5PT time: 0.3987s | V(0,C): 53164.27 | avg reward: 51734.89
DP_MMNL_2PT time: 0.3986s | V(0,C): 52988.90 | avg reward: 51734.89
ADP_MNL  time: 0.5802s | V(0,C): 53688.73 | avg reward: 51815.70
ADP_MMNL_5PT time: 0.5785s | V(0,C): 53716.32 | avg reward: 52053.78
ADP_MMNL_2PT time: 0.5842s | V(0,C): 53532.37 | avg reward: 52018.75
ADP_ENV time: 0.6926s | V(0,C): 32828.23 | avg reward: 52707.93

=== 100,000 training timesteps ===
Method       | TrainTimeMean(s) | TrainTimeStd(s) | RewardMean | RewardStdAcrossRuns | PctOfDP(%) | PctOfDPStd(%) | LoadFactorMean(%) | LoadFactorStdAcrossRuns(%)
-------------+------------------+-----------------+------------+---------------------+------------+---------------+-------------------+---------------------------
DQN          | 24.53            | 4.29            | 53094.00   | 3908.39             | 99.64      | 0.76          | 74.23             | 5.19                      
QRDQN        | 130.69           | 11.68           | 49095.00   | 8352.09             | 92.43      | 15.92         | 57.55             | 16.14                     
ARS          | 9.22             | 0.19            | 52970.00   | 3984.94             | 99.43      | 2.87          | 58.95             | 5.62                      
A2C          | 26.55            | 4.48            | 49845.33   | 3238.97             | 93.70      | 4.63          | 79.35             | 7.64                      
TRPO         | 27.75            | 2.18            | 52097.00   | 3519.86             | 97.89      | 4.02          | 77.19             | 5.06                      
PPO          | 56.92            | 8.90            | 50456.67   | 3805.16             | 94.70      | 2.13          | 81.73             | 4.51                      
DP_MNL       | 0.40             | 0.00            | 53281.00   | 3817.98             | 100.00     | 0.00          | 75.17             | 4.60                      
DP_MMNL_5PT  | 0.40             | 0.00            | 53281.00   | 3817.98             | 100.00     | 0.00          | 75.17             | 4.60                      
DP_MMNL_2PT  | 0.40             | 0.00            | 53281.00   | 3817.98             | 100.00     | 0.00          | 75.17             | 4.60                      
ADP_MNL      | 0.58             | 0.00            | 53235.33   | 4272.88             | 99.87      | 2.12          | 67.50             | 3.75                      
ADP_MMNL_5PT | 0.58             | 0.00            | 53324.67   | 3947.35             | 100.08     | 2.14          | 64.83             | 3.53                      
ADP_MMNL_2PT | 0.58             | 0.00            | 53202.00   | 3934.77             | 99.86      | 2.24          | 65.08             | 3.44                      
ADP_ENV      | 0.69             | 0.00            | 54118.33   | 4329.10             | 101.55     | 2.98          | 59.75             | 4.74                      

=== 500,000 training timesteps ===
Method       | TrainTimeMean(s) | TrainTimeStd(s) | RewardMean | RewardStdAcrossRuns | PctOfDP(%) | PctOfDPStd(%) | LoadFactorMean(%) | LoadFactorStdAcrossRuns(%)
-------------+------------------+-----------------+------------+---------------------+------------+---------------+-------------------+---------------------------
DQN          | 125.89           | 22.51           | 53497.33   | 3823.31             | 100.41     | 0.71          | 74.05             | 4.95                      
QRDQN        | 636.11           | 62.73           | 49095.00   | 8352.09             | 92.43      | 15.92         | 57.55             | 16.14                     
ARS          | 46.41            | 0.94            | 53624.67   | 4556.82             | 100.58     | 2.61          | 62.05             | 6.29                      
A2C          | 131.57           | 14.75           | 51358.33   | 3295.47             | 96.54      | 4.45          | 77.51             | 8.88                      
TRPO         | 140.36           | 10.94           | 53281.67   | 4426.37             | 99.95      | 2.48          | 71.71             | 4.08                      
PPO          | 276.23           | 42.48           | 51779.33   | 3476.72             | 97.23      | 1.71          | 79.17             | 4.63                      
DP_MNL       | 0.40             | 0.00            | 53281.00   | 3817.98             | 100.00     | 0.00          | 75.17             | 4.60                      
DP_MMNL_5PT  | 0.40             | 0.00            | 53281.00   | 3817.98             | 100.00     | 0.00          | 75.17             | 4.60                      
DP_MMNL_2PT  | 0.40             | 0.00            | 53281.00   | 3817.98             | 100.00     | 0.00          | 75.17             | 4.60                      
ADP_MNL      | 0.58             | 0.00            | 53235.33   | 4272.88             | 99.87      | 2.12          | 67.50             | 3.75                      
ADP_MMNL_5PT | 0.58             | 0.00            | 53324.67   | 3947.35             | 100.08     | 2.14          | 64.83             | 3.53                      
ADP_MMNL_2PT | 0.58             | 0.00            | 53202.00   | 3934.77             | 99.86      | 2.24          | 65.08             | 3.44                      
ADP_ENV      | 0.69             | 0.00            | 54118.33   | 4329.10             | 101.55     | 2.98          | 59.75             | 4.74                      

=== 1,000,000 training timesteps ===
Method       | TrainTimeMean(s) | TrainTimeStd(s) | RewardMean | RewardStdAcrossRuns | PctOfDP(%) | PctOfDPStd(%) | LoadFactorMean(%) | LoadFactorStdAcrossRuns(%)
-------------+------------------+-----------------+------------+---------------------+------------+---------------+-------------------+---------------------------
DQN          | 252.44           | 33.16           | 53071.67   | 3986.63             | 99.59      | 1.06          | 72.14             | 8.28                      
QRDQN        | 1243.67          | 143.52          | 49095.00   | 8352.09             | 92.43      | 15.92         | 57.55             | 16.14                     
ARS          | 92.83            | 1.90            | 53698.67   | 4567.16             | 100.71     | 2.53          | 62.09             | 6.61                      
A2C          | 272.26           | 26.93           | 51341.33   | 3282.39             | 96.51      | 4.42          | 77.51             | 8.88                      
TRPO         | 280.57           | 18.80           | 53866.33   | 4510.98             | 101.04     | 2.77          | 69.05             | 7.51                      
PPO          | 556.21           | 69.08           | 52306.67   | 3599.98             | 98.21      | 1.66          | 78.95             | 4.78                      
DP_MNL       | 0.40             | 0.00            | 53281.00   | 3817.98             | 100.00     | 0.00          | 75.17             | 4.60                      
DP_MMNL_5PT  | 0.40             | 0.00            | 53281.00   | 3817.98             | 100.00     | 0.00          | 75.17             | 4.60                      
DP_MMNL_2PT  | 0.40             | 0.00            | 53281.00   | 3817.98             | 100.00     | 0.00          | 75.17             | 4.60                      
ADP_MNL      | 0.58             | 0.00            | 53235.33   | 4272.88             | 99.87      | 2.12          | 67.50             | 3.75                      
ADP_MMNL_5PT | 0.58             | 0.00            | 53324.67   | 3947.35             | 100.08     | 2.14          | 64.83             | 3.53                      
ADP_MMNL_2PT | 0.58             | 0.00            | 53202.00   | 3934.77             | 99.86      | 2.24          | 65.08             | 3.44                      
ADP_ENV      | 0.69             | 0.00            | 54118.33   | 4329.10             | 101.55     | 2.98          | 59.75             | 4.74                      
