Run NLogit - High Sensitivity: True
Train Runs: 5, Training on all available sets (if false only on efficient sets): False
RL Training Steps: [20000, 100000, 500000], Evaluation Episodes: 15, Estimation Episodes: 50

Observation sampling time: 0.3402 seconds
EM_MNL  time: 113.9870s | beta: -0.005337, lambda: 0.472161
EM_MMNL time: 467.0723s | betas: ['-0.036487', '-0.020659', '-0.005280', '-0.005125', '-0.005104'], lambda: 0.749956

MNL  efficient sets time: 0.0111s | sets: (0, 1, 3, 7, 15, 31, 63, 127, 255, 511, 1023)
MMNL efficient sets time: 0.0383s | sets: (0, 1, 3, 7, 15, 31, 63, 127, 255, 511, 1023)

DP_MNL  time: 8.1782s | V(0,C): 33361.12
DP_MMNL time: 30.7450s | V(0,C): 33366.84

Cumulative time — DP_MNL: 122.5166s | DP_MMNL: 498.1959s


=== 20,000 training timesteps ===
Method  | TrainTimeMean(s) | TrainTimeStd(s) | RewardMean | RewardStdAcrossRuns | PctOfDP(%) | PctOfDPStd(%) | LoadFactorMean(%) | LoadFactorStdAcrossRuns(%)
--------+------------------+-----------------+------------+---------------------+------------+---------------+-------------------+---------------------------
DQN     | 2.94             | 0.01            | 30891.73   | 234.40              | 99.18      | 0.75          | 64.84             | 3.66                      
QRDQN   | 16.68            | 0.64            | 28416.67   | 1977.82             | 91.23      | 6.35          | 50.94             | 9.90                      
ARS     | 1.76             | 0.02            | 27901.33   | 5147.22             | 89.58      | 16.53         | 52.74             | 17.00                     
A2C     | 4.11             | 0.04            | 31015.73   | 161.99              | 99.58      | 0.52          | 66.81             | 2.30                      
TRPO    | 5.48             | 0.01            | 30460.53   | 638.48              | 97.79      | 2.05          | 61.72             | 6.06                      
PPO     | 9.67             | 0.01            | 30704.20   | 373.10              | 98.58      | 1.20          | 64.04             | 3.33                      
DP_MNL  | 8.18             | 0.00            | 31148.00   | 0.00                | 100.00     | 0.00          | 68.68             | 0.00                      
DP_MMNL | 30.75            | 0.00            | 31148.00   | 0.00                | 100.00     | 0.00          | 68.68             | 0.00                      

=== 100,000 training timesteps ===
Method  | TrainTimeMean(s) | TrainTimeStd(s) | RewardMean | RewardStdAcrossRuns | PctOfDP(%) | PctOfDPStd(%) | LoadFactorMean(%) | LoadFactorStdAcrossRuns(%)
--------+------------------+-----------------+------------+---------------------+------------+---------------+-------------------+---------------------------
DQN     | 14.77            | 0.01            | 31135.87   | 18.05               | 99.96      | 0.06          | 68.27             | 0.57                      
QRDQN   | 84.40            | 3.03            | 28416.67   | 1977.82             | 91.23      | 6.35          | 50.94             | 9.90                      
ARS     | 8.81             | 0.04            | 30748.93   | 251.64              | 98.72      | 0.81          | 63.30             | 3.32                      
A2C     | 20.36            | 0.10            | 31081.87   | 132.27              | 99.79      | 0.42          | 67.75             | 1.87                      
TRPO    | 24.91            | 0.08            | 30651.93   | 134.67              | 98.41      | 0.43          | 60.99             | 2.44                      
PPO     | 41.89            | 0.03            | 30811.33   | 40.90               | 98.92      | 0.13          | 64.27             | 0.41                      
DP_MNL  | 8.18             | 0.00            | 31148.00   | 0.00                | 100.00     | 0.00          | 68.68             | 0.00                      
DP_MMNL | 30.75            | 0.00            | 31148.00   | 0.00                | 100.00     | 0.00          | 68.68             | 0.00                      

=== 500,000 training timesteps ===
Method  | TrainTimeMean(s) | TrainTimeStd(s) | RewardMean | RewardStdAcrossRuns | PctOfDP(%) | PctOfDPStd(%) | LoadFactorMean(%) | LoadFactorStdAcrossRuns(%)
--------+------------------+-----------------+------------+---------------------+------------+---------------+-------------------+---------------------------
DQN     | 73.72            | 0.16            | 30757.33   | 135.01              | 98.75      | 0.43          | 66.73             | 1.05                      
QRDQN   | 417.82           | 12.29           | 28416.67   | 1977.82             | 91.23      | 6.35          | 50.94             | 9.90                      
ARS     | 37.32            | 0.04            | 30891.73   | 234.40              | 99.18      | 0.75          | 64.84             | 3.66                      
A2C     | 104.86           | 0.23            | 31079.93   | 131.35              | 99.78      | 0.42          | 67.74             | 1.87                      
TRPO    | 124.21           | 0.82            | 30953.60   | 178.52              | 99.38      | 0.57          | 65.99             | 2.62                      
PPO     | 199.69           | 0.16            | 31081.87   | 132.27              | 99.79      | 0.42          | 67.75             | 1.87                      
DP_MNL  | 8.18             | 0.00            | 31148.00   | 0.00                | 100.00     | 0.00          | 68.68             | 0.00                      
DP_MMNL | 30.75            | 0.00            | 31148.00   | 0.00                | 100.00     | 0.00          | 68.68             | 0.00                      
