
============================================================
TASK_ID: 24
GT_MODEL: MMNLcont
HIGH_SENSITIVITY: True
TRAIN_ON_ALL_SETS: False
============================================================
RL Training Seeds: 15, RL Training Steps: [20000, 100000, 500000], Estimation Episodes: 50

Observation sampling time: 0.7827 seconds
Estimation_MNL  time: 4.3057s | beta: -0.005138, lambda: 0.495073
  LL: -14172.910000, AIC: 28347.810, BIC: 28355.040

Estimation_MMNL_5PT time: 26.7204s | lambda: 0.495073
  LL: -14169.460000, AIC: 28362.930, BIC: 28449.630
Betas: ['-0.050000', '-0.000001', '-0.005020', '-0.015720', '-0.005020']
Weights: ['0.000000', '0.022299', '0.143005', '0.026712', '0.807984']

Estimation_MMNL_2PT time: 6.9312s | lambda: 0.495073
  LL: -14171.310000, AIC: 28348.630, BIC: 28370.310
Betas: ['-0.004952', '-0.050000']
Weights: ['0.969461', '0.030539']

Estimation_MMNL_CONT time: 32.3712s | mu: -5.278603, sigma: 0.237321, lambda: 0.495073
  LL: -14170.720000, AIC: 28345.440, BIC: 28359.890

MNL  efficient sets time: 0.0114s | sets: (0, 1, 3, 7, 15, 31, 63, 127, 255, 511)
MMNL 5PT efficient sets time: 0.0536s | sets: (0, 1, 3, 7, 15, 31, 63, 127, 255, 511)
MMNL 2PT efficient sets time: 0.0367s | sets: (0, 1, 3, 7, 15, 31, 63, 127, 255, 511)
MMNL Cont efficient sets time: 0.0320s | sets: (0, 1, 3, 31, 543)

DP_MNL  time: 0.3560s | V(0,C): 35890.37
DP_MMNL_5PT time: 0.3546s | V(0,C): 36304.98
DP_MMNL_2PT time: 0.3541s | V(0,C): 35698.54
DP_MMNL_CONT time: 0.3530s | V(0,C): 35607.05

Average MNL reward over 1000 episodes: 36180.64

=== 20,000 training timesteps ===
Method       | TrainTimeMean(s) | TrainTimeStd(s) | RewardMean | RewardStdAcrossRuns | PctOfDP(%) | PctOfDPStd(%) | LoadFactorMean(%) | LoadFactorStdAcrossRuns(%)
-------------+------------------+-----------------+------------+---------------------+------------+---------------+-------------------+---------------------------
DQN          | 3.62             | 0.07            | 30618.00   | 4759.05             | 86.04      | 13.73         | 48.50             | 14.13                     
QRDQN        | 17.54            | 0.63            | 22617.67   | 9894.82             | 63.14      | 26.12         | 29.59             | 17.69                     
ARS          | 2.63             | 0.04            | 32487.67   | 4551.80             | 90.78      | 9.48          | 54.85             | 12.45                     
A2C          | 4.80             | 0.05            | 35508.00   | 3120.35             | 99.31      | 1.22          | 65.30             | 7.70                      
TRPO         | 6.28             | 0.04            | 35380.33   | 2968.65             | 99.01      | 2.48          | 65.01             | 7.85                      
PPO          | 10.53            | 0.07            | 35281.67   | 3184.04             | 98.68      | 2.35          | 63.60             | 6.01                      
DP_MNL       | 0.36             | 0.00            | 35733.67   | 2858.05             | 100.00     | 0.00          | 70.45             | 4.51                      
DP_MMNL_5PT  | 0.35             | 0.00            | 35733.67   | 2858.05             | 100.00     | 0.00          | 70.45             | 4.51                      
DP_MMNL_2PT  | 0.35             | 0.00            | 35733.67   | 2858.05             | 100.00     | 0.00          | 70.45             | 4.51                      
DP_MMNL_CONT | 0.35             | 0.00            | 29078.33   | 3131.92             | 81.25      | 3.35          | 38.85             | 3.61                      

=== 100,000 training timesteps ===
Method       | TrainTimeMean(s) | TrainTimeStd(s) | RewardMean | RewardStdAcrossRuns | PctOfDP(%) | PctOfDPStd(%) | LoadFactorMean(%) | LoadFactorStdAcrossRuns(%)
-------------+------------------+-----------------+------------+---------------------+------------+---------------+-------------------+---------------------------
DQN          | 18.11            | 0.19            | 35745.00   | 2854.85             | 100.03     | 0.07          | 70.09             | 4.76                      
QRDQN        | 88.38            | 2.71            | 22617.67   | 9894.82             | 63.14      | 26.12         | 29.59             | 17.69                     
ARS          | 13.03            | 0.06            | 34903.00   | 3732.31             | 97.68      | 6.87          | 63.35             | 8.67                      
A2C          | 23.87            | 0.25            | 35686.67   | 3117.46             | 99.82      | 1.43          | 66.70             | 6.55                      
TRPO         | 28.37            | 0.20            | 35236.00   | 3025.04             | 98.62      | 3.34          | 63.68             | 6.14                      
PPO          | 45.71            | 0.33            | 35510.00   | 3235.01             | 99.30      | 1.80          | 64.47             | 7.96                      
DP_MNL       | 0.36             | 0.00            | 35733.67   | 2858.05             | 100.00     | 0.00          | 70.45             | 4.51                      
DP_MMNL_5PT  | 0.35             | 0.00            | 35733.67   | 2858.05             | 100.00     | 0.00          | 70.45             | 4.51                      
DP_MMNL_2PT  | 0.35             | 0.00            | 35733.67   | 2858.05             | 100.00     | 0.00          | 70.45             | 4.51                      
DP_MMNL_CONT | 0.35             | 0.00            | 29078.33   | 3131.92             | 81.25      | 3.35          | 38.85             | 3.61                      

=== 500,000 training timesteps ===
Method       | TrainTimeMean(s) | TrainTimeStd(s) | RewardMean | RewardStdAcrossRuns | PctOfDP(%) | PctOfDPStd(%) | LoadFactorMean(%) | LoadFactorStdAcrossRuns(%)
-------------+------------------+-----------------+------------+---------------------+------------+---------------+-------------------+---------------------------
DQN          | 90.40            | 0.90            | 35328.67   | 2866.22             | 98.87      | 1.25          | 68.29             | 4.91                      
QRDQN        | 439.21           | 11.73           | 22617.67   | 9894.82             | 63.14      | 26.12         | 29.59             | 17.69                     
ARS          | 54.65            | 0.31            | 35718.00   | 2939.59             | 99.94      | 1.55          | 66.67             | 5.99                      
A2C          | 122.54           | 1.50            | 35642.33   | 3112.01             | 99.69      | 1.30          | 66.95             | 6.61                      
TRPO         | 142.09           | 0.98            | 35597.33   | 3075.94             | 99.59      | 2.11          | 66.49             | 5.81                      
PPO          | 217.66           | 1.50            | 35627.67   | 3106.29             | 99.66      | 1.70          | 67.71             | 5.94                      
DP_MNL       | 0.36             | 0.00            | 35733.67   | 2858.05             | 100.00     | 0.00          | 70.45             | 4.51                      
DP_MMNL_5PT  | 0.35             | 0.00            | 35733.67   | 2858.05             | 100.00     | 0.00          | 70.45             | 4.51                      
DP_MMNL_2PT  | 0.35             | 0.00            | 35733.67   | 2858.05             | 100.00     | 0.00          | 70.45             | 4.51                      
DP_MMNL_CONT | 0.35             | 0.00            | 29078.33   | 3131.92             | 81.25      | 3.35          | 38.85             | 3.61                      
Execution completed successfully!
