
============================================================
TASK_ID: 17
LARGE_PRODUCT_SET: True
TRAIN_ON_ALL_SETS: False
HIGH_SENSITIVITY: False
GT_MODEL: MProbit
============================================================
RL Training Seeds: 15, RL Training Steps: [100000, 500000, 1000000], Estimation Episodes: 50

Observation sampling time: 1.1919 seconds
Estimation_MNL  time: 0.0205s | beta: -0.003957, lambda: 0.505751
  LL: -38357.711938, AIC: 76717.424, BIC: 76724.650

Estimation_MMNL_5PT time: 1.3608s | lambda: 0.505751
  LL: -38240.378908, AIC: 76498.758, BIC: 76563.792
Betas: ['-0.014204', '-0.003706', '-0.002662', '-0.002507', '-0.002335']
Weights: ['0.103062', '0.170124', '0.101055', '0.524680', '0.101079']

Estimation_MMNL_2PT time: 1.0490s | lambda: 0.505751
  LL: -38244.581422, AIC: 76495.163, BIC: 76516.841
Betas: ['-0.010630', '-0.002195']
Weights: ['0.200000', '0.800000']

MNL  efficient sets time: 12.9567s | sets: (0, 1, 3, 7, 15, 31, 63, 127, 255, 511, 1023, 2047, 4095, 8191, 16383, 32767, 65535, 131071, 262143, 524287, 1048575, 2097151, 4194303, 8388607, 16777215, 33554431, 67108863, 134217727, 268435455, 536870911, 1073741823, 2147483647, 4294967295, 8589934591, 17179869183, 34359738367, 68719476735, 137438953471, 274877906943, 549755813887, 1099511627775, 2199023255551)
MMNL 5PT efficient sets time: 227.8898s | sets: (0, 1, 3, 7, 15, 31, 63, 127, 255, 511, 1023, 2047, 4095, 8191, 16383, 32767, 65535, 131071, 262143, 8589934591)
MMNL 2PT efficient sets time: 752.4019s | sets: (0, 1, 3, 7, 15, 31, 63, 127, 255, 511, 1023, 2047, 4095, 8191, 16383, 32767, 65535, 131071, 262143, 524287, 1048575, 2097151, 34124857343, 160893501439, 826512769023, 2235396259839, 8814883504127, 35189740797951, 24696061951, 51539607551)
DP_MNL  time: 0.4978s | V(0,C): 88120.12 | avg reward: 83333.62
DP_MMNL_5PT time: 0.4979s | V(0,C): 86743.58 | avg reward: 84375.68
DP_MMNL_2PT time: 0.5036s | V(0,C): 82163.77 | avg reward: 84158.31
ADP_MNL  time: 0.7639s | V(0,C): 78709.49 | avg reward: 84363.81
ADP_MMNL_5PT time: 0.7571s | V(0,C): 78832.47 | avg reward: 84294.29
ADP_MMNL_2PT time: 0.7488s | V(0,C): 76583.01 | avg reward: 84130.68
ADP_ENV time: 2.2065s | V(0,C): 52612.52 | avg reward: 83536.15

=== 100,000 training timesteps ===
Method       | TrainTimeMean(s) | TrainTimeStd(s) | RewardMean | RewardStdAcrossRuns | PctOfDP(%) | PctOfDPStd(%) | LoadFactorMean(%) | LoadFactorStdAcrossRuns(%)
-------------+------------------+-----------------+------------+---------------------+------------+---------------+-------------------+---------------------------
DQN          | 25.05            | 2.76            | 85083.94   | 5159.87             | 100.76     | 1.24          | 87.71             | 5.58                      
QRDQN        | 153.12           | 19.80           | 81003.96   | 12942.39            | 96.06      | 14.63         | 81.12             | 14.88                     
ARS          | 13.22            | 0.39            | 85592.61   | 5290.69             | 101.36     | 1.21          | 86.74             | 5.68                      
A2C          | 29.40            | 2.68            | 64590.74   | 3317.19             | 76.59      | 3.13          | 97.15             | 3.29                      
TRPO         | 39.31            | 3.12            | 64205.86   | 2749.18             | 76.15      | 2.78          | 96.97             | 3.13                      
PPO          | 61.25            | 6.01            | 64262.36   | 3571.94             | 76.17      | 2.93          | 97.37             | 3.27                      
DP_MNL       | 0.50             | 0.00            | 84448.35   | 5132.46             | 100.00     | 0.00          | 90.59             | 5.10                      
DP_MMNL_5PT  | 0.50             | 0.00            | 85297.32   | 5347.31             | 101.00     | 0.79          | 87.93             | 5.54                      
DP_MMNL_2PT  | 0.50             | 0.00            | 85171.52   | 5258.50             | 100.85     | 0.79          | 88.94             | 5.38                      
ADP_MNL      | 0.76             | 0.00            | 85630.08   | 5421.47             | 101.39     | 0.79          | 88.43             | 5.30                      
ADP_MMNL_5PT | 0.76             | 0.00            | 85563.25   | 5681.96             | 101.29     | 1.06          | 87.75             | 5.32                      
ADP_MMNL_2PT | 0.75             | 0.00            | 85819.38   | 5463.18             | 101.62     | 1.71          | 84.54             | 5.15                      
ADP_ENV      | 2.21             | 0.00            | 84706.03   | 5046.97             | 100.31     | 0.50          | 90.23             | 5.22                      

=== 500,000 training timesteps ===
Method       | TrainTimeMean(s) | TrainTimeStd(s) | RewardMean | RewardStdAcrossRuns | PctOfDP(%) | PctOfDPStd(%) | LoadFactorMean(%) | LoadFactorStdAcrossRuns(%)
-------------+------------------+-----------------+------------+---------------------+------------+---------------+-------------------+---------------------------
DQN          | 127.50           | 13.24           | 85036.90   | 5377.98             | 100.69     | 1.02          | 88.68             | 5.27                      
QRDQN        | 755.99           | 74.75           | 81003.96   | 12942.39            | 96.06      | 14.63         | 81.12             | 14.88                     
ARS          | 66.23            | 1.95            | 85564.81   | 5318.82             | 101.32     | 0.85          | 87.68             | 6.04                      
A2C          | 151.41           | 13.71           | 66099.60   | 3846.12             | 78.33      | 2.87          | 97.44             | 2.89                      
TRPO         | 191.53           | 13.99           | 67876.62   | 3742.16             | 80.43      | 2.28          | 97.12             | 3.20                      
PPO          | 299.39           | 30.00           | 67223.28   | 3435.31             | 79.68      | 2.61          | 97.55             | 2.95                      
DP_MNL       | 0.50             | 0.00            | 84448.35   | 5132.46             | 100.00     | 0.00          | 90.59             | 5.10                      
DP_MMNL_5PT  | 0.50             | 0.00            | 85297.32   | 5347.31             | 101.00     | 0.79          | 87.93             | 5.54                      
DP_MMNL_2PT  | 0.50             | 0.00            | 85171.52   | 5258.50             | 100.85     | 0.79          | 88.94             | 5.38                      
ADP_MNL      | 0.76             | 0.00            | 85630.08   | 5421.47             | 101.39     | 0.79          | 88.43             | 5.30                      
ADP_MMNL_5PT | 0.76             | 0.00            | 85563.25   | 5681.96             | 101.29     | 1.06          | 87.75             | 5.32                      
ADP_MMNL_2PT | 0.75             | 0.00            | 85819.38   | 5463.18             | 101.62     | 1.71          | 84.54             | 5.15                      
ADP_ENV      | 2.21             | 0.00            | 84706.03   | 5046.97             | 100.31     | 0.50          | 90.23             | 5.22                      

=== 1,000,000 training timesteps ===
Method       | TrainTimeMean(s) | TrainTimeStd(s) | RewardMean | RewardStdAcrossRuns | PctOfDP(%) | PctOfDPStd(%) | LoadFactorMean(%) | LoadFactorStdAcrossRuns(%)
-------------+------------------+-----------------+------------+---------------------+------------+---------------+-------------------+---------------------------
DQN          | 255.20           | 24.02           | 84964.28   | 5011.46             | 100.63     | 1.57          | 86.81             | 5.07                      
QRDQN        | 1519.92          | 135.70          | 81003.96   | 12942.39            | 96.06      | 14.63         | 81.12             | 14.88                     
ARS          | 132.65           | 3.74            | 85607.32   | 5410.44             | 101.36     | 0.99          | 87.75             | 5.47                      
A2C          | 308.61           | 28.45           | 66430.56   | 4331.39             | 78.70      | 3.10          | 97.23             | 3.18                      
TRPO         | 392.58           | 26.23           | 69630.39   | 3702.98             | 82.55      | 3.11          | 97.44             | 3.49                      
PPO          | 598.41           | 50.23           | 68709.04   | 3867.48             | 81.42      | 2.61          | 97.33             | 3.38                      
DP_MNL       | 0.50             | 0.00            | 84448.35   | 5132.46             | 100.00     | 0.00          | 90.59             | 5.10                      
DP_MMNL_5PT  | 0.50             | 0.00            | 85297.32   | 5347.31             | 101.00     | 0.79          | 87.93             | 5.54                      
DP_MMNL_2PT  | 0.50             | 0.00            | 85171.52   | 5258.50             | 100.85     | 0.79          | 88.94             | 5.38                      
ADP_MNL      | 0.76             | 0.00            | 85630.08   | 5421.47             | 101.39     | 0.79          | 88.43             | 5.30                      
ADP_MMNL_5PT | 0.76             | 0.00            | 85563.25   | 5681.96             | 101.29     | 1.06          | 87.75             | 5.32                      
ADP_MMNL_2PT | 0.75             | 0.00            | 85819.38   | 5463.18             | 101.62     | 1.71          | 84.54             | 5.15                      
ADP_ENV      | 2.21             | 0.00            | 84706.03   | 5046.97             | 100.31     | 0.50          | 90.23             | 5.22                      
