Run MNL - High Sensitivity: True
Train Runs: 5, Training on all available sets (if false only on efficient sets): True
RL Training Steps: [20000, 100000, 500000, 1000000], Evaluation Episodes: 15, Estimation Episodes: 50

Observation sampling time: 0.2619 seconds
EM_MNL  time: 114.0309s | beta: -0.005069, lambda: 0.496460
EM_MMNL time: 479.2184s | betas: ['-0.039687', '-0.015040', '-0.005646', '-0.004570', '-0.004247'], lambda: 0.751492

DP_MNL  time: 777.5423s | V(0,C): 36332.98
DP_MMNL time: 2930.9544s | V(0,C): 36455.12

Cumulative time — DP_MNL: 891.8352s | DP_MMNL: 3410.4348s


=== 20,000 training timesteps ===
Method  | TrainTimeMean(s) | TrainTimeStd(s) | RewardMean | RewardStdAcrossRuns | PctOfDP(%) | PctOfDPStd(%) | LoadFactorMean(%) | LoadFactorStdAcrossRuns(%)
--------+------------------+-----------------+------------+---------------------+------------+---------------+-------------------+---------------------------
DQN     | 3.48             | 0.03            | 26947.00   | 3299.91             | 73.90      | 9.05          | 59.50             | 5.97                      
ARS     | 1.80             | 0.02            | 29282.73   | 5029.42             | 80.30      | 13.79         | 59.68             | 12.82                     
A2C     | 3.55             | 0.03            | 35350.20   | 1319.19             | 96.94      | 3.62          | 76.30             | 1.77                      
TRPO    | 4.75             | 0.03            | 35903.40   | 631.40              | 98.46      | 1.73          | 75.50             | 2.10                      
PPO     | 8.80             | 0.01            | 35725.27   | 1284.86             | 97.97      | 3.52          | 73.06             | 2.20                      
DP_MNL  | 777.54           | 0.00            | 36465.33   | 0.00                | 100.00     | 0.00          | 72.22             | 0.00                      
DP_MMNL | 2930.95          | 0.00            | 36399.00   | 0.00                | 99.82      | 0.00          | 77.41             | 0.00                      

=== 100,000 training timesteps ===
Method  | TrainTimeMean(s) | TrainTimeStd(s) | RewardMean | RewardStdAcrossRuns | PctOfDP(%) | PctOfDPStd(%) | LoadFactorMean(%) | LoadFactorStdAcrossRuns(%)
--------+------------------+-----------------+------------+---------------------+------------+---------------+-------------------+---------------------------
DQN     | 17.32            | 0.08            | 27960.80   | 3873.01             | 76.68      | 10.62         | 59.40             | 5.93                      
ARS     | 8.90             | 0.02            | 27517.47   | 3877.83             | 75.46      | 10.63         | 52.70             | 15.47                     
A2C     | 17.59            | 0.06            | 36127.00   | 544.00              | 99.07      | 1.49          | 77.28             | 0.26                      
TRPO    | 20.84            | 0.02            | 36337.53   | 75.28               | 99.65      | 0.21          | 75.49             | 2.35                      
PPO     | 38.11            | 0.03            | 36162.73   | 469.37              | 99.17      | 1.29          | 76.74             | 1.06                      
DP_MNL  | 777.54           | 0.00            | 36465.33   | 0.00                | 100.00     | 0.00          | 72.22             | 0.00                      
DP_MMNL | 2930.95          | 0.00            | 36399.00   | 0.00                | 99.82      | 0.00          | 77.41             | 0.00                      

=== 500,000 training timesteps ===
Method  | TrainTimeMean(s) | TrainTimeStd(s) | RewardMean | RewardStdAcrossRuns | PctOfDP(%) | PctOfDPStd(%) | LoadFactorMean(%) | LoadFactorStdAcrossRuns(%)
--------+------------------+-----------------+------------+---------------------+------------+---------------+-------------------+---------------------------
DQN     | 85.70            | 0.20            | 27402.13   | 5568.38             | 75.15      | 15.27         | 63.31             | 10.77                     
ARS     | 37.29            | 0.08            | 32507.13   | 731.02              | 89.15      | 2.00          | 69.25             | 2.05                      
A2C     | 92.56            | 0.24            | 36127.00   | 544.00              | 99.07      | 1.49          | 77.28             | 0.26                      
TRPO    | 104.13           | 0.33            | 36432.07   | 41.79               | 99.91      | 0.11          | 74.18             | 4.35                      
PPO     | 181.69           | 0.19            | 36399.00   | 0.00                | 99.82      | 0.00          | 77.41             | 0.00                      
DP_MNL  | 777.54           | 0.00            | 36465.33   | 0.00                | 100.00     | 0.00          | 72.22             | 0.00                      
DP_MMNL | 2930.95          | 0.00            | 36399.00   | 0.00                | 99.82      | 0.00          | 77.41             | 0.00                      

=== 1,000,000 training timesteps ===
Method  | TrainTimeMean(s) | TrainTimeStd(s) | RewardMean | RewardStdAcrossRuns | PctOfDP(%) | PctOfDPStd(%) | LoadFactorMean(%) | LoadFactorStdAcrossRuns(%)
--------+------------------+-----------------+------------+---------------------+------------+---------------+-------------------+---------------------------
DQN     | 170.90           | 0.43            | 28220.80   | 2161.74             | 77.39      | 5.93          | 65.19             | 4.09                      
ARS     | 72.81            | 0.17            | 32871.20   | 398.93              | 90.14      | 1.09          | 70.87             | 1.76                      
A2C     | 190.37           | 1.25            | 36127.00   | 544.00              | 99.07      | 1.49          | 77.28             | 0.26                      
TRPO    | 207.85           | 0.54            | 36471.67   | 38.47               | 100.02     | 0.11          | 69.79             | 4.41                      
PPO     | 362.94           | 0.48            | 36399.00   | 0.00                | 99.82      | 0.00          | 77.41             | 0.00                      
DP_MNL  | 777.54           | 0.00            | 36465.33   | 0.00                | 100.00     | 0.00          | 72.22             | 0.00                      
DP_MMNL | 2930.95          | 0.00            | 36399.00   | 0.00                | 99.82      | 0.00          | 77.41             | 0.00                      
