
============================================================
TASK_ID: 9
LARGE_PRODUCT_SET: True
TRAIN_ON_ALL_SETS: False
HIGH_SENSITIVITY: False
GT_MODEL: MMNL_5PT
============================================================
RL Training Seeds: 15, RL Training Steps: [100000, 500000, 1000000], Estimation Episodes: 50

Observation sampling time: 1.0010 seconds
Estimation_MNL  time: 0.0101s | beta: -0.001500, lambda: 0.500262
  LL: -37323.661866, AIC: 74649.324, BIC: 74656.489

Estimation_MMNL_5PT time: 0.4913s | lambda: 0.500262
  LL: -37323.272281, AIC: 74664.545, BIC: 74729.030
Betas: ['-0.002190', '-0.000606', '-0.000591', '-0.000544', '-0.000000']
Weights: ['0.599957', '0.100011', '0.100011', '0.100011', '0.100011']

Estimation_MMNL_2PT time: 0.3437s | lambda: 0.500262
  LL: -37323.250745, AIC: 74652.501, BIC: 74673.997
Betas: ['-0.002017', '-0.000000']
Weights: ['0.737359', '0.262641']

MNL  efficient sets time: 4.0715s | sets: (0, 1, 3, 7, 15, 31, 63, 127, 255, 511, 1023, 2047, 4095, 8191, 16383, 32767, 65535, 131071, 262143, 524287, 1048575, 2097151, 4194303, 8388607)
MMNL 5PT efficient sets time: 55.5375s | sets: (0, 1, 3, 7, 15, 31, 63, 127, 255, 511, 1023, 2047, 4095, 8191, 16383, 32767, 65535, 131071, 262143, 524287, 1048575, 2097151, 4194303, 8388607, 16777215)
MMNL 2PT efficient sets time: 37.7564s | sets: (0, 1, 3, 7, 15, 31, 63, 127, 255, 511, 1023, 2047, 4095, 8191, 16383, 32767, 65535, 131071, 262143, 524287, 1048575, 2097151, 4194303, 8388607, 16777215)
DP_MNL  time: 0.3702s | V(0,C): 101174.86 | avg reward: 101123.28
DP_MMNL_5PT time: 0.3764s | V(0,C): 100598.16 | avg reward: 101119.74
DP_MMNL_2PT time: 0.3752s | V(0,C): 100614.55 | avg reward: 101121.34
ADP_MNL  time: 0.5311s | V(0,C): 88145.52 | avg reward: 100706.66
ADP_MMNL_5PT time: 0.5384s | V(0,C): 87724.37 | avg reward: 100741.12
ADP_MMNL_2PT time: 0.5390s | V(0,C): 87733.84 | avg reward: 100741.60
ADP_ENV time: 1.0400s | V(0,C): 58554.77 | avg reward: 99732.22

=== 100,000 training timesteps ===
Method       | TrainTimeMean(s) | TrainTimeStd(s) | RewardMean | RewardStdAcrossRuns | PctOfDP(%) | PctOfDPStd(%) | LoadFactorMean(%) | LoadFactorStdAcrossRuns(%)
-------------+------------------+-----------------+------------+---------------------+------------+---------------+-------------------+---------------------------
DQN          | 19.44            | 0.16            | 100083.75  | 3353.62             | 99.12      | 2.10          | 96.58             | 3.29                      
QRDQN        | 97.65            | 4.09            | 98416.45   | 6801.00             | 97.37      | 4.58          | 94.09             | 7.69                      
ARS          | 11.82            | 0.05            | 98814.71   | 4862.58             | 97.81      | 2.68          | 94.92             | 5.66                      
A2C          | 23.32            | 0.19            | 70396.53   | 2071.13             | 69.76      | 2.63          | 99.89             | 0.40                      
TRPO         | 31.74            | 0.32            | 71668.16   | 2864.21             | 71.02      | 3.21          | 99.86             | 0.54                      
PPO          | 46.65            | 0.21            | 71869.36   | 2876.43             | 71.22      | 3.31          | 99.86             | 0.42                      
DP_MNL       | 0.37             | 0.00            | 101020.98  | 4034.28             | 100.00     | 0.00          | 97.23             | 2.99                      
DP_MMNL_5PT  | 0.38             | 0.00            | 101166.26  | 3810.88             | 100.15     | 0.43          | 97.59             | 2.72                      
DP_MMNL_2PT  | 0.38             | 0.00            | 101166.26  | 3810.01             | 100.15     | 0.43          | 97.59             | 2.72                      
ADP_MNL      | 0.53             | 0.00            | 100606.41  | 3771.11             | 99.60      | 0.69          | 96.54             | 3.42                      
ADP_MMNL_5PT | 0.54             | 0.00            | 100578.89  | 3596.10             | 99.58      | 0.83          | 96.72             | 3.24                      
ADP_MMNL_2PT | 0.54             | 0.00            | 100575.74  | 3594.73             | 99.58      | 0.82          | 96.72             | 3.24                      
ADP_ENV      | 1.04             | 0.00            | 99740.20   | 5313.86             | 98.69      | 2.07          | 94.34             | 5.01                      

=== 500,000 training timesteps ===
Method       | TrainTimeMean(s) | TrainTimeStd(s) | RewardMean | RewardStdAcrossRuns | PctOfDP(%) | PctOfDPStd(%) | LoadFactorMean(%) | LoadFactorStdAcrossRuns(%)
-------------+------------------+-----------------+------------+---------------------+------------+---------------+-------------------+---------------------------
DQN          | 98.35            | 0.98            | 100353.77  | 3123.81             | 99.38      | 1.46          | 97.12             | 3.20                      
QRDQN        | 487.34           | 19.54           | 98416.45   | 6801.00             | 97.37      | 4.58          | 94.09             | 7.69                      
ARS          | 58.90            | 0.26            | 100115.89  | 3311.24             | 99.14      | 1.33          | 96.68             | 3.56                      
A2C          | 119.75           | 0.82            | 74555.52   | 3159.63             | 73.92      | 4.28          | 99.89             | 0.40                      
TRPO         | 154.84           | 1.12            | 76082.95   | 2400.77             | 75.41      | 3.37          | 99.89             | 0.40                      
PPO          | 224.96           | 0.77            | 77389.85   | 3107.22             | 76.69      | 3.66          | 99.82             | 0.55                      
DP_MNL       | 0.37             | 0.00            | 101020.98  | 4034.28             | 100.00     | 0.00          | 97.23             | 2.99                      
DP_MMNL_5PT  | 0.38             | 0.00            | 101166.26  | 3810.88             | 100.15     | 0.43          | 97.59             | 2.72                      
DP_MMNL_2PT  | 0.38             | 0.00            | 101166.26  | 3810.01             | 100.15     | 0.43          | 97.59             | 2.72                      
ADP_MNL      | 0.53             | 0.00            | 100606.41  | 3771.11             | 99.60      | 0.69          | 96.54             | 3.42                      
ADP_MMNL_5PT | 0.54             | 0.00            | 100578.89  | 3596.10             | 99.58      | 0.83          | 96.72             | 3.24                      
ADP_MMNL_2PT | 0.54             | 0.00            | 100575.74  | 3594.73             | 99.58      | 0.82          | 96.72             | 3.24                      
ADP_ENV      | 1.04             | 0.00            | 99740.20   | 5313.86             | 98.69      | 2.07          | 94.34             | 5.01                      

=== 1,000,000 training timesteps ===
Method       | TrainTimeMean(s) | TrainTimeStd(s) | RewardMean | RewardStdAcrossRuns | PctOfDP(%) | PctOfDPStd(%) | LoadFactorMean(%) | LoadFactorStdAcrossRuns(%)
-------------+------------------+-----------------+------------+---------------------+------------+---------------+-------------------+---------------------------
DQN          | 196.90           | 1.84            | 98419.71   | 5830.63             | 97.47      | 5.05          | 94.49             | 6.65                      
QRDQN        | 975.44           | 38.59           | 98416.45   | 6801.00             | 97.37      | 4.58          | 94.09             | 7.69                      
ARS          | 117.61           | 0.42            | 100162.61  | 3235.95             | 99.19      | 1.44          | 96.65             | 3.36                      
A2C          | 244.79           | 2.91            | 75570.66   | 3612.02             | 74.94      | 4.80          | 99.89             | 0.40                      
TRPO         | 318.50           | 3.13            | 78669.93   | 2090.52             | 77.98      | 3.44          | 99.86             | 0.54                      
PPO          | 457.29           | 1.53            | 78869.34   | 2626.67             | 78.19      | 3.99          | 99.89             | 0.40                      
DP_MNL       | 0.37             | 0.00            | 101020.98  | 4034.28             | 100.00     | 0.00          | 97.23             | 2.99                      
DP_MMNL_5PT  | 0.38             | 0.00            | 101166.26  | 3810.88             | 100.15     | 0.43          | 97.59             | 2.72                      
DP_MMNL_2PT  | 0.38             | 0.00            | 101166.26  | 3810.01             | 100.15     | 0.43          | 97.59             | 2.72                      
ADP_MNL      | 0.53             | 0.00            | 100606.41  | 3771.11             | 99.60      | 0.69          | 96.54             | 3.42                      
ADP_MMNL_5PT | 0.54             | 0.00            | 100578.89  | 3596.10             | 99.58      | 0.83          | 96.72             | 3.24                      
ADP_MMNL_2PT | 0.54             | 0.00            | 100575.74  | 3594.73             | 99.58      | 0.82          | 96.72             | 3.24                      
ADP_ENV      | 1.04             | 0.00            | 99740.20   | 5313.86             | 98.69      | 2.07          | 94.34             | 5.01                      
