
============================================================
TASK_ID: 13
LARGE_PRODUCT_SET: True
TRAIN_ON_ALL_SETS: False
HIGH_SENSITIVITY: False
GT_MODEL: Probit
============================================================
RL Training Seeds: 15, RL Training Steps: [20000, 100000, 500000], Estimation Episodes: 50

Observation sampling time: 0.8164 seconds
Estimation_MNL  time: 0.0145s | beta: -0.003398, lambda: 0.495159
  LL: -37290.500122, AIC: 74583.000, BIC: 74590.187

Estimation_MMNL_5PT time: 1.2534s | lambda: 0.495159
  LL: -37290.500129, AIC: 74599.000, BIC: 74663.683
Betas: ['-0.003400', '-0.003399', '-0.003398', '-0.003398', '-0.003395']
Weights: ['0.100001', '0.599999', '0.100000', '0.100000', '0.100000']

Estimation_MMNL_2PT time: 0.3751s | lambda: 0.495159
  LL: -37290.500122, AIC: 74587.000, BIC: 74608.561
Betas: ['-0.003398', '-0.003398']
Weights: ['0.771981', '0.228019']

MNL  efficient sets time: 8.9265s | sets: (0, 1, 3, 7, 15, 31, 63, 127, 255, 511, 1023, 2047, 4095, 8191, 16383, 32767, 65535, 131071, 262143, 524287, 1048575, 2097151, 4194303, 8388607, 16777215, 33554431, 67108863, 134217727, 268435455, 536870911, 1073741823, 2147483647, 4294967295, 8589934591, 17179869183, 34359738367, 68719476735, 137438953471)
MMNL 5PT efficient sets time: 18.1669s | sets: (0, 1, 3, 7, 15, 31, 63, 127, 255, 511, 1023, 2047, 4095, 8191, 16383, 32767, 65535, 131071, 262143, 524287, 1048575, 2097151, 4194303, 8388607, 16777215, 33554431, 67108863, 134217727, 268435455, 536870911, 1073741823, 2147483647, 4294967295, 8589934591, 17179869183, 34359738367, 68719476735, 137438953471)
MMNL 2PT efficient sets time: 7.3394s | sets: (0, 1, 3, 7, 15, 31, 63, 127, 255, 511, 1023, 2047, 4095, 8191, 16383, 32767, 65535, 131071, 262143, 524287, 1048575, 2097151, 4194303, 8388607, 16777215, 33554431, 67108863, 134217727, 268435455, 536870911, 1073741823, 2147483647, 4294967295, 8589934591, 17179869183, 34359738367, 68719476735, 137438953471)
DP_MNL  time: 0.3644s | V(0,C): 90177.27 | avg reward: 92316.84
DP_MMNL_5PT time: 0.3713s | V(0,C): 90175.93 | avg reward: 92314.42
DP_MMNL_2PT time: 0.3819s | V(0,C): 90177.36 | avg reward: 92319.57
ADP_MNL  time: 0.5312s | V(0,C): 80426.62 | avg reward: 93175.80
ADP_MMNL_5PT time: 0.5445s | V(0,C): 80425.67 | avg reward: 93173.78
ADP_MMNL_2PT time: 0.5336s | V(0,C): 80426.67 | avg reward: 93175.03
ADP_ENV time: 1.0810s | V(0,C): 56405.20 | avg reward: 91270.36

=== 20,000 training timesteps ===
Method       | TrainTimeMean(s) | TrainTimeStd(s) | RewardMean | RewardStdAcrossRuns | PctOfDP(%) | PctOfDPStd(%) | LoadFactorMean(%) | LoadFactorStdAcrossRuns(%)
-------------+------------------+-----------------+------------+---------------------+------------+---------------+-------------------+---------------------------
DQN          | 4.72             | 0.68            | 84608.08   | 17110.33            | 91.14      | 18.36         | 82.92             | 18.81                     
QRDQN        | 26.77            | 3.21            | 84169.02   | 16000.98            | 90.80      | 17.44         | 82.02             | 17.45                     
ARS          | 2.70             | 0.08            | 87252.83   | 11077.17            | 93.92      | 11.48         | 84.90             | 13.08                     
A2C          | 5.69             | 0.75            | 63637.56   | 2898.05             | 68.54      | 3.88          | 99.53             | 1.38                      
TRPO         | 8.15             | 0.58            | 64473.69   | 2110.38             | 69.44      | 3.28          | 99.60             | 1.22                      
PPO          | 12.95            | 1.31            | 64171.53   | 1973.20             | 69.15      | 3.93          | 99.57             | 1.25                      
DP_MNL       | 0.36             | 0.00            | 93015.42   | 4522.69             | 100.00     | 0.00          | 95.75             | 4.02                      
DP_MMNL_5PT  | 0.37             | 0.00            | 92978.86   | 4492.73             | 99.96      | 0.17          | 95.71             | 4.00                      
DP_MMNL_2PT  | 0.38             | 0.00            | 93002.83   | 4517.90             | 99.99      | 0.04          | 95.75             | 4.02                      
ADP_MNL      | 0.53             | 0.00            | 93251.45   | 4738.43             | 100.25     | 0.97          | 93.80             | 4.53                      
ADP_MMNL_5PT | 0.54             | 0.00            | 93255.74   | 4755.73             | 100.25     | 0.97          | 93.80             | 4.53                      
ADP_MMNL_2PT | 0.53             | 0.00            | 93286.01   | 4688.95             | 100.29     | 0.93          | 93.84             | 4.47                      
ADP_ENV      | 1.08             | 0.00            | 92571.13   | 4503.77             | 99.53      | 1.40          | 89.23             | 4.33                      

=== 100,000 training timesteps ===
Method       | TrainTimeMean(s) | TrainTimeStd(s) | RewardMean | RewardStdAcrossRuns | PctOfDP(%) | PctOfDPStd(%) | LoadFactorMean(%) | LoadFactorStdAcrossRuns(%)
-------------+------------------+-----------------+------------+---------------------+------------+---------------+-------------------+---------------------------
DQN          | 23.69            | 2.96            | 92632.68   | 4397.61             | 99.60      | 1.13          | 93.66             | 5.03                      
QRDQN        | 136.08           | 14.89           | 84169.02   | 16000.98            | 90.80      | 17.44         | 82.02             | 17.45                     
ARS          | 13.49            | 0.26            | 92668.27   | 4778.37             | 99.63      | 1.92          | 91.46             | 5.79                      
A2C          | 28.66            | 3.78            | 65558.42   | 2339.70             | 70.63      | 3.95          | 99.42             | 1.53                      
TRPO         | 35.32            | 2.11            | 67314.51   | 2848.72             | 72.45      | 2.91          | 99.42             | 1.53                      
PPO          | 55.80            | 5.67            | 67019.87   | 2607.04             | 72.18      | 3.72          | 99.35             | 1.70                      
DP_MNL       | 0.36             | 0.00            | 93015.42   | 4522.69             | 100.00     | 0.00          | 95.75             | 4.02                      
DP_MMNL_5PT  | 0.37             | 0.00            | 92978.86   | 4492.73             | 99.96      | 0.17          | 95.71             | 4.00                      
DP_MMNL_2PT  | 0.38             | 0.00            | 93002.83   | 4517.90             | 99.99      | 0.04          | 95.75             | 4.02                      
ADP_MNL      | 0.53             | 0.00            | 93251.45   | 4738.43             | 100.25     | 0.97          | 93.80             | 4.53                      
ADP_MMNL_5PT | 0.54             | 0.00            | 93255.74   | 4755.73             | 100.25     | 0.97          | 93.80             | 4.53                      
ADP_MMNL_2PT | 0.53             | 0.00            | 93286.01   | 4688.95             | 100.29     | 0.93          | 93.84             | 4.47                      
ADP_ENV      | 1.08             | 0.00            | 92571.13   | 4503.77             | 99.53      | 1.40          | 89.23             | 4.33                      

=== 500,000 training timesteps ===
Method       | TrainTimeMean(s) | TrainTimeStd(s) | RewardMean | RewardStdAcrossRuns | PctOfDP(%) | PctOfDPStd(%) | LoadFactorMean(%) | LoadFactorStdAcrossRuns(%)
-------------+------------------+-----------------+------------+---------------------+------------+---------------+-------------------+---------------------------
DQN          | 115.46           | 12.27           | 92777.71   | 4790.94             | 99.74      | 1.23          | 93.08             | 5.87                      
QRDQN        | 681.30           | 45.32           | 84169.02   | 16000.98            | 90.80      | 17.44         | 82.02             | 17.45                     
ARS          | 56.67            | 0.95            | 92938.70   | 4272.80             | 99.94      | 1.43          | 93.15             | 5.11                      
A2C          | 145.42           | 19.10           | 69870.93   | 3120.90             | 75.25      | 4.16          | 99.21             | 1.66                      
TRPO         | 172.00           | 10.37           | 72063.13   | 4930.23             | 77.52      | 4.55          | 99.39             | 1.71                      
PPO          | 270.24           | 24.69           | 71478.50   | 3158.94             | 77.00      | 4.52          | 99.35             | 1.70                      
DP_MNL       | 0.36             | 0.00            | 93015.42   | 4522.69             | 100.00     | 0.00          | 95.75             | 4.02                      
DP_MMNL_5PT  | 0.37             | 0.00            | 92978.86   | 4492.73             | 99.96      | 0.17          | 95.71             | 4.00                      
DP_MMNL_2PT  | 0.38             | 0.00            | 93002.83   | 4517.90             | 99.99      | 0.04          | 95.75             | 4.02                      
ADP_MNL      | 0.53             | 0.00            | 93251.45   | 4738.43             | 100.25     | 0.97          | 93.80             | 4.53                      
ADP_MMNL_5PT | 0.54             | 0.00            | 93255.74   | 4755.73             | 100.25     | 0.97          | 93.80             | 4.53                      
ADP_MMNL_2PT | 0.53             | 0.00            | 93286.01   | 4688.95             | 100.29     | 0.93          | 93.84             | 4.47                      
ADP_ENV      | 1.08             | 0.00            | 92571.13   | 4503.77             | 99.53      | 1.40          | 89.23             | 4.33                      
