
============================================================
TASK_ID: 42
LARGE_PRODUCT_SET: False
TRAIN_ON_ALL_SETS: True
HIGH_SENSITIVITY: True
GT_MODEL: MMNL_5PT
============================================================
RL Training Seeds: 15, RL Training Steps: [20000, 100000, 500000, 1000000], Estimation Episodes: 50

Observation sampling time: 0.9814 seconds
Estimation_MNL  time: 0.0109s | beta: -0.004774, lambda: 0.494585
  LL: -14562.357071, AIC: 29126.714, BIC: 29133.938

Estimation_MMNL_5PT time: 0.7607s | lambda: 0.494585
  LL: -14558.340866, AIC: 29134.682, BIC: 29199.699
Betas: ['-0.011493', '-0.004321', '-0.004320', '-0.004320', '-0.004319']
Weights: ['0.100000', '0.499465', '0.186371', '0.100002', '0.114162']

Estimation_MMNL_2PT time: 0.3935s | lambda: 0.494585
  LL: -14558.759692, AIC: 29123.519, BIC: 29145.192
Betas: ['-0.008315', '-0.004112']
Weights: ['0.200003', '0.799997']

DP_MNL  time: 0.4623s | V(0,C): 37719.56 | avg reward: 37336.54
DP_MMNL_5PT time: 0.5143s | V(0,C): 37448.66 | avg reward: 37336.54
DP_MMNL_2PT time: 0.4907s | V(0,C): 37404.31 | avg reward: 37336.54
ADP_MNL  time: 0.6681s | V(0,C): 38322.71 | avg reward: 36859.25
ADP_MMNL_5PT time: 0.7202s | V(0,C): 38406.54 | avg reward: 36786.36
ADP_MMNL_2PT time: 0.7002s | V(0,C): 38274.12 | avg reward: 36836.21
ADP_ENV time: 20.8983s | V(0,C): 25215.73 | avg reward: 36789.44

=== 20,000 training timesteps ===
Method       | TrainTimeMean(s) | TrainTimeStd(s) | RewardMean | RewardStdAcrossRuns | PctOfDP(%) | PctOfDPStd(%) | LoadFactorMean(%) | LoadFactorStdAcrossRuns(%)
-------------+------------------+-----------------+------------+---------------------+------------+---------------+-------------------+---------------------------
DQN          | 5.13             | 0.70            | 29474.67   | 4292.66             | 79.67      | 9.05          | 60.54             | 9.91                      
ARS          | 2.95             | 0.06            | 30567.33   | 4124.08             | 82.91      | 9.84          | 62.56             | 10.00                     
A2C          | 5.07             | 0.39            | 35599.33   | 3456.64             | 96.28      | 3.73          | 74.92             | 6.10                      
TRPO         | 6.25             | 0.39            | 35506.00   | 3030.30             | 96.08      | 2.49          | 72.97             | 6.54                      
PPO          | 11.22            | 1.33            | 35969.67   | 3372.30             | 97.27      | 2.56          | 73.30             | 6.93                      
DP_MNL       | 0.46             | 0.00            | 36954.00   | 3025.72             | 100.00     | 0.00          | 66.27             | 4.69                      
DP_MMNL_5PT  | 0.51             | 0.00            | 36954.00   | 3025.72             | 100.00     | 0.00          | 66.27             | 4.69                      
DP_MMNL_2PT  | 0.49             | 0.00            | 36954.00   | 3025.72             | 100.00     | 0.00          | 66.27             | 4.69                      
ADP_MNL      | 0.67             | 0.00            | 36567.00   | 3291.78             | 98.91      | 1.88          | 60.50             | 4.60                      
ADP_MMNL_5PT | 0.72             | 0.00            | 36484.67   | 3525.84             | 98.63      | 2.31          | 59.57             | 5.01                      
ADP_MMNL_2PT | 0.70             | 0.00            | 36540.00   | 3397.16             | 98.81      | 1.91          | 60.18             | 4.86                      
ADP_ENV      | 20.90            | 0.00            | 36208.67   | 3282.70             | 97.93      | 1.47          | 72.76             | 5.45                      

=== 100,000 training timesteps ===
Method       | TrainTimeMean(s) | TrainTimeStd(s) | RewardMean | RewardStdAcrossRuns | PctOfDP(%) | PctOfDPStd(%) | LoadFactorMean(%) | LoadFactorStdAcrossRuns(%)
-------------+------------------+-----------------+------------+---------------------+------------+---------------+-------------------+---------------------------
DQN          | 25.37            | 3.02            | 29713.67   | 4122.21             | 80.32      | 8.47          | 63.24             | 8.02                      
ARS          | 14.68            | 0.17            | 29712.00   | 5525.34             | 80.29      | 13.24         | 60.83             | 10.87                     
A2C          | 25.70            | 2.41            | 36125.67   | 3280.25             | 97.72      | 2.23          | 75.21             | 6.31                      
TRPO         | 27.49            | 1.66            | 36659.00   | 3275.89             | 99.15      | 1.67          | 75.03             | 6.33                      
PPO          | 48.54            | 5.76            | 36677.67   | 3212.21             | 99.22      | 1.92          | 76.61             | 5.94                      
DP_MNL       | 0.46             | 0.00            | 36954.00   | 3025.72             | 100.00     | 0.00          | 66.27             | 4.69                      
DP_MMNL_5PT  | 0.51             | 0.00            | 36954.00   | 3025.72             | 100.00     | 0.00          | 66.27             | 4.69                      
DP_MMNL_2PT  | 0.49             | 0.00            | 36954.00   | 3025.72             | 100.00     | 0.00          | 66.27             | 4.69                      
ADP_MNL      | 0.67             | 0.00            | 36567.00   | 3291.78             | 98.91      | 1.88          | 60.50             | 4.60                      
ADP_MMNL_5PT | 0.72             | 0.00            | 36484.67   | 3525.84             | 98.63      | 2.31          | 59.57             | 5.01                      
ADP_MMNL_2PT | 0.70             | 0.00            | 36540.00   | 3397.16             | 98.81      | 1.91          | 60.18             | 4.86                      
ADP_ENV      | 20.90            | 0.00            | 36208.67   | 3282.70             | 97.93      | 1.47          | 72.76             | 5.45                      

=== 500,000 training timesteps ===
Method       | TrainTimeMean(s) | TrainTimeStd(s) | RewardMean | RewardStdAcrossRuns | PctOfDP(%) | PctOfDPStd(%) | LoadFactorMean(%) | LoadFactorStdAcrossRuns(%)
-------------+------------------+-----------------+------------+---------------------+------------+---------------+-------------------+---------------------------
DQN          | 128.18           | 13.59           | 28847.33   | 4556.98             | 77.85      | 8.65          | 61.77             | 10.02                     
ARS          | 61.61            | 0.59            | 32676.33   | 3548.81             | 88.41      | 6.11          | 64.97             | 9.79                      
A2C          | 133.52           | 13.78           | 36246.33   | 3309.46             | 98.04      | 2.35          | 75.82             | 5.90                      
TRPO         | 136.31           | 7.65            | 36798.00   | 3334.74             | 99.52      | 1.59          | 73.15             | 6.69                      
PPO          | 229.91           | 23.69           | 36728.33   | 3161.55             | 99.37      | 1.61          | 77.01             | 5.71                      
DP_MNL       | 0.46             | 0.00            | 36954.00   | 3025.72             | 100.00     | 0.00          | 66.27             | 4.69                      
DP_MMNL_5PT  | 0.51             | 0.00            | 36954.00   | 3025.72             | 100.00     | 0.00          | 66.27             | 4.69                      
DP_MMNL_2PT  | 0.49             | 0.00            | 36954.00   | 3025.72             | 100.00     | 0.00          | 66.27             | 4.69                      
ADP_MNL      | 0.67             | 0.00            | 36567.00   | 3291.78             | 98.91      | 1.88          | 60.50             | 4.60                      
ADP_MMNL_5PT | 0.72             | 0.00            | 36484.67   | 3525.84             | 98.63      | 2.31          | 59.57             | 5.01                      
ADP_MMNL_2PT | 0.70             | 0.00            | 36540.00   | 3397.16             | 98.81      | 1.91          | 60.18             | 4.86                      
ADP_ENV      | 20.90            | 0.00            | 36208.67   | 3282.70             | 97.93      | 1.47          | 72.76             | 5.45                      

=== 1,000,000 training timesteps ===
Method       | TrainTimeMean(s) | TrainTimeStd(s) | RewardMean | RewardStdAcrossRuns | PctOfDP(%) | PctOfDPStd(%) | LoadFactorMean(%) | LoadFactorStdAcrossRuns(%)
-------------+------------------+-----------------+------------+---------------------+------------+---------------+-------------------+---------------------------
DQN          | 256.48           | 23.87           | 28283.67   | 3931.32             | 76.61      | 9.04          | 61.30             | 7.96                      
ARS          | 120.16           | 0.82            | 33849.67   | 2764.79             | 91.71      | 4.50          | 67.14             | 7.65                      
A2C          | 272.61           | 28.10           | 36191.67   | 3298.64             | 97.89      | 2.39          | 75.75             | 5.86                      
TRPO         | 270.08           | 13.61           | 36597.33   | 3075.42             | 99.03      | 1.02          | 70.45             | 6.22                      
PPO          | 461.97           | 38.00           | 36728.33   | 3161.55             | 99.37      | 1.61          | 77.01             | 5.71                      
DP_MNL       | 0.46             | 0.00            | 36954.00   | 3025.72             | 100.00     | 0.00          | 66.27             | 4.69                      
DP_MMNL_5PT  | 0.51             | 0.00            | 36954.00   | 3025.72             | 100.00     | 0.00          | 66.27             | 4.69                      
DP_MMNL_2PT  | 0.49             | 0.00            | 36954.00   | 3025.72             | 100.00     | 0.00          | 66.27             | 4.69                      
ADP_MNL      | 0.67             | 0.00            | 36567.00   | 3291.78             | 98.91      | 1.88          | 60.50             | 4.60                      
ADP_MMNL_5PT | 0.72             | 0.00            | 36484.67   | 3525.84             | 98.63      | 2.31          | 59.57             | 5.01                      
ADP_MMNL_2PT | 0.70             | 0.00            | 36540.00   | 3397.16             | 98.81      | 1.91          | 60.18             | 4.86                      
ADP_ENV      | 20.90            | 0.00            | 36208.67   | 3282.70             | 97.93      | 1.47          | 72.76             | 5.45                      
