
============================================================
TASK_ID: 20
LARGE_PRODUCT_SET: False
TRAIN_ON_ALL_SETS: False
HIGH_SENSITIVITY: False
GT_MODEL: MNLConsidSet
============================================================
RL Training Seeds: 15, RL Training Steps: [20000, 100000, 500000], Estimation Episodes: 50

Observation sampling time: 0.6297 seconds
Estimation_MNL  time: 0.0028s | beta: -0.050000, lambda: 0.501171
  LL: -17781.272877, AIC: 35564.546, BIC: 35571.783

Estimation_MMNL_5PT time: 0.0610s | lambda: 0.501171
  LL: -17859.429443, AIC: 35736.859, BIC: 35801.995
Betas: ['-0.040143', '-0.038533', '-0.021248', '-0.018089', '-0.011964']
Weights: ['0.187567', '0.182054', '0.403408', '0.126971', '0.100000']

Estimation_MMNL_2PT time: 0.0920s | lambda: 0.501171
  LL: -17781.272877, AIC: 35568.546, BIC: 35590.258
Betas: ['-0.050000', '-0.050000']
Weights: ['0.792997', '0.207003']

MNL  efficient sets time: 0.0119s | sets: (0, 3, 7, 15, 31, 63, 127, 255, 511, 1023)
MMNL 5PT efficient sets time: 0.0561s | sets: (0, 1, 3, 7, 15, 31, 63, 127, 255, 511, 1023)
MMNL 2PT efficient sets time: 0.0378s | sets: (0, 3, 7, 15, 31, 63, 127, 255, 511, 1023)
DP_MNL  time: 0.3543s | V(0,C): 11.58 | avg reward: 54959.04
DP_MMNL_5PT time: 0.3479s | V(0,C): 3061.44 | avg reward: 54959.04
DP_MMNL_2PT time: 0.3482s | V(0,C): 11.58 | avg reward: 54959.04
ADP_MNL  time: 0.5093s | V(0,C): 16.00 | avg reward: 54959.04
ADP_MMNL_5PT time: 0.5140s | V(0,C): 4026.04 | avg reward: 54959.04
ADP_MMNL_2PT time: 0.5109s | V(0,C): 16.00 | avg reward: 54959.04
ADP_ENV time: 0.6773s | V(0,C): 37103.52 | avg reward: 65171.93
