
============================================================
TASK_ID: 60
LARGE_PRODUCT_SET: False
TRAIN_ON_ALL_SETS: False
HIGH_SENSITIVITY: True
GT_MODEL: MNLConsidSet
============================================================
RL Training Seeds: 15, RL Training Steps: [20000, 100000, 500000], Estimation Episodes: 50

Observation sampling time: 0.5954 seconds
Estimation_MNL  time: 5.2670s | beta: -0.005098, lambda: 0.502146
  LL: -14441.420000, AIC: 28884.830, BIC: 28892.070

Estimation_MMNL_5PT time: 16.4838s | lambda: 0.502146
  LL: -14430.900000, AIC: 28879.800, BIC: 28944.950
Betas: ['-0.050000', '-0.004626', '-0.004626', '-0.004626', '-0.050000']
Weights: ['0.217265', '0.149940', '0.182867', '0.374940', '0.074988']

Estimation_MMNL_2PT time: 8.5311s | lambda: 0.502146
  LL: -14433.420000, AIC: 28872.850, BIC: 28894.560
Betas: ['-0.050000', '-0.003964']
Weights: ['0.333333', '0.666667']

Estimation_MMNL_CONT time: 92.3205s | mu: -5.297233, sigma: 0.376862, lambda: 0.502146
  LL: -14431.660000, AIC: 28867.310, BIC: 28881.790

MNL  efficient sets time: 0.0115s | sets: (0, 1, 3, 7, 15, 31, 63, 127, 255, 511)
MMNL 5PT efficient sets time: 0.0547s | sets: (0, 1, 3, 7, 15, 31, 63, 127, 255)
MMNL 2PT efficient sets time: 0.0373s | sets: (0, 1, 3, 7, 15, 31, 63, 127)
MMNL Cont efficient sets time: 0.0345s | sets: (0, 1, 2, 15, 23, 47, 127)

DP_MNL  time: 0.3543s | V(0,C): 36605.37 | avg reward: 36779.99
DP_MMNL_5PT time: 0.3531s | V(0,C): 27742.21 | avg reward: 36567.20
DP_MMNL_2PT time: 0.3509s | V(0,C): 29136.63 | avg reward: 35851.94
DP_MMNL_CONT time: 0.3580s | V(0,C): 33916.38 | avg reward: 35851.94


=== 20,000 training timesteps ===
Method       | TrainTimeMean(s) | TrainTimeStd(s) | RewardMean | RewardStdAcrossRuns | PctOfDP(%) | PctOfDPStd(%) | LoadFactorMean(%) | LoadFactorStdAcrossRuns(%)
-------------+------------------+-----------------+------------+---------------------+------------+---------------+-------------------+---------------------------
DQN          | 3.63             | 0.41            | 30401.67   | 6093.36             | 83.81      | 14.36         | 45.87             | 14.93                     
QRDQN        | 19.26            | 1.98            | 28149.67   | 9997.97             | 76.90      | 24.94         | 40.94             | 18.78                     
ARS          | 2.21             | 0.03            | 28307.33   | 10008.23            | 79.17      | 28.47         | 44.76             | 20.45                     
A2C          | 4.45             | 0.35            | 35438.33   | 3273.94             | 97.92      | 2.98          | 72.83             | 6.21                      
TRPO         | 5.59             | 0.21            | 35158.00   | 3222.82             | 97.14      | 2.64          | 71.53             | 6.02                      
PPO          | 10.43            | 0.97            | 35061.67   | 3589.70             | 96.78      | 2.95          | 72.07             | 5.16                      
DP_MNL       | 0.35             | 0.00            | 36198.67   | 3197.08             | 100.00     | 0.00          | 70.70             | 5.34                      
DP_MMNL_5PT  | 0.35             | 0.00            | 36147.67   | 2995.70             | 99.92      | 1.90          | 65.15             | 4.65                      
DP_MMNL_2PT  | 0.35             | 0.00            | 35809.33   | 3452.37             | 98.90      | 2.96          | 58.41             | 4.87                      
DP_MMNL_CONT | 0.36             | 0.00            | 35809.33   | 3452.37             | 98.90      | 2.96          | 58.41             | 4.87                      

=== 100,000 training timesteps ===
Method       | TrainTimeMean(s) | TrainTimeStd(s) | RewardMean | RewardStdAcrossRuns | PctOfDP(%) | PctOfDPStd(%) | LoadFactorMean(%) | LoadFactorStdAcrossRuns(%)
-------------+------------------+-----------------+------------+---------------------+------------+---------------+-------------------+---------------------------
DQN          | 18.81            | 2.01            | 36245.00   | 2998.97             | 100.18     | 1.40          | 69.19             | 4.62                      
QRDQN        | 96.74            | 9.34            | 28149.67   | 9997.97             | 76.90      | 24.94         | 40.94             | 18.78                     
ARS          | 11.21            | 0.12            | 34715.67   | 3334.38             | 96.11      | 6.82          | 58.31             | 10.29                     
A2C          | 23.26            | 1.88            | 35698.33   | 2966.33             | 98.69      | 2.30          | 73.69             | 5.03                      
TRPO         | 24.73            | 0.96            | 35832.00   | 3117.70             | 99.01      | 1.53          | 73.51             | 5.38                      
PPO          | 45.01            | 4.14            | 36132.33   | 3146.93             | 99.84      | 1.51          | 75.82             | 5.68                      
DP_MNL       | 0.35             | 0.00            | 36198.67   | 3197.08             | 100.00     | 0.00          | 70.70             | 5.34                      
DP_MMNL_5PT  | 0.35             | 0.00            | 36147.67   | 2995.70             | 99.92      | 1.90          | 65.15             | 4.65                      
DP_MMNL_2PT  | 0.35             | 0.00            | 35809.33   | 3452.37             | 98.90      | 2.96          | 58.41             | 4.87                      
DP_MMNL_CONT | 0.36             | 0.00            | 35809.33   | 3452.37             | 98.90      | 2.96          | 58.41             | 4.87                      

=== 500,000 training timesteps ===
Method       | TrainTimeMean(s) | TrainTimeStd(s) | RewardMean | RewardStdAcrossRuns | PctOfDP(%) | PctOfDPStd(%) | LoadFactorMean(%) | LoadFactorStdAcrossRuns(%)
-------------+------------------+-----------------+------------+---------------------+------------+---------------+-------------------+---------------------------
DQN          | 413.80           | 1190.41         | 35572.67   | 2832.75             | 98.37      | 2.12          | 67.68             | 4.47                      
QRDQN        | 475.60           | 30.44           | 28149.67   | 9997.97             | 76.90      | 24.94         | 40.94             | 18.78                     
ARS          | 49.22            | 1.12            | 35977.67   | 3169.68             | 99.40      | 1.53          | 65.80             | 6.20                      
A2C          | 128.55           | 10.47           | 35964.67   | 3141.77             | 99.37      | 1.70          | 74.92             | 5.23                      
TRPO         | 128.31           | 4.99            | 35942.00   | 3168.46             | 99.31      | 1.56          | 72.97             | 6.46                      
PPO          | 212.57           | 18.36           | 36190.00   | 3196.57             | 99.98      | 1.47          | 75.82             | 5.68                      
DP_MNL       | 0.35             | 0.00            | 36198.67   | 3197.08             | 100.00     | 0.00          | 70.70             | 5.34                      
DP_MMNL_5PT  | 0.35             | 0.00            | 36147.67   | 2995.70             | 99.92      | 1.90          | 65.15             | 4.65                      
DP_MMNL_2PT  | 0.35             | 0.00            | 35809.33   | 3452.37             | 98.90      | 2.96          | 58.41             | 4.87                      
DP_MMNL_CONT | 0.36             | 0.00            | 35809.33   | 3452.37             | 98.90      | 2.96          | 58.41             | 4.87                      
