
============================================================
TASK_ID: 70
LARGE_PRODUCT_SET: False
TRAIN_ON_ALL_SETS: True
HIGH_SENSITIVITY: True
GT_MODEL: NLogit
============================================================
RL Training Seeds: 15, RL Training Steps: [20000, 100000, 500000, 1000000], Estimation Episodes: 50

Observation sampling time: 0.5147 seconds
Estimation_MNL  time: 4.2406s | beta: -0.005661, lambda: 0.502683
  LL: -13828.230000, AIC: 27658.460, BIC: 27665.700

Estimation_MMNL_5PT time: 14.0105s | lambda: 0.502683
  LL: -13828.090000, AIC: 27674.180, BIC: 27739.340
Betas: ['-0.050000', '-0.005393', '-0.005393', '-0.005393', '-0.007402']
Weights: ['0.031350', '0.031352', '0.031341', '0.754965', '0.150993']

Estimation_MMNL_2PT time: 6.9171s | lambda: 0.502683
  LL: -13828.100000, AIC: 27662.200, BIC: 27683.920
Betas: ['-0.050000', '-0.005232']
Weights: ['0.333333', '0.666667']

Estimation_MMNL_CONT time: 41.6728s | mu: -5.174991, sigma: 0.089432, lambda: 0.502683
  LL: -13828.160000, AIC: 27660.320, BIC: 27674.800

DP_MNL  time: 0.4543s | V(0,C): 34127.30 | avg reward: 31556.17
DP_MMNL_5PT time: 0.4993s | V(0,C): 32959.31 | avg reward: 31556.17
DP_MMNL_2PT time: 0.4753s | V(0,C): 23989.81 | avg reward: 31556.17
DP_MMNL_CONT time: 0.4710s | V(0,C): 37765.18 | avg reward: 31255.96


=== 20,000 training timesteps ===
Method       | TrainTimeMean(s) | TrainTimeStd(s) | RewardMean | RewardStdAcrossRuns | PctOfDP(%) | PctOfDPStd(%) | LoadFactorMean(%) | LoadFactorStdAcrossRuns(%)
-------------+------------------+-----------------+------------+---------------------+------------+---------------+-------------------+---------------------------
DQN          | 3.89             | 0.02            | 24066.00   | 2944.97             | 77.33      | 7.52          | 53.26             | 8.52                      
ARS          | 2.25             | 0.02            | 22003.33   | 5560.72             | 70.29      | 15.18         | 48.68             | 11.59                     
A2C          | 3.98             | 0.02            | 30187.67   | 2709.87             | 96.92      | 1.93          | 66.92             | 5.03                      
TRPO         | 5.31             | 0.08            | 30373.67   | 2765.11             | 97.53      | 2.97          | 66.45             | 5.76                      
PPO          | 9.39             | 0.04            | 30237.00   | 2705.28             | 97.10      | 2.48          | 66.81             | 6.07                      
DP_MNL       | 0.45             | 0.00            | 31148.00   | 2724.51             | 100.00     | 0.00          | 68.68             | 5.30                      
DP_MMNL_5PT  | 0.50             | 0.00            | 31148.00   | 2724.51             | 100.00     | 0.00          | 68.68             | 5.30                      
DP_MMNL_2PT  | 0.48             | 0.00            | 31148.00   | 2724.51             | 100.00     | 0.00          | 68.68             | 5.30                      
DP_MMNL_CONT | 0.47             | 0.00            | 30817.33   | 2700.43             | 98.95      | 1.65          | 64.00             | 4.76                      

=== 100,000 training timesteps ===
Method       | TrainTimeMean(s) | TrainTimeStd(s) | RewardMean | RewardStdAcrossRuns | PctOfDP(%) | PctOfDPStd(%) | LoadFactorMean(%) | LoadFactorStdAcrossRuns(%)
-------------+------------------+-----------------+------------+---------------------+------------+---------------+-------------------+---------------------------
DQN          | 19.43            | 0.13            | 25053.00   | 3415.17             | 80.41      | 8.22          | 56.47             | 7.84                      
ARS          | 11.20            | 0.04            | 24359.33   | 5721.41             | 77.96      | 16.20         | 52.22             | 13.79                     
A2C          | 19.79            | 0.09            | 30597.00   | 2823.87             | 98.24      | 2.80          | 67.71             | 5.63                      
TRPO         | 23.23            | 0.23            | 30908.67   | 2728.10             | 99.23      | 1.15          | 67.42             | 5.78                      
PPO          | 40.64            | 0.09            | 30929.00   | 2579.08             | 99.33      | 0.97          | 68.61             | 5.29                      
DP_MNL       | 0.45             | 0.00            | 31148.00   | 2724.51             | 100.00     | 0.00          | 68.68             | 5.30                      
DP_MMNL_5PT  | 0.50             | 0.00            | 31148.00   | 2724.51             | 100.00     | 0.00          | 68.68             | 5.30                      
DP_MMNL_2PT  | 0.48             | 0.00            | 31148.00   | 2724.51             | 100.00     | 0.00          | 68.68             | 5.30                      
DP_MMNL_CONT | 0.47             | 0.00            | 30817.33   | 2700.43             | 98.95      | 1.65          | 64.00             | 4.76                      

=== 500,000 training timesteps ===
Method       | TrainTimeMean(s) | TrainTimeStd(s) | RewardMean | RewardStdAcrossRuns | PctOfDP(%) | PctOfDPStd(%) | LoadFactorMean(%) | LoadFactorStdAcrossRuns(%)
-------------+------------------+-----------------+------------+---------------------+------------+---------------+-------------------+---------------------------
DQN          | 96.40            | 0.68            | 24125.00   | 4346.92             | 77.60      | 12.43         | 52.04             | 10.45                     
ARS          | 47.04            | 0.17            | 27933.00   | 3329.54             | 89.55      | 5.42          | 60.79             | 6.68                      
A2C          | 103.39           | 0.47            | 30841.00   | 2671.34             | 99.03      | 1.27          | 68.22             | 5.38                      
TRPO         | 115.59           | 1.18            | 30926.67   | 2723.31             | 99.30      | 1.66          | 67.50             | 5.82                      
PPO          | 193.81           | 0.45            | 31091.67   | 2748.95             | 99.81      | 0.69          | 68.65             | 5.31                      
DP_MNL       | 0.45             | 0.00            | 31148.00   | 2724.51             | 100.00     | 0.00          | 68.68             | 5.30                      
DP_MMNL_5PT  | 0.50             | 0.00            | 31148.00   | 2724.51             | 100.00     | 0.00          | 68.68             | 5.30                      
DP_MMNL_2PT  | 0.48             | 0.00            | 31148.00   | 2724.51             | 100.00     | 0.00          | 68.68             | 5.30                      
DP_MMNL_CONT | 0.47             | 0.00            | 30817.33   | 2700.43             | 98.95      | 1.65          | 64.00             | 4.76                      

=== 1,000,000 training timesteps ===
Method       | TrainTimeMean(s) | TrainTimeStd(s) | RewardMean | RewardStdAcrossRuns | PctOfDP(%) | PctOfDPStd(%) | LoadFactorMean(%) | LoadFactorStdAcrossRuns(%)
-------------+------------------+-----------------+------------+---------------------+------------+---------------+-------------------+---------------------------
DQN          | 192.52           | 1.38            | 25245.67   | 3203.77             | 81.27      | 9.64          | 53.19             | 10.88                     
ARS          | 91.91            | 0.26            | 28516.00   | 2797.66             | 91.53      | 3.58          | 61.69             | 5.95                      
A2C          | 212.14           | 0.95            | 30859.33   | 2698.54             | 99.08      | 1.04          | 68.22             | 5.46                      
TRPO         | 231.54           | 2.69            | 31088.00   | 2740.00             | 99.81      | 0.74          | 68.07             | 5.83                      
PPO          | 387.35           | 0.73            | 31148.00   | 2724.51             | 100.00     | 0.00          | 68.68             | 5.30                      
DP_MNL       | 0.45             | 0.00            | 31148.00   | 2724.51             | 100.00     | 0.00          | 68.68             | 5.30                      
DP_MMNL_5PT  | 0.50             | 0.00            | 31148.00   | 2724.51             | 100.00     | 0.00          | 68.68             | 5.30                      
DP_MMNL_2PT  | 0.48             | 0.00            | 31148.00   | 2724.51             | 100.00     | 0.00          | 68.68             | 5.30                      
DP_MMNL_CONT | 0.47             | 0.00            | 30817.33   | 2700.43             | 98.95      | 1.65          | 64.00             | 4.76                      
