
============================================================
TASK_ID: 10
LARGE_PRODUCT_SET: False
TRAIN_ON_ALL_SETS: True
HIGH_SENSITIVITY: False
GT_MODEL: MMNL_5PT
============================================================
RL Training Seeds: 15, RL Training Steps: [100000, 500000, 1000000], Estimation Episodes: 50

Observation sampling time: 1.8257 seconds
Estimation_MNL  time: 0.0256s | beta: -0.001481, lambda: 0.505805
  LL: -17785.087920, AIC: 35572.176, BIC: 35579.422

Estimation_MMNL_5PT time: 0.4739s | lambda: 0.505805
  LL: -17785.087920, AIC: 35588.176, BIC: 35653.395
Betas: ['-0.001481', '-0.001481', '-0.001480', '-0.001480', '-0.001480']
Weights: ['0.592586', '0.101854', '0.101853', '0.101854', '0.101854']

Estimation_MMNL_2PT time: 0.2313s | lambda: 0.505805
  LL: -17785.087920, AIC: 35576.176, BIC: 35597.916
Betas: ['-0.001481', '-0.001480']
Weights: ['0.791281', '0.208719']

DP_MNL  time: 0.6610s | V(0,C): 67650.00 | avg reward: 66670.00
DP_MMNL_5PT time: 0.7441s | V(0,C): 67650.06 | avg reward: 66670.00
DP_MMNL_2PT time: 0.7209s | V(0,C): 67650.00 | avg reward: 66670.00
ADP_MNL  time: 0.9511s | V(0,C): 65829.53 | avg reward: 66670.00
ADP_MMNL_5PT time: 1.0446s | V(0,C): 65829.65 | avg reward: 66670.00
ADP_MMNL_2PT time: 1.0158s | V(0,C): 65829.54 | avg reward: 66670.00
ADP_ENV time: 37.3336s | V(0,C): 40066.66 | avg reward: 65004.58

=== 100,000 training timesteps ===
Method       | TrainTimeMean(s) | TrainTimeStd(s) | RewardMean | RewardStdAcrossRuns | PctOfDP(%) | PctOfDPStd(%) | LoadFactorMean(%) | LoadFactorStdAcrossRuns(%)
-------------+------------------+-----------------+------------+---------------------+------------+---------------+-------------------+---------------------------
DQN          | 36.54            | 3.75            | 47359.00   | 7253.12             | 71.68      | 11.15         | 85.30             | 6.73                      
ARS          | 17.44            | 0.32            | 49629.00   | 8855.19             | 74.62      | 10.06         | 83.24             | 6.18                      
A2C          | 36.86            | 3.20            | 63580.00   | 3922.23             | 96.13      | 3.61          | 82.67             | 7.53                      
TRPO         | 38.88            | 3.22            | 62620.00   | 4364.52             | 94.69      | 4.66          | 84.11             | 7.33                      
PPO          | 71.25            | 7.68            | 60949.00   | 5217.62             | 92.05      | 4.41          | 87.96             | 5.42                      
DP_MNL       | 0.66             | 0.00            | 66248.33   | 5058.86             | 100.00     | 0.00          | 72.11             | 5.40                      
DP_MMNL_5PT  | 0.74             | 0.00            | 66248.33   | 5058.86             | 100.00     | 0.00          | 72.11             | 5.40                      
DP_MMNL_2PT  | 0.72             | 0.00            | 66248.33   | 5058.86             | 100.00     | 0.00          | 72.11             | 5.40                      
ADP_MNL      | 0.95             | 0.00            | 66248.33   | 5058.86             | 100.00     | 0.00          | 72.11             | 5.40                      
ADP_MMNL_5PT | 1.04             | 0.00            | 66248.33   | 5058.86             | 100.00     | 0.00          | 72.11             | 5.40                      
ADP_MMNL_2PT | 1.02             | 0.00            | 66248.33   | 5058.86             | 100.00     | 0.00          | 72.11             | 5.40                      
ADP_ENV      | 37.33            | 0.00            | 64637.67   | 4724.12             | 97.61      | 1.71          | 79.35             | 5.20                      

=== 500,000 training timesteps ===
Method       | TrainTimeMean(s) | TrainTimeStd(s) | RewardMean | RewardStdAcrossRuns | PctOfDP(%) | PctOfDPStd(%) | LoadFactorMean(%) | LoadFactorStdAcrossRuns(%)
-------------+------------------+-----------------+------------+---------------------+------------+---------------+-------------------+---------------------------
DQN          | 184.58           | 20.00           | 46834.67   | 7823.66             | 70.62      | 9.98          | 85.26             | 7.22                      
ARS          | 87.19            | 1.42            | 55871.67   | 6294.40             | 84.32      | 6.77          | 81.66             | 7.42                      
A2C          | 189.18           | 17.64           | 64648.67   | 4387.13             | 97.69      | 2.95          | 80.76             | 7.48                      
TRPO         | 193.64           | 15.43           | 64894.00   | 4641.27             | 98.04      | 2.81          | 78.20             | 7.86                      
PPO          | 333.02           | 25.95           | 63106.33   | 4845.22             | 95.30      | 2.89          | 85.59             | 5.42                      
DP_MNL       | 0.66             | 0.00            | 66248.33   | 5058.86             | 100.00     | 0.00          | 72.11             | 5.40                      
DP_MMNL_5PT  | 0.74             | 0.00            | 66248.33   | 5058.86             | 100.00     | 0.00          | 72.11             | 5.40                      
DP_MMNL_2PT  | 0.72             | 0.00            | 66248.33   | 5058.86             | 100.00     | 0.00          | 72.11             | 5.40                      
ADP_MNL      | 0.95             | 0.00            | 66248.33   | 5058.86             | 100.00     | 0.00          | 72.11             | 5.40                      
ADP_MMNL_5PT | 1.04             | 0.00            | 66248.33   | 5058.86             | 100.00     | 0.00          | 72.11             | 5.40                      
ADP_MMNL_2PT | 1.02             | 0.00            | 66248.33   | 5058.86             | 100.00     | 0.00          | 72.11             | 5.40                      
ADP_ENV      | 37.33            | 0.00            | 64637.67   | 4724.12             | 97.61      | 1.71          | 79.35             | 5.20                      

=== 1,000,000 training timesteps ===
Method       | TrainTimeMean(s) | TrainTimeStd(s) | RewardMean | RewardStdAcrossRuns | PctOfDP(%) | PctOfDPStd(%) | LoadFactorMean(%) | LoadFactorStdAcrossRuns(%)
-------------+------------------+-----------------+------------+---------------------+------------+---------------+-------------------+---------------------------
DQN          | 375.73           | 39.83           | 49525.00   | 5186.59             | 74.89      | 6.62          | 85.30             | 5.73                      
ARS          | 174.66           | 3.14            | 58647.33   | 5238.88             | 88.60      | 5.46          | 79.86             | 8.60                      
A2C          | 382.72           | 36.73           | 64691.00   | 4362.31             | 97.75      | 2.88          | 80.61             | 7.32                      
TRPO         | 386.54           | 26.22           | 65429.33   | 4918.80             | 98.80      | 2.36          | 76.40             | 8.43                      
PPO          | 666.07           | 42.63           | 62779.33   | 4402.59             | 94.85      | 2.96          | 86.52             | 5.54                      
DP_MNL       | 0.66             | 0.00            | 66248.33   | 5058.86             | 100.00     | 0.00          | 72.11             | 5.40                      
DP_MMNL_5PT  | 0.74             | 0.00            | 66248.33   | 5058.86             | 100.00     | 0.00          | 72.11             | 5.40                      
DP_MMNL_2PT  | 0.72             | 0.00            | 66248.33   | 5058.86             | 100.00     | 0.00          | 72.11             | 5.40                      
ADP_MNL      | 0.95             | 0.00            | 66248.33   | 5058.86             | 100.00     | 0.00          | 72.11             | 5.40                      
ADP_MMNL_5PT | 1.04             | 0.00            | 66248.33   | 5058.86             | 100.00     | 0.00          | 72.11             | 5.40                      
ADP_MMNL_2PT | 1.02             | 0.00            | 66248.33   | 5058.86             | 100.00     | 0.00          | 72.11             | 5.40                      
ADP_ENV      | 37.33            | 0.00            | 64637.67   | 4724.12             | 97.61      | 1.71          | 79.35             | 5.20                      
