
============================================================
TASK_ID: 17
LARGE_PRODUCT_SET: True
TRAIN_ON_ALL_SETS: False
HIGH_SENSITIVITY: False
GT_MODEL: Probit
============================================================
RL Training Seeds: 15, RL Training Steps: [20000, 100000, 500000], Estimation Episodes: 50

Observation sampling time: 0.7709 seconds
Estimation_MNL  time: 0.1235s | beta: -0.003390, lambda: 0.499820
  LL: -37181.524309, AIC: 74365.049, BIC: 74372.233

Estimation_MMNL_5PT time: 26.9467s | lambda: 0.499820
  LL: -37181.522641, AIC: 74367.045, BIC: 74381.414
Betas: ['-0.003454', '-0.003420', '-0.003390', '-0.003360', '-0.003327']
Weights: ['0.011257', '0.222076', '0.533333', '0.222076', '0.011257']

Estimation_MMNL_2PT time: 0.0001s | lambda: 0.499820
  LL: -37181.522641, AIC: 74367.045, BIC: 74381.414
Betas: ['-0.003412', '-0.003368']
Weights: ['0.500000', '0.500000']

MNL  efficient sets time: 6.4615s | sets: (0, 1, 3, 7, 15, 31, 63, 127, 255, 511, 1023, 2047, 4095, 8191, 16383, 32767, 65535, 131071, 262143, 524287, 1048575, 2097151, 4194303, 8388607, 16777215, 33554431, 67108863, 134217727, 268435455, 536870911, 1073741823, 2147483647, 4294967295, 8589934591, 17179869183, 34359738367, 68719476735)
MMNL 5PT efficient sets time: 18.9807s | sets: (0, 1, 3, 7, 15, 31, 63, 127, 255, 511, 1023, 2047, 4095, 8191, 16383, 32767, 65535, 131071, 262143, 524287, 1048575, 2097151, 4194303, 8388607, 16777215, 33554431, 67108863, 134217727, 268435455, 536870911, 1073741823, 2147483647, 4294967295, 8589934591, 17179869183, 34359738367, 68719476735)
MMNL 2PT efficient sets time: 10.3304s | sets: (0, 1, 3, 7, 15, 31, 63, 127, 255, 511, 1023, 2047, 4095, 8191, 16383, 32767, 65535, 131071, 262143, 524287, 1048575, 2097151, 4194303, 8388607, 16777215, 33554431, 67108863, 134217727, 268435455, 536870911, 1073741823, 2147483647, 4294967295, 8589934591, 17179869183, 34359738367, 68719476735)
DP_MNL  time: 0.3594s | V(0,C): 91002.88 | avg reward: 92375.80
DP_MMNL_5PT time: 0.3602s | V(0,C): 91002.33 | avg reward: 92376.86
DP_MMNL_2PT time: 0.3585s | V(0,C): 91002.33 | avg reward: 92375.58

=== 20,000 training timesteps ===
Method      | TrainTimeMean(s) | TrainTimeStd(s) | RewardMean | RewardStdAcrossRuns | PctOfDP(%) | PctOfDPStd(%) | LoadFactorMean(%) | LoadFactorStdAcrossRuns(%)
------------+------------------+-----------------+------------+---------------------+------------+---------------+-------------------+---------------------------
DQN         | 3.65             | 0.27            | 87918.99   | 8458.10             | 94.41      | 7.95          | 85.26             | 10.39                     
QRDQN       | 19.74            | 0.39            | 87220.07   | 10862.22            | 93.70      | 10.77         | 84.36             | 12.65                     
ARS         | 2.56             | 0.04            | 91294.12   | 4411.46             | 98.14      | 3.75          | 89.84             | 5.44                      
A2C         | 4.27             | 0.03            | 62791.77   | 1907.46             | 67.59      | 3.70          | 99.42             | 1.67                      
TRPO        | 7.13             | 0.15            | 64191.85   | 2869.17             | 69.04      | 3.17          | 99.57             | 1.25                      
PPO         | 11.48            | 0.63            | 63891.48   | 2989.02             | 68.71      | 3.28          | 99.50             | 1.35                      
DP_MNL      | 0.36             | 0.00            | 93097.47   | 4507.58             | 100.00     | 0.00          | 95.64             | 3.99                      
DP_MMNL_5PT | 0.36             | 0.00            | 93098.62   | 4510.48             | 100.00     | 0.01          | 95.64             | 3.99                      
DP_MMNL_2PT | 0.36             | 0.00            | 93098.62   | 4510.48             | 100.00     | 0.01          | 95.64             | 3.99                      

=== 100,000 training timesteps ===
Method      | TrainTimeMean(s) | TrainTimeStd(s) | RewardMean | RewardStdAcrossRuns | PctOfDP(%) | PctOfDPStd(%) | LoadFactorMean(%) | LoadFactorStdAcrossRuns(%)
------------+------------------+-----------------+------------+---------------------+------------+---------------+-------------------+---------------------------
DQN         | 18.18            | 0.99            | 92976.65   | 4197.23             | 99.89      | 1.21          | 93.98             | 4.74                      
QRDQN       | 100.34           | 1.92            | 87220.07   | 10862.22            | 93.70      | 10.77         | 84.36             | 12.65                     
ARS         | 12.73            | 0.07            | 92548.89   | 4384.65             | 99.43      | 1.62          | 91.17             | 4.33                      
A2C         | 21.70            | 0.57            | 64555.96   | 1857.38             | 69.49      | 3.57          | 99.53             | 1.38                      
TRPO        | 30.72            | 0.64            | 67065.32   | 3668.26             | 72.09      | 3.24          | 99.53             | 1.29                      
PPO         | 49.84            | 2.76            | 66776.33   | 3418.55             | 71.78      | 3.06          | 99.50             | 1.37                      
DP_MNL      | 0.36             | 0.00            | 93097.47   | 4507.58             | 100.00     | 0.00          | 95.64             | 3.99                      
DP_MMNL_5PT | 0.36             | 0.00            | 93098.62   | 4510.48             | 100.00     | 0.01          | 95.64             | 3.99                      
DP_MMNL_2PT | 0.36             | 0.00            | 93098.62   | 4510.48             | 100.00     | 0.01          | 95.64             | 3.99                      

=== 500,000 training timesteps ===
Method      | TrainTimeMean(s) | TrainTimeStd(s) | RewardMean | RewardStdAcrossRuns | PctOfDP(%) | PctOfDPStd(%) | LoadFactorMean(%) | LoadFactorStdAcrossRuns(%)
------------+------------------+-----------------+------------+---------------------+------------+---------------+-------------------+---------------------------
DQN         | 89.61            | 1.87            | 92569.07   | 4619.61             | 99.43      | 1.19          | 91.86             | 4.23                      
QRDQN       | 502.86           | 6.47            | 87220.07   | 10862.22            | 93.70      | 10.77         | 84.36             | 12.65                     
ARS         | 53.51            | 0.26            | 93096.04   | 4231.87             | 100.02     | 0.96          | 91.96             | 4.36                      
A2C         | 120.26           | 5.54            | 68677.86   | 3338.41             | 73.90      | 4.40          | 99.32             | 1.62                      
TRPO        | 149.67           | 3.02            | 72101.48   | 3648.79             | 77.51      | 3.38          | 99.39             | 1.51                      
PPO         | 238.44           | 12.44           | 71499.38   | 2980.54             | 76.92      | 3.80          | 99.21             | 1.75                      
DP_MNL      | 0.36             | 0.00            | 93097.47   | 4507.58             | 100.00     | 0.00          | 95.64             | 3.99                      
DP_MMNL_5PT | 0.36             | 0.00            | 93098.62   | 4510.48             | 100.00     | 0.01          | 95.64             | 3.99                      
DP_MMNL_2PT | 0.36             | 0.00            | 93098.62   | 4510.48             | 100.00     | 0.01          | 95.64             | 3.99                      
