
============================================================
TASK_ID: 14
LARGE_PRODUCT_SET: False
TRAIN_ON_ALL_SETS: True
HIGH_SENSITIVITY: False
GT_MODEL: Probit
============================================================
RL Training Seeds: 15, RL Training Steps: [100000, 500000, 1000000], Estimation Episodes: 50

Observation sampling time: 2.2486 seconds
Estimation_MNL  time: 0.0152s | beta: -0.002620, lambda: 0.492537
  LL: -16689.614401, AIC: 33381.229, BIC: 33388.449

Estimation_MMNL_5PT time: 0.4738s | lambda: 0.492537
  LL: -16680.790090, AIC: 33379.580, BIC: 33444.560
Betas: ['-0.005685', '-0.002165', '-0.001926', '-0.001821', '-0.001479']
Weights: ['0.252751', '0.102260', '0.258778', '0.102240', '0.283971']

Estimation_MMNL_2PT time: 0.3911s | lambda: 0.492537
  LL: -16680.311634, AIC: 33366.623, BIC: 33388.283
Betas: ['-0.006644', '-0.001840']
Weights: ['0.200001', '0.799999']

DP_MNL  time: 0.4888s | V(0,C): 53715.26 | avg reward: 52011.56
DP_MMNL_5PT time: 0.5389s | V(0,C): 52797.12 | avg reward: 52011.56
DP_MMNL_2PT time: 0.5192s | V(0,C): 52846.13 | avg reward: 52011.56
ADP_MNL  time: 0.7011s | V(0,C): 53968.55 | avg reward: 51995.39
ADP_MMNL_5PT time: 0.7578s | V(0,C): 53634.21 | avg reward: 52387.36
ADP_MMNL_2PT time: 0.7337s | V(0,C): 53906.76 | avg reward: 52543.15
ADP_ENV time: 36.3639s | V(0,C): 36359.49 | avg reward: 50775.62

=== 100,000 training timesteps ===
Method       | TrainTimeMean(s) | TrainTimeStd(s) | RewardMean | RewardStdAcrossRuns | PctOfDP(%) | PctOfDPStd(%) | LoadFactorMean(%) | LoadFactorStdAcrossRuns(%)
-------------+------------------+-----------------+------------+---------------------+------------+---------------+-------------------+---------------------------
DQN          | 29.18            | 1.08            | 42845.67   | 5600.33             | 81.66      | 9.02          | 78.59             | 6.10                      
ARS          | 19.11            | 0.50            | 39210.00   | 6680.20             | 75.21      | 14.09         | 74.74             | 8.81                      
A2C          | 29.93            | 1.06            | 49386.33   | 2545.05             | 94.29      | 3.18          | 79.82             | 5.28                      
TRPO         | 33.66            | 0.91            | 50423.00   | 2653.93             | 96.27      | 3.42          | 78.31             | 5.95                      
PPO          | 50.62            | 1.15            | 49550.33   | 3400.73             | 94.48      | 2.43          | 80.00             | 4.35                      
DP_MNL       | 0.49             | 0.00            | 52435.67   | 3168.06             | 100.00     | 0.00          | 73.62             | 4.14                      
DP_MMNL_5PT  | 0.54             | 0.00            | 52435.67   | 3168.06             | 100.00     | 0.00          | 73.62             | 4.14                      
DP_MMNL_2PT  | 0.52             | 0.00            | 52435.67   | 3168.06             | 100.00     | 0.00          | 73.62             | 4.14                      
ADP_MNL      | 0.70             | 0.00            | 54972.00   | 4173.98             | 104.77     | 2.94          | 65.05             | 3.96                      
ADP_MMNL_5PT | 0.76             | 0.00            | 55007.33   | 4287.93             | 104.83     | 3.32          | 62.77             | 4.28                      
ADP_MMNL_2PT | 0.73             | 0.00            | 55218.33   | 4209.36             | 105.25     | 3.48          | 61.77             | 4.32                      
ADP_ENV      | 36.36            | 0.00            | 52916.67   | 4175.04             | 100.88     | 4.10          | 53.41             | 4.21                      

=== 500,000 training timesteps ===
Method       | TrainTimeMean(s) | TrainTimeStd(s) | RewardMean | RewardStdAcrossRuns | PctOfDP(%) | PctOfDPStd(%) | LoadFactorMean(%) | LoadFactorStdAcrossRuns(%)
-------------+------------------+-----------------+------------+---------------------+------------+---------------+-------------------+---------------------------
DQN          | 146.54           | 5.00            | 41462.67   | 5903.27             | 78.92      | 8.66          | 76.61             | 7.18                      
ARS          | 95.36            | 2.24            | 49043.00   | 4399.01             | 93.54      | 6.14          | 73.98             | 6.72                      
A2C          | 152.76           | 4.93            | 50313.67   | 2956.69             | 95.99      | 2.34          | 77.05             | 5.10                      
TRPO         | 166.07           | 4.51            | 52628.33   | 3463.60             | 100.37     | 2.57          | 70.27             | 6.23                      
PPO          | 242.02           | 4.99            | 50558.00   | 3030.78             | 96.44      | 1.93          | 78.95             | 4.14                      
DP_MNL       | 0.49             | 0.00            | 52435.67   | 3168.06             | 100.00     | 0.00          | 73.62             | 4.14                      
DP_MMNL_5PT  | 0.54             | 0.00            | 52435.67   | 3168.06             | 100.00     | 0.00          | 73.62             | 4.14                      
DP_MMNL_2PT  | 0.52             | 0.00            | 52435.67   | 3168.06             | 100.00     | 0.00          | 73.62             | 4.14                      
ADP_MNL      | 0.70             | 0.00            | 54972.00   | 4173.98             | 104.77     | 2.94          | 65.05             | 3.96                      
ADP_MMNL_5PT | 0.76             | 0.00            | 55007.33   | 4287.93             | 104.83     | 3.32          | 62.77             | 4.28                      
ADP_MMNL_2PT | 0.73             | 0.00            | 55218.33   | 4209.36             | 105.25     | 3.48          | 61.77             | 4.32                      
ADP_ENV      | 36.36            | 0.00            | 52916.67   | 4175.04             | 100.88     | 4.10          | 53.41             | 4.21                      

=== 1,000,000 training timesteps ===
Method       | TrainTimeMean(s) | TrainTimeStd(s) | RewardMean | RewardStdAcrossRuns | PctOfDP(%) | PctOfDPStd(%) | LoadFactorMean(%) | LoadFactorStdAcrossRuns(%)
-------------+------------------+-----------------+------------+---------------------+------------+---------------+-------------------+---------------------------
DQN          | 293.48           | 9.81            | 41605.33   | 4931.60             | 79.51      | 9.53          | 78.74             | 8.35                      
ARS          | 190.72           | 4.42            | 49929.67   | 4509.84             | 95.20      | 6.05          | 72.72             | 6.90                      
A2C          | 311.67           | 9.46            | 50096.67   | 2936.47             | 95.59      | 2.74          | 77.33             | 5.29                      
TRPO         | 330.39           | 7.93            | 53298.67   | 3619.69             | 101.64     | 2.96          | 66.92             | 7.85                      
PPO          | 484.07           | 9.62            | 50904.00   | 2925.58             | 97.10      | 1.12          | 78.41             | 3.93                      
DP_MNL       | 0.49             | 0.00            | 52435.67   | 3168.06             | 100.00     | 0.00          | 73.62             | 4.14                      
DP_MMNL_5PT  | 0.54             | 0.00            | 52435.67   | 3168.06             | 100.00     | 0.00          | 73.62             | 4.14                      
DP_MMNL_2PT  | 0.52             | 0.00            | 52435.67   | 3168.06             | 100.00     | 0.00          | 73.62             | 4.14                      
ADP_MNL      | 0.70             | 0.00            | 54972.00   | 4173.98             | 104.77     | 2.94          | 65.05             | 3.96                      
ADP_MMNL_5PT | 0.76             | 0.00            | 55007.33   | 4287.93             | 104.83     | 3.32          | 62.77             | 4.28                      
ADP_MMNL_2PT | 0.73             | 0.00            | 55218.33   | 4209.36             | 105.25     | 3.48          | 61.77             | 4.32                      
ADP_ENV      | 36.36            | 0.00            | 52916.67   | 4175.04             | 100.88     | 4.10          | 53.41             | 4.21                      
