Run MNLrefPrice - High Sensitivity: True
Train Runs: 5, Training on all available sets (if false only on efficient sets): False
RL Training Steps: [20000, 100000, 500000], Evaluation Episodes: 15, Estimation Episodes: 50

Observation sampling time: 0.3151 seconds
EM_MNL  time: 270.8811s | beta: -0.007122, lambda: 0.721723
EM_MMNL time: 477.1670s | betas: ['-0.016911', '-0.007109', '-0.006840', '-0.006811', '-0.006805'], lambda: 0.833729

MNL  efficient sets time: 0.0116s | sets: (0, 1, 3, 7, 15, 31, 63, 127, 255, 511, 1023)
MMNL efficient sets time: 0.0394s | sets: (0, 1, 3, 7, 15, 31, 63, 127, 255, 511, 1023)

DP_MNL  time: 8.2088s | V(0,C): 40577.36
DP_MMNL time: 31.5052s | V(0,C): 40601.96

Cumulative time — DP_MNL: 279.4165s | DP_MMNL: 509.0267s


=== 20,000 training timesteps ===
Method  | TrainTimeMean(s) | TrainTimeStd(s) | RewardMean | RewardStdAcrossRuns | PctOfDP(%) | PctOfDPStd(%) | LoadFactorMean(%) | LoadFactorStdAcrossRuns(%)
--------+------------------+-----------------+------------+---------------------+------------+---------------+-------------------+---------------------------
DQN     | 2.96             | 0.01            | 33147.47   | 4045.43             | 93.09      | 11.36         | 64.99             | 16.53                     
QRDQN   | 20.87            | 0.44            | 33127.47   | 4032.95             | 93.03      | 11.33         | 66.05             | 17.42                     
ARS     | 1.77             | 0.01            | 35240.13   | 624.10              | 98.97      | 1.75          | 74.39             | 8.52                      
A2C     | 4.09             | 0.02            | 35333.27   | 651.67              | 99.23      | 1.83          | 75.91             | 8.20                      
TRPO    | 5.64             | 0.06            | 35053.20   | 599.37              | 98.44      | 1.68          | 69.30             | 6.15                      
PPO     | 9.82             | 0.13            | 35261.73   | 471.31              | 99.03      | 1.32          | 71.22             | 5.08                      
DP_MNL  | 8.21             | 0.00            | 35608.33   | 0.00                | 100.00     | 0.00          | 82.49             | 0.00                      
DP_MMNL | 31.51            | 0.00            | 35608.33   | 0.00                | 100.00     | 0.00          | 82.49             | 0.00                      

=== 100,000 training timesteps ===
Method  | TrainTimeMean(s) | TrainTimeStd(s) | RewardMean | RewardStdAcrossRuns | PctOfDP(%) | PctOfDPStd(%) | LoadFactorMean(%) | LoadFactorStdAcrossRuns(%)
--------+------------------+-----------------+------------+---------------------+------------+---------------+-------------------+---------------------------
DQN     | 14.84            | 0.06            | 35604.27   | 93.47               | 99.99      | 0.26          | 81.19             | 1.54                      
QRDQN   | 104.73           | 1.78            | 33127.47   | 4032.95             | 93.03      | 11.33         | 66.05             | 17.42                     
ARS     | 8.84             | 0.02            | 35147.00   | 580.51              | 98.70      | 1.63          | 72.86             | 8.57                      
A2C     | 20.35            | 0.07            | 35555.20   | 160.99              | 99.85      | 0.45          | 78.84             | 5.08                      
TRPO    | 25.74            | 0.16            | 35545.60   | 159.29              | 99.82      | 0.45          | 77.57             | 4.80                      
PPO     | 42.29            | 0.15            | 35199.47   | 615.07              | 98.85      | 1.73          | 70.85             | 6.26                      
DP_MNL  | 8.21             | 0.00            | 35608.33   | 0.00                | 100.00     | 0.00          | 82.49             | 0.00                      
DP_MMNL | 31.51            | 0.00            | 35608.33   | 0.00                | 100.00     | 0.00          | 82.49             | 0.00                      

=== 500,000 training timesteps ===
Method  | TrainTimeMean(s) | TrainTimeStd(s) | RewardMean | RewardStdAcrossRuns | PctOfDP(%) | PctOfDPStd(%) | LoadFactorMean(%) | LoadFactorStdAcrossRuns(%)
--------+------------------+-----------------+------------+---------------------+------------+---------------+-------------------+---------------------------
DQN     | 73.97            | 0.24            | 35333.93   | 257.64              | 99.23      | 0.72          | 78.25             | 2.74                      
QRDQN   | 521.34           | 3.54            | 33127.47   | 4032.95             | 93.03      | 11.33         | 66.05             | 17.42                     
ARS     | 37.15            | 0.12            | 35555.20   | 160.99              | 99.85      | 0.45          | 78.84             | 5.08                      
A2C     | 104.91           | 0.77            | 35555.20   | 160.99              | 99.85      | 0.45          | 78.84             | 5.08                      
TRPO    | 127.35           | 0.84            | 35521.53   | 126.39              | 99.76      | 0.35          | 76.84             | 4.32                      
PPO     | 201.23           | 0.42            | 35575.20   | 172.18              | 99.91      | 0.48          | 77.78             | 4.75                      
DP_MNL  | 8.21             | 0.00            | 35608.33   | 0.00                | 100.00     | 0.00          | 82.49             | 0.00                      
DP_MMNL | 31.51            | 0.00            | 35608.33   | 0.00                | 100.00     | 0.00          | 82.49             | 0.00                      
